Archive member included to satisfy reference by file (symbol)

c:/program files (x86)/atmel/studio/7.0/toolchain/avr8/avr8-gnu-toolchain/bin/../lib/gcc/avr/5.4.0/../../../../avr/lib/avr6\libm.a(addsf3.o)
                              src/libraries/DHT-sensor-library/DHT.o (__subsf3)
c:/program files (x86)/atmel/studio/7.0/toolchain/avr8/avr8-gnu-toolchain/bin/../lib/gcc/avr/5.4.0/../../../../avr/lib/avr6\libm.a(addsf3x.o)
                              c:/program files (x86)/atmel/studio/7.0/toolchain/avr8/avr8-gnu-toolchain/bin/../lib/gcc/avr/5.4.0/../../../../avr/lib/avr6\libm.a(addsf3.o) (__addsf3x)
c:/program files (x86)/atmel/studio/7.0/toolchain/avr8/avr8-gnu-toolchain/bin/../lib/gcc/avr/5.4.0/../../../../avr/lib/avr6\libm.a(cmpsf2.o)
                              src/libraries/DHT-sensor-library/DHT.o (__ltsf2)
c:/program files (x86)/atmel/studio/7.0/toolchain/avr8/avr8-gnu-toolchain/bin/../lib/gcc/avr/5.4.0/../../../../avr/lib/avr6\libm.a(fixsfsi.o)
                              main.o (__fixsfsi)
c:/program files (x86)/atmel/studio/7.0/toolchain/avr8/avr8-gnu-toolchain/bin/../lib/gcc/avr/5.4.0/../../../../avr/lib/avr6\libm.a(fixunssfsi.o)
                              c:/program files (x86)/atmel/studio/7.0/toolchain/avr8/avr8-gnu-toolchain/bin/../lib/gcc/avr/5.4.0/../../../../avr/lib/avr6\libm.a(fixsfsi.o) (__fixunssfsi)
c:/program files (x86)/atmel/studio/7.0/toolchain/avr8/avr8-gnu-toolchain/bin/../lib/gcc/avr/5.4.0/../../../../avr/lib/avr6\libm.a(floatsisf.o)
                              src/libraries/DHT-sensor-library/DHT.o (__floatunsisf)
c:/program files (x86)/atmel/studio/7.0/toolchain/avr8/avr8-gnu-toolchain/bin/../lib/gcc/avr/5.4.0/../../../../avr/lib/avr6\libm.a(fp_cmp.o)
                              c:/program files (x86)/atmel/studio/7.0/toolchain/avr8/avr8-gnu-toolchain/bin/../lib/gcc/avr/5.4.0/../../../../avr/lib/avr6\libm.a(cmpsf2.o) (__fp_cmp)
c:/program files (x86)/atmel/studio/7.0/toolchain/avr8/avr8-gnu-toolchain/bin/../lib/gcc/avr/5.4.0/../../../../avr/lib/avr6\libm.a(fp_inf.o)
                              c:/program files (x86)/atmel/studio/7.0/toolchain/avr8/avr8-gnu-toolchain/bin/../lib/gcc/avr/5.4.0/../../../../avr/lib/avr6\libm.a(addsf3x.o) (__fp_inf)
c:/program files (x86)/atmel/studio/7.0/toolchain/avr8/avr8-gnu-toolchain/bin/../lib/gcc/avr/5.4.0/../../../../avr/lib/avr6\libm.a(fp_nan.o)
                              c:/program files (x86)/atmel/studio/7.0/toolchain/avr8/avr8-gnu-toolchain/bin/../lib/gcc/avr/5.4.0/../../../../avr/lib/avr6\libm.a(addsf3x.o) (__fp_nan)
c:/program files (x86)/atmel/studio/7.0/toolchain/avr8/avr8-gnu-toolchain/bin/../lib/gcc/avr/5.4.0/../../../../avr/lib/avr6\libm.a(fp_pscA.o)
                              c:/program files (x86)/atmel/studio/7.0/toolchain/avr8/avr8-gnu-toolchain/bin/../lib/gcc/avr/5.4.0/../../../../avr/lib/avr6\libm.a(addsf3x.o) (__fp_pscA)
c:/program files (x86)/atmel/studio/7.0/toolchain/avr8/avr8-gnu-toolchain/bin/../lib/gcc/avr/5.4.0/../../../../avr/lib/avr6\libm.a(fp_pscB.o)
                              c:/program files (x86)/atmel/studio/7.0/toolchain/avr8/avr8-gnu-toolchain/bin/../lib/gcc/avr/5.4.0/../../../../avr/lib/avr6\libm.a(addsf3x.o) (__fp_pscB)
c:/program files (x86)/atmel/studio/7.0/toolchain/avr8/avr8-gnu-toolchain/bin/../lib/gcc/avr/5.4.0/../../../../avr/lib/avr6\libm.a(fp_round.o)
                              c:/program files (x86)/atmel/studio/7.0/toolchain/avr8/avr8-gnu-toolchain/bin/../lib/gcc/avr/5.4.0/../../../../avr/lib/avr6\libm.a(addsf3.o) (__fp_round)
c:/program files (x86)/atmel/studio/7.0/toolchain/avr8/avr8-gnu-toolchain/bin/../lib/gcc/avr/5.4.0/../../../../avr/lib/avr6\libm.a(fp_split3.o)
                              c:/program files (x86)/atmel/studio/7.0/toolchain/avr8/avr8-gnu-toolchain/bin/../lib/gcc/avr/5.4.0/../../../../avr/lib/avr6\libm.a(addsf3x.o) (__fp_split3)
c:/program files (x86)/atmel/studio/7.0/toolchain/avr8/avr8-gnu-toolchain/bin/../lib/gcc/avr/5.4.0/../../../../avr/lib/avr6\libm.a(fp_zero.o)
                              c:/program files (x86)/atmel/studio/7.0/toolchain/avr8/avr8-gnu-toolchain/bin/../lib/gcc/avr/5.4.0/../../../../avr/lib/avr6\libm.a(addsf3x.o) (__fp_zero)
c:/program files (x86)/atmel/studio/7.0/toolchain/avr8/avr8-gnu-toolchain/bin/../lib/gcc/avr/5.4.0/../../../../avr/lib/avr6\libm.a(gesf2.o)
                              src/libraries/DHT-sensor-library/DHT.o (__gesf2)
c:/program files (x86)/atmel/studio/7.0/toolchain/avr8/avr8-gnu-toolchain/bin/../lib/gcc/avr/5.4.0/../../../../avr/lib/avr6\libm.a(mulsf3.o)
                              src/libraries/DHT-sensor-library/DHT.o (__mulsf3)
c:/program files (x86)/atmel/studio/7.0/toolchain/avr8/avr8-gnu-toolchain/bin/../lib/gcc/avr/5.4.0/../../../../avr/lib/avr6\libm.a(mulsf3x.o)
                              c:/program files (x86)/atmel/studio/7.0/toolchain/avr8/avr8-gnu-toolchain/bin/../lib/gcc/avr/5.4.0/../../../../avr/lib/avr6\libm.a(mulsf3.o) (__mulsf3x)
[...]
Memory Configuration

Name             Origin             Length             Attributes
text             0x00000000         0x00040000         xr
data             0x00800200         0x00002000         rw !x
eeprom           0x00810000         0x00001000         rw !x
fuse             0x00820000         0x00000003         rw !x
lock             0x00830000         0x00000400         rw !x
signature        0x00840000         0x00000400         rw !x
user_signatures  0x00850000         0x00000400         rw !x
*default*        0x00000000         0xffffffff

Linker script and memory map

Address of section .data set to 0x800200
LOAD C:/Program Files (x86)/Atmel/Studio/7.0/Packs/atmel/ATmega_DFP/1.6.364/gcc/dev/atmega2560/avr6/crtatmega2560.o
LOAD main.o
LOAD src/libraries/Adafruit_Unified_Sensor/Adafruit_Sensor.o
LOAD src/libraries/DHT-sensor-library/DHT.o
LOAD src/libraries/DHT-sensor-library/DHT_U.o
LOAD src/libraries/LiquidCrystal_I2C-1.1/LiquidCrystal_I2C.o
LOAD src/libraries/rfid/MFRC522.o
LOAD src/libraries/Servo/src/avr/Servo.o
LOAD src/libraries/Servo/src/mbed/Servo.o
LOAD src/libraries/Servo/src/megaavr/Servo.o
LOAD src/libraries/Servo/src/nrf52/Servo.o
LOAD src/libraries/Servo/src/samd/Servo.o
LOAD src/libraries/Servo/src/sam/Servo.o
LOAD src/libraries/Servo/src/stm32f4/Servo.o
LOAD src/libraries/SPI/src/SPI.o
LOAD src/libraries/Wire/src/utility/twi.o
LOAD src/libraries/Wire/src/Wire.o
START GROUP
LOAD c:/program files (x86)/atmel/studio/7.0/toolchain/avr8/avr8-gnu-toolchain/bin/../lib/gcc/avr/5.4.0/../../../../avr/lib/avr6\libm.a
LOAD C:\Users\kasjac\Desktop\Skole\H5\UGE03-~1\PROJEC~1\DETINT~1\ATMELM~1\ARDUIN~1\Debug\libArduinoCore.a
END GROUP
LOAD c:/program files (x86)/atmel/studio/7.0/toolchain/avr8/avr8-gnu-toolchain/bin/../lib/gcc/avr/5.4.0/avr6\libgcc.a
LOAD c:/program files (x86)/atmel/studio/7.0/toolchain/avr8/avr8-gnu-toolchain/bin/../lib/gcc/avr/5.4.0/../../../../avr/lib/avr6\libm.a
START GROUP
LOAD c:/program files (x86)/atmel/studio/7.0/toolchain/avr8/avr8-gnu-toolchain/bin/../lib/gcc/avr/5.4.0/avr6\libgcc.a
LOAD c:/program files (x86)/atmel/studio/7.0/toolchain/avr8/avr8-gnu-toolchain/bin/../lib/gcc/avr/5.4.0/../../../../avr/lib/avr6\libm.a
LOAD c:/program files (x86)/atmel/studio/7.0/toolchain/avr8/avr8-gnu-toolchain/bin/../lib/gcc/avr/5.4.0/../../../../avr/lib/avr6\libc.a
LOAD C:/Program Files (x86)/Atmel/Studio/7.0/Packs/atmel/ATmega_DFP/1.6.364/gcc/dev/atmega2560/avr6\libatmega2560.a
END GROUP
                0x00000000                __TEXT_REGION_ORIGIN__ = DEFINED (__TEXT_REGION_ORIGIN__)?__TEXT_REGION_ORIGIN__:0x0
                [0x00800200]                __DATA_REGION_ORIGIN__ = DEFINED (__DATA_REGION_ORIGIN__)?__DATA_REGION_ORIGIN__:0x800200
                [0x00040000]                __TEXT_REGION_LENGTH__ = DEFINED (__TEXT_REGION_LENGTH__)?__TEXT_REGION_LENGTH__:0x100000
                [0x00002000]                __DATA_REGION_LENGTH__ = DEFINED (__DATA_REGION_LENGTH__)?__DATA_REGION_LENGTH__:0xfe00
                [0x00001000]                __EEPROM_REGION_LENGTH__ = DEFINED (__EEPROM_REGION_LENGTH__)?__EEPROM_REGION_LENGTH__:0x10000
                [0x00000003]                __FUSE_REGION_LENGTH__ = DEFINED (__FUSE_REGION_LENGTH__)?__FUSE_REGION_LENGTH__:0x400
                0x00000400                __LOCK_REGION_LENGTH__ = DEFINED (__LOCK_REGION_LENGTH__)?__LOCK_REGION_LENGTH__:0x400
                0x00000400                __SIGNATURE_REGION_LENGTH__ = DEFINED (__SIGNATURE_REGION_LENGTH__)?__SIGNATURE_REGION_LENGTH__:0x400
                0x00000400                __USER_SIGNATURE_REGION_LENGTH__ = DEFINED (__USER_SIGNATURE_REGION_LENGTH__)?__USER_SIGNATURE_REGION_LENGTH__:0x400

.hash
 *(.hash)

.dynsym
 *(.dynsym)

.dynstr
 *(.dynstr)

.gnu.version
 *(.gnu.version)

.gnu.version_d
 *(.gnu.version_d)

.gnu.version_r
 *(.gnu.version_r)

.rel.init
 *(.rel.init)

.rela.init
 *(.rela.init)

.rel.text
 *(.rel.text)
 *(.rel.text.*)
 *(.rel.gnu.linkonce.t*)

.rela.text
 *(.rela.text)
 *(.rela.text.*)
 *(.rela.gnu.linkonce.t*)

.rel.fini
 *(.rel.fini)

.rela.fini
 *(.rela.fini)

.rel.rodata
 *(.rel.rodata)
 *(.rel.rodata.*)
 *(.rel.gnu.linkonce.r*)

.rela.rodata
 *(.rela.rodata)
 *(.rela.rodata.*)
 *(.rela.gnu.linkonce.r*)

.rel.data
 *(.rel.data)
 *(.rel.data.*)
 *(.rel.gnu.linkonce.d*)

.rela.data
 *(.rela.data)
 *(.rela.data.*)
 *(.rela.gnu.linkonce.d*)

.rel.ctors
 *(.rel.ctors)

.rela.ctors
 *(.rela.ctors)

.rel.dtors
 *(.rel.dtors)

.rela.dtors
 *(.rela.dtors)

.rel.got
 *(.rel.got)

.rela.got
 *(.rela.got)

.rel.bss
 *(.rel.bss)

.rela.bss
 *(.rela.bss)

.rel.plt
 *(.rel.plt)

.rela.plt
 *(.rela.plt)

.text           0x00000000     0x6e66
 *(.vectors)
 .vectors       0x00000000       0xe4 C:/Program Files (x86)/Atmel/Studio/7.0/Packs/atmel/ATmega_DFP/1.6.364/gcc/dev/atmega2560/avr6/crtatmega2560.o
                0x00000000                __vector_default
                0x00000000                __vectors
 *(.vectors)
 *(.progmem.gcc*)
 .progmem.gcc_sw_table.turnOffPWM
                0x000000e4       0x24 C:\Users\kasjac\Desktop\Skole\H5\UGE03-~1\PROJEC~1\DETINT~1\ATMELM~1\ARDUIN~1\Debug\libArduinoCore.a(wiring_digital.o)
                0x00000108                . = ALIGN (0x2)
                0x00000108                __trampolines_start = .
 *(.trampolines)
 .trampolines   0x00000108        0x0 linker stubs
 *(.trampolines*)
                0x00000108                __trampolines_end = .
 *libprintf_flt.a:*(.progmem.data)
 *libc.a:*(.progmem.data)
 *(.progmem*)
 .progmem.data.digital_pin_to_timer_PGM
                0x00000108       0x46 C:\Users\kasjac\Desktop\Skole\H5\UGE03-~1\PROJEC~1\DETINT~1\ATMELM~1\ARDUIN~1\Debug\libArduinoCore.a(wiring_digital.o)
                0x00000108                digital_pin_to_timer_PGM
 .progmem.data.digital_pin_to_bit_mask_PGM
                0x0000014e       0x46 C:\Users\kasjac\Desktop\Skole\H5\UGE03-~1\PROJEC~1\DETINT~1\ATMELM~1\ARDUIN~1\Debug\libArduinoCore.a(wiring_digital.o)
                0x0000014e                digital_pin_to_bit_mask_PGM
 .progmem.data.digital_pin_to_port_PGM
                0x00000194       0x46 C:\Users\kasjac\Desktop\Skole\H5\UGE03-~1\PROJEC~1\DETINT~1\ATMELM~1\ARDUIN~1\Debug\libArduinoCore.a(wiring_digital.o)
                0x00000194                digital_pin_to_port_PGM
 .progmem.data.port_to_input_PGM
                0x000001da       0x1a C:\Users\kasjac\Desktop\Skole\H5\UGE03-~1\PROJEC~1\DETINT~1\ATMELM~1\ARDUIN~1\Debug\libArduinoCore.a(wiring_digital.o)
                0x000001da                port_to_input_PGM
 .progmem.data.port_to_output_PGM
                0x000001f4       0x1a C:\Users\kasjac\Desktop\Skole\H5\UGE03-~1\PROJEC~1\DETINT~1\ATMELM~1\ARDUIN~1\Debug\libArduinoCore.a(wiring_digital.o)
                0x000001f4                port_to_output_PGM
 .progmem.data.port_to_mode_PGM
                0x0000020e       0x1a C:\Users\kasjac\Desktop\Skole\H5\UGE03-~1\PROJEC~1\DETINT~1\ATMELM~1\ARDUIN~1\Debug\libArduinoCore.a(wiring_digital.o)
                0x0000020e                port_to_mode_PGM
                0x00000228                . = ALIGN (0x2)
 *(.jumptables)
 *(.jumptables*)
 *(.lowtext)
 *(.lowtext*)
                0x00000228                __ctors_start = .
 *(.ctors)
 .ctors         0x00000228        0x2 main.o
 .ctors         0x0000022a        0x2 src/libraries/Wire/src/Wire.o
 .ctors         0x0000022c        0x2 C:\Users\kasjac\Desktop\Skole\H5\UGE03-~1\PROJEC~1\DETINT~1\ATMELM~1\ARDUIN~1\Debug\libArduinoCore.a(HardwareSerial0.o)
                0x0000022e                __ctors_end = .
                0x0000022e                __dtors_start = .
 *(.dtors)
 .dtors         0x0000022e        0x2 main.o
                0x00000230                __dtors_end = .
 SORT(*)(.ctors)
 SORT(*)(.dtors)
 *(.init0)
 .init0         0x00000230        0x0 C:/Program Files (x86)/Atmel/Studio/7.0/Packs/atmel/ATmega_DFP/1.6.364/gcc/dev/atmega2560/avr6/crtatmega2560.o
                0x00000230                __init
 *(.init0)
 *(.init1)
 *(.init1)
 *(.init2)
 .init2         0x00000230       0x10 C:/Program Files (x86)/Atmel/Studio/7.0/Packs/atmel/ATmega_DFP/1.6.364/gcc/dev/atmega2560/avr6/crtatmega2560.o
 *(.init2)
 *(.init3)
 *(.init3)
 *(.init4)
 .init4         0x00000240       0x1a c:/program files (x86)/atmel/studio/7.0/toolchain/avr8/avr8-gnu-toolchain/bin/../lib/gcc/avr/5.4.0/avr6\libgcc.a(_copy_data.o)
                0x00000240                __do_copy_data
 .init4         0x0000025a       0x10 c:/program files (x86)/atmel/studio/7.0/toolchain/avr8/avr8-gnu-toolchain/bin/../lib/gcc/avr/5.4.0/avr6\libgcc.a(_clear_bss.o)
                0x0000025a                __do_clear_bss
 *(.init4)
 *(.init5)
 *(.init5)
 *(.init6)
 .init6         0x0000026a       0x20 c:/program files (x86)/atmel/studio/7.0/toolchain/avr8/avr8-gnu-toolchain/bin/../lib/gcc/avr/5.4.0/avr6\libgcc.a(_ctors.o)
                0x0000026a                __do_global_ctors
 *(.init6)
 *(.init7)
 *(.init7)
 *(.init8)
 *(.init8)
 *(.init9)
 .init9         0x0000028a        0x8 C:/Program Files (x86)/Atmel/Studio/7.0/Packs/atmel/ATmega_DFP/1.6.364/gcc/dev/atmega2560/avr6/crtatmega2560.o
 *(.init9)
 *(.text)
 .text          0x00000292        0x2 C:/Program Files (x86)/Atmel/Studio/7.0/Packs/atmel/ATmega_DFP/1.6.364/gcc/dev/atmega2560/avr6/crtatmega2560.o
                0x00000292                __vector_38
                0x00000292                __vector_22
                0x00000292                __vector_28
                0x00000292                __vector_1
                0x00000292                __vector_34
                0x00000292                __vector_24
                0x00000292                __vector_12
                0x00000292                __vector_55
                0x00000292                __vector_46
                0x00000292                __bad_interrupt
                0x00000292                __vector_6
                0x00000292                __vector_31
                0x00000292                __vector_35
                0x00000292                __vector_3
                0x00000292                __vector_30
                0x00000292                __vector_45
                0x00000292                __vector_11
                0x00000292                __vector_54
                0x00000292                __vector_13
                0x00000292                __vector_19
                0x00000292                __vector_56
                0x00000292                __vector_7
                0x00000292                __vector_49
                0x00000292                __vector_41
                0x00000292                __vector_43
                0x00000292                __vector_27
                0x00000292                __vector_5
                0x00000292                __vector_33
                0x00000292                __vector_52
                0x00000292                __vector_37
                0x00000292                __vector_4
                0x00000292                __vector_44
                0x00000292                __vector_51
                0x00000292                __vector_9
                0x00000292                __vector_2
                0x00000292                __vector_21
                0x00000292                __vector_15
                0x00000292                __vector_36
                0x00000292                __vector_29
                0x00000292                __vector_40
                0x00000292                __vector_8
                0x00000292                __vector_48
                0x00000292                __vector_14
                0x00000292                __vector_53
                0x00000292                __vector_10
                0x00000292                __vector_50
                0x00000292                __vector_16
                0x00000292                __vector_18
                0x00000292                __vector_20
                0x00000294                . = ALIGN (0x2)
 *(.text.*)
 .text._ZNK6String6lengthEv
                0x00000294       0x24 main.o
                0x00000294                _ZNK6String6lengthEv
 .text._ZN6StringpLEc
                0x000002b8       0x2a main.o
                0x000002b8                _ZN6StringpLEc
 .text._ZN6StringpLEi
                0x000002e2       0x34 main.o
                0x000002e2                _ZN6StringpLEi
 .text._ZNK6StringeqERKS_
                0x00000316       0x30 main.o
                0x00000316                _ZNK6StringeqERKS_
 .text._ZNK6StringeqEPKc
                0x00000346       0x30 main.o
                0x00000346                _ZNK6StringeqEPKc
 .text._ZNK6String9substringEj
                0x00000376       0x48 main.o
                0x00000376                _ZNK6String9substringEj
 .text._ZN5Print5writeEPKc
                0x000003be       0x62 main.o
                0x000003be                _ZN5Print5writeEPKc
 .text._ZN14HardwareSerial5beginEm
                0x00000420       0x44 main.o
                0x00000420                _ZN14HardwareSerial5beginEm
 .text._ZN14HardwareSerialcvbEv
                0x00000464       0x1c main.o
                0x00000464                _ZN14HardwareSerialcvbEv
 .text._ZN15Adafruit_SensorD2Ev
                0x00000480       0x38 main.o
                0x00000480                _ZN15Adafruit_SensorD1Ev
                0x00000480                _ZN15Adafruit_SensorD2Ev
 .text._ZN15Adafruit_SensorD0Ev
                0x000004b8       0x28 main.o
                0x000004b8                _ZN15Adafruit_SensorD0Ev
 .text._ZN15Adafruit_Sensor15enableAutoRangeEb
                0x000004e0       0x1e main.o
                0x000004e0                _ZN15Adafruit_Sensor15enableAutoRangeEb
 .text._ZN15Adafruit_SensorC2ERKS_
                0x000004fe       0x42 main.o
                0x000004fe                _ZN15Adafruit_SensorC2ERKS_
                0x000004fe                _ZN15Adafruit_SensorC1ERKS_
 .text._ZN11DHT_Unified11TemperatureC2ERKS0_
                0x00000540       0x6e main.o
                0x00000540                _ZN11DHT_Unified11TemperatureC2ERKS0_
                0x00000540                _ZN11DHT_Unified11TemperatureC1ERKS0_
 .text._ZN11DHT_Unified11temperatureEv
                0x000005ae       0x38 main.o
                0x000005ae                _ZN11DHT_Unified11temperatureEv
 .text._ZN11DHT_Unified8HumidityC2ERKS0_
                0x000005e6       0x6e main.o
                0x000005e6                _ZN11DHT_Unified8HumidityC2ERKS0_
                0x000005e6                _ZN11DHT_Unified8HumidityC1ERKS0_
 .text._ZN11DHT_Unified8humidityEv
                0x00000654       0x38 main.o
                0x00000654                _ZN11DHT_Unified8humidityEv
 .text._ZN7TwoWire5writeEi
                0x0000068c       0x3e main.o
                0x0000068c                _ZN7TwoWire5writeEi
 .text.setup    0x000006ca      0x162 main.o
                0x000006ca                setup
 .text.loop     0x0000082c      0x35e main.o
                0x0000082c                loop
 .text._Z13RfidValidaterv
                0x00000b8a      0x148 main.o
                0x00000b8a                _Z13RfidValidaterv
 .text._Z11SetRfidLedsb
                0x00000cd2       0x6a main.o
                0x00000cd2                _Z11SetRfidLedsb
 .text._Z9moveServov
                0x00000d3c       0xa0 main.o
                0x00000d3c                _Z9moveServov
 .text._Z12makeBipSoundi
                0x00000ddc       0xc8 main.o
                0x00000ddc                _Z12makeBipSoundi
 .text._ZN11DHT_UnifiedD2Ev
                0x00000ea4       0x2c main.o
                0x00000ea4                _ZN11DHT_UnifiedD2Ev
                0x00000ea4                _ZN11DHT_UnifiedD1Ev
 .text._Z41__static_initialization_and_destruction_0ii
                0x00000ed0       0xbc main.o
 .text._ZN11DHT_Unified11TemperatureD2Ev
                0x00000f8c       0x3e main.o
                0x00000f8c                _ZN11DHT_Unified11TemperatureD2Ev
                0x00000f8c                _ZN11DHT_Unified11TemperatureD1Ev
 .text._ZN11DHT_Unified11TemperatureD0Ev
                0x00000fca       0x28 main.o
                0x00000fca                _ZN11DHT_Unified11TemperatureD0Ev
 .text._ZN11DHT_Unified8HumidityD2Ev
                0x00000ff2       0x3e main.o
                0x00000ff2                _ZN11DHT_Unified8HumidityD1Ev
                0x00000ff2                _ZN11DHT_Unified8HumidityD2Ev
 .text._ZN11DHT_Unified8HumidityD0Ev
                0x00001030       0x28 main.o
                0x00001030                _ZN11DHT_Unified8HumidityD0Ev
 .text._GLOBAL__sub_I_x
                0x00001058       0x18 main.o
 .text._GLOBAL__sub_D_x
                0x00001070       0x18 main.o
 .text._ZN13InterruptLockC2Ev
                0x00001088       0x1e src/libraries/DHT-sensor-library/DHT.o
                0x00001088                _ZN13InterruptLockC1Ev
                0x00001088                _ZN13InterruptLockC2Ev
 .text._ZN13InterruptLockD2Ev
                0x000010a6       0x1e src/libraries/DHT-sensor-library/DHT.o
                0x000010a6                _ZN13InterruptLockD2Ev
                0x000010a6                _ZN13InterruptLockD1Ev
 .text._ZN3DHTC2Ehhh
                0x000010c4       0xa0 src/libraries/DHT-sensor-library/DHT.o
                0x000010c4                _ZN3DHTC1Ehhh
                0x000010c4                _ZN3DHTC2Ehhh
 .text._ZN3DHT5beginEh
                0x00001164       0x54 src/libraries/DHT-sensor-library/DHT.o
                0x00001164                _ZN3DHT5beginEh
 .text._ZN3DHT15readTemperatureEbb
                0x000011b8      0x2c0 src/libraries/DHT-sensor-library/DHT.o
                0x000011b8                _ZN3DHT15readTemperatureEbb
 .text._ZN3DHT11convertCtoFEf
                0x00001478       0x5a src/libraries/DHT-sensor-library/DHT.o
                0x00001478                _ZN3DHT11convertCtoFEf
 .text._ZN3DHT12readHumidityEb
                0x000014d2      0x154 src/libraries/DHT-sensor-library/DHT.o
                0x000014d2                _ZN3DHT12readHumidityEb
 .text._ZN3DHT4readEb
                0x00001626      0x588 src/libraries/DHT-sensor-library/DHT.o
                0x00001626                _ZN3DHT4readEb
 .text._ZN3DHT11expectPulseEb
                0x00001bae       0xdc src/libraries/DHT-sensor-library/DHT.o
                0x00001bae                _ZN3DHT11expectPulseEb
 .text._ZN15Adafruit_SensorC2Ev
                0x00001c8a       0x2a src/libraries/DHT-sensor-library/DHT_U.o
                0x00001c8a                _ZN15Adafruit_SensorC2Ev
                0x00001c8a                _ZN15Adafruit_SensorC1Ev
 .text._ZN11DHT_UnifiedC2Ehhhll
                0x00001cb4       0xb0 src/libraries/DHT-sensor-library/DHT_U.o
                0x00001cb4                _ZN11DHT_UnifiedC2Ehhhll
                0x00001cb4                _ZN11DHT_UnifiedC1Ehhhll
 .text._ZN11DHT_Unified5beginEv
                0x00001d64       0x24 src/libraries/DHT-sensor-library/DHT_U.o
                0x00001d64                _ZN11DHT_Unified5beginEv
 .text._ZN11DHT_Unified7setNameEP8sensor_t
                0x00001d88       0xc2 src/libraries/DHT-sensor-library/DHT_U.o
                0x00001d88                _ZN11DHT_Unified7setNameEP8sensor_t
 .text._ZN11DHT_Unified11setMinDelayEP8sensor_t
                0x00001e4a       0xc6 src/libraries/DHT-sensor-library/DHT_U.o
                0x00001e4a                _ZN11DHT_Unified11setMinDelayEP8sensor_t
 .text._ZN11DHT_Unified11TemperatureC2EPS_l
                0x00001f10       0x70 src/libraries/DHT-sensor-library/DHT_U.o
                0x00001f10                _ZN11DHT_Unified11TemperatureC2EPS_l
                0x00001f10                _ZN11DHT_Unified11TemperatureC1EPS_l
 .text._ZN11DHT_Unified11Temperature8getEventEP15sensors_event_t
                0x00001f80       0xb4 src/libraries/DHT-sensor-library/DHT_U.o
                0x00001f80                _ZN11DHT_Unified11Temperature8getEventEP15sensors_event_t
 .text._ZN11DHT_Unified11Temperature9getSensorEP8sensor_t
                0x00002034      0x208 src/libraries/DHT-sensor-library/DHT_U.o
                0x00002034                _ZN11DHT_Unified11Temperature9getSensorEP8sensor_t
 .text._ZN11DHT_Unified8HumidityC2EPS_l
                0x0000223c       0x70 src/libraries/DHT-sensor-library/DHT_U.o
                0x0000223c                _ZN11DHT_Unified8HumidityC1EPS_l
                0x0000223c                _ZN11DHT_Unified8HumidityC2EPS_l
 .text._ZN11DHT_Unified8Humidity8getEventEP15sensors_event_t
                0x000022ac       0xb2 src/libraries/DHT-sensor-library/DHT_U.o
                0x000022ac                _ZN11DHT_Unified8Humidity8getEventEP15sensors_event_t
 .text._ZN11DHT_Unified8Humidity9getSensorEP8sensor_t
                0x0000235e      0x200 src/libraries/DHT-sensor-library/DHT_U.o
                0x0000235e                _ZN11DHT_Unified8Humidity9getSensorEP8sensor_t
 .text._ZN5PrintC2Ev
                0x0000255e       0x34 src/libraries/LiquidCrystal_I2C-1.1/LiquidCrystal_I2C.o
                0x0000255e                _ZN5PrintC2Ev
                0x0000255e                _ZN5PrintC1Ev
 .text._ZN5Print17availableForWriteEv
                0x00002592       0x1e src/libraries/LiquidCrystal_I2C-1.1/LiquidCrystal_I2C.o
                0x00002592                _ZN5Print17availableForWriteEv
 .text._ZN5Print5flushEv
                0x000025b0       0x1c src/libraries/LiquidCrystal_I2C-1.1/LiquidCrystal_I2C.o
                0x000025b0                _ZN5Print5flushEv
 .text._ZN17LiquidCrystal_I2C5writeEh
                0x000025cc       0x2a src/libraries/LiquidCrystal_I2C-1.1/LiquidCrystal_I2C.o
                0x000025cc                _ZN17LiquidCrystal_I2C5writeEh
 .text._ZN17LiquidCrystal_I2CC2Ehhh
                0x000025f6       0x64 src/libraries/LiquidCrystal_I2C-1.1/LiquidCrystal_I2C.o
                0x000025f6                _ZN17LiquidCrystal_I2CC1Ehhh
                0x000025f6                _ZN17LiquidCrystal_I2CC2Ehhh
 .text._ZN17LiquidCrystal_I2C4initEv
                0x0000265a       0x22 src/libraries/LiquidCrystal_I2C-1.1/LiquidCrystal_I2C.o
                0x0000265a                _ZN17LiquidCrystal_I2C4initEv
 .text._ZN17LiquidCrystal_I2C9init_privEv
                0x0000267c       0x46 src/libraries/LiquidCrystal_I2C-1.1/LiquidCrystal_I2C.o
                0x0000267c                _ZN17LiquidCrystal_I2C9init_privEv
 .text._ZN17LiquidCrystal_I2C5beginEhhh
                0x000026c2      0x11c src/libraries/LiquidCrystal_I2C-1.1/LiquidCrystal_I2C.o
                0x000026c2                _ZN17LiquidCrystal_I2C5beginEhhh
 .text._ZN17LiquidCrystal_I2C5clearEv
                0x000027de       0x2c src/libraries/LiquidCrystal_I2C-1.1/LiquidCrystal_I2C.o
                0x000027de                _ZN17LiquidCrystal_I2C5clearEv
 .text._ZN17LiquidCrystal_I2C4homeEv
                0x0000280a       0x2c src/libraries/LiquidCrystal_I2C-1.1/LiquidCrystal_I2C.o
                0x0000280a                _ZN17LiquidCrystal_I2C4homeEv
 .text._ZN17LiquidCrystal_I2C9setCursorEhh
                0x00002836       0x8a src/libraries/LiquidCrystal_I2C-1.1/LiquidCrystal_I2C.o
                0x00002836                _ZN17LiquidCrystal_I2C9setCursorEhh
 .text._ZN17LiquidCrystal_I2C7displayEv
                0x000028c0       0x44 src/libraries/LiquidCrystal_I2C-1.1/LiquidCrystal_I2C.o
                0x000028c0                _ZN17LiquidCrystal_I2C7displayEv
 .text._ZN17LiquidCrystal_I2C9backlightEv
                0x00002904       0x2e src/libraries/LiquidCrystal_I2C-1.1/LiquidCrystal_I2C.o
                0x00002904                _ZN17LiquidCrystal_I2C9backlightEv
 .text._ZN17LiquidCrystal_I2C7commandEh
                0x00002932       0x28 src/libraries/LiquidCrystal_I2C-1.1/LiquidCrystal_I2C.o
                0x00002932                _ZN17LiquidCrystal_I2C7commandEh
 .text._ZN17LiquidCrystal_I2C4sendEhh
                0x0000295a       0x62 src/libraries/LiquidCrystal_I2C-1.1/LiquidCrystal_I2C.o
                0x0000295a                _ZN17LiquidCrystal_I2C4sendEhh
 .text._ZN17LiquidCrystal_I2C10write4bitsEh
                0x000029bc       0x2e src/libraries/LiquidCrystal_I2C-1.1/LiquidCrystal_I2C.o
                0x000029bc                _ZN17LiquidCrystal_I2C10write4bitsEh
 .text._ZN17LiquidCrystal_I2C13expanderWriteEh
                0x000029ea       0x52 src/libraries/LiquidCrystal_I2C-1.1/LiquidCrystal_I2C.o
                0x000029ea                _ZN17LiquidCrystal_I2C13expanderWriteEh
 .text._ZN17LiquidCrystal_I2C11pulseEnableEh
                0x00002a3c       0x4a src/libraries/LiquidCrystal_I2C-1.1/LiquidCrystal_I2C.o
                0x00002a3c                _ZN17LiquidCrystal_I2C11pulseEnableEh
 .text._ZN11SPISettingsC2Emhh
                0x00002a86       0x54 src/libraries/rfid/MFRC522.o
                0x00002a86                _ZN11SPISettingsC1Emhh
                0x00002a86                _ZN11SPISettingsC2Emhh
 .text._ZN11SPISettings16init_MightInlineEmhh
                0x00002ada       0xfa src/libraries/rfid/MFRC522.o
                0x00002ada                _ZN11SPISettings16init_MightInlineEmhh
 .text._ZN8SPIClass16beginTransactionE11SPISettings
                0x00002bd4       0x84 src/libraries/rfid/MFRC522.o
                0x00002bd4                _ZN8SPIClass16beginTransactionE11SPISettings
 .text._ZN8SPIClass8transferEh
                0x00002c58       0x3e src/libraries/rfid/MFRC522.o
                0x00002c58                _ZN8SPIClass8transferEh
 .text._ZN8SPIClass14endTransactionEv
                0x00002c96       0x54 src/libraries/rfid/MFRC522.o
                0x00002c96                _ZN8SPIClass14endTransactionEv
 .text._ZN7MFRC522C2Ehh
                0x00002cea       0x38 src/libraries/rfid/MFRC522.o
                0x00002cea                _ZN7MFRC522C2Ehh
                0x00002cea                _ZN7MFRC522C1Ehh
 .text._ZN7MFRC52217PCD_WriteRegisterEhh
                0x00002d22       0x6a src/libraries/rfid/MFRC522.o
                0x00002d22                _ZN7MFRC52217PCD_WriteRegisterEhh
 .text._ZN7MFRC52217PCD_WriteRegisterEhhPh
                0x00002d8c       0x98 src/libraries/rfid/MFRC522.o
                0x00002d8c                _ZN7MFRC52217PCD_WriteRegisterEhhPh
 .text._ZN7MFRC52216PCD_ReadRegisterEh
                0x00002e24       0x6c src/libraries/rfid/MFRC522.o
                0x00002e24                _ZN7MFRC52216PCD_ReadRegisterEh
 .text._ZN7MFRC52216PCD_ReadRegisterEhhPhh
                0x00002e90      0x142 src/libraries/rfid/MFRC522.o
                0x00002e90                _ZN7MFRC52216PCD_ReadRegisterEhhPhh
 .text._ZN7MFRC52222PCD_SetRegisterBitMaskEhh
                0x00002fd2       0x44 src/libraries/rfid/MFRC522.o
                0x00002fd2                _ZN7MFRC52222PCD_SetRegisterBitMaskEhh
 .text._ZN7MFRC52224PCD_ClearRegisterBitMaskEhh
                0x00003016       0x48 src/libraries/rfid/MFRC522.o
                0x00003016                _ZN7MFRC52224PCD_ClearRegisterBitMaskEhh
 .text._ZN7MFRC52216PCD_CalculateCRCEPhhS0_
                0x0000305e       0xe6 src/libraries/rfid/MFRC522.o
                0x0000305e                _ZN7MFRC52216PCD_CalculateCRCEPhhS0_
 .text._ZN7MFRC5228PCD_InitEv
                0x00003144       0xc2 src/libraries/rfid/MFRC522.o
                0x00003144                _ZN7MFRC5228PCD_InitEv
 .text._ZN7MFRC5229PCD_ResetEv
                0x00003206       0x50 src/libraries/rfid/MFRC522.o
                0x00003206                _ZN7MFRC5229PCD_ResetEv
 .text._ZN7MFRC52213PCD_AntennaOnEv
                0x00003256       0x44 src/libraries/rfid/MFRC522.o
                0x00003256                _ZN7MFRC52213PCD_AntennaOnEv
 .text._ZN7MFRC52218PCD_TransceiveDataEPhhS0_S0_S0_hb
                0x0000329a       0x92 src/libraries/rfid/MFRC522.o
                0x0000329a                _ZN7MFRC52218PCD_TransceiveDataEPhhS0_S0_S0_hb
 .text._ZN7MFRC52223PCD_CommunicateWithPICCEhhPhhS0_S0_S0_hb
                0x0000332c      0x26c src/libraries/rfid/MFRC522.o
                0x0000332c                _ZN7MFRC52223PCD_CommunicateWithPICCEhhPhhS0_S0_S0_hb
 .text._ZN7MFRC52213PICC_RequestAEPhS0_
                0x00003598       0x3a src/libraries/rfid/MFRC522.o
                0x00003598                _ZN7MFRC52213PICC_RequestAEPhS0_
 .text._ZN7MFRC52217PICC_REQA_or_WUPAEhPhS0_
                0x000035d2       0xb8 src/libraries/rfid/MFRC522.o
                0x000035d2                _ZN7MFRC52217PICC_REQA_or_WUPAEhPhS0_
 .text._ZN7MFRC52211PICC_SelectEPNS_3UidEh
                0x0000368a      0x4a8 src/libraries/rfid/MFRC522.o
                0x0000368a                _ZN7MFRC52211PICC_SelectEPNS_3UidEh
 .text._ZN7MFRC52221PICC_IsNewCardPresentEv
                0x00003b32       0x4e src/libraries/rfid/MFRC522.o
                0x00003b32                _ZN7MFRC52221PICC_IsNewCardPresentEv
 .text._ZN7MFRC52219PICC_ReadCardSerialEv
                0x00003b80       0x34 src/libraries/rfid/MFRC522.o
                0x00003b80                _ZN7MFRC52219PICC_ReadCardSerialEv
 .text._ZL17handle_interrupts18timer16_Sequence_tPVjS1_
                0x00003bb4      0x2fc src/libraries/Servo/src/avr/Servo.o
 .text.__vector_17
                0x00003eb0       0x6e src/libraries/Servo/src/avr/Servo.o
                0x00003eb0                __vector_17
 .text.__vector_32
                0x00003f1e       0x6e src/libraries/Servo/src/avr/Servo.o
                0x00003f1e                __vector_32
 .text.__vector_42
                0x00003f8c       0x6e src/libraries/Servo/src/avr/Servo.o
                0x00003f8c                __vector_42
 .text.__vector_47
                0x00003ffa       0x6e src/libraries/Servo/src/avr/Servo.o
                0x00003ffa                __vector_47
 .text._ZL7initISR18timer16_Sequence_t
                0x00004068       0xfe src/libraries/Servo/src/avr/Servo.o
 .text._ZL13isTimerActive18timer16_Sequence_t
                0x00004166       0x6e src/libraries/Servo/src/avr/Servo.o
 .text._ZN5ServoC2Ev
                0x000041d4       0x68 src/libraries/Servo/src/avr/Servo.o
                0x000041d4                _ZN5ServoC1Ev
                0x000041d4                _ZN5ServoC2Ev
 .text._ZN5Servo6attachEi
                0x0000423c       0x34 src/libraries/Servo/src/avr/Servo.o
                0x0000423c                _ZN5Servo6attachEi
 .text._ZN5Servo6attachEiii
                0x00004270      0x122 src/libraries/Servo/src/avr/Servo.o
                0x00004270                _ZN5Servo6attachEiii
 .text._ZN5Servo5writeEi
                0x00004392      0x124 src/libraries/Servo/src/avr/Servo.o
                0x00004392                _ZN5Servo5writeEi
 .text._ZN5Servo17writeMicrosecondsEi
                0x000044b6      0x16c src/libraries/Servo/src/avr/Servo.o
                0x000044b6                _ZN5Servo17writeMicrosecondsEi
 .text._ZN5Servo4readEv
                0x00004622       0xea src/libraries/Servo/src/avr/Servo.o
                0x00004622                _ZN5Servo4readEv
 .text._ZN5Servo16readMicrosecondsEv
                0x0000470c       0x72 src/libraries/Servo/src/avr/Servo.o
                0x0000470c                _ZN5Servo16readMicrosecondsEv
 .text._ZN8SPIClass5beginEv
                0x0000477e      0x108 src/libraries/SPI/src/SPI.o
                0x0000477e                _ZN8SPIClass5beginEv
 .text.twi_init
                0x00004886       0x3c src/libraries/Wire/src/utility/twi.o
                0x00004886                twi_init
 .text.twi_disable
                0x000048c2       0x1a src/libraries/Wire/src/utility/twi.o
                0x000048c2                twi_disable
 .text.twi_transmit
                0x000048dc       0x50 src/libraries/Wire/src/utility/twi.o
                0x000048dc                twi_transmit
 .text.twi_attachSlaveRxEvent
                0x0000492c        0xa src/libraries/Wire/src/utility/twi.o
                0x0000492c                twi_attachSlaveRxEvent
 .text.twi_attachSlaveTxEvent
                0x00004936        0xa src/libraries/Wire/src/utility/twi.o
                0x00004936                twi_attachSlaveTxEvent
 .text.twi_releaseBus
                0x00004940        0xc src/libraries/Wire/src/utility/twi.o
                0x00004940                twi_releaseBus
 .text.twi_handleTimeout
                0x0000494c       0x28 src/libraries/Wire/src/utility/twi.o
                0x0000494c                twi_handleTimeout
 .text.twi_readFrom
                0x00004974      0x1ce src/libraries/Wire/src/utility/twi.o
                0x00004974                twi_readFrom
 .text.twi_writeTo
                0x00004b42      0x1de src/libraries/Wire/src/utility/twi.o
                0x00004b42                twi_writeTo
 .text.twi_stop
                0x00004d20       0x6e src/libraries/Wire/src/utility/twi.o
                0x00004d20                twi_stop
 .text.__vector_39
                0x00004d8e      0x25c src/libraries/Wire/src/utility/twi.o
                0x00004d8e                __vector_39
 .text._ZN5Print13setWriteErrorEi
                0x00004fea       0x32 src/libraries/Wire/src/Wire.o
                0x00004fea                _ZN5Print13setWriteErrorEi
 .text._ZN6StreamC2Ev
                0x0000501c       0x48 src/libraries/Wire/src/Wire.o
                0x0000501c                _ZN6StreamC1Ev
                0x0000501c                _ZN6StreamC2Ev
 .text._ZN7TwoWireC2Ev
                0x00005064       0x30 src/libraries/Wire/src/Wire.o
                0x00005064                _ZN7TwoWireC1Ev
                0x00005064                _ZN7TwoWireC2Ev
 .text._ZN7TwoWire5beginEv
                0x00005094       0x3a src/libraries/Wire/src/Wire.o
                0x00005094                _ZN7TwoWire5beginEv
 .text._ZN7TwoWire11requestFromEhhmhh
                0x000050ce       0xea src/libraries/Wire/src/Wire.o
                0x000050ce                _ZN7TwoWire11requestFromEhhmhh
 .text._ZN7TwoWire11requestFromEhhh
                0x000051b8       0x4c src/libraries/Wire/src/Wire.o
                0x000051b8                _ZN7TwoWire11requestFromEhhh
 .text._ZN7TwoWire11requestFromEii
                0x00005204       0x38 src/libraries/Wire/src/Wire.o
                0x00005204                _ZN7TwoWire11requestFromEii
 .text._ZN7TwoWire17beginTransmissionEh
                0x0000523c       0x32 src/libraries/Wire/src/Wire.o
                0x0000523c                _ZN7TwoWire17beginTransmissionEh
 .text._ZN7TwoWire17beginTransmissionEi
                0x0000526e       0x2e src/libraries/Wire/src/Wire.o
                0x0000526e                _ZN7TwoWire17beginTransmissionEi
 .text._ZN7TwoWire15endTransmissionEh
                0x0000529c       0x48 src/libraries/Wire/src/Wire.o
                0x0000529c                _ZN7TwoWire15endTransmissionEh
 .text._ZN7TwoWire15endTransmissionEv
                0x000052e4       0x22 src/libraries/Wire/src/Wire.o
                0x000052e4                _ZN7TwoWire15endTransmissionEv
 .text._ZN7TwoWire5writeEh
                0x00005306       0x6e src/libraries/Wire/src/Wire.o
                0x00005306                _ZN7TwoWire5writeEh
 .text._ZN7TwoWire5writeEPKhj
                0x00005374       0x90 src/libraries/Wire/src/Wire.o
                0x00005374                _ZN7TwoWire5writeEPKhj
 .text._ZN7TwoWire9availableEv
                0x00005404       0x32 src/libraries/Wire/src/Wire.o
                0x00005404                _ZN7TwoWire9availableEv
 .text._ZN7TwoWire4readEv
                0x00005436       0x58 src/libraries/Wire/src/Wire.o
                0x00005436                _ZN7TwoWire4readEv
 .text._ZN7TwoWire4peekEv
                0x0000548e       0x4e src/libraries/Wire/src/Wire.o
                0x0000548e                _ZN7TwoWire4peekEv
 .text._ZN7TwoWire5flushEv
                0x000054dc       0x1c src/libraries/Wire/src/Wire.o
                0x000054dc                _ZN7TwoWire5flushEv
 .text._ZN7TwoWire16onReceiveServiceEPhi
                0x000054f8       0x9a src/libraries/Wire/src/Wire.o
                0x000054f8                _ZN7TwoWire16onReceiveServiceEPhi
 .text._ZN7TwoWire16onRequestServiceEv
                0x00005592       0x32 src/libraries/Wire/src/Wire.o
                0x00005592                _ZN7TwoWire16onRequestServiceEv
 .text._Z41__static_initialization_and_destruction_0ii
                0x000055c4       0x3a src/libraries/Wire/src/Wire.o
 .text._GLOBAL__sub_I__ZN7TwoWire8rxBufferE
                0x000055fe       0x18 src/libraries/Wire/src/Wire.o
 .text.avr-libc.fplib
                0x00005616        0xa c:/program files (x86)/atmel/studio/7.0/toolchain/avr8/avr8-gnu-toolchain/bin/../lib/gcc/avr/5.4.0/../../../../avr/lib/avr6\libm.a(addsf3.o)
                0x00005616                __subsf3
                0x00005618                __addsf3
 .text.avr-libc.fplib
                0x00005620       0xc0 c:/program files (x86)/atmel/studio/7.0/toolchain/avr8/avr8-gnu-toolchain/bin/../lib/gcc/avr/5.4.0/../../../../avr/lib/avr6\libm.a(addsf3x.o)
                0x0000563a                __addsf3x
 .text.avr-libc.fplib
                0x000056e0        0xa c:/program files (x86)/atmel/studio/7.0/toolchain/avr8/avr8-gnu-toolchain/bin/../lib/gcc/avr/5.4.0/../../../../avr/lib/avr6\libm.a(fixsfsi.o)
                0x000056e0                __fixsfsi
 .text.avr-libc.fplib
                0x000056ea       0x58 c:/program files (x86)/atmel/studio/7.0/toolchain/avr8/avr8-gnu-toolchain/bin/../lib/gcc/avr/5.4.0/../../../../avr/lib/avr6\libm.a(fixunssfsi.o)
                0x000056ea                __fixunssfsi
 .text.avr-libc.fplib
                0x00005742       0x7a c:/program files (x86)/atmel/studio/7.0/toolchain/avr8/avr8-gnu-toolchain/bin/../lib/gcc/avr/5.4.0/../../../../avr/lib/avr6\libm.a(floatsisf.o)
                0x00005742                __floatunsisf
                0x00005746                __floatsisf
 .text.avr-libc.fplib
                0x000057bc       0x48 c:/program files (x86)/atmel/studio/7.0/toolchain/avr8/avr8-gnu-toolchain/bin/../lib/gcc/avr/5.4.0/../../../../avr/lib/avr6\libm.a(fp_cmp.o)
                0x000057bc                __fp_cmp
 .text.avr-libc.fplib
                0x00005804        0xc c:/program files (x86)/atmel/studio/7.0/toolchain/avr8/avr8-gnu-toolchain/bin/../lib/gcc/avr/5.4.0/../../../../avr/lib/avr6\libm.a(fp_inf.o)
                0x00005804                __fp_inf
 .text.avr-libc.fplib
                0x00005810        0x6 c:/program files (x86)/atmel/studio/7.0/toolchain/avr8/avr8-gnu-toolchain/bin/../lib/gcc/avr/5.4.0/../../../../avr/lib/avr6\libm.a(fp_nan.o)
                0x00005810                __fp_nan
 .text.avr-libc.fplib
                0x00005816        0xe c:/program files (x86)/atmel/studio/7.0/toolchain/avr8/avr8-gnu-toolchain/bin/../lib/gcc/avr/5.4.0/../../../../avr/lib/avr6\libm.a(fp_pscA.o)
                0x00005816                __fp_pscA
 .text.avr-libc.fplib
                0x00005824        0xe c:/program files (x86)/atmel/studio/7.0/toolchain/avr8/avr8-gnu-toolchain/bin/../lib/gcc/avr/5.4.0/../../../../avr/lib/avr6\libm.a(fp_pscB.o)
                0x00005824                __fp_pscB
 .text.avr-libc.fplib
                0x00005832       0x22 c:/program files (x86)/atmel/studio/7.0/toolchain/avr8/avr8-gnu-toolchain/bin/../lib/gcc/avr/5.4.0/../../../../avr/lib/avr6\libm.a(fp_round.o)
                0x00005832                __fp_round
 .text.avr-libc.fplib
                0x00005854       0x44 c:/program files (x86)/atmel/studio/7.0/toolchain/avr8/avr8-gnu-toolchain/bin/../lib/gcc/avr/5.4.0/../../../../avr/lib/avr6\libm.a(fp_split3.o)
                0x00005854                __fp_split3
                0x00005864                __fp_splitA
 .text.avr-libc.fplib
                0x00005898        0xe c:/program files (x86)/atmel/studio/7.0/toolchain/avr8/avr8-gnu-toolchain/bin/../lib/gcc/avr/5.4.0/../../../../avr/lib/avr6\libm.a(fp_zero.o)
                0x00005898                __fp_zero
                0x0000589a                __fp_szero
 .text.avr-libc.fplib
                0x000058a6        0x4 c:/program files (x86)/atmel/studio/7.0/toolchain/avr8/avr8-gnu-toolchain/bin/../lib/gcc/avr/5.4.0/../../../../avr/lib/avr6\libm.a(mulsf3.o)
                0x000058a6                __mulsf3
 .text.avr-libc.fplib
                0x000058aa       0xc2 c:/program files (x86)/atmel/studio/7.0/toolchain/avr8/avr8-gnu-toolchain/bin/../lib/gcc/avr/5.4.0/../../../../avr/lib/avr6\libm.a(mulsf3x.o)
                0x000058be                __mulsf3x
                0x000058c2                __mulsf3_pse
 .text.avr-libc.fplib
                0x0000596c        0x8 c:/program files (x86)/atmel/studio/7.0/toolchain/avr8/avr8-gnu-toolchain/bin/../lib/gcc/avr/5.4.0/../../../../avr/lib/avr6\libm.a(unordsf2.o)
                0x0000596c                __unordsf2
 .text.__cxa_pure_virtual
                0x00005974        0x4 C:\Users\kasjac\Desktop\Skole\H5\UGE03-~1\PROJEC~1\DETINT~1\ATMELM~1\ARDUIN~1\Debug\libArduinoCore.a(abi.o)
                0x00005974                __cxa_pure_virtual
 .text._ZN14HardwareSerial9availableEv
                0x00005978       0x18 C:\Users\kasjac\Desktop\Skole\H5\UGE03-~1\PROJEC~1\DETINT~1\ATMELM~1\ARDUIN~1\Debug\libArduinoCore.a(HardwareSerial.o)
                0x00005978                _ZN14HardwareSerial9availableEv
 .text._ZN14HardwareSerial4peekEv
                0x00005990       0x1c C:\Users\kasjac\Desktop\Skole\H5\UGE03-~1\PROJEC~1\DETINT~1\ATMELM~1\ARDUIN~1\Debug\libArduinoCore.a(HardwareSerial.o)
                0x00005990                _ZN14HardwareSerial4peekEv
 .text._ZN14HardwareSerial4readEv
                0x000059ac       0x28 C:\Users\kasjac\Desktop\Skole\H5\UGE03-~1\PROJEC~1\DETINT~1\ATMELM~1\ARDUIN~1\Debug\libArduinoCore.a(HardwareSerial.o)
                0x000059ac                _ZN14HardwareSerial4readEv
 .text._ZN14HardwareSerial17availableForWriteEv
                0x000059d4       0x1e C:\Users\kasjac\Desktop\Skole\H5\UGE03-~1\PROJEC~1\DETINT~1\ATMELM~1\ARDUIN~1\Debug\libArduinoCore.a(HardwareSerial.o)
                0x000059d4                _ZN14HardwareSerial17availableForWriteEv
 .text._Z14serialEventRunv
                0x000059f2       0x78 C:\Users\kasjac\Desktop\Skole\H5\UGE03-~1\PROJEC~1\DETINT~1\ATMELM~1\ARDUIN~1\Debug\libArduinoCore.a(HardwareSerial.o)
                0x000059f2                _Z14serialEventRunv
 .text._ZN14HardwareSerial17_tx_udr_empty_irqEv
                0x00005a6a       0x44 C:\Users\kasjac\Desktop\Skole\H5\UGE03-~1\PROJEC~1\DETINT~1\ATMELM~1\ARDUIN~1\Debug\libArduinoCore.a(HardwareSerial.o)
                0x00005a6a                _ZN14HardwareSerial17_tx_udr_empty_irqEv
 .text._ZN14HardwareSerial5writeEh
                0x00005aae       0x98 C:\Users\kasjac\Desktop\Skole\H5\UGE03-~1\PROJEC~1\DETINT~1\ATMELM~1\ARDUIN~1\Debug\libArduinoCore.a(HardwareSerial.o)
                0x00005aae                _ZN14HardwareSerial5writeEh
 .text._ZN14HardwareSerial5flushEv
                0x00005b46       0x42 C:\Users\kasjac\Desktop\Skole\H5\UGE03-~1\PROJEC~1\DETINT~1\ATMELM~1\ARDUIN~1\Debug\libArduinoCore.a(HardwareSerial.o)
                0x00005b46                _ZN14HardwareSerial5flushEv
 .text._ZN14HardwareSerial5beginEmh
                0x00005b88       0xc6 C:\Users\kasjac\Desktop\Skole\H5\UGE03-~1\PROJEC~1\DETINT~1\ATMELM~1\ARDUIN~1\Debug\libArduinoCore.a(HardwareSerial.o)
                0x00005b88                _ZN14HardwareSerial5beginEmh
 .text.__vector_25
                0x00005c4e       0x6c C:\Users\kasjac\Desktop\Skole\H5\UGE03-~1\PROJEC~1\DETINT~1\ATMELM~1\ARDUIN~1\Debug\libArduinoCore.a(HardwareSerial0.o)
                0x00005c4e                __vector_25
 .text.__vector_26
                0x00005cba       0x52 C:\Users\kasjac\Desktop\Skole\H5\UGE03-~1\PROJEC~1\DETINT~1\ATMELM~1\ARDUIN~1\Debug\libArduinoCore.a(HardwareSerial0.o)
                0x00005cba                __vector_26
 .text._Z17Serial0_availablev
                0x00005d0c       0x12 C:\Users\kasjac\Desktop\Skole\H5\UGE03-~1\PROJEC~1\DETINT~1\ATMELM~1\ARDUIN~1\Debug\libArduinoCore.a(HardwareSerial0.o)
                0x00005d0c                _Z17Serial0_availablev
 .text.startup._GLOBAL__sub_I___vector_25
                0x00005d1e       0x5a C:\Users\kasjac\Desktop\Skole\H5\UGE03-~1\PROJEC~1\DETINT~1\ATMELM~1\ARDUIN~1\Debug\libArduinoCore.a(HardwareSerial0.o)
 .text.initVariant
                0x00005d78        0x2 C:\Users\kasjac\Desktop\Skole\H5\UGE03-~1\PROJEC~1\DETINT~1\ATMELM~1\ARDUIN~1\Debug\libArduinoCore.a(main.o)
                0x00005d78                initVariant
 .text.startup.main
                0x00005d7a       0x18 C:\Users\kasjac\Desktop\Skole\H5\UGE03-~1\PROJEC~1\DETINT~1\ATMELM~1\ARDUIN~1\Debug\libArduinoCore.a(main.o)
                0x00005d7a                main
 .text._ZdlPv   0x00005d92        0x2 C:\Users\kasjac\Desktop\Skole\H5\UGE03-~1\PROJEC~1\DETINT~1\ATMELM~1\ARDUIN~1\Debug\libArduinoCore.a(new.o)
                0x00005d92                _ZdlPv
 .text._ZN5Print5writeEPKhj
                0x00005d94       0x54 C:\Users\kasjac\Desktop\Skole\H5\UGE03-~1\PROJEC~1\DETINT~1\ATMELM~1\ARDUIN~1\Debug\libArduinoCore.a(Print.o)
                0x00005d94                _ZN5Print5writeEPKhj
 .text._ZN5Print5printERK6String
                0x00005de8       0x1c C:\Users\kasjac\Desktop\Skole\H5\UGE03-~1\PROJEC~1\DETINT~1\ATMELM~1\ARDUIN~1\Debug\libArduinoCore.a(Print.o)
                0x00005de8                _ZN5Print5printERK6String
 .text._ZN5Print5printEc
                0x00005e04        0xe C:\Users\kasjac\Desktop\Skole\H5\UGE03-~1\PROJEC~1\DETINT~1\ATMELM~1\ARDUIN~1\Debug\libArduinoCore.a(Print.o)
                0x00005e04                _ZN5Print5printEc
 .text._ZN5Print7printlnEv
                0x00005e12        0x8 C:\Users\kasjac\Desktop\Skole\H5\UGE03-~1\PROJEC~1\DETINT~1\ATMELM~1\ARDUIN~1\Debug\libArduinoCore.a(Print.o)
                0x00005e12                _ZN5Print7printlnEv
 .text._ZN5Print7printlnERK6String
                0x00005e1a       0x20 C:\Users\kasjac\Desktop\Skole\H5\UGE03-~1\PROJEC~1\DETINT~1\ATMELM~1\ARDUIN~1\Debug\libArduinoCore.a(Print.o)
                0x00005e1a                _ZN5Print7printlnERK6String
 .text._ZN5Print7printlnEPKc
                0x00005e3a       0x22 C:\Users\kasjac\Desktop\Skole\H5\UGE03-~1\PROJEC~1\DETINT~1\ATMELM~1\ARDUIN~1\Debug\libArduinoCore.a(Print.o)
                0x00005e3a                _ZN5Print7printlnEPKc
 .text._ZN5Print11printNumberEmh
                0x00005e5c       0x90 C:\Users\kasjac\Desktop\Skole\H5\UGE03-~1\PROJEC~1\DETINT~1\ATMELM~1\ARDUIN~1\Debug\libArduinoCore.a(Print.o)
                0x00005e5c                _ZN5Print11printNumberEmh
 .text._ZN5Print5printEli
                0x00005eec       0x8a C:\Users\kasjac\Desktop\Skole\H5\UGE03-~1\PROJEC~1\DETINT~1\ATMELM~1\ARDUIN~1\Debug\libArduinoCore.a(Print.o)
                0x00005eec                _ZN5Print5printEli
 .text._ZN5Print5printEii
                0x00005f76        0xc C:\Users\kasjac\Desktop\Skole\H5\UGE03-~1\PROJEC~1\DETINT~1\ATMELM~1\ARDUIN~1\Debug\libArduinoCore.a(Print.o)
                0x00005f76                _ZN5Print5printEii
 .text.__vector_23
                0x00005f82       0x94 C:\Users\kasjac\Desktop\Skole\H5\UGE03-~1\PROJEC~1\DETINT~1\ATMELM~1\ARDUIN~1\Debug\libArduinoCore.a(wiring.o)
                0x00005f82                __vector_23
 .text.millis   0x00006016       0x18 C:\Users\kasjac\Desktop\Skole\H5\UGE03-~1\PROJEC~1\DETINT~1\ATMELM~1\ARDUIN~1\Debug\libArduinoCore.a(wiring.o)
                0x00006016                millis
 .text.micros   0x0000602e       0x4a C:\Users\kasjac\Desktop\Skole\H5\UGE03-~1\PROJEC~1\DETINT~1\ATMELM~1\ARDUIN~1\Debug\libArduinoCore.a(wiring.o)
                0x0000602e                micros
 .text.delay    0x00006078       0x72 C:\Users\kasjac\Desktop\Skole\H5\UGE03-~1\PROJEC~1\DETINT~1\ATMELM~1\ARDUIN~1\Debug\libArduinoCore.a(wiring.o)
                0x00006078                delay
 .text.delayMicroseconds
                0x000060ea       0x16 C:\Users\kasjac\Desktop\Skole\H5\UGE03-~1\PROJEC~1\DETINT~1\ATMELM~1\ARDUIN~1\Debug\libArduinoCore.a(wiring.o)
                0x000060ea                delayMicroseconds
 .text.init     0x00006100       0xc4 C:\Users\kasjac\Desktop\Skole\H5\UGE03-~1\PROJEC~1\DETINT~1\ATMELM~1\ARDUIN~1\Debug\libArduinoCore.a(wiring.o)
                0x00006100                init
 .text.turnOffPWM
                0x000061c4       0xaa C:\Users\kasjac\Desktop\Skole\H5\UGE03-~1\PROJEC~1\DETINT~1\ATMELM~1\ARDUIN~1\Debug\libArduinoCore.a(wiring_digital.o)
 .text.pinMode  0x0000626e       0x78 C:\Users\kasjac\Desktop\Skole\H5\UGE03-~1\PROJEC~1\DETINT~1\ATMELM~1\ARDUIN~1\Debug\libArduinoCore.a(wiring_digital.o)
                0x0000626e                pinMode
 .text.digitalWrite
                0x000062e6       0x5c C:\Users\kasjac\Desktop\Skole\H5\UGE03-~1\PROJEC~1\DETINT~1\ATMELM~1\ARDUIN~1\Debug\libArduinoCore.a(wiring_digital.o)
                0x000062e6                digitalWrite
 .text.digitalRead
                0x00006342       0x50 C:\Users\kasjac\Desktop\Skole\H5\UGE03-~1\PROJEC~1\DETINT~1\ATMELM~1\ARDUIN~1\Debug\libArduinoCore.a(wiring_digital.o)
                0x00006342                digitalRead
 .text._Z3maplllll
                0x00006392       0x7e C:\Users\kasjac\Desktop\Skole\H5\UGE03-~1\PROJEC~1\DETINT~1\ATMELM~1\ARDUIN~1\Debug\libArduinoCore.a(WMath.o)
                0x00006392                _Z3maplllll
 .text._ZNK6String14StringIfHelperEv
                0x00006410        0x2 C:\Users\kasjac\Desktop\Skole\H5\UGE03-~1\PROJEC~1\DETINT~1\ATMELM~1\ARDUIN~1\Debug\libArduinoCore.a(WString.o)
                0x00006410                _ZNK6String14StringIfHelperEv
 .text._ZN6StringD2Ev
                0x00006412        0xe C:\Users\kasjac\Desktop\Skole\H5\UGE03-~1\PROJEC~1\DETINT~1\ATMELM~1\ARDUIN~1\Debug\libArduinoCore.a(WString.o)
                0x00006412                _ZN6StringD2Ev
                0x00006412                _ZN6StringD1Ev
 .text._ZN6String10invalidateEv
                0x00006420       0x22 C:\Users\kasjac\Desktop\Skole\H5\UGE03-~1\PROJEC~1\DETINT~1\ATMELM~1\ARDUIN~1\Debug\libArduinoCore.a(WString.o)
                0x00006420                _ZN6String10invalidateEv
 .text._ZN6String12changeBufferEj
                0x00006442       0x32 C:\Users\kasjac\Desktop\Skole\H5\UGE03-~1\PROJEC~1\DETINT~1\ATMELM~1\ARDUIN~1\Debug\libArduinoCore.a(WString.o)
                0x00006442                _ZN6String12changeBufferEj
 .text._ZN6String7reserveEj
                0x00006474       0x36 C:\Users\kasjac\Desktop\Skole\H5\UGE03-~1\PROJEC~1\DETINT~1\ATMELM~1\ARDUIN~1\Debug\libArduinoCore.a(WString.o)
                0x00006474                _ZN6String7reserveEj
 .text._ZN6String4copyEPKcj
                0x000064aa       0x3c C:\Users\kasjac\Desktop\Skole\H5\UGE03-~1\PROJEC~1\DETINT~1\ATMELM~1\ARDUIN~1\Debug\libArduinoCore.a(WString.o)
                0x000064aa                _ZN6String4copyEPKcj
 .text._ZN6StringC2EPKc
                0x000064e6       0x28 C:\Users\kasjac\Desktop\Skole\H5\UGE03-~1\PROJEC~1\DETINT~1\ATMELM~1\ARDUIN~1\Debug\libArduinoCore.a(WString.o)
                0x000064e6                _ZN6StringC2EPKc
                0x000064e6                _ZN6StringC1EPKc
 .text._ZN6String4moveERS_
                0x0000650e       0x76 C:\Users\kasjac\Desktop\Skole\H5\UGE03-~1\PROJEC~1\DETINT~1\ATMELM~1\ARDUIN~1\Debug\libArduinoCore.a(WString.o)
                0x0000650e                _ZN6String4moveERS_
 .text._ZN6StringaSEOS_
                0x00006584       0x16 C:\Users\kasjac\Desktop\Skole\H5\UGE03-~1\PROJEC~1\DETINT~1\ATMELM~1\ARDUIN~1\Debug\libArduinoCore.a(WString.o)
                0x00006584                _ZN6StringaSEOS_
 .text._ZN6StringaSEPKc
                0x0000659a       0x2a C:\Users\kasjac\Desktop\Skole\H5\UGE03-~1\PROJEC~1\DETINT~1\ATMELM~1\ARDUIN~1\Debug\libArduinoCore.a(WString.o)
                0x0000659a                _ZN6StringaSEPKc
 .text._ZN6StringC2Ehh
                0x000065c4       0x56 C:\Users\kasjac\Desktop\Skole\H5\UGE03-~1\PROJEC~1\DETINT~1\ATMELM~1\ARDUIN~1\Debug\libArduinoCore.a(WString.o)
                0x000065c4                _ZN6StringC2Ehh
                0x000065c4                _ZN6StringC1Ehh
 .text._ZN6String6concatEPKcj
                0x0000661a       0x58 C:\Users\kasjac\Desktop\Skole\H5\UGE03-~1\PROJEC~1\DETINT~1\ATMELM~1\ARDUIN~1\Debug\libArduinoCore.a(WString.o)
                0x0000661a                _ZN6String6concatEPKcj
 .text._ZN6String6concatERKS_
                0x00006672        0xc C:\Users\kasjac\Desktop\Skole\H5\UGE03-~1\PROJEC~1\DETINT~1\ATMELM~1\ARDUIN~1\Debug\libArduinoCore.a(WString.o)
                0x00006672                _ZN6String6concatERKS_
 .text._ZN6String6concatEc
                0x0000667e       0x26 C:\Users\kasjac\Desktop\Skole\H5\UGE03-~1\PROJEC~1\DETINT~1\ATMELM~1\ARDUIN~1\Debug\libArduinoCore.a(WString.o)
                0x0000667e                _ZN6String6concatEc
 .text._ZN6String6concatEi
                0x000066a4       0x5c C:\Users\kasjac\Desktop\Skole\H5\UGE03-~1\PROJEC~1\DETINT~1\ATMELM~1\ARDUIN~1\Debug\libArduinoCore.a(WString.o)
                0x000066a4                _ZN6String6concatEi
 .text._ZNK6String9compareToERKS_
                0x00006700       0x5e C:\Users\kasjac\Desktop\Skole\H5\UGE03-~1\PROJEC~1\DETINT~1\ATMELM~1\ARDUIN~1\Debug\libArduinoCore.a(WString.o)
                0x00006700                _ZNK6String9compareToERKS_
 .text._ZNK6String6equalsERKS_
                0x0000675e       0x20 C:\Users\kasjac\Desktop\Skole\H5\UGE03-~1\PROJEC~1\DETINT~1\ATMELM~1\ARDUIN~1\Debug\libArduinoCore.a(WString.o)
                0x0000675e                _ZNK6String6equalsERKS_
 .text._ZNK6String6equalsEPKc
                0x0000677e       0x3c C:\Users\kasjac\Desktop\Skole\H5\UGE03-~1\PROJEC~1\DETINT~1\ATMELM~1\ARDUIN~1\Debug\libArduinoCore.a(WString.o)
                0x0000677e                _ZNK6String6equalsEPKc
 .text._ZNK6String9substringEjj
                0x000067ba       0x86 C:\Users\kasjac\Desktop\Skole\H5\UGE03-~1\PROJEC~1\DETINT~1\ATMELM~1\ARDUIN~1\Debug\libArduinoCore.a(WString.o)
                0x000067ba                _ZNK6String9substringEjj
 .text._ZN6String11toUpperCaseEv
                0x00006840       0x22 C:\Users\kasjac\Desktop\Skole\H5\UGE03-~1\PROJEC~1\DETINT~1\ATMELM~1\ARDUIN~1\Debug\libArduinoCore.a(WString.o)
                0x00006840                _ZN6String11toUpperCaseEv
 .text.__empty  0x00006862        0x2 C:\Users\kasjac\Desktop\Skole\H5\UGE03-~1\PROJEC~1\DETINT~1\ATMELM~1\ARDUIN~1\Debug\libArduinoCore.a(hooks.o)
                0x00006862                yield
 .text.libgcc.mul
                0x00006864       0x1e c:/program files (x86)/atmel/studio/7.0/toolchain/avr8/avr8-gnu-toolchain/bin/../lib/gcc/avr/5.4.0/avr6\libgcc.a(_mulsi3.o)
                0x00006864                __mulsi3
 .text.libgcc.div
                0x00006882       0x44 c:/program files (x86)/atmel/studio/7.0/toolchain/avr8/avr8-gnu-toolchain/bin/../lib/gcc/avr/5.4.0/avr6\libgcc.a(_udivmodsi4.o)
                0x00006882                __udivmodsi4
 .text.libgcc.div
                0x000068c6       0x28 c:/program files (x86)/atmel/studio/7.0/toolchain/avr8/avr8-gnu-toolchain/bin/../lib/gcc/avr/5.4.0/avr6\libgcc.a(_divmodsi4.o)
                0x000068c6                __divmodsi4
 .text.libgcc.div
                0x000068ee       0x10 c:/program files (x86)/atmel/studio/7.0/toolchain/avr8/avr8-gnu-toolchain/bin/../lib/gcc/avr/5.4.0/avr6\libgcc.a(_negsi2.o)
                0x000068ee                __negsi2
 .text.libgcc   0x000068fe       0x10 c:/program files (x86)/atmel/studio/7.0/toolchain/avr8/avr8-gnu-toolchain/bin/../lib/gcc/avr/5.4.0/avr6\libgcc.a(_tablejump2.o)
                0x000068fe                __tablejump2__
 .text.libgcc.mul
                0x0000690e       0x14 c:/program files (x86)/atmel/studio/7.0/toolchain/avr8/avr8-gnu-toolchain/bin/../lib/gcc/avr/5.4.0/avr6\libgcc.a(_muluhisi3.o)
                0x0000690e                __muluhisi3
 .text.libgcc.mul
                0x00006922       0x1e c:/program files (x86)/atmel/studio/7.0/toolchain/avr8/avr8-gnu-toolchain/bin/../lib/gcc/avr/5.4.0/avr6\libgcc.a(_umulhisi3.o)
                0x00006922                __umulhisi3
 .text.avr-libc
                0x00006940      0x242 c:/program files (x86)/atmel/studio/7.0/toolchain/avr8/avr8-gnu-toolchain/bin/../lib/gcc/avr/5.4.0/../../../../avr/lib/avr6\libc.a(malloc.o)
                0x00006940                malloc
                0x00006a70                free
 .text.avr-libc
                0x00006b82      0x1c0 c:/program files (x86)/atmel/studio/7.0/toolchain/avr8/avr8-gnu-toolchain/bin/../lib/gcc/avr/5.4.0/../../../../avr/lib/avr6\libc.a(realloc.o)
                0x00006b82                realloc
 .text.avr-libc
                0x00006d42        0x8 c:/program files (x86)/atmel/studio/7.0/toolchain/avr8/avr8-gnu-toolchain/bin/../lib/gcc/avr/5.4.0/../../../../avr/lib/avr6\libc.a(abort.o)
                0x00006d42                abort
 .text.avr-libc
                0x00006d4a       0x10 c:/program files (x86)/atmel/studio/7.0/toolchain/avr8/avr8-gnu-toolchain/bin/../lib/gcc/avr/5.4.0/../../../../avr/lib/avr6\libc.a(toupper.o)
                0x00006d4a                toupper
 .text.avr-libc
                0x00006d5a       0x12 c:/program files (x86)/atmel/studio/7.0/toolchain/avr8/avr8-gnu-toolchain/bin/../lib/gcc/avr/5.4.0/../../../../avr/lib/avr6\libc.a(memcpy.o)
                0x00006d5a                memcpy
 .text.avr-libc
                0x00006d6c        0xe c:/program files (x86)/atmel/studio/7.0/toolchain/avr8/avr8-gnu-toolchain/bin/../lib/gcc/avr/5.4.0/../../../../avr/lib/avr6\libc.a(memset.o)
                0x00006d6c                memset
 .text.avr-libc
                0x00006d7a       0x12 c:/program files (x86)/atmel/studio/7.0/toolchain/avr8/avr8-gnu-toolchain/bin/../lib/gcc/avr/5.4.0/../../../../avr/lib/avr6\libc.a(strcmp.o)
                0x00006d7a                strcmp
 .text.avr-libc
                0x00006d8c        0xe c:/program files (x86)/atmel/studio/7.0/toolchain/avr8/avr8-gnu-toolchain/bin/../lib/gcc/avr/5.4.0/../../../../avr/lib/avr6\libc.a(strcpy.o)
                0x00006d8c                strcpy
 .text.avr-libc
                0x00006d9a       0x12 c:/program files (x86)/atmel/studio/7.0/toolchain/avr8/avr8-gnu-toolchain/bin/../lib/gcc/avr/5.4.0/../../../../avr/lib/avr6\libc.a(strlen.o)
                0x00006d9a                strlen
 .text.avr-libc
                0x00006dac       0x1e c:/program files (x86)/atmel/studio/7.0/toolchain/avr8/avr8-gnu-toolchain/bin/../lib/gcc/avr/5.4.0/../../../../avr/lib/avr6\libc.a(strncpy.o)
                0x00006dac                strncpy
 .text.avr-libc
                0x00006dca       0x14 c:/program files (x86)/atmel/studio/7.0/toolchain/avr8/avr8-gnu-toolchain/bin/../lib/gcc/avr/5.4.0/../../../../avr/lib/avr6\libc.a(itoa_ncheck.o)
                0x00006dca                __itoa_ncheck
 .text.avr-libc
                0x00006dde       0x14 c:/program files (x86)/atmel/studio/7.0/toolchain/avr8/avr8-gnu-toolchain/bin/../lib/gcc/avr/5.4.0/../../../../avr/lib/avr6\libc.a(utoa.o)
                0x00006dde                __utoa
                0x00006dde                utoa
 .text.avr-libc
                0x00006df2       0x32 c:/program files (x86)/atmel/studio/7.0/toolchain/avr8/avr8-gnu-toolchain/bin/../lib/gcc/avr/5.4.0/../../../../avr/lib/avr6\libc.a(utoa_ncheck.o)
                0x00006df2                __utoa_ncheck
                0x00006df4                __utoa_common
 .text.avr-libc
                0x00006e24       0x20 c:/program files (x86)/atmel/studio/7.0/toolchain/avr8/avr8-gnu-toolchain/bin/../lib/gcc/avr/5.4.0/../../../../avr/lib/avr6\libc.a(strrev.o)
                0x00006e24                strrev
                0x00006e44                . = ALIGN (0x2)
 *(.fini9)
 .fini9         0x00006e44        0x0 c:/program files (x86)/atmel/studio/7.0/toolchain/avr8/avr8-gnu-toolchain/bin/../lib/gcc/avr/5.4.0/avr6\libgcc.a(_exit.o)
                0x00006e44                _exit
                0x00006e44                exit
 *(.fini9)
 *(.fini8)
 *(.fini8)
 *(.fini7)
 *(.fini7)
 *(.fini6)
 .fini6         0x00006e44       0x1e c:/program files (x86)/atmel/studio/7.0/toolchain/avr8/avr8-gnu-toolchain/bin/../lib/gcc/avr/5.4.0/avr6\libgcc.a(_dtors.o)
                0x00006e44                __do_global_dtors
 *(.fini6)
 *(.fini5)
 *(.fini5)
 *(.fini4)
 *(.fini4)
 *(.fini3)
 *(.fini3)
 *(.fini2)
 *(.fini2)
 *(.fini1)
 *(.fini1)
 *(.fini0)
 .fini0         0x00006e62        0x4 c:/program files (x86)/atmel/studio/7.0/toolchain/avr8/avr8-gnu-toolchain/bin/../lib/gcc/avr/5.4.0/avr6\libgcc.a(_exit.o)
 *(.fini0)
                0x00006e66                _etext = .

.data           0x00800200      0x14a load address 0x00006e66
                0x00800200                PROVIDE (__data_start, .)
 *(.data)
 .data          0x00800200        0x6 c:/program files (x86)/atmel/studio/7.0/toolchain/avr8/avr8-gnu-toolchain/bin/../lib/gcc/avr/5.4.0/../../../../avr/lib/avr6\libc.a(malloc.o)
                0x00800200                __malloc_heap_end
                0x00800202                __malloc_heap_start
                0x00800204                __malloc_margin
 *(.data*)
 .data.BIP_PIN  0x00800206        0x2 main.o
                0x00800206                BIP_PIN
 .data.Servo_pin
                0x00800208        0x2 main.o
                0x00800208                Servo_pin
 .data.RFID_GREEN_LED
                0x0080020a        0x2 main.o
                0x0080020a                RFID_GREEN_LED
 .data.RFID_RED_LED
                0x0080020c        0x2 main.o
                0x0080020c                RFID_RED_LED
 *(.gnu.linkonce.d*)
 *(.rodata)
 .rodata        0x0080020e       0x90 main.o
 .rodata        0x0080029e       0x1d src/libraries/DHT-sensor-library/DHT_U.o
 .rodata        0x008002bb        0x8 src/libraries/LiquidCrystal_I2C-1.1/LiquidCrystal_I2C.o
 *(.rodata*)
 .rodata._ZTV15Adafruit_Sensor
                0x008002c3        0xe main.o
                0x008002c3                _ZTV15Adafruit_Sensor
 .rodata._ZTVN11DHT_Unified8HumidityE
                0x008002d1        0xe src/libraries/DHT-sensor-library/DHT_U.o
                0x008002d1                _ZTVN11DHT_Unified8HumidityE
 .rodata._ZTVN11DHT_Unified11TemperatureE
                0x008002df        0xe src/libraries/DHT-sensor-library/DHT_U.o
                0x008002df                _ZTVN11DHT_Unified11TemperatureE
 .rodata._ZTV17LiquidCrystal_I2C
                0x008002ed        0xc src/libraries/LiquidCrystal_I2C-1.1/LiquidCrystal_I2C.o
                0x008002ed                _ZTV17LiquidCrystal_I2C
 .rodata._ZTV7TwoWire
                0x008002f9       0x12 src/libraries/Wire/src/Wire.o
                0x008002f9                _ZTV7TwoWire
 .rodata._ZTV6Stream
                0x0080030b       0x12 src/libraries/Wire/src/Wire.o
                0x0080030b                _ZTV6Stream
 .rodata._ZTV14HardwareSerial
                0x0080031d       0x12 C:\Users\kasjac\Desktop\Skole\H5\UGE03-~1\PROJEC~1\DETINT~1\ATMELM~1\ARDUIN~1\Debug\libArduinoCore.a(HardwareSerial.o)
                0x0080031d                _ZTV14HardwareSerial
 .rodata.str1.1
                0x0080032f        0xf C:\Users\kasjac\Desktop\Skole\H5\UGE03-~1\PROJEC~1\DETINT~1\ATMELM~1\ARDUIN~1\Debug\libArduinoCore.a(Print.o)
 .rodata._ZTV5Print
                0x0080033e        0xc C:\Users\kasjac\Desktop\Skole\H5\UGE03-~1\PROJEC~1\DETINT~1\ATMELM~1\ARDUIN~1\Debug\libArduinoCore.a(Print.o)
                0x0080033e                _ZTV5Print
 .rodata.str1.1
                0x0080034a        0xf C:\Users\kasjac\Desktop\Skole\H5\UGE03-~1\PROJEC~1\DETINT~1\ATMELM~1\ARDUIN~1\Debug\libArduinoCore.a(WString.o)
                                  0x1 (size before relaxing)
 *(.gnu.linkonce.r*)
                0x0080035a                . = ALIGN (0x2)
                0x0080035a                _edata = .
                0x0080035a                PROVIDE (__data_end, .)

.bss            0x0080034a      0x266
                0x0080034a                PROVIDE (__bss_start, .)
 *(.bss)
 *(.bss*)
 .bss.lcd       0x0080034a        0xc main.o
                0x0080034a                lcd
 .bss.dht       0x00800356       0x26 main.o
                0x00800356                dht
 .bss.delayMS   0x0080037c        0x4 main.o
                0x0080037c                delayMS
 .bss.DhtSencorTemp
                0x00800380        0x2 main.o
                0x00800380                DhtSencorTemp
 .bss.DhtSencorHum
                0x00800382        0x2 main.o
                0x00800382                DhtSencorHum
 .bss.isCardValid
                0x00800384        0x2 main.o
                0x00800384                isCardValid
 .bss.mfrc522   0x00800386        0xe main.o
                0x00800386                mfrc522
 .bss.key       0x00800394        0x6 main.o
                0x00800394                key
 .bss.Valid_RFID_Code
                0x0080039a        0x6 main.o
                0x0080039a                Valid_RFID_Code
 .bss.servo     0x008003a0        0x3 main.o
                0x008003a0                servo
 .bss._ZL6servos
                0x008003a3       0x90 src/libraries/Servo/src/avr/Servo.o
 .bss._ZL7Channel
                0x00800433        0x4 src/libraries/Servo/src/avr/Servo.o
 .bss.ServoCount
                0x00800437        0x1 src/libraries/Servo/src/avr/Servo.o
                0x00800437                ServoCount
 .bss._ZN8SPIClass11initializedE
                0x00800438        0x1 src/libraries/SPI/src/SPI.o
                0x00800438                _ZN8SPIClass11initializedE
 .bss._ZN8SPIClass13interruptModeE
                0x00800439        0x1 src/libraries/SPI/src/SPI.o
                0x00800439                _ZN8SPIClass13interruptModeE
 .bss._ZN8SPIClass13interruptMaskE
                0x0080043a        0x1 src/libraries/SPI/src/SPI.o
                0x0080043a                _ZN8SPIClass13interruptMaskE
 .bss._ZN8SPIClass13interruptSaveE
                0x0080043b        0x1 src/libraries/SPI/src/SPI.o
                0x0080043b                _ZN8SPIClass13interruptSaveE
 .bss.twi_error
                0x0080043c        0x1 src/libraries/Wire/src/utility/twi.o
 .bss.twi_rxBufferIndex
                0x0080043d        0x1 src/libraries/Wire/src/utility/twi.o
 .bss.twi_rxBuffer
                0x0080043e       0x20 src/libraries/Wire/src/utility/twi.o
 .bss.twi_txBufferLength
                0x0080045e        0x1 src/libraries/Wire/src/utility/twi.o
 .bss.twi_txBufferIndex
                0x0080045f        0x1 src/libraries/Wire/src/utility/twi.o
 .bss.twi_txBuffer
                0x00800460       0x20 src/libraries/Wire/src/utility/twi.o
 .bss.twi_masterBufferLength
                0x00800480        0x1 src/libraries/Wire/src/utility/twi.o
 .bss.twi_masterBufferIndex
                0x00800481        0x1 src/libraries/Wire/src/utility/twi.o
 .bss.twi_masterBuffer
                0x00800482       0x20 src/libraries/Wire/src/utility/twi.o
 .bss.twi_onSlaveReceive
                0x008004a2        0x2 src/libraries/Wire/src/utility/twi.o
 .bss.twi_onSlaveTransmit
                0x008004a4        0x2 src/libraries/Wire/src/utility/twi.o
 .bss.twi_do_reset_on_timeout
                0x008004a6        0x1 src/libraries/Wire/src/utility/twi.o
 .bss.twi_timed_out_flag
                0x008004a7        0x1 src/libraries/Wire/src/utility/twi.o
 .bss.twi_timeout_us
                0x008004a8        0x4 src/libraries/Wire/src/utility/twi.o
 .bss.twi_inRepStart
                0x008004ac        0x1 src/libraries/Wire/src/utility/twi.o
 .bss.twi_sendStop
                0x008004ad        0x1 src/libraries/Wire/src/utility/twi.o
 .bss.twi_slarw
                0x008004ae        0x1 src/libraries/Wire/src/utility/twi.o
 .bss.twi_state
                0x008004af        0x1 src/libraries/Wire/src/utility/twi.o
 .bss._ZN7TwoWire8rxBufferE
                0x008004b0       0x20 src/libraries/Wire/src/Wire.o
                0x008004b0                _ZN7TwoWire8rxBufferE
 .bss._ZN7TwoWire13rxBufferIndexE
                0x008004d0        0x1 src/libraries/Wire/src/Wire.o
                0x008004d0                _ZN7TwoWire13rxBufferIndexE
 .bss._ZN7TwoWire14rxBufferLengthE
                0x008004d1        0x1 src/libraries/Wire/src/Wire.o
                0x008004d1                _ZN7TwoWire14rxBufferLengthE
 .bss._ZN7TwoWire9txAddressE
                0x008004d2        0x1 src/libraries/Wire/src/Wire.o
                0x008004d2                _ZN7TwoWire9txAddressE
 .bss._ZN7TwoWire8txBufferE
                0x008004d3       0x20 src/libraries/Wire/src/Wire.o
                0x008004d3                _ZN7TwoWire8txBufferE
 .bss._ZN7TwoWire13txBufferIndexE
                0x008004f3        0x1 src/libraries/Wire/src/Wire.o
                0x008004f3                _ZN7TwoWire13txBufferIndexE
 .bss._ZN7TwoWire14txBufferLengthE
                0x008004f4        0x1 src/libraries/Wire/src/Wire.o
                0x008004f4                _ZN7TwoWire14txBufferLengthE
 .bss._ZN7TwoWire12transmittingE
                0x008004f5        0x1 src/libraries/Wire/src/Wire.o
                0x008004f5                _ZN7TwoWire12transmittingE
 .bss._ZN7TwoWire14user_onRequestE
                0x008004f6        0x2 src/libraries/Wire/src/Wire.o
                0x008004f6                _ZN7TwoWire14user_onRequestE
 .bss._ZN7TwoWire14user_onReceiveE
                0x008004f8        0x2 src/libraries/Wire/src/Wire.o
                0x008004f8                _ZN7TwoWire14user_onReceiveE
 .bss.Wire      0x008004fa        0xc src/libraries/Wire/src/Wire.o
                0x008004fa                Wire
 .bss.Serial    0x00800506       0x9d C:\Users\kasjac\Desktop\Skole\H5\UGE03-~1\PROJEC~1\DETINT~1\ATMELM~1\ARDUIN~1\Debug\libArduinoCore.a(HardwareSerial0.o)
                0x00800506                Serial
 .bss.timer0_fract
                0x008005a3        0x1 C:\Users\kasjac\Desktop\Skole\H5\UGE03-~1\PROJEC~1\DETINT~1\ATMELM~1\ARDUIN~1\Debug\libArduinoCore.a(wiring.o)
 .bss.timer0_millis
                0x008005a4        0x4 C:\Users\kasjac\Desktop\Skole\H5\UGE03-~1\PROJEC~1\DETINT~1\ATMELM~1\ARDUIN~1\Debug\libArduinoCore.a(wiring.o)
                0x008005a4                timer0_millis
 .bss.timer0_overflow_count
                0x008005a8        0x4 C:\Users\kasjac\Desktop\Skole\H5\UGE03-~1\PROJEC~1\DETINT~1\ATMELM~1\ARDUIN~1\Debug\libArduinoCore.a(wiring.o)
                0x008005a8                timer0_overflow_count
 *(COMMON)
 COMMON         0x008005ac        0x4 c:/program files (x86)/atmel/studio/7.0/toolchain/avr8/avr8-gnu-toolchain/bin/../lib/gcc/avr/5.4.0/../../../../avr/lib/avr6\libc.a(malloc.o)
                0x008005ac                __brkval
                0x008005ae                __flp
                0x008005b0                PROVIDE (__bss_end, .)
                0x00006e66                __data_load_start = LOADADDR (.data)
                0x00006fb0                __data_load_end = (__data_load_start + SIZEOF (.data))

.noinit         0x008005b0        0x0
                [!provide]                PROVIDE (__noinit_start, .)
 *(.noinit*)
                [!provide]                PROVIDE (__noinit_end, .)
                0x008005b0                _end = .
                0x008005b0                PROVIDE (__heap_start, .)

.eeprom         0x00810000        0x0
 *(.eeprom*)
                0x00810000                __eeprom_end = .

.fuse
 *(.fuse)
 *(.lfuse)
 *(.hfuse)
 *(.efuse)

.lock
 *(.lock*)

.signature
 *(.signature*)

.user_signatures
 *(.user_signatures*)

.stab
 *(.stab)

.stabstr
 *(.stabstr)

.stab.excl
 *(.stab.excl)

.stab.exclstr
 *(.stab.exclstr)

.stab.index
 *(.stab.index)

.stab.indexstr
 *(.stab.indexstr)

.comment        0x00000000       0x30
 *(.comment)
 .comment       0x00000000       0x30 main.o
                                 0x31 (size before relaxing)
 .comment       0x00000030       0x31 src/libraries/DHT-sensor-library/DHT.o
 .comment       0x00000030       0x31 src/libraries/DHT-sensor-library/DHT_U.o
 .comment       0x00000030       0x31 src/libraries/LiquidCrystal_I2C-1.1/LiquidCrystal_I2C.o
 .comment       0x00000030       0x31 src/libraries/rfid/MFRC522.o
 .comment       0x00000030       0x31 src/libraries/Servo/src/avr/Servo.o
 .comment       0x00000030       0x31 src/libraries/SPI/src/SPI.o
 .comment       0x00000030       0x31 src/libraries/Wire/src/utility/twi.o
 .comment       0x00000030       0x31 src/libraries/Wire/src/Wire.o
 .comment       0x00000030       0x31 C:\Users\kasjac\Desktop\Skole\H5\UGE03-~1\PROJEC~1\DETINT~1\ATMELM~1\ARDUIN~1\Debug\libArduinoCore.a(abi.o)
 .comment       0x00000030       0x31 C:\Users\kasjac\Desktop\Skole\H5\UGE03-~1\PROJEC~1\DETINT~1\ATMELM~1\ARDUIN~1\Debug\libArduinoCore.a(HardwareSerial.o)
 .comment       0x00000030       0x31 C:\Users\kasjac\Desktop\Skole\H5\UGE03-~1\PROJEC~1\DETINT~1\ATMELM~1\ARDUIN~1\Debug\libArduinoCore.a(HardwareSerial0.o)
 .comment       0x00000030       0x31 C:\Users\kasjac\Desktop\Skole\H5\UGE03-~1\PROJEC~1\DETINT~1\ATMELM~1\ARDUIN~1\Debug\libArduinoCore.a(main.o)
 .comment       0x00000030       0x31 C:\Users\kasjac\Desktop\Skole\H5\UGE03-~1\PROJEC~1\DETINT~1\ATMELM~1\ARDUIN~1\Debug\libArduinoCore.a(new.o)
 .comment       0x00000030       0x31 C:\Users\kasjac\Desktop\Skole\H5\UGE03-~1\PROJEC~1\DETINT~1\ATMELM~1\ARDUIN~1\Debug\libArduinoCore.a(Print.o)
 .comment       0x00000030       0x31 C:\Users\kasjac\Desktop\Skole\H5\UGE03-~1\PROJEC~1\DETINT~1\ATMELM~1\ARDUIN~1\Debug\libArduinoCore.a(wiring.o)
 .comment       0x00000030       0x31 C:\Users\kasjac\Desktop\Skole\H5\UGE03-~1\PROJEC~1\DETINT~1\ATMELM~1\ARDUIN~1\Debug\libArduinoCore.a(wiring_digital.o)
 .comment       0x00000030       0x31 C:\Users\kasjac\Desktop\Skole\H5\UGE03-~1\PROJEC~1\DETINT~1\ATMELM~1\ARDUIN~1\Debug\libArduinoCore.a(WMath.o)
 .comment       0x00000030       0x31 C:\Users\kasjac\Desktop\Skole\H5\UGE03-~1\PROJEC~1\DETINT~1\ATMELM~1\ARDUIN~1\Debug\libArduinoCore.a(WString.o)
 .comment       0x00000030       0x31 C:\Users\kasjac\Desktop\Skole\H5\UGE03-~1\PROJEC~1\DETINT~1\ATMELM~1\ARDUIN~1\Debug\libArduinoCore.a(hooks.o)
 .comment       0x00000030       0x31 c:/program files (x86)/atmel/studio/7.0/toolchain/avr8/avr8-gnu-toolchain/bin/../lib/gcc/avr/5.4.0/../../../../avr/lib/avr6\libc.a(malloc.o)
 .comment       0x00000030       0x31 c:/program files (x86)/atmel/studio/7.0/toolchain/avr8/avr8-gnu-toolchain/bin/../lib/gcc/avr/5.4.0/../../../../avr/lib/avr6\libc.a(realloc.o)

.note.gnu.avr.deviceinfo
                0x00000000       0x40
 .note.gnu.avr.deviceinfo
                0x00000000       0x40 C:/Program Files (x86)/Atmel/Studio/7.0/Packs/atmel/ATmega_DFP/1.6.364/gcc/dev/atmega2560/avr6/crtatmega2560.o

.note.gnu.build-id
 *(.note.gnu.build-id)

.debug
 *(.debug)

.line
 *(.line)

.debug_srcinfo
 *(.debug_srcinfo)

.debug_sfnames
 *(.debug_sfnames)

.debug_aranges  0x00000000      0xe28
 *(.debug_aranges)
 .debug_aranges
                0x00000000      0x118 main.o
 .debug_aranges
                0x00000118       0x78 src/libraries/DHT-sensor-library/DHT.o
 .debug_aranges
                0x00000190       0xa8 src/libraries/DHT-sensor-library/DHT_U.o
 .debug_aranges
                0x00000238      0x198 src/libraries/LiquidCrystal_I2C-1.1/LiquidCrystal_I2C.o
 .debug_aranges
                0x000003d0      0x1e8 src/libraries/rfid/MFRC522.o
 .debug_aranges
                0x000005b8       0xa0 src/libraries/Servo/src/avr/Servo.o
 .debug_aranges
                0x00000658       0x38 src/libraries/SPI/src/SPI.o
 .debug_aranges
                0x00000690       0x98 src/libraries/Wire/src/utility/twi.o
 .debug_aranges
                0x00000728      0x130 src/libraries/Wire/src/Wire.o
 .debug_aranges
                0x00000858       0x20 C:\Users\kasjac\Desktop\Skole\H5\UGE03-~1\PROJEC~1\DETINT~1\ATMELM~1\ARDUIN~1\Debug\libArduinoCore.a(abi.o)
 .debug_aranges
                0x00000878       0x68 C:\Users\kasjac\Desktop\Skole\H5\UGE03-~1\PROJEC~1\DETINT~1\ATMELM~1\ARDUIN~1\Debug\libArduinoCore.a(HardwareSerial.o)
 .debug_aranges
                0x000008e0       0x48 C:\Users\kasjac\Desktop\Skole\H5\UGE03-~1\PROJEC~1\DETINT~1\ATMELM~1\ARDUIN~1\Debug\libArduinoCore.a(HardwareSerial0.o)
 .debug_aranges
                0x00000928       0x30 C:\Users\kasjac\Desktop\Skole\H5\UGE03-~1\PROJEC~1\DETINT~1\ATMELM~1\ARDUIN~1\Debug\libArduinoCore.a(main.o)
 .debug_aranges
                0x00000958       0x30 C:\Users\kasjac\Desktop\Skole\H5\UGE03-~1\PROJEC~1\DETINT~1\ATMELM~1\ARDUIN~1\Debug\libArduinoCore.a(new.o)
 .debug_aranges
                0x00000988      0x100 C:\Users\kasjac\Desktop\Skole\H5\UGE03-~1\PROJEC~1\DETINT~1\ATMELM~1\ARDUIN~1\Debug\libArduinoCore.a(Print.o)
 .debug_aranges
                0x00000a88       0x48 C:\Users\kasjac\Desktop\Skole\H5\UGE03-~1\PROJEC~1\DETINT~1\ATMELM~1\ARDUIN~1\Debug\libArduinoCore.a(wiring.o)
 .debug_aranges
                0x00000ad0       0x38 C:\Users\kasjac\Desktop\Skole\H5\UGE03-~1\PROJEC~1\DETINT~1\ATMELM~1\ARDUIN~1\Debug\libArduinoCore.a(wiring_digital.o)
 .debug_aranges
                0x00000b08       0x48 C:\Users\kasjac\Desktop\Skole\H5\UGE03-~1\PROJEC~1\DETINT~1\ATMELM~1\ARDUIN~1\Debug\libArduinoCore.a(WMath.o)
 .debug_aranges
                0x00000b50      0x2b8 C:\Users\kasjac\Desktop\Skole\H5\UGE03-~1\PROJEC~1\DETINT~1\ATMELM~1\ARDUIN~1\Debug\libArduinoCore.a(WString.o)
 .debug_aranges
                0x00000e08       0x20 C:\Users\kasjac\Desktop\Skole\H5\UGE03-~1\PROJEC~1\DETINT~1\ATMELM~1\ARDUIN~1\Debug\libArduinoCore.a(hooks.o)

.debug_pubnames
 *(.debug_pubnames)

.debug_info     0x00000000    0x19e8d
 *(.debug_info .gnu.linkonce.wi.*)
 .debug_info    0x00000000      0xbbc C:/Program Files (x86)/Atmel/Studio/7.0/Packs/atmel/ATmega_DFP/1.6.364/gcc/dev/atmega2560/avr6/crtatmega2560.o
 .debug_info    0x00000bbc     0x32d8 main.o
 .debug_info    0x00003e94      0xa1e src/libraries/DHT-sensor-library/DHT.o
 .debug_info    0x000048b2     0x11ec src/libraries/DHT-sensor-library/DHT_U.o
 .debug_info    0x00005a9e     0x1435 src/libraries/LiquidCrystal_I2C-1.1/LiquidCrystal_I2C.o
 .debug_info    0x00006ed3     0x3960 src/libraries/rfid/MFRC522.o
 .debug_info    0x0000a833      0x85a src/libraries/Servo/src/avr/Servo.o
 .debug_info    0x0000b08d      0x6b0 src/libraries/SPI/src/SPI.o
 .debug_info    0x0000b73d      0x93a src/libraries/Wire/src/utility/twi.o
 .debug_info    0x0000c077     0x2574 src/libraries/Wire/src/Wire.o
 .debug_info    0x0000e5eb       0x76 C:\Users\kasjac\Desktop\Skole\H5\UGE03-~1\PROJEC~1\DETINT~1\ATMELM~1\ARDUIN~1\Debug\libArduinoCore.a(abi.o)
 .debug_info    0x0000e661     0x205e C:\Users\kasjac\Desktop\Skole\H5\UGE03-~1\PROJEC~1\DETINT~1\ATMELM~1\ARDUIN~1\Debug\libArduinoCore.a(HardwareSerial.o)
 .debug_info    0x000106bf     0x1b74 C:\Users\kasjac\Desktop\Skole\H5\UGE03-~1\PROJEC~1\DETINT~1\ATMELM~1\ARDUIN~1\Debug\libArduinoCore.a(HardwareSerial0.o)
 .debug_info    0x00012233      0x295 C:\Users\kasjac\Desktop\Skole\H5\UGE03-~1\PROJEC~1\DETINT~1\ATMELM~1\ARDUIN~1\Debug\libArduinoCore.a(main.o)
 .debug_info    0x000124c8      0x15f C:\Users\kasjac\Desktop\Skole\H5\UGE03-~1\PROJEC~1\DETINT~1\ATMELM~1\ARDUIN~1\Debug\libArduinoCore.a(new.o)
 .debug_info    0x00012627     0x295d C:\Users\kasjac\Desktop\Skole\H5\UGE03-~1\PROJEC~1\DETINT~1\ATMELM~1\ARDUIN~1\Debug\libArduinoCore.a(Print.o)
 .debug_info    0x00014f84      0x329 C:\Users\kasjac\Desktop\Skole\H5\UGE03-~1\PROJEC~1\DETINT~1\ATMELM~1\ARDUIN~1\Debug\libArduinoCore.a(wiring.o)
 .debug_info    0x000152ad      0x63a C:\Users\kasjac\Desktop\Skole\H5\UGE03-~1\PROJEC~1\DETINT~1\ATMELM~1\ARDUIN~1\Debug\libArduinoCore.a(wiring_digital.o)
 .debug_info    0x000158e7      0x230 C:\Users\kasjac\Desktop\Skole\H5\UGE03-~1\PROJEC~1\DETINT~1\ATMELM~1\ARDUIN~1\Debug\libArduinoCore.a(WMath.o)
 .debug_info    0x00015b17     0x4338 C:\Users\kasjac\Desktop\Skole\H5\UGE03-~1\PROJEC~1\DETINT~1\ATMELM~1\ARDUIN~1\Debug\libArduinoCore.a(WString.o)
 .debug_info    0x00019e4f       0x3e C:\Users\kasjac\Desktop\Skole\H5\UGE03-~1\PROJEC~1\DETINT~1\ATMELM~1\ARDUIN~1\Debug\libArduinoCore.a(hooks.o)

.debug_abbrev   0x00000000     0x43f3
 *(.debug_abbrev)
 .debug_abbrev  0x00000000      0xb1a C:/Program Files (x86)/Atmel/Studio/7.0/Packs/atmel/ATmega_DFP/1.6.364/gcc/dev/atmega2560/avr6/crtatmega2560.o
 .debug_abbrev  0x00000b1a      0x69c main.o
 .debug_abbrev  0x000011b6      0x280 src/libraries/DHT-sensor-library/DHT.o
 .debug_abbrev  0x00001436      0x3ad src/libraries/DHT-sensor-library/DHT_U.o
 .debug_abbrev  0x000017e3      0x2df src/libraries/LiquidCrystal_I2C-1.1/LiquidCrystal_I2C.o
 .debug_abbrev  0x00001ac2      0x469 src/libraries/rfid/MFRC522.o
 .debug_abbrev  0x00001f2b      0x2d1 src/libraries/Servo/src/avr/Servo.o
 .debug_abbrev  0x000021fc      0x220 src/libraries/SPI/src/SPI.o
 .debug_abbrev  0x0000241c      0x2f2 src/libraries/Wire/src/utility/twi.o
 .debug_abbrev  0x0000270e      0x48c src/libraries/Wire/src/Wire.o
 .debug_abbrev  0x00002b9a       0x6d C:\Users\kasjac\Desktop\Skole\H5\UGE03-~1\PROJEC~1\DETINT~1\ATMELM~1\ARDUIN~1\Debug\libArduinoCore.a(abi.o)
 .debug_abbrev  0x00002c07      0x4b7 C:\Users\kasjac\Desktop\Skole\H5\UGE03-~1\PROJEC~1\DETINT~1\ATMELM~1\ARDUIN~1\Debug\libArduinoCore.a(HardwareSerial.o)
 .debug_abbrev  0x000030be      0x3ce C:\Users\kasjac\Desktop\Skole\H5\UGE03-~1\PROJEC~1\DETINT~1\ATMELM~1\ARDUIN~1\Debug\libArduinoCore.a(HardwareSerial0.o)
 .debug_abbrev  0x0000348c      0x12d C:\Users\kasjac\Desktop\Skole\H5\UGE03-~1\PROJEC~1\DETINT~1\ATMELM~1\ARDUIN~1\Debug\libArduinoCore.a(main.o)
 .debug_abbrev  0x000035b9      0x109 C:\Users\kasjac\Desktop\Skole\H5\UGE03-~1\PROJEC~1\DETINT~1\ATMELM~1\ARDUIN~1\Debug\libArduinoCore.a(new.o)
 .debug_abbrev  0x000036c2      0x47a C:\Users\kasjac\Desktop\Skole\H5\UGE03-~1\PROJEC~1\DETINT~1\ATMELM~1\ARDUIN~1\Debug\libArduinoCore.a(Print.o)
 .debug_abbrev  0x00003b3c      0x146 C:\Users\kasjac\Desktop\Skole\H5\UGE03-~1\PROJEC~1\DETINT~1\ATMELM~1\ARDUIN~1\Debug\libArduinoCore.a(wiring.o)
 .debug_abbrev  0x00003c82      0x15a C:\Users\kasjac\Desktop\Skole\H5\UGE03-~1\PROJEC~1\DETINT~1\ATMELM~1\ARDUIN~1\Debug\libArduinoCore.a(wiring_digital.o)
 .debug_abbrev  0x00003ddc      0x12b C:\Users\kasjac\Desktop\Skole\H5\UGE03-~1\PROJEC~1\DETINT~1\ATMELM~1\ARDUIN~1\Debug\libArduinoCore.a(WMath.o)
 .debug_abbrev  0x00003f07      0x4c2 C:\Users\kasjac\Desktop\Skole\H5\UGE03-~1\PROJEC~1\DETINT~1\ATMELM~1\ARDUIN~1\Debug\libArduinoCore.a(WString.o)
 .debug_abbrev  0x000043c9       0x2a C:\Users\kasjac\Desktop\Skole\H5\UGE03-~1\PROJEC~1\DETINT~1\ATMELM~1\ARDUIN~1\Debug\libArduinoCore.a(hooks.o)

.debug_line     0x00000000     0x811a
 *(.debug_line .debug_line.* .debug_line_end)
 .debug_line    0x00000000      0x1fa C:/Program Files (x86)/Atmel/Studio/7.0/Packs/atmel/ATmega_DFP/1.6.364/gcc/dev/atmega2560/avr6/crtatmega2560.o
 .debug_line    0x000001fa      0x9e8 main.o
 .debug_line    0x00000be2      0x63c src/libraries/DHT-sensor-library/DHT.o
 .debug_line    0x0000121e      0x59c src/libraries/DHT-sensor-library/DHT_U.o
 .debug_line    0x000017ba      0x90c src/libraries/LiquidCrystal_I2C-1.1/LiquidCrystal_I2C.o
 .debug_line    0x000020c6     0x1d8c src/libraries/rfid/MFRC522.o
 .debug_line    0x00003e52      0x598 src/libraries/Servo/src/avr/Servo.o
 .debug_line    0x000043ea      0x36d src/libraries/SPI/src/SPI.o
 .debug_line    0x00004757      0x6db src/libraries/Wire/src/utility/twi.o
 .debug_line    0x00004e32      0x736 src/libraries/Wire/src/Wire.o
 .debug_line    0x00005568       0xa9 C:\Users\kasjac\Desktop\Skole\H5\UGE03-~1\PROJEC~1\DETINT~1\ATMELM~1\ARDUIN~1\Debug\libArduinoCore.a(abi.o)
 .debug_line    0x00005611      0x527 C:\Users\kasjac\Desktop\Skole\H5\UGE03-~1\PROJEC~1\DETINT~1\ATMELM~1\ARDUIN~1\Debug\libArduinoCore.a(HardwareSerial.o)
 .debug_line    0x00005b38      0x288 C:\Users\kasjac\Desktop\Skole\H5\UGE03-~1\PROJEC~1\DETINT~1\ATMELM~1\ARDUIN~1\Debug\libArduinoCore.a(HardwareSerial0.o)
 .debug_line    0x00005dc0      0x161 C:\Users\kasjac\Desktop\Skole\H5\UGE03-~1\PROJEC~1\DETINT~1\ATMELM~1\ARDUIN~1\Debug\libArduinoCore.a(main.o)
 .debug_line    0x00005f21      0x145 C:\Users\kasjac\Desktop\Skole\H5\UGE03-~1\PROJEC~1\DETINT~1\ATMELM~1\ARDUIN~1\Debug\libArduinoCore.a(new.o)
 .debug_line    0x00006066      0x681 C:\Users\kasjac\Desktop\Skole\H5\UGE03-~1\PROJEC~1\DETINT~1\ATMELM~1\ARDUIN~1\Debug\libArduinoCore.a(Print.o)
 .debug_line    0x000066e7      0x2cb C:\Users\kasjac\Desktop\Skole\H5\UGE03-~1\PROJEC~1\DETINT~1\ATMELM~1\ARDUIN~1\Debug\libArduinoCore.a(wiring.o)
 .debug_line    0x000069b2      0x284 C:\Users\kasjac\Desktop\Skole\H5\UGE03-~1\PROJEC~1\DETINT~1\ATMELM~1\ARDUIN~1\Debug\libArduinoCore.a(wiring_digital.o)
 .debug_line    0x00006c36      0x143 C:\Users\kasjac\Desktop\Skole\H5\UGE03-~1\PROJEC~1\DETINT~1\ATMELM~1\ARDUIN~1\Debug\libArduinoCore.a(WMath.o)
 .debug_line    0x00006d79     0x1360 C:\Users\kasjac\Desktop\Skole\H5\UGE03-~1\PROJEC~1\DETINT~1\ATMELM~1\ARDUIN~1\Debug\libArduinoCore.a(WString.o)
 .debug_line    0x000080d9       0x41 C:\Users\kasjac\Desktop\Skole\H5\UGE03-~1\PROJEC~1\DETINT~1\ATMELM~1\ARDUIN~1\Debug\libArduinoCore.a(hooks.o)

.debug_frame    0x00000000     0x36d8
 *(.debug_frame)
 .debug_frame   0x00000000      0x45c main.o
 .debug_frame   0x0000045c      0x224 src/libraries/DHT-sensor-library/DHT.o
 .debug_frame   0x00000680      0x27c src/libraries/DHT-sensor-library/DHT_U.o
 .debug_frame   0x000008fc      0x624 src/libraries/LiquidCrystal_I2C-1.1/LiquidCrystal_I2C.o
 .debug_frame   0x00000f20      0x968 src/libraries/rfid/MFRC522.o
 .debug_frame   0x00001888      0x3d0 src/libraries/Servo/src/avr/Servo.o
 .debug_frame   0x00001c58       0x94 src/libraries/SPI/src/SPI.o
 .debug_frame   0x00001cec      0x208 src/libraries/Wire/src/utility/twi.o
 .debug_frame   0x00001ef4      0x4a4 src/libraries/Wire/src/Wire.o
 .debug_frame   0x00002398       0x34 C:\Users\kasjac\Desktop\Skole\H5\UGE03-~1\PROJEC~1\DETINT~1\ATMELM~1\ARDUIN~1\Debug\libArduinoCore.a(abi.o)
 .debug_frame   0x000023cc      0x110 C:\Users\kasjac\Desktop\Skole\H5\UGE03-~1\PROJEC~1\DETINT~1\ATMELM~1\ARDUIN~1\Debug\libArduinoCore.a(HardwareSerial.o)
 .debug_frame   0x000024dc       0xe0 C:\Users\kasjac\Desktop\Skole\H5\UGE03-~1\PROJEC~1\DETINT~1\ATMELM~1\ARDUIN~1\Debug\libArduinoCore.a(HardwareSerial0.o)
 .debug_frame   0x000025bc       0x54 C:\Users\kasjac\Desktop\Skole\H5\UGE03-~1\PROJEC~1\DETINT~1\ATMELM~1\ARDUIN~1\Debug\libArduinoCore.a(main.o)
 .debug_frame   0x00002610       0x64 C:\Users\kasjac\Desktop\Skole\H5\UGE03-~1\PROJEC~1\DETINT~1\ATMELM~1\ARDUIN~1\Debug\libArduinoCore.a(new.o)
 .debug_frame   0x00002674      0x3ac C:\Users\kasjac\Desktop\Skole\H5\UGE03-~1\PROJEC~1\DETINT~1\ATMELM~1\ARDUIN~1\Debug\libArduinoCore.a(Print.o)
 .debug_frame   0x00002a20       0xc4 C:\Users\kasjac\Desktop\Skole\H5\UGE03-~1\PROJEC~1\DETINT~1\ATMELM~1\ARDUIN~1\Debug\libArduinoCore.a(wiring.o)
 .debug_frame   0x00002ae4       0x7c C:\Users\kasjac\Desktop\Skole\H5\UGE03-~1\PROJEC~1\DETINT~1\ATMELM~1\ARDUIN~1\Debug\libArduinoCore.a(wiring_digital.o)
 .debug_frame   0x00002b60       0xf4 C:\Users\kasjac\Desktop\Skole\H5\UGE03-~1\PROJEC~1\DETINT~1\ATMELM~1\ARDUIN~1\Debug\libArduinoCore.a(WMath.o)
 .debug_frame   0x00002c54      0xa60 C:\Users\kasjac\Desktop\Skole\H5\UGE03-~1\PROJEC~1\DETINT~1\ATMELM~1\ARDUIN~1\Debug\libArduinoCore.a(WString.o)
 .debug_frame   0x000036b4       0x24 C:\Users\kasjac\Desktop\Skole\H5\UGE03-~1\PROJEC~1\DETINT~1\ATMELM~1\ARDUIN~1\Debug\libArduinoCore.a(hooks.o)

.debug_str      0x00000000     0x62f7
 *(.debug_str)
 .debug_str     0x00000000      0x3e6 C:/Program Files (x86)/Atmel/Studio/7.0/Packs/atmel/ATmega_DFP/1.6.364/gcc/dev/atmega2560/avr6/crtatmega2560.o
 .debug_str     0x000003e6     0x288f main.o
                               0x2a26 (size before relaxing)
 .debug_str     0x00002c75      0x156 src/libraries/DHT-sensor-library/DHT.o
                                0x5da (size before relaxing)
 .debug_str     0x00002dcb      0x3c2 src/libraries/DHT-sensor-library/DHT_U.o
                                0xd93 (size before relaxing)
 .debug_str     0x0000318d      0xa83 src/libraries/LiquidCrystal_I2C-1.1/LiquidCrystal_I2C.o
                                0xdaa (size before relaxing)
 .debug_str     0x00003c10      0x728 src/libraries/rfid/MFRC522.o
                               0x1bc3 (size before relaxing)
 .debug_str     0x00004338      0x14d src/libraries/Servo/src/avr/Servo.o
                                0x52f (size before relaxing)
 .debug_str     0x00004485       0xb4 src/libraries/SPI/src/SPI.o
                                0x6d1 (size before relaxing)
 .debug_str     0x00004539      0x3e2 src/libraries/Wire/src/utility/twi.o
                                0x532 (size before relaxing)
 .debug_str     0x0000491b      0x9bf src/libraries/Wire/src/Wire.o
                               0x1945 (size before relaxing)
 .debug_str     0x000052da      0x1bd C:\Users\kasjac\Desktop\Skole\H5\UGE03-~1\PROJEC~1\DETINT~1\ATMELM~1\ARDUIN~1\Debug\libArduinoCore.a(abi.o)
                                0x1d3 (size before relaxing)
 .debug_str     0x00005497      0x478 C:\Users\kasjac\Desktop\Skole\H5\UGE03-~1\PROJEC~1\DETINT~1\ATMELM~1\ARDUIN~1\Debug\libArduinoCore.a(HardwareSerial.o)
                               0x1722 (size before relaxing)
 .debug_str     0x0000590f       0x47 C:\Users\kasjac\Desktop\Skole\H5\UGE03-~1\PROJEC~1\DETINT~1\ATMELM~1\ARDUIN~1\Debug\libArduinoCore.a(HardwareSerial0.o)
                               0x143d (size before relaxing)
 .debug_str     0x00005956       0x37 C:\Users\kasjac\Desktop\Skole\H5\UGE03-~1\PROJEC~1\DETINT~1\ATMELM~1\ARDUIN~1\Debug\libArduinoCore.a(main.o)
                                0x2e9 (size before relaxing)
 .debug_str     0x0000598d       0x65 C:\Users\kasjac\Desktop\Skole\H5\UGE03-~1\PROJEC~1\DETINT~1\ATMELM~1\ARDUIN~1\Debug\libArduinoCore.a(new.o)
                                0x214 (size before relaxing)
 .debug_str     0x000059f2      0x38d C:\Users\kasjac\Desktop\Skole\H5\UGE03-~1\PROJEC~1\DETINT~1\ATMELM~1\ARDUIN~1\Debug\libArduinoCore.a(Print.o)
                               0x1277 (size before relaxing)
 .debug_str     0x00005d7f       0x70 C:\Users\kasjac\Desktop\Skole\H5\UGE03-~1\PROJEC~1\DETINT~1\ATMELM~1\ARDUIN~1\Debug\libArduinoCore.a(wiring.o)
                                0x27f (size before relaxing)
 .debug_str     0x00005def       0x68 C:\Users\kasjac\Desktop\Skole\H5\UGE03-~1\PROJEC~1\DETINT~1\ATMELM~1\ARDUIN~1\Debug\libArduinoCore.a(wiring_digital.o)
                                0x2e4 (size before relaxing)
 .debug_str     0x00005e57       0xb8 C:\Users\kasjac\Desktop\Skole\H5\UGE03-~1\PROJEC~1\DETINT~1\ATMELM~1\ARDUIN~1\Debug\libArduinoCore.a(WMath.o)
                                0x282 (size before relaxing)
 .debug_str     0x00005f0f      0x3cc C:\Users\kasjac\Desktop\Skole\H5\UGE03-~1\PROJEC~1\DETINT~1\ATMELM~1\ARDUIN~1\Debug\libArduinoCore.a(WString.o)
                               0x11ca (size before relaxing)
 .debug_str     0x000062db       0x1c C:\Users\kasjac\Desktop\Skole\H5\UGE03-~1\PROJEC~1\DETINT~1\ATMELM~1\ARDUIN~1\Debug\libArduinoCore.a(hooks.o)
                                0x174 (size before relaxing)

.debug_loc      0x00000000     0xc49b
 *(.debug_loc)
 .debug_loc     0x00000000      0x981 main.o
 .debug_loc     0x00000981      0x4c6 src/libraries/DHT-sensor-library/DHT.o
 .debug_loc     0x00000e47      0x575 src/libraries/DHT-sensor-library/DHT_U.o
 .debug_loc     0x000013bc      0xd98 src/libraries/LiquidCrystal_I2C-1.1/LiquidCrystal_I2C.o
 .debug_loc     0x00002154     0x1513 src/libraries/rfid/MFRC522.o
 .debug_loc     0x00003667      0x8d7 src/libraries/Servo/src/avr/Servo.o
 .debug_loc     0x00003f3e      0x11f src/libraries/SPI/src/SPI.o
 .debug_loc     0x0000405d      0x87f src/libraries/Wire/src/utility/twi.o
 .debug_loc     0x000048dc      0xa2f src/libraries/Wire/src/Wire.o
 .debug_loc     0x0000530b      0x4dc C:\Users\kasjac\Desktop\Skole\H5\UGE03-~1\PROJEC~1\DETINT~1\ATMELM~1\ARDUIN~1\Debug\libArduinoCore.a(HardwareSerial.o)
 .debug_loc     0x000057e7      0x1b0 C:\Users\kasjac\Desktop\Skole\H5\UGE03-~1\PROJEC~1\DETINT~1\ATMELM~1\ARDUIN~1\Debug\libArduinoCore.a(HardwareSerial0.o)
 .debug_loc     0x00005997       0x72 C:\Users\kasjac\Desktop\Skole\H5\UGE03-~1\PROJEC~1\DETINT~1\ATMELM~1\ARDUIN~1\Debug\libArduinoCore.a(new.o)
 .debug_loc     0x00005a09     0x1c87 C:\Users\kasjac\Desktop\Skole\H5\UGE03-~1\PROJEC~1\DETINT~1\ATMELM~1\ARDUIN~1\Debug\libArduinoCore.a(Print.o)
 .debug_loc     0x00007690      0x28d C:\Users\kasjac\Desktop\Skole\H5\UGE03-~1\PROJEC~1\DETINT~1\ATMELM~1\ARDUIN~1\Debug\libArduinoCore.a(wiring.o)
 .debug_loc     0x0000791d      0x56b C:\Users\kasjac\Desktop\Skole\H5\UGE03-~1\PROJEC~1\DETINT~1\ATMELM~1\ARDUIN~1\Debug\libArduinoCore.a(wiring_digital.o)
 .debug_loc     0x00007e88      0x3d6 C:\Users\kasjac\Desktop\Skole\H5\UGE03-~1\PROJEC~1\DETINT~1\ATMELM~1\ARDUIN~1\Debug\libArduinoCore.a(WMath.o)
 .debug_loc     0x0000825e     0x423d C:\Users\kasjac\Desktop\Skole\H5\UGE03-~1\PROJEC~1\DETINT~1\ATMELM~1\ARDUIN~1\Debug\libArduinoCore.a(WString.o)

.debug_macinfo
 *(.debug_macinfo)

.debug_weaknames
 *(.debug_weaknames)

.debug_funcnames
 *(.debug_funcnames)

.debug_typenames
 *(.debug_typenames)

.debug_varnames
 *(.debug_varnames)

.debug_pubtypes
 *(.debug_pubtypes)

.debug_ranges   0x00000000      0xd98
 *(.debug_ranges)
 .debug_ranges  0x00000000      0x108 main.o
 .debug_ranges  0x00000108       0x68 src/libraries/DHT-sensor-library/DHT.o
 .debug_ranges  0x00000170       0x98 src/libraries/DHT-sensor-library/DHT_U.o
 .debug_ranges  0x00000208      0x188 src/libraries/LiquidCrystal_I2C-1.1/LiquidCrystal_I2C.o
 .debug_ranges  0x00000390      0x208 src/libraries/rfid/MFRC522.o
 .debug_ranges  0x00000598       0x90 src/libraries/Servo/src/avr/Servo.o
 .debug_ranges  0x00000628       0x28 src/libraries/SPI/src/SPI.o
 .debug_ranges  0x00000650       0x88 src/libraries/Wire/src/utility/twi.o
 .debug_ranges  0x000006d8      0x120 src/libraries/Wire/src/Wire.o
 .debug_ranges  0x000007f8       0x10 C:\Users\kasjac\Desktop\Skole\H5\UGE03-~1\PROJEC~1\DETINT~1\ATMELM~1\ARDUIN~1\Debug\libArduinoCore.a(abi.o)