Archive member included to satisfy reference by file (symbol)

c:/program files (x86)/atmel/studio/7.0/toolchain/avr8/avr8-gnu-toolchain/bin/../lib/gcc/avr/5.4.0/../../../../avr/lib/avr6\libm.a(addsf3.o)
                              src/libraries/DHT-sensor-library/DHT.o (__subsf3)
c:/program files (x86)/atmel/studio/7.0/toolchain/avr8/avr8-gnu-toolchain/bin/../lib/gcc/avr/5.4.0/../../../../avr/lib/avr6\libm.a(addsf3x.o)
                              c:/program files (x86)/atmel/studio/7.0/toolchain/avr8/avr8-gnu-toolchain/bin/../lib/gcc/avr/5.4.0/../../../../avr/lib/avr6\libm.a(addsf3.o) (__addsf3x)
c:/program files (x86)/atmel/studio/7.0/toolchain/avr8/avr8-gnu-toolchain/bin/../lib/gcc/avr/5.4.0/../../../../avr/lib/avr6\libm.a(cmpsf2.o)
                              src/libraries/DHT-sensor-library/DHT.o (__ltsf2)
c:/program files (x86)/atmel/studio/7.0/toolchain/avr8/avr8-gnu-toolchain/bin/../lib/gcc/avr/5.4.0/../../../../avr/lib/avr6\libm.a(fixsfsi.o)
                              main.o (__fixsfsi)
c:/program files (x86)/atmel/studio/7.0/toolchain/avr8/avr8-gnu-toolchain/bin/../lib/gcc/avr/5.4.0/../../../../avr/lib/avr6\libm.a(fixunssfsi.o)
                              c:/program files (x86)/atmel/studio/7.0/toolchain/avr8/avr8-gnu-toolchain/bin/../lib/gcc/avr/5.4.0/../../../../avr/lib/avr6\libm.a(fixsfsi.o) (__fixunssfsi)
c:/program files (x86)/atmel/studio/7.0/toolchain/avr8/avr8-gnu-toolchain/bin/../lib/gcc/avr/5.4.0/../../../../avr/lib/avr6\libm.a(floatsisf.o)
                              src/libraries/DHT-sensor-library/DHT.o (__floatunsisf)
c:/program files (x86)/atmel/studio/7.0/toolchain/avr8/avr8-gnu-toolchain/bin/../lib/gcc/avr/5.4.0/../../../../avr/lib/avr6\libm.a(fp_cmp.o)
                              c:/program files (x86)/atmel/studio/7.0/toolchain/avr8/avr8-gnu-toolchain/bin/../lib/gcc/avr/5.4.0/../../../../avr/lib/avr6\libm.a(cmpsf2.o) (__fp_cmp)
c:/program files (x86)/atmel/studio/7.0/toolchain/avr8/avr8-gnu-toolchain/bin/../lib/gcc/avr/5.4.0/../../../../avr/lib/avr6\libm.a(fp_inf.o)
                              c:/program files (x86)/atmel/studio/7.0/toolchain/avr8/avr8-gnu-toolchain/bin/../lib/gcc/avr/5.4.0/../../../../avr/lib/avr6\libm.a(addsf3x.o) (__fp_inf)
c:/program files (x86)/atmel/studio/7.0/toolchain/avr8/avr8-gnu-toolchain/bin/../lib/gcc/avr/5.4.0/../../../../avr/lib/avr6\libm.a(fp_nan.o)
                              c:/program files (x86)/atmel/studio/7.0/toolchain/avr8/avr8-gnu-toolchain/bin/../lib/gcc/avr/5.4.0/../../../../avr/lib/avr6\libm.a(addsf3x.o) (__fp_nan)
c:/program files (x86)/atmel/studio/7.0/toolchain/avr8/avr8-gnu-toolchain/bin/../lib/gcc/avr/5.4.0/../../../../avr/lib/avr6\libm.a(fp_pscA.o)
                              c:/program files (x86)/atmel/studio/7.0/toolchain/avr8/avr8-gnu-toolchain/bin/../lib/gcc/avr/5.4.0/../../../../avr/lib/avr6\libm.a(addsf3x.o) (__fp_pscA)
c:/program files (x86)/atmel/studio/7.0/toolchain/avr8/avr8-gnu-toolchain/bin/../lib/gcc/avr/5.4.0/../../../../avr/lib/avr6\libm.a(fp_pscB.o)
                              c:/program files (x86)/atmel/studio/7.0/toolchain/avr8/avr8-gnu-toolchain/bin/../lib/gcc/avr/5.4.0/../../../../avr/lib/avr6\libm.a(addsf3x.o) (__fp_pscB)
c:/program files (x86)/atmel/studio/7.0/toolchain/avr8/avr8-gnu-toolchain/bin/../lib/gcc/avr/5.4.0/../../../../avr/lib/avr6\libm.a(fp_round.o)
                              c:/program files (x86)/atmel/studio/7.0/toolchain/avr8/avr8-gnu-toolchain/bin/../lib/gcc/avr/5.4.0/../../../../avr/lib/avr6\libm.a(addsf3.o) (__fp_round)
c:/program files (x86)/atmel/studio/7.0/toolchain/avr8/avr8-gnu-toolchain/bin/../lib/gcc/avr/5.4.0/../../../../avr/lib/avr6\libm.a(fp_split3.o)
                              c:/program files (x86)/atmel/studio/7.0/toolchain/avr8/avr8-gnu-toolchain/bin/../lib/gcc/avr/5.4.0/../../../../avr/lib/avr6\libm.a(addsf3x.o) (__fp_split3)
c:/program files (x86)/atmel/studio/7.0/toolchain/avr8/avr8-gnu-toolchain/bin/../lib/gcc/avr/5.4.0/../../../../avr/lib/avr6\libm.a(fp_zero.o)
                              c:/program files (x86)/atmel/studio/7.0/toolchain/avr8/avr8-gnu-toolchain/bin/../lib/gcc/avr/5.4.0/../../../../avr/lib/avr6\libm.a(addsf3x.o) (__fp_zero)
c:/program files (x86)/atmel/studio/7.0/toolchain/avr8/avr8-gnu-toolchain/bin/../lib/gcc/avr/5.4.0/../../../../avr/lib/avr6\libm.a(gesf2.o)
                              src/libraries/DHT-sensor-library/DHT.o (__gesf2)
c:/program files (x86)/atmel/studio/7.0/toolchain/avr8/avr8-gnu-toolchain/bin/../lib/gcc/avr/5.4.0/../../../../avr/lib/avr6\libm.a(mulsf3.o)
                              src/libraries/DHT-sensor-library/DHT.o (__mulsf3)
c:/program files (x86)/atmel/studio/7.0/toolchain/avr8/avr8-gnu-toolchain/bin/../lib/gcc/avr/5.4.0/../../../../avr/lib/avr6\libm.a(mulsf3x.o)
                              c:/program files (x86)/atmel/studio/7.0/toolchain/avr8/avr8-gnu-toolchain/bin/../lib/gcc/avr/5.4.0/../../../../avr/lib/avr6\libm.a(mulsf3.o) (__mulsf3x)
[...]
Memory Configuration

Name             Origin             Length             Attributes
text             0x00000000         0x00040000         xr
data             0x00800200         0x00002000         rw !x
eeprom           0x00810000         0x00001000         rw !x
fuse             0x00820000         0x00000003         rw !x
lock             0x00830000         0x00000400         rw !x
signature        0x00840000         0x00000400         rw !x
user_signatures  0x00850000         0x00000400         rw !x
*default*        0x00000000         0xffffffff

Linker script and memory map

Address of section .data set to 0x800200
LOAD C:/Program Files (x86)/Atmel/Studio/7.0/Packs/atmel/ATmega_DFP/1.6.364/gcc/dev/atmega2560/avr6/crtatmega2560.o
LOAD main.o
LOAD src/libraries/Adafruit_Unified_Sensor/Adafruit_Sensor.o
LOAD src/libraries/DHT-sensor-library/DHT.o
LOAD src/libraries/DHT-sensor-library/DHT_U.o
LOAD src/libraries/rfid/MFRC522.o
LOAD src/libraries/Servo/src/avr/Servo.o
LOAD src/libraries/Servo/src/mbed/Servo.o
LOAD src/libraries/Servo/src/megaavr/Servo.o
LOAD src/libraries/Servo/src/nrf52/Servo.o
LOAD src/libraries/Servo/src/samd/Servo.o
LOAD src/libraries/Servo/src/sam/Servo.o
LOAD src/libraries/Servo/src/stm32f4/Servo.o
LOAD src/libraries/SPI/src/SPI.o
LOAD src/libraries/Wire/src/utility/twi.o
LOAD src/libraries/Wire/src/Wire.o
START GROUP
LOAD c:/program files (x86)/atmel/studio/7.0/toolchain/avr8/avr8-gnu-toolchain/bin/../lib/gcc/avr/5.4.0/../../../../avr/lib/avr6\libm.a
LOAD C:\Users\kasjac\Desktop\Skole\H5\UGE03-~1\PROJEC~1\DETINT~1\ATMELM~1\ARDUIN~1\Debug\libArduinoCore.a
END GROUP
LOAD c:/program files (x86)/atmel/studio/7.0/toolchain/avr8/avr8-gnu-toolchain/bin/../lib/gcc/avr/5.4.0/avr6\libgcc.a
LOAD c:/program files (x86)/atmel/studio/7.0/toolchain/avr8/avr8-gnu-toolchain/bin/../lib/gcc/avr/5.4.0/../../../../avr/lib/avr6\libm.a
START GROUP
LOAD c:/program files (x86)/atmel/studio/7.0/toolchain/avr8/avr8-gnu-toolchain/bin/../lib/gcc/avr/5.4.0/avr6\libgcc.a
LOAD c:/program files (x86)/atmel/studio/7.0/toolchain/avr8/avr8-gnu-toolchain/bin/../lib/gcc/avr/5.4.0/../../../../avr/lib/avr6\libm.a
LOAD c:/program files (x86)/atmel/studio/7.0/toolchain/avr8/avr8-gnu-toolchain/bin/../lib/gcc/avr/5.4.0/../../../../avr/lib/avr6\libc.a
LOAD C:/Program Files (x86)/Atmel/Studio/7.0/Packs/atmel/ATmega_DFP/1.6.364/gcc/dev/atmega2560/avr6\libatmega2560.a
END GROUP
                0x00000000                __TEXT_REGION_ORIGIN__ = DEFINED (__TEXT_REGION_ORIGIN__)?__TEXT_REGION_ORIGIN__:0x0
                [0x00800200]                __DATA_REGION_ORIGIN__ = DEFINED (__DATA_REGION_ORIGIN__)?__DATA_REGION_ORIGIN__:0x800200
                [0x00040000]                __TEXT_REGION_LENGTH__ = DEFINED (__TEXT_REGION_LENGTH__)?__TEXT_REGION_LENGTH__:0x100000
                [0x00002000]                __DATA_REGION_LENGTH__ = DEFINED (__DATA_REGION_LENGTH__)?__DATA_REGION_LENGTH__:0xfe00
                [0x00001000]                __EEPROM_REGION_LENGTH__ = DEFINED (__EEPROM_REGION_LENGTH__)?__EEPROM_REGION_LENGTH__:0x10000
                [0x00000003]                __FUSE_REGION_LENGTH__ = DEFINED (__FUSE_REGION_LENGTH__)?__FUSE_REGION_LENGTH__:0x400
                0x00000400                __LOCK_REGION_LENGTH__ = DEFINED (__LOCK_REGION_LENGTH__)?__LOCK_REGION_LENGTH__:0x400
                0x00000400                __SIGNATURE_REGION_LENGTH__ = DEFINED (__SIGNATURE_REGION_LENGTH__)?__SIGNATURE_REGION_LENGTH__:0x400
                0x00000400                __USER_SIGNATURE_REGION_LENGTH__ = DEFINED (__USER_SIGNATURE_REGION_LENGTH__)?__USER_SIGNATURE_REGION_LENGTH__:0x400

.hash
 *(.hash)

.dynsym
 *(.dynsym)

.dynstr
 *(.dynstr)

.gnu.version
 *(.gnu.version)

.gnu.version_d
 *(.gnu.version_d)

.gnu.version_r
 *(.gnu.version_r)

.rel.init
 *(.rel.init)

.rela.init
 *(.rela.init)

.rel.text
 *(.rel.text)
 *(.rel.text.*)
 *(.rel.gnu.linkonce.t*)

.rela.text
 *(.rela.text)
 *(.rela.text.*)
 *(.rela.gnu.linkonce.t*)

.rel.fini
 *(.rel.fini)

.rela.fini
 *(.rela.fini)

.rel.rodata
 *(.rel.rodata)
 *(.rel.rodata.*)
 *(.rel.gnu.linkonce.r*)

.rela.rodata
 *(.rela.rodata)
 *(.rela.rodata.*)
 *(.rela.gnu.linkonce.r*)

.rel.data
 *(.rel.data)
 *(.rel.data.*)
 *(.rel.gnu.linkonce.d*)

.rela.data
 *(.rela.data)
 *(.rela.data.*)
 *(.rela.gnu.linkonce.d*)

.rel.ctors
 *(.rel.ctors)

.rela.ctors
 *(.rela.ctors)

.rel.dtors
 *(.rel.dtors)

.rela.dtors
 *(.rela.dtors)

.rel.got
 *(.rel.got)

.rela.got
 *(.rela.got)

.rel.bss
 *(.rel.bss)

.rela.bss
 *(.rela.bss)

.rel.plt
 *(.rel.plt)

.rela.plt
 *(.rela.plt)

.text           0x00000000     0x3f02
 *(.vectors)
 .vectors       0x00000000       0xe4 C:/Program Files (x86)/Atmel/Studio/7.0/Packs/atmel/ATmega_DFP/1.6.364/gcc/dev/atmega2560/avr6/crtatmega2560.o
                0x00000000                __vector_default
                0x00000000                __vectors
 *(.vectors)
 *(.progmem.gcc*)
 .progmem.gcc_sw_table.turnOffPWM
                0x000000e4       0x24 C:\Users\kasjac\Desktop\Skole\H5\UGE03-~1\PROJEC~1\DETINT~1\ATMELM~1\ARDUIN~1\Debug\libArduinoCore.a(wiring_digital.o)
                0x00000108                . = ALIGN (0x2)
                0x00000108                __trampolines_start = .
 *(.trampolines)
 .trampolines   0x00000108        0x0 linker stubs
 *(.trampolines*)
                0x00000108                __trampolines_end = .
 *libprintf_flt.a:*(.progmem.data)
 *libc.a:*(.progmem.data)
 *(.progmem*)
 .progmem.data.digital_pin_to_timer_PGM
                0x00000108       0x46 C:\Users\kasjac\Desktop\Skole\H5\UGE03-~1\PROJEC~1\DETINT~1\ATMELM~1\ARDUIN~1\Debug\libArduinoCore.a(wiring_digital.o)
                0x00000108                digital_pin_to_timer_PGM
 .progmem.data.digital_pin_to_bit_mask_PGM
                0x0000014e       0x46 C:\Users\kasjac\Desktop\Skole\H5\UGE03-~1\PROJEC~1\DETINT~1\ATMELM~1\ARDUIN~1\Debug\libArduinoCore.a(wiring_digital.o)
                0x0000014e                digital_pin_to_bit_mask_PGM
 .progmem.data.digital_pin_to_port_PGM
                0x00000194       0x46 C:\Users\kasjac\Desktop\Skole\H5\UGE03-~1\PROJEC~1\DETINT~1\ATMELM~1\ARDUIN~1\Debug\libArduinoCore.a(wiring_digital.o)
                0x00000194                digital_pin_to_port_PGM
 .progmem.data.port_to_input_PGM
                0x000001da       0x1a C:\Users\kasjac\Desktop\Skole\H5\UGE03-~1\PROJEC~1\DETINT~1\ATMELM~1\ARDUIN~1\Debug\libArduinoCore.a(wiring_digital.o)
                0x000001da                port_to_input_PGM
 .progmem.data.port_to_output_PGM
                0x000001f4       0x1a C:\Users\kasjac\Desktop\Skole\H5\UGE03-~1\PROJEC~1\DETINT~1\ATMELM~1\ARDUIN~1\Debug\libArduinoCore.a(wiring_digital.o)
                0x000001f4                port_to_output_PGM
 .progmem.data.port_to_mode_PGM
                0x0000020e       0x1a C:\Users\kasjac\Desktop\Skole\H5\UGE03-~1\PROJEC~1\DETINT~1\ATMELM~1\ARDUIN~1\Debug\libArduinoCore.a(wiring_digital.o)
                0x0000020e                port_to_mode_PGM
                0x00000228                . = ALIGN (0x2)
 *(.jumptables)
 *(.jumptables*)
 *(.lowtext)
 *(.lowtext*)
                0x00000228                __ctors_start = .
 *(.ctors)
 .ctors         0x00000228        0x2 main.o
 .ctors         0x0000022a        0x2 src/libraries/Wire/src/Wire.o
 .ctors         0x0000022c        0x2 C:\Users\kasjac\Desktop\Skole\H5\UGE03-~1\PROJEC~1\DETINT~1\ATMELM~1\ARDUIN~1\Debug\libArduinoCore.a(HardwareSerial0.o)
                0x0000022e                __ctors_end = .
                0x0000022e                __dtors_start = .
 *(.dtors)
                0x0000022e                __dtors_end = .
 SORT(*)(.ctors)
 SORT(*)(.dtors)
 *(.init0)
 .init0         0x0000022e        0x0 C:/Program Files (x86)/Atmel/Studio/7.0/Packs/atmel/ATmega_DFP/1.6.364/gcc/dev/atmega2560/avr6/crtatmega2560.o
                0x0000022e                __init
 *(.init0)
 *(.init1)
 *(.init1)
 *(.init2)
 .init2         0x0000022e       0x10 C:/Program Files (x86)/Atmel/Studio/7.0/Packs/atmel/ATmega_DFP/1.6.364/gcc/dev/atmega2560/avr6/crtatmega2560.o
 *(.init2)
 *(.init3)
 *(.init3)
 *(.init4)
 .init4         0x0000023e       0x1a c:/program files (x86)/atmel/studio/7.0/toolchain/avr8/avr8-gnu-toolchain/bin/../lib/gcc/avr/5.4.0/avr6\libgcc.a(_copy_data.o)
                0x0000023e                __do_copy_data
 .init4         0x00000258       0x10 c:/program files (x86)/atmel/studio/7.0/toolchain/avr8/avr8-gnu-toolchain/bin/../lib/gcc/avr/5.4.0/avr6\libgcc.a(_clear_bss.o)
                0x00000258                __do_clear_bss
 *(.init4)
 *(.init5)
 *(.init5)
 *(.init6)
 .init6         0x00000268       0x20 c:/program files (x86)/atmel/studio/7.0/toolchain/avr8/avr8-gnu-toolchain/bin/../lib/gcc/avr/5.4.0/avr6\libgcc.a(_ctors.o)
                0x00000268                __do_global_ctors
 *(.init6)
 *(.init7)
 *(.init7)
 *(.init8)
 *(.init8)
 *(.init9)
 .init9         0x00000288        0x8 C:/Program Files (x86)/Atmel/Studio/7.0/Packs/atmel/ATmega_DFP/1.6.364/gcc/dev/atmega2560/avr6/crtatmega2560.o
 *(.init9)
 *(.text)
 .text          0x00000290        0x2 C:/Program Files (x86)/Atmel/Studio/7.0/Packs/atmel/ATmega_DFP/1.6.364/gcc/dev/atmega2560/avr6/crtatmega2560.o
                0x00000290                __vector_38
                0x00000290                __vector_22
                0x00000290                __vector_28
                0x00000290                __vector_1
                0x00000290                __vector_34
                0x00000290                __vector_24
                0x00000290                __vector_12
                0x00000290                __vector_55
                0x00000290                __vector_46
                0x00000290                __bad_interrupt
                0x00000290                __vector_6
                0x00000290                __vector_31
                0x00000290                __vector_35
                0x00000290                __vector_3
                0x00000290                __vector_30
                0x00000290                __vector_45
                0x00000290                __vector_11
                0x00000290                __vector_54
                0x00000290                __vector_13
                0x00000290                __vector_19
                0x00000290                __vector_56
                0x00000290                __vector_7
                0x00000290                __vector_49
                0x00000290                __vector_41
                0x00000290                __vector_43
                0x00000290                __vector_27
                0x00000290                __vector_5
                0x00000290                __vector_33
                0x00000290                __vector_52
                0x00000290                __vector_37
                0x00000290                __vector_4
                0x00000290                __vector_44
                0x00000290                __vector_51
                0x00000290                __vector_9
                0x00000290                __vector_2
                0x00000290                __vector_21
                0x00000290                __vector_15
                0x00000290                __vector_36
                0x00000290                __vector_29
                0x00000290                __vector_40
                0x00000290                __vector_8
                0x00000290                __vector_48
                0x00000290                __vector_14
                0x00000290                __vector_53
                0x00000290                __vector_10
                0x00000290                __vector_50
                0x00000290                __vector_16
                0x00000290                __vector_18
                0x00000290                __vector_20
                0x00000292                . = ALIGN (0x2)
 *(.text.*)
 .text._ZN15Adafruit_Sensor15enableAutoRangeEb
                0x00000292        0x2 main.o
                0x00000292                _ZN15Adafruit_Sensor15enableAutoRangeEb
 .text.setup    0x00000294      0x160 main.o
                0x00000294                setup
 .text._Z13RfidValidaterv
                0x000003f4      0x16e main.o
                0x000003f4                _Z13RfidValidaterv
 .text._Z14SwitchRfidLedsv
                0x00000562       0x4a main.o
                0x00000562                _Z14SwitchRfidLedsv
 .text._Z9moveServov
                0x000005ac       0x48 main.o
                0x000005ac                _Z9moveServov
 .text._Z12makeBipSoundi
                0x000005f4       0x6a main.o
                0x000005f4                _Z12makeBipSoundi
 .text.startup._GLOBAL__sub_I_x
                0x0000065e       0x4e main.o
 .text.loop     0x000006ac      0x1be main.o
                0x000006ac                loop
 .text._ZN3DHTC2Ehhh
                0x0000086a       0x42 src/libraries/DHT-sensor-library/DHT.o
                0x0000086a                _ZN3DHTC1Ehhh
                0x0000086a                _ZN3DHTC2Ehhh
 .text._ZN3DHT5beginEh
                0x000008ac       0x34 src/libraries/DHT-sensor-library/DHT.o
                0x000008ac                _ZN3DHT5beginEh
 .text._ZN3DHT11expectPulseEb
                0x000008e0       0x7a src/libraries/DHT-sensor-library/DHT.o
                0x000008e0                _ZN3DHT11expectPulseEb
 .text._ZN3DHT4readEb
                0x0000095a      0x1f6 src/libraries/DHT-sensor-library/DHT.o
                0x0000095a                _ZN3DHT4readEb
 .text._ZN3DHT15readTemperatureEbb
                0x00000b50      0x128 src/libraries/DHT-sensor-library/DHT.o
                0x00000b50                _ZN3DHT15readTemperatureEbb
 .text._ZN3DHT12readHumidityEb
                0x00000c78       0x90 src/libraries/DHT-sensor-library/DHT.o
                0x00000c78                _ZN3DHT12readHumidityEb
 .text._ZN11DHT_Unified8HumidityD2Ev
                0x00000d08        0x2 src/libraries/DHT-sensor-library/DHT_U.o
                0x00000d08                _ZN11DHT_Unified8HumidityD1Ev
                0x00000d08                _ZN11DHT_Unified8HumidityD2Ev
 .text._ZN11DHT_Unified11TemperatureD2Ev
                0x00000d0a        0x2 src/libraries/DHT-sensor-library/DHT_U.o
                0x00000d0a                _ZN11DHT_Unified11TemperatureD2Ev
                0x00000d0a                _ZN11DHT_Unified11TemperatureD1Ev
 .text._ZN11DHT_Unified11Temperature8getEventEP15sensors_event_t
                0x00000d0c       0x74 src/libraries/DHT-sensor-library/DHT_U.o
                0x00000d0c                _ZN11DHT_Unified11Temperature8getEventEP15sensors_event_t
 .text._ZN11DHT_Unified8Humidity8getEventEP15sensors_event_t
                0x00000d80       0x72 src/libraries/DHT-sensor-library/DHT_U.o
                0x00000d80                _ZN11DHT_Unified8Humidity8getEventEP15sensors_event_t
 .text._ZN11DHT_Unified8HumidityD0Ev
                0x00000df2        0x4 src/libraries/DHT-sensor-library/DHT_U.o
                0x00000df2                _ZN11DHT_Unified8HumidityD0Ev
 .text._ZN11DHT_Unified11TemperatureD0Ev
                0x00000df6        0x4 src/libraries/DHT-sensor-library/DHT_U.o
                0x00000df6                _ZN11DHT_Unified11TemperatureD0Ev
 .text._ZN11DHT_UnifiedC2Ehhhll
                0x00000dfa       0x6e src/libraries/DHT-sensor-library/DHT_U.o
                0x00000dfa                _ZN11DHT_UnifiedC2Ehhhll
                0x00000dfa                _ZN11DHT_UnifiedC1Ehhhll
 .text._ZN11DHT_Unified5beginEv
                0x00000e68        0x4 src/libraries/DHT-sensor-library/DHT_U.o
                0x00000e68                _ZN11DHT_Unified5beginEv
 .text._ZN11DHT_Unified7setNameEP8sensor_t
                0x00000e6c       0x5a src/libraries/DHT-sensor-library/DHT_U.o
                0x00000e6c                _ZN11DHT_Unified7setNameEP8sensor_t
 .text._ZN11DHT_Unified11setMinDelayEP8sensor_t
                0x00000ec6       0x2e src/libraries/DHT-sensor-library/DHT_U.o
                0x00000ec6                _ZN11DHT_Unified11setMinDelayEP8sensor_t
 .text._ZN11DHT_Unified11Temperature9getSensorEP8sensor_t
                0x00000ef4      0x122 src/libraries/DHT-sensor-library/DHT_U.o
                0x00000ef4                _ZN11DHT_Unified11Temperature9getSensorEP8sensor_t
 .text._ZN11DHT_Unified8Humidity9getSensorEP8sensor_t
                0x00001016       0xf8 src/libraries/DHT-sensor-library/DHT_U.o
                0x00001016                _ZN11DHT_Unified8Humidity9getSensorEP8sensor_t
 .text._ZN8SPIClass16beginTransactionE11SPISettings
                0x0000110e       0x34 src/libraries/rfid/MFRC522.o
                0x0000110e                _ZN8SPIClass16beginTransactionE11SPISettings
 .text._ZN8SPIClass8transferEh
                0x00001142        0xe src/libraries/rfid/MFRC522.o
                0x00001142                _ZN8SPIClass8transferEh
 .text._ZN8SPIClass14endTransactionEv
                0x00001150       0x22 src/libraries/rfid/MFRC522.o
                0x00001150                _ZN8SPIClass14endTransactionEv
 .text._ZN7MFRC52216PCD_ReadRegisterEhhPhh.part.1
                0x00001172       0xc4 src/libraries/rfid/MFRC522.o
 .text._ZN7MFRC522C2Ehh
                0x00001236        0x8 src/libraries/rfid/MFRC522.o
                0x00001236                _ZN7MFRC522C2Ehh
                0x00001236                _ZN7MFRC522C1Ehh
 .text._ZN7MFRC52217PCD_WriteRegisterEhh
                0x0000123e       0x38 src/libraries/rfid/MFRC522.o
                0x0000123e                _ZN7MFRC52217PCD_WriteRegisterEhh
 .text._ZN7MFRC52217PCD_WriteRegisterEhhPh
                0x00001276       0x60 src/libraries/rfid/MFRC522.o
                0x00001276                _ZN7MFRC52217PCD_WriteRegisterEhhPh
 .text._ZN7MFRC52216PCD_ReadRegisterEh
                0x000012d6       0x3e src/libraries/rfid/MFRC522.o
                0x000012d6                _ZN7MFRC52216PCD_ReadRegisterEh
 .text._ZN7MFRC52216PCD_ReadRegisterEhhPhh
                0x00001314        0xa src/libraries/rfid/MFRC522.o
                0x00001314                _ZN7MFRC52216PCD_ReadRegisterEhhPhh
 .text._ZN7MFRC52222PCD_SetRegisterBitMaskEhh
                0x0000131e       0x22 src/libraries/rfid/MFRC522.o
                0x0000131e                _ZN7MFRC52222PCD_SetRegisterBitMaskEhh
 .text._ZN7MFRC52224PCD_ClearRegisterBitMaskEhh
                0x00001340       0x24 src/libraries/rfid/MFRC522.o
                0x00001340                _ZN7MFRC52224PCD_ClearRegisterBitMaskEhh
 .text._ZN7MFRC52216PCD_CalculateCRCEPhhS0_
                0x00001364       0x88 src/libraries/rfid/MFRC522.o
                0x00001364                _ZN7MFRC52216PCD_CalculateCRCEPhhS0_
 .text._ZN7MFRC5229PCD_ResetEv
                0x000013ec       0x28 src/libraries/rfid/MFRC522.o
                0x000013ec                _ZN7MFRC5229PCD_ResetEv
 .text._ZN7MFRC52213PCD_AntennaOnEv
                0x00001414       0x26 src/libraries/rfid/MFRC522.o
                0x00001414                _ZN7MFRC52213PCD_AntennaOnEv
 .text._ZN7MFRC5228PCD_InitEv
                0x0000143a       0x7a src/libraries/rfid/MFRC522.o
                0x0000143a                _ZN7MFRC5228PCD_InitEv
 .text._ZN7MFRC52223PCD_CommunicateWithPICCEhhPhhS0_S0_S0_hb
                0x000014b4      0x19a src/libraries/rfid/MFRC522.o
                0x000014b4                _ZN7MFRC52223PCD_CommunicateWithPICCEhhPhhS0_S0_S0_hb
 .text._ZN7MFRC52218PCD_TransceiveDataEPhhS0_S0_S0_hb
                0x0000164e       0x3c src/libraries/rfid/MFRC522.o
                0x0000164e                _ZN7MFRC52218PCD_TransceiveDataEPhhS0_S0_S0_hb
 .text._ZN7MFRC52217PICC_REQA_or_WUPAEhPhS0_
                0x0000168a       0x9e src/libraries/rfid/MFRC522.o
                0x0000168a                _ZN7MFRC52217PICC_REQA_or_WUPAEhPhS0_
 .text._ZN7MFRC52213PICC_RequestAEPhS0_
                0x00001728        0x8 src/libraries/rfid/MFRC522.o
                0x00001728                _ZN7MFRC52213PICC_RequestAEPhS0_
 .text._ZN7MFRC52211PICC_SelectEPNS_3UidEh
                0x00001730      0x300 src/libraries/rfid/MFRC522.o
                0x00001730                _ZN7MFRC52211PICC_SelectEPNS_3UidEh
 .text._ZN7MFRC52221PICC_IsNewCardPresentEv
                0x00001a30       0x36 src/libraries/rfid/MFRC522.o
                0x00001a30                _ZN7MFRC52221PICC_IsNewCardPresentEv
 .text._ZN7MFRC52219PICC_ReadCardSerialEv
                0x00001a66       0x10 src/libraries/rfid/MFRC522.o
                0x00001a66                _ZN7MFRC52219PICC_ReadCardSerialEv
 .text._ZL17handle_interrupts18timer16_Sequence_tPVjS1_
                0x00001a76      0x190 src/libraries/Servo/src/avr/Servo.o
 .text.__vector_17
                0x00001c06       0x58 src/libraries/Servo/src/avr/Servo.o
                0x00001c06                __vector_17
 .text.__vector_32
                0x00001c5e       0x58 src/libraries/Servo/src/avr/Servo.o
                0x00001c5e                __vector_32
 .text.__vector_42
                0x00001cb6       0x58 src/libraries/Servo/src/avr/Servo.o
                0x00001cb6                __vector_42
 .text.__vector_47
                0x00001d0e       0x58 src/libraries/Servo/src/avr/Servo.o
                0x00001d0e                __vector_47
 .text._ZN5ServoC2Ev
                0x00001d66       0x38 src/libraries/Servo/src/avr/Servo.o
                0x00001d66                _ZN5ServoC1Ev
                0x00001d66                _ZN5ServoC2Ev
 .text._ZN5Servo6attachEiii
                0x00001d9e      0x158 src/libraries/Servo/src/avr/Servo.o
                0x00001d9e                _ZN5Servo6attachEiii
 .text._ZN5Servo6attachEi
                0x00001ef6        0xa src/libraries/Servo/src/avr/Servo.o
                0x00001ef6                _ZN5Servo6attachEi
 .text._ZN5Servo17writeMicrosecondsEi
                0x00001f00       0x6c src/libraries/Servo/src/avr/Servo.o
                0x00001f00                _ZN5Servo17writeMicrosecondsEi
 .text._ZN5Servo5writeEi
                0x00001f6c       0xb6 src/libraries/Servo/src/avr/Servo.o
                0x00001f6c                _ZN5Servo5writeEi
 .text._ZN5Servo16readMicrosecondsEv
                0x00002022       0x3c src/libraries/Servo/src/avr/Servo.o
                0x00002022                _ZN5Servo16readMicrosecondsEv
 .text._ZN5Servo4readEv
                0x0000205e       0xc8 src/libraries/Servo/src/avr/Servo.o
                0x0000205e                _ZN5Servo4readEv
 .text._ZN8SPIClass5beginEv
                0x00002126       0x6c src/libraries/SPI/src/SPI.o
                0x00002126                _ZN8SPIClass5beginEv
 .text.twi_init
                0x00002192       0x3c src/libraries/Wire/src/utility/twi.o
                0x00002192                twi_init
 .text.twi_disable
                0x000021ce       0x1a src/libraries/Wire/src/utility/twi.o
                0x000021ce                twi_disable
 .text.twi_transmit
                0x000021e8       0x50 src/libraries/Wire/src/utility/twi.o
                0x000021e8                twi_transmit
 .text.twi_attachSlaveRxEvent
                0x00002238        0xa src/libraries/Wire/src/utility/twi.o
                0x00002238                twi_attachSlaveRxEvent
 .text.twi_attachSlaveTxEvent
                0x00002242        0xa src/libraries/Wire/src/utility/twi.o
                0x00002242                twi_attachSlaveTxEvent
 .text.twi_releaseBus
                0x0000224c        0xc src/libraries/Wire/src/utility/twi.o
                0x0000224c                twi_releaseBus
 .text.twi_handleTimeout
                0x00002258       0x28 src/libraries/Wire/src/utility/twi.o
                0x00002258                twi_handleTimeout
 .text.twi_writeTo
                0x00002280      0x1d2 src/libraries/Wire/src/utility/twi.o
                0x00002280                twi_writeTo
 .text.twi_stop
                0x00002452       0x6e src/libraries/Wire/src/utility/twi.o
                0x00002452                twi_stop
 .text.__vector_39
                0x000024c0      0x25c src/libraries/Wire/src/utility/twi.o
                0x000024c0                __vector_39
 .text._ZN5Print17availableForWriteEv
                0x0000271c        0x6 src/libraries/Wire/src/Wire.o
                0x0000271c                _ZN5Print17availableForWriteEv
 .text._ZN7TwoWire9availableEv
                0x00002722       0x10 src/libraries/Wire/src/Wire.o
                0x00002722                _ZN7TwoWire9availableEv
 .text._ZN7TwoWire4readEv
                0x00002732       0x28 src/libraries/Wire/src/Wire.o
                0x00002732                _ZN7TwoWire4readEv
 .text._ZN7TwoWire4peekEv
                0x0000275a       0x1e src/libraries/Wire/src/Wire.o
                0x0000275a                _ZN7TwoWire4peekEv
 .text._ZN7TwoWire5flushEv
                0x00002778        0x2 src/libraries/Wire/src/Wire.o
                0x00002778                _ZN7TwoWire5flushEv
 .text._ZN7TwoWire16onReceiveServiceEPhi
                0x0000277a       0x54 src/libraries/Wire/src/Wire.o
                0x0000277a                _ZN7TwoWire16onReceiveServiceEPhi
 .text._ZN7TwoWire16onRequestServiceEv
                0x000027ce       0x18 src/libraries/Wire/src/Wire.o
                0x000027ce                _ZN7TwoWire16onRequestServiceEv
 .text._ZN7TwoWire5writeEPKhj
                0x000027e6       0x58 src/libraries/Wire/src/Wire.o
                0x000027e6                _ZN7TwoWire5writeEPKhj
 .text._ZN7TwoWire5writeEh
                0x0000283e       0x5c src/libraries/Wire/src/Wire.o
                0x0000283e                _ZN7TwoWire5writeEh
 .text._ZN7TwoWireC2Ev
                0x0000289a       0x20 src/libraries/Wire/src/Wire.o
                0x0000289a                _ZN7TwoWireC1Ev
                0x0000289a                _ZN7TwoWireC2Ev
 .text._ZN7TwoWire5beginEv
                0x000028ba       0x1e src/libraries/Wire/src/Wire.o
                0x000028ba                _ZN7TwoWire5beginEv
 .text._ZN7TwoWire17beginTransmissionEh
                0x000028d8       0x14 src/libraries/Wire/src/Wire.o
                0x000028d8                _ZN7TwoWire17beginTransmissionEh
 .text._ZN7TwoWire17beginTransmissionEi
                0x000028ec        0x2 src/libraries/Wire/src/Wire.o
                0x000028ec                _ZN7TwoWire17beginTransmissionEi
 .text._ZN7TwoWire15endTransmissionEh
                0x000028ee       0x24 src/libraries/Wire/src/Wire.o
                0x000028ee                _ZN7TwoWire15endTransmissionEh
 .text._ZN7TwoWire15endTransmissionEv
                0x00002912        0x4 src/libraries/Wire/src/Wire.o
                0x00002912                _ZN7TwoWire15endTransmissionEv
 .text.startup._GLOBAL__sub_I__ZN7TwoWire8rxBufferE
                0x00002916        0x6 src/libraries/Wire/src/Wire.o
 .text.avr-libc.fplib
                0x0000291c        0xa c:/program files (x86)/atmel/studio/7.0/toolchain/avr8/avr8-gnu-toolchain/bin/../lib/gcc/avr/5.4.0/../../../../avr/lib/avr6\libm.a(addsf3.o)
                0x0000291c                __subsf3
                0x0000291e                __addsf3
 .text.avr-libc.fplib
                0x00002926       0xc0 c:/program files (x86)/atmel/studio/7.0/toolchain/avr8/avr8-gnu-toolchain/bin/../lib/gcc/avr/5.4.0/../../../../avr/lib/avr6\libm.a(addsf3x.o)
                0x00002940                __addsf3x
 .text.avr-libc.fplib
                0x000029e6        0xa c:/program files (x86)/atmel/studio/7.0/toolchain/avr8/avr8-gnu-toolchain/bin/../lib/gcc/avr/5.4.0/../../../../avr/lib/avr6\libm.a(fixsfsi.o)
                0x000029e6                __fixsfsi
 .text.avr-libc.fplib
                0x000029f0       0x58 c:/program files (x86)/atmel/studio/7.0/toolchain/avr8/avr8-gnu-toolchain/bin/../lib/gcc/avr/5.4.0/../../../../avr/lib/avr6\libm.a(fixunssfsi.o)
                0x000029f0                __fixunssfsi
 .text.avr-libc.fplib
                0x00002a48       0x7a c:/program files (x86)/atmel/studio/7.0/toolchain/avr8/avr8-gnu-toolchain/bin/../lib/gcc/avr/5.4.0/../../../../avr/lib/avr6\libm.a(floatsisf.o)
                0x00002a48                __floatunsisf
                0x00002a4c                __floatsisf
 .text.avr-libc.fplib
                0x00002ac2       0x48 c:/program files (x86)/atmel/studio/7.0/toolchain/avr8/avr8-gnu-toolchain/bin/../lib/gcc/avr/5.4.0/../../../../avr/lib/avr6\libm.a(fp_cmp.o)
                0x00002ac2                __fp_cmp
 .text.avr-libc.fplib
                0x00002b0a        0xc c:/program files (x86)/atmel/studio/7.0/toolchain/avr8/avr8-gnu-toolchain/bin/../lib/gcc/avr/5.4.0/../../../../avr/lib/avr6\libm.a(fp_inf.o)
                0x00002b0a                __fp_inf
 .text.avr-libc.fplib
                0x00002b16        0x6 c:/program files (x86)/atmel/studio/7.0/toolchain/avr8/avr8-gnu-toolchain/bin/../lib/gcc/avr/5.4.0/../../../../avr/lib/avr6\libm.a(fp_nan.o)
                0x00002b16                __fp_nan
 .text.avr-libc.fplib
                0x00002b1c        0xe c:/program files (x86)/atmel/studio/7.0/toolchain/avr8/avr8-gnu-toolchain/bin/../lib/gcc/avr/5.4.0/../../../../avr/lib/avr6\libm.a(fp_pscA.o)
                0x00002b1c                __fp_pscA
 .text.avr-libc.fplib
                0x00002b2a        0xe c:/program files (x86)/atmel/studio/7.0/toolchain/avr8/avr8-gnu-toolchain/bin/../lib/gcc/avr/5.4.0/../../../../avr/lib/avr6\libm.a(fp_pscB.o)
                0x00002b2a                __fp_pscB
 .text.avr-libc.fplib
                0x00002b38       0x22 c:/program files (x86)/atmel/studio/7.0/toolchain/avr8/avr8-gnu-toolchain/bin/../lib/gcc/avr/5.4.0/../../../../avr/lib/avr6\libm.a(fp_round.o)
                0x00002b38                __fp_round
 .text.avr-libc.fplib
                0x00002b5a       0x44 c:/program files (x86)/atmel/studio/7.0/toolchain/avr8/avr8-gnu-toolchain/bin/../lib/gcc/avr/5.4.0/../../../../avr/lib/avr6\libm.a(fp_split3.o)
                0x00002b5a                __fp_split3
                0x00002b6a                __fp_splitA
 .text.avr-libc.fplib
                0x00002b9e        0xe c:/program files (x86)/atmel/studio/7.0/toolchain/avr8/avr8-gnu-toolchain/bin/../lib/gcc/avr/5.4.0/../../../../avr/lib/avr6\libm.a(fp_zero.o)
                0x00002b9e                __fp_zero
                0x00002ba0                __fp_szero
 .text.avr-libc.fplib
                0x00002bac        0x4 c:/program files (x86)/atmel/studio/7.0/toolchain/avr8/avr8-gnu-toolchain/bin/../lib/gcc/avr/5.4.0/../../../../avr/lib/avr6\libm.a(mulsf3.o)
                0x00002bac                __mulsf3
 .text.avr-libc.fplib
                0x00002bb0       0xc2 c:/program files (x86)/atmel/studio/7.0/toolchain/avr8/avr8-gnu-toolchain/bin/../lib/gcc/avr/5.4.0/../../../../avr/lib/avr6\libm.a(mulsf3x.o)
                0x00002bc4                __mulsf3x
                0x00002bc8                __mulsf3_pse
 .text.avr-libc.fplib
                0x00002c72        0x8 c:/program files (x86)/atmel/studio/7.0/toolchain/avr8/avr8-gnu-toolchain/bin/../lib/gcc/avr/5.4.0/../../../../avr/lib/avr6\libm.a(unordsf2.o)
                0x00002c72                __unordsf2
 .text._ZN14HardwareSerial9availableEv
                0x00002c7a       0x18 C:\Users\kasjac\Desktop\Skole\H5\UGE03-~1\PROJEC~1\DETINT~1\ATMELM~1\ARDUIN~1\Debug\libArduinoCore.a(HardwareSerial.o)
                0x00002c7a                _ZN14HardwareSerial9availableEv
 .text._ZN14HardwareSerial4peekEv
                0x00002c92       0x1c C:\Users\kasjac\Desktop\Skole\H5\UGE03-~1\PROJEC~1\DETINT~1\ATMELM~1\ARDUIN~1\Debug\libArduinoCore.a(HardwareSerial.o)
                0x00002c92                _ZN14HardwareSerial4peekEv
 .text._ZN14HardwareSerial4readEv
                0x00002cae       0x28 C:\Users\kasjac\Desktop\Skole\H5\UGE03-~1\PROJEC~1\DETINT~1\ATMELM~1\ARDUIN~1\Debug\libArduinoCore.a(HardwareSerial.o)
                0x00002cae                _ZN14HardwareSerial4readEv
 .text._ZN14HardwareSerial17availableForWriteEv
                0x00002cd6       0x1e C:\Users\kasjac\Desktop\Skole\H5\UGE03-~1\PROJEC~1\DETINT~1\ATMELM~1\ARDUIN~1\Debug\libArduinoCore.a(HardwareSerial.o)
                0x00002cd6                _ZN14HardwareSerial17availableForWriteEv
 .text._Z14serialEventRunv
                0x00002cf4       0x78 C:\Users\kasjac\Desktop\Skole\H5\UGE03-~1\PROJEC~1\DETINT~1\ATMELM~1\ARDUIN~1\Debug\libArduinoCore.a(HardwareSerial.o)
                0x00002cf4                _Z14serialEventRunv
 .text._ZN14HardwareSerial17_tx_udr_empty_irqEv
                0x00002d6c       0x44 C:\Users\kasjac\Desktop\Skole\H5\UGE03-~1\PROJEC~1\DETINT~1\ATMELM~1\ARDUIN~1\Debug\libArduinoCore.a(HardwareSerial.o)
                0x00002d6c                _ZN14HardwareSerial17_tx_udr_empty_irqEv
 .text._ZN14HardwareSerial5writeEh
                0x00002db0       0x98 C:\Users\kasjac\Desktop\Skole\H5\UGE03-~1\PROJEC~1\DETINT~1\ATMELM~1\ARDUIN~1\Debug\libArduinoCore.a(HardwareSerial.o)
                0x00002db0                _ZN14HardwareSerial5writeEh
 .text._ZN14HardwareSerial5flushEv
                0x00002e48       0x42 C:\Users\kasjac\Desktop\Skole\H5\UGE03-~1\PROJEC~1\DETINT~1\ATMELM~1\ARDUIN~1\Debug\libArduinoCore.a(HardwareSerial.o)
                0x00002e48                _ZN14HardwareSerial5flushEv
 .text._ZN14HardwareSerial5beginEmh
                0x00002e8a       0xc6 C:\Users\kasjac\Desktop\Skole\H5\UGE03-~1\PROJEC~1\DETINT~1\ATMELM~1\ARDUIN~1\Debug\libArduinoCore.a(HardwareSerial.o)
                0x00002e8a                _ZN14HardwareSerial5beginEmh
 .text.__vector_25
                0x00002f50       0x6c C:\Users\kasjac\Desktop\Skole\H5\UGE03-~1\PROJEC~1\DETINT~1\ATMELM~1\ARDUIN~1\Debug\libArduinoCore.a(HardwareSerial0.o)
                0x00002f50                __vector_25
 .text.__vector_26
                0x00002fbc       0x52 C:\Users\kasjac\Desktop\Skole\H5\UGE03-~1\PROJEC~1\DETINT~1\ATMELM~1\ARDUIN~1\Debug\libArduinoCore.a(HardwareSerial0.o)
                0x00002fbc                __vector_26
 .text._Z17Serial0_availablev
                0x0000300e       0x12 C:\Users\kasjac\Desktop\Skole\H5\UGE03-~1\PROJEC~1\DETINT~1\ATMELM~1\ARDUIN~1\Debug\libArduinoCore.a(HardwareSerial0.o)
                0x0000300e                _Z17Serial0_availablev
 .text.startup._GLOBAL__sub_I___vector_25
                0x00003020       0x5a C:\Users\kasjac\Desktop\Skole\H5\UGE03-~1\PROJEC~1\DETINT~1\ATMELM~1\ARDUIN~1\Debug\libArduinoCore.a(HardwareSerial0.o)
 .text.initVariant
                0x0000307a        0x2 C:\Users\kasjac\Desktop\Skole\H5\UGE03-~1\PROJEC~1\DETINT~1\ATMELM~1\ARDUIN~1\Debug\libArduinoCore.a(main.o)
                0x0000307a                initVariant
 .text.startup.main
                0x0000307c       0x18 C:\Users\kasjac\Desktop\Skole\H5\UGE03-~1\PROJEC~1\DETINT~1\ATMELM~1\ARDUIN~1\Debug\libArduinoCore.a(main.o)
                0x0000307c                main
 .text._ZdlPv   0x00003094        0x2 C:\Users\kasjac\Desktop\Skole\H5\UGE03-~1\PROJEC~1\DETINT~1\ATMELM~1\ARDUIN~1\Debug\libArduinoCore.a(new.o)
                0x00003094                _ZdlPv
 .text._ZN5Print5writeEPKhj
                0x00003096       0x54 C:\Users\kasjac\Desktop\Skole\H5\UGE03-~1\PROJEC~1\DETINT~1\ATMELM~1\ARDUIN~1\Debug\libArduinoCore.a(Print.o)
                0x00003096                _ZN5Print5writeEPKhj
 .text._ZN5Print5writeEPKc
                0x000030ea       0x2a C:\Users\kasjac\Desktop\Skole\H5\UGE03-~1\PROJEC~1\DETINT~1\ATMELM~1\ARDUIN~1\Debug\libArduinoCore.a(Print.o)
                0x000030ea                _ZN5Print5writeEPKc
 .text._ZN5Print5printEPKc
                0x00003114        0x2 C:\Users\kasjac\Desktop\Skole\H5\UGE03-~1\PROJEC~1\DETINT~1\ATMELM~1\ARDUIN~1\Debug\libArduinoCore.a(Print.o)
                0x00003114                _ZN5Print5printEPKc
 .text._ZN5Print7printlnEv
                0x00003116        0x6 C:\Users\kasjac\Desktop\Skole\H5\UGE03-~1\PROJEC~1\DETINT~1\ATMELM~1\ARDUIN~1\Debug\libArduinoCore.a(Print.o)
                0x00003116                _ZN5Print7printlnEv
 .text._ZN5Print7printlnEPKc
                0x0000311c       0x20 C:\Users\kasjac\Desktop\Skole\H5\UGE03-~1\PROJEC~1\DETINT~1\ATMELM~1\ARDUIN~1\Debug\libArduinoCore.a(Print.o)
                0x0000311c                _ZN5Print7printlnEPKc
 .text._ZN5Print11printNumberEmh
                0x0000313c       0x8e C:\Users\kasjac\Desktop\Skole\H5\UGE03-~1\PROJEC~1\DETINT~1\ATMELM~1\ARDUIN~1\Debug\libArduinoCore.a(Print.o)
                0x0000313c                _ZN5Print11printNumberEmh
 .text._ZN5Print5printEmi
                0x000031ca       0x18 C:\Users\kasjac\Desktop\Skole\H5\UGE03-~1\PROJEC~1\DETINT~1\ATMELM~1\ARDUIN~1\Debug\libArduinoCore.a(Print.o)
                0x000031ca                _ZN5Print5printEmi
 .text._ZN5Print5printEhi
                0x000031e2        0xc C:\Users\kasjac\Desktop\Skole\H5\UGE03-~1\PROJEC~1\DETINT~1\ATMELM~1\ARDUIN~1\Debug\libArduinoCore.a(Print.o)
                0x000031e2                _ZN5Print5printEhi
 .text.__vector_23
                0x000031ee       0x94 C:\Users\kasjac\Desktop\Skole\H5\UGE03-~1\PROJEC~1\DETINT~1\ATMELM~1\ARDUIN~1\Debug\libArduinoCore.a(wiring.o)
                0x000031ee                __vector_23
 .text.millis   0x00003282       0x18 C:\Users\kasjac\Desktop\Skole\H5\UGE03-~1\PROJEC~1\DETINT~1\ATMELM~1\ARDUIN~1\Debug\libArduinoCore.a(wiring.o)
                0x00003282                millis
 .text.micros   0x0000329a       0x4a C:\Users\kasjac\Desktop\Skole\H5\UGE03-~1\PROJEC~1\DETINT~1\ATMELM~1\ARDUIN~1\Debug\libArduinoCore.a(wiring.o)
                0x0000329a                micros
 .text.delay    0x000032e4       0x72 C:\Users\kasjac\Desktop\Skole\H5\UGE03-~1\PROJEC~1\DETINT~1\ATMELM~1\ARDUIN~1\Debug\libArduinoCore.a(wiring.o)
                0x000032e4                delay
 .text.delayMicroseconds
                0x00003356       0x16 C:\Users\kasjac\Desktop\Skole\H5\UGE03-~1\PROJEC~1\DETINT~1\ATMELM~1\ARDUIN~1\Debug\libArduinoCore.a(wiring.o)
                0x00003356                delayMicroseconds
 .text.init     0x0000336c       0xc4 C:\Users\kasjac\Desktop\Skole\H5\UGE03-~1\PROJEC~1\DETINT~1\ATMELM~1\ARDUIN~1\Debug\libArduinoCore.a(wiring.o)
                0x0000336c                init
 .text.turnOffPWM
                0x00003430       0xaa C:\Users\kasjac\Desktop\Skole\H5\UGE03-~1\PROJEC~1\DETINT~1\ATMELM~1\ARDUIN~1\Debug\libArduinoCore.a(wiring_digital.o)
 .text.pinMode  0x000034da       0x78 C:\Users\kasjac\Desktop\Skole\H5\UGE03-~1\PROJEC~1\DETINT~1\ATMELM~1\ARDUIN~1\Debug\libArduinoCore.a(wiring_digital.o)
                0x000034da                pinMode
 .text.digitalWrite
                0x00003552       0x5c C:\Users\kasjac\Desktop\Skole\H5\UGE03-~1\PROJEC~1\DETINT~1\ATMELM~1\ARDUIN~1\Debug\libArduinoCore.a(wiring_digital.o)
                0x00003552                digitalWrite
 .text.digitalRead
                0x000035ae       0x50 C:\Users\kasjac\Desktop\Skole\H5\UGE03-~1\PROJEC~1\DETINT~1\ATMELM~1\ARDUIN~1\Debug\libArduinoCore.a(wiring_digital.o)
                0x000035ae                digitalRead
 .text._Z3maplllll
                0x000035fe       0x7e C:\Users\kasjac\Desktop\Skole\H5\UGE03-~1\PROJEC~1\DETINT~1\ATMELM~1\ARDUIN~1\Debug\libArduinoCore.a(WMath.o)
                0x000035fe                _Z3maplllll
 .text._ZN6StringD2Ev
                0x0000367c        0xe C:\Users\kasjac\Desktop\Skole\H5\UGE03-~1\PROJEC~1\DETINT~1\ATMELM~1\ARDUIN~1\Debug\libArduinoCore.a(WString.o)
                0x0000367c                _ZN6StringD2Ev
                0x0000367c                _ZN6StringD1Ev
 .text._ZN6String10invalidateEv
                0x0000368a       0x22 C:\Users\kasjac\Desktop\Skole\H5\UGE03-~1\PROJEC~1\DETINT~1\ATMELM~1\ARDUIN~1\Debug\libArduinoCore.a(WString.o)
                0x0000368a                _ZN6String10invalidateEv
 .text._ZN6String12changeBufferEj
                0x000036ac       0x32 C:\Users\kasjac\Desktop\Skole\H5\UGE03-~1\PROJEC~1\DETINT~1\ATMELM~1\ARDUIN~1\Debug\libArduinoCore.a(WString.o)
                0x000036ac                _ZN6String12changeBufferEj
 .text._ZN6String7reserveEj
                0x000036de       0x36 C:\Users\kasjac\Desktop\Skole\H5\UGE03-~1\PROJEC~1\DETINT~1\ATMELM~1\ARDUIN~1\Debug\libArduinoCore.a(WString.o)
                0x000036de                _ZN6String7reserveEj
 .text._ZN6String4copyEPKcj
                0x00003714       0x3c C:\Users\kasjac\Desktop\Skole\H5\UGE03-~1\PROJEC~1\DETINT~1\ATMELM~1\ARDUIN~1\Debug\libArduinoCore.a(WString.o)
                0x00003714                _ZN6String4copyEPKcj
 .text._ZN6StringC2EPKc
                0x00003750       0x28 C:\Users\kasjac\Desktop\Skole\H5\UGE03-~1\PROJEC~1\DETINT~1\ATMELM~1\ARDUIN~1\Debug\libArduinoCore.a(WString.o)
                0x00003750                _ZN6StringC2EPKc
                0x00003750                _ZN6StringC1EPKc
 .text._ZN6StringaSEPKc
                0x00003778       0x2a C:\Users\kasjac\Desktop\Skole\H5\UGE03-~1\PROJEC~1\DETINT~1\ATMELM~1\ARDUIN~1\Debug\libArduinoCore.a(WString.o)
                0x00003778                _ZN6StringaSEPKc
 .text._ZN6StringC2Ehh
                0x000037a2       0x56 C:\Users\kasjac\Desktop\Skole\H5\UGE03-~1\PROJEC~1\DETINT~1\ATMELM~1\ARDUIN~1\Debug\libArduinoCore.a(WString.o)
                0x000037a2                _ZN6StringC2Ehh
                0x000037a2                _ZN6StringC1Ehh
 .text._ZN6String6concatEPKcj
                0x000037f8       0x58 C:\Users\kasjac\Desktop\Skole\H5\UGE03-~1\PROJEC~1\DETINT~1\ATMELM~1\ARDUIN~1\Debug\libArduinoCore.a(WString.o)
                0x000037f8                _ZN6String6concatEPKcj
 .text._ZN6String6concatERKS_
                0x00003850        0xc C:\Users\kasjac\Desktop\Skole\H5\UGE03-~1\PROJEC~1\DETINT~1\ATMELM~1\ARDUIN~1\Debug\libArduinoCore.a(WString.o)
                0x00003850                _ZN6String6concatERKS_
 .text._ZNK6String6equalsEPKc
                0x0000385c       0x3c C:\Users\kasjac\Desktop\Skole\H5\UGE03-~1\PROJEC~1\DETINT~1\ATMELM~1\ARDUIN~1\Debug\libArduinoCore.a(WString.o)
                0x0000385c                _ZNK6String6equalsEPKc
 .text._ZNK6String9substringEjj
                0x00003898       0x86 C:\Users\kasjac\Desktop\Skole\H5\UGE03-~1\PROJEC~1\DETINT~1\ATMELM~1\ARDUIN~1\Debug\libArduinoCore.a(WString.o)
                0x00003898                _ZNK6String9substringEjj
 .text._ZN6String11toUpperCaseEv
                0x0000391e       0x22 C:\Users\kasjac\Desktop\Skole\H5\UGE03-~1\PROJEC~1\DETINT~1\ATMELM~1\ARDUIN~1\Debug\libArduinoCore.a(WString.o)
                0x0000391e                _ZN6String11toUpperCaseEv
 .text.__empty  0x00003940        0x2 C:\Users\kasjac\Desktop\Skole\H5\UGE03-~1\PROJEC~1\DETINT~1\ATMELM~1\ARDUIN~1\Debug\libArduinoCore.a(hooks.o)
                0x00003940                yield
 .text.libgcc.mul
                0x00003942       0x1e c:/program files (x86)/atmel/studio/7.0/toolchain/avr8/avr8-gnu-toolchain/bin/../lib/gcc/avr/5.4.0/avr6\libgcc.a(_mulsi3.o)
                0x00003942                __mulsi3
 .text.libgcc.div
                0x00003960       0x18 c:/program files (x86)/atmel/studio/7.0/toolchain/avr8/avr8-gnu-toolchain/bin/../lib/gcc/avr/5.4.0/avr6\libgcc.a(_udivmodqi4.o)
                0x00003960                __udivmodqi4
 .text.libgcc.div
                0x00003978       0x44 c:/program files (x86)/atmel/studio/7.0/toolchain/avr8/avr8-gnu-toolchain/bin/../lib/gcc/avr/5.4.0/avr6\libgcc.a(_udivmodsi4.o)
                0x00003978                __udivmodsi4
 .text.libgcc.div
                0x000039bc       0x28 c:/program files (x86)/atmel/studio/7.0/toolchain/avr8/avr8-gnu-toolchain/bin/../lib/gcc/avr/5.4.0/avr6\libgcc.a(_divmodsi4.o)
                0x000039bc                __divmodsi4
 .text.libgcc.div
                0x000039e4       0x10 c:/program files (x86)/atmel/studio/7.0/toolchain/avr8/avr8-gnu-toolchain/bin/../lib/gcc/avr/5.4.0/avr6\libgcc.a(_negsi2.o)
                0x000039e4                __negsi2
 .text.libgcc   0x000039f4       0x10 c:/program files (x86)/atmel/studio/7.0/toolchain/avr8/avr8-gnu-toolchain/bin/../lib/gcc/avr/5.4.0/avr6\libgcc.a(_tablejump2.o)
                0x000039f4                __tablejump2__
 .text.libgcc.mul
                0x00003a04       0x14 c:/program files (x86)/atmel/studio/7.0/toolchain/avr8/avr8-gnu-toolchain/bin/../lib/gcc/avr/5.4.0/avr6\libgcc.a(_muluhisi3.o)
                0x00003a04                __muluhisi3
 .text.libgcc.mul
                0x00003a18       0x1e c:/program files (x86)/atmel/studio/7.0/toolchain/avr8/avr8-gnu-toolchain/bin/../lib/gcc/avr/5.4.0/avr6\libgcc.a(_umulhisi3.o)
                0x00003a18                __umulhisi3
 .text.avr-libc
                0x00003a36      0x242 c:/program files (x86)/atmel/studio/7.0/toolchain/avr8/avr8-gnu-toolchain/bin/../lib/gcc/avr/5.4.0/../../../../avr/lib/avr6\libc.a(malloc.o)
                0x00003a36                malloc
                0x00003b66                free
 .text.avr-libc
                0x00003c78      0x1c0 c:/program files (x86)/atmel/studio/7.0/toolchain/avr8/avr8-gnu-toolchain/bin/../lib/gcc/avr/5.4.0/../../../../avr/lib/avr6\libc.a(realloc.o)
                0x00003c78                realloc
 .text.avr-libc
                0x00003e38       0x10 c:/program files (x86)/atmel/studio/7.0/toolchain/avr8/avr8-gnu-toolchain/bin/../lib/gcc/avr/5.4.0/../../../../avr/lib/avr6\libc.a(toupper.o)
                0x00003e38                toupper
 .text.avr-libc
                0x00003e48       0x12 c:/program files (x86)/atmel/studio/7.0/toolchain/avr8/avr8-gnu-toolchain/bin/../lib/gcc/avr/5.4.0/../../../../avr/lib/avr6\libc.a(memcpy.o)
                0x00003e48                memcpy
 .text.avr-libc
                0x00003e5a       0x12 c:/program files (x86)/atmel/studio/7.0/toolchain/avr8/avr8-gnu-toolchain/bin/../lib/gcc/avr/5.4.0/../../../../avr/lib/avr6\libc.a(strcmp.o)
                0x00003e5a                strcmp
 .text.avr-libc
                0x00003e6c        0xe c:/program files (x86)/atmel/studio/7.0/toolchain/avr8/avr8-gnu-toolchain/bin/../lib/gcc/avr/5.4.0/../../../../avr/lib/avr6\libc.a(strcpy.o)
                0x00003e6c                strcpy
 .text.avr-libc
                0x00003e7a       0x1e c:/program files (x86)/atmel/studio/7.0/toolchain/avr8/avr8-gnu-toolchain/bin/../lib/gcc/avr/5.4.0/../../../../avr/lib/avr6\libc.a(strncpy.o)
                0x00003e7a                strncpy
 .text.avr-libc
                0x00003e98       0x14 c:/program files (x86)/atmel/studio/7.0/toolchain/avr8/avr8-gnu-toolchain/bin/../lib/gcc/avr/5.4.0/../../../../avr/lib/avr6\libc.a(utoa.o)
                0x00003e98                __utoa
                0x00003e98                utoa
 .text.avr-libc
                0x00003eac       0x32 c:/program files (x86)/atmel/studio/7.0/toolchain/avr8/avr8-gnu-toolchain/bin/../lib/gcc/avr/5.4.0/../../../../avr/lib/avr6\libc.a(utoa_ncheck.o)
                0x00003eac                __utoa_ncheck
                0x00003eae                __utoa_common
 .text.avr-libc
                0x00003ede       0x20 c:/program files (x86)/atmel/studio/7.0/toolchain/avr8/avr8-gnu-toolchain/bin/../lib/gcc/avr/5.4.0/../../../../avr/lib/avr6\libc.a(strrev.o)
                0x00003ede                strrev
                0x00003efe                . = ALIGN (0x2)
 *(.fini9)
 .fini9         0x00003efe        0x0 c:/program files (x86)/atmel/studio/7.0/toolchain/avr8/avr8-gnu-toolchain/bin/../lib/gcc/avr/5.4.0/avr6\libgcc.a(_exit.o)
                0x00003efe                _exit
                0x00003efe                exit
 *(.fini9)
 *(.fini8)
 *(.fini8)
 *(.fini7)
 *(.fini7)
 *(.fini6)
 *(.fini6)
 *(.fini5)
 *(.fini5)
 *(.fini4)
 *(.fini4)
 *(.fini3)
 *(.fini3)
 *(.fini2)
 *(.fini2)
 *(.fini1)
 *(.fini1)
 *(.fini0)
 .fini0         0x00003efe        0x4 c:/program files (x86)/atmel/studio/7.0/toolchain/avr8/avr8-gnu-toolchain/bin/../lib/gcc/avr/5.4.0/avr6\libgcc.a(_exit.o)
 *(.fini0)
                0x00003f02                _etext = .

.data           0x00800200       0xb6 load address 0x00003f02
                0x00800200                PROVIDE (__data_start, .)
 *(.data)
 .data          0x00800200        0x6 c:/program files (x86)/atmel/studio/7.0/toolchain/avr8/avr8-gnu-toolchain/bin/../lib/gcc/avr/5.4.0/../../../../avr/lib/avr6\libc.a(malloc.o)
                0x00800200                __malloc_heap_end
                0x00800202                __malloc_heap_start
                0x00800204                __malloc_margin
 *(.data*)
 .data.RFID_RED_LED
                0x00800206        0x2 main.o
                0x00800206                RFID_RED_LED
 .data.RFID_GREEN_LED
                0x00800208        0x2 main.o
                0x00800208                RFID_GREEN_LED
 .data.Servo_pin
                0x0080020a        0x2 main.o
                0x0080020a                Servo_pin
 *(.gnu.linkonce.d*)
 *(.rodata)
 *(.rodata*)
 .rodata.str1.1
                0x0080020c       0x3d main.o
                                 0x40 (size before relaxing)
 .rodata.str1.1
                0x00800249       0x1d src/libraries/DHT-sensor-library/DHT_U.o
 .rodata._ZTVN11DHT_Unified11TemperatureE
                0x00800266        0xe src/libraries/DHT-sensor-library/DHT_U.o
                0x00800266                _ZTVN11DHT_Unified11TemperatureE
 .rodata._ZTVN11DHT_Unified8HumidityE
                0x00800274        0xe src/libraries/DHT-sensor-library/DHT_U.o
                0x00800274                _ZTVN11DHT_Unified8HumidityE
 .rodata._ZTV7TwoWire
                0x00800282       0x12 src/libraries/Wire/src/Wire.o
                0x00800282                _ZTV7TwoWire
 .rodata._ZTV14HardwareSerial
                0x00800294       0x12 C:\Users\kasjac\Desktop\Skole\H5\UGE03-~1\PROJEC~1\DETINT~1\ATMELM~1\ARDUIN~1\Debug\libArduinoCore.a(HardwareSerial.o)
                0x00800294                _ZTV14HardwareSerial
 .rodata.str1.1
                0x008002a6        0xf C:\Users\kasjac\Desktop\Skole\H5\UGE03-~1\PROJEC~1\DETINT~1\ATMELM~1\ARDUIN~1\Debug\libArduinoCore.a(Print.o)
 .rodata.str1.1
                0x008002b5        0x1 C:\Users\kasjac\Desktop\Skole\H5\UGE03-~1\PROJEC~1\DETINT~1\ATMELM~1\ARDUIN~1\Debug\libArduinoCore.a(WString.o)
 *(.gnu.linkonce.r*)
                0x008002b6                . = ALIGN (0x2)
 *fill*         0x008002b5        0x1 
                0x008002b6                _edata = .
                0x008002b6                PROVIDE (__data_end, .)

.bss            0x008002b6      0x252
                0x008002b6                PROVIDE (__bss_start, .)
 *(.bss)
 *(.bss*)
 .bss.servo     0x008002b6        0x3 main.o
                0x008002b6                servo
 .bss.key       0x008002b9        0x6 main.o
                0x008002b9                key
 .bss.mfrc522   0x008002bf        0xe main.o
                0x008002bf                mfrc522
 .bss.DhtSencorHum
                0x008002cd        0x2 main.o
                0x008002cd                DhtSencorHum
 .bss.DhtSencorTemp
                0x008002cf        0x2 main.o
                0x008002cf                DhtSencorTemp
 .bss.delayMS   0x008002d1        0x4 main.o
                0x008002d1                delayMS
 .bss.dht       0x008002d5       0x26 main.o
                0x008002d5                dht
 .bss.ServoCount
                0x008002fb        0x1 src/libraries/Servo/src/avr/Servo.o
                0x008002fb                ServoCount
 .bss._ZL7Channel
                0x008002fc        0x4 src/libraries/Servo/src/avr/Servo.o
 .bss._ZL6servos
                0x00800300       0x90 src/libraries/Servo/src/avr/Servo.o
 .bss._ZN8SPIClass13interruptSaveE
                0x00800390        0x1 src/libraries/SPI/src/SPI.o
                0x00800390                _ZN8SPIClass13interruptSaveE
 .bss._ZN8SPIClass13interruptMaskE
                0x00800391        0x1 src/libraries/SPI/src/SPI.o
                0x00800391                _ZN8SPIClass13interruptMaskE
 .bss._ZN8SPIClass13interruptModeE
                0x00800392        0x1 src/libraries/SPI/src/SPI.o
                0x00800392                _ZN8SPIClass13interruptModeE
 .bss._ZN8SPIClass11initializedE
                0x00800393        0x1 src/libraries/SPI/src/SPI.o
                0x00800393                _ZN8SPIClass11initializedE
 .bss.twi_error
                0x00800394        0x1 src/libraries/Wire/src/utility/twi.o
 .bss.twi_rxBufferIndex
                0x00800395        0x1 src/libraries/Wire/src/utility/twi.o
 .bss.twi_rxBuffer
                0x00800396       0x20 src/libraries/Wire/src/utility/twi.o
 .bss.twi_txBufferLength
                0x008003b6        0x1 src/libraries/Wire/src/utility/twi.o
 .bss.twi_txBufferIndex
                0x008003b7        0x1 src/libraries/Wire/src/utility/twi.o
 .bss.twi_txBuffer
                0x008003b8       0x20 src/libraries/Wire/src/utility/twi.o
 .bss.twi_masterBufferLength
                0x008003d8        0x1 src/libraries/Wire/src/utility/twi.o
 .bss.twi_masterBufferIndex
                0x008003d9        0x1 src/libraries/Wire/src/utility/twi.o
 .bss.twi_masterBuffer
                0x008003da       0x20 src/libraries/Wire/src/utility/twi.o
 .bss.twi_onSlaveReceive
                0x008003fa        0x2 src/libraries/Wire/src/utility/twi.o
 .bss.twi_onSlaveTransmit
                0x008003fc        0x2 src/libraries/Wire/src/utility/twi.o
 .bss.twi_do_reset_on_timeout
                0x008003fe        0x1 src/libraries/Wire/src/utility/twi.o
 .bss.twi_timed_out_flag
                0x008003ff        0x1 src/libraries/Wire/src/utility/twi.o
 .bss.twi_timeout_us
                0x00800400        0x4 src/libraries/Wire/src/utility/twi.o
 .bss.twi_inRepStart
                0x00800404        0x1 src/libraries/Wire/src/utility/twi.o
 .bss.twi_sendStop
                0x00800405        0x1 src/libraries/Wire/src/utility/twi.o
 .bss.twi_slarw
                0x00800406        0x1 src/libraries/Wire/src/utility/twi.o
 .bss.twi_state
                0x00800407        0x1 src/libraries/Wire/src/utility/twi.o
 .bss.Wire      0x00800408        0xc src/libraries/Wire/src/Wire.o
                0x00800408                Wire
 .bss._ZN7TwoWire14user_onReceiveE
                0x00800414        0x2 src/libraries/Wire/src/Wire.o
                0x00800414                _ZN7TwoWire14user_onReceiveE
 .bss._ZN7TwoWire14user_onRequestE
                0x00800416        0x2 src/libraries/Wire/src/Wire.o
                0x00800416                _ZN7TwoWire14user_onRequestE
 .bss._ZN7TwoWire12transmittingE
                0x00800418        0x1 src/libraries/Wire/src/Wire.o
                0x00800418                _ZN7TwoWire12transmittingE
 .bss._ZN7TwoWire14txBufferLengthE
                0x00800419        0x1 src/libraries/Wire/src/Wire.o
                0x00800419                _ZN7TwoWire14txBufferLengthE
 .bss._ZN7TwoWire13txBufferIndexE
                0x0080041a        0x1 src/libraries/Wire/src/Wire.o
                0x0080041a                _ZN7TwoWire13txBufferIndexE
 .bss._ZN7TwoWire8txBufferE
                0x0080041b       0x20 src/libraries/Wire/src/Wire.o
                0x0080041b                _ZN7TwoWire8txBufferE
 .bss._ZN7TwoWire9txAddressE
                0x0080043b        0x1 src/libraries/Wire/src/Wire.o
                0x0080043b                _ZN7TwoWire9txAddressE
 .bss._ZN7TwoWire14rxBufferLengthE
                0x0080043c        0x1 src/libraries/Wire/src/Wire.o
                0x0080043c                _ZN7TwoWire14rxBufferLengthE
 .bss._ZN7TwoWire13rxBufferIndexE
                0x0080043d        0x1 src/libraries/Wire/src/Wire.o
                0x0080043d                _ZN7TwoWire13rxBufferIndexE
 .bss._ZN7TwoWire8rxBufferE
                0x0080043e       0x20 src/libraries/Wire/src/Wire.o
                0x0080043e                _ZN7TwoWire8rxBufferE
 .bss.Serial    0x0080045e       0x9d C:\Users\kasjac\Desktop\Skole\H5\UGE03-~1\PROJEC~1\DETINT~1\ATMELM~1\ARDUIN~1\Debug\libArduinoCore.a(HardwareSerial0.o)
                0x0080045e                Serial
 .bss.timer0_fract
                0x008004fb        0x1 C:\Users\kasjac\Desktop\Skole\H5\UGE03-~1\PROJEC~1\DETINT~1\ATMELM~1\ARDUIN~1\Debug\libArduinoCore.a(wiring.o)
 .bss.timer0_millis
                0x008004fc        0x4 C:\Users\kasjac\Desktop\Skole\H5\UGE03-~1\PROJEC~1\DETINT~1\ATMELM~1\ARDUIN~1\Debug\libArduinoCore.a(wiring.o)
                0x008004fc                timer0_millis
 .bss.timer0_overflow_count
                0x00800500        0x4 C:\Users\kasjac\Desktop\Skole\H5\UGE03-~1\PROJEC~1\DETINT~1\ATMELM~1\ARDUIN~1\Debug\libArduinoCore.a(wiring.o)
                0x00800500                timer0_overflow_count
 *(COMMON)
 COMMON         0x00800504        0x4 c:/program files (x86)/atmel/studio/7.0/toolchain/avr8/avr8-gnu-toolchain/bin/../lib/gcc/avr/5.4.0/../../../../avr/lib/avr6\libc.a(malloc.o)
                0x00800504                __brkval
                0x00800506                __flp
                0x00800508                PROVIDE (__bss_end, .)
                0x00003f02                __data_load_start = LOADADDR (.data)
                0x00003fb8                __data_load_end = (__data_load_start + SIZEOF (.data))

.noinit         0x00800508        0x0
                [!provide]                PROVIDE (__noinit_start, .)
 *(.noinit*)
                [!provide]                PROVIDE (__noinit_end, .)
                0x00800508                _end = .
                0x00800508                PROVIDE (__heap_start, .)

.eeprom         0x00810000        0x0
 *(.eeprom*)
                0x00810000                __eeprom_end = .

.fuse
 *(.fuse)
 *(.lfuse)
 *(.hfuse)
 *(.efuse)

.lock
 *(.lock*)

.signature
 *(.signature*)

.user_signatures
 *(.user_signatures*)

.stab
 *(.stab)

.stabstr
 *(.stabstr)

.stab.excl
 *(.stab.excl)

.stab.exclstr
 *(.stab.exclstr)

.stab.index
 *(.stab.index)

.stab.indexstr
 *(.stab.indexstr)

.comment        0x00000000       0x30
 *(.comment)
 .comment       0x00000000       0x30 main.o
                                 0x31 (size before relaxing)
 .comment       0x00000030       0x31 src/libraries/DHT-sensor-library/DHT.o
 .comment       0x00000030       0x31 src/libraries/DHT-sensor-library/DHT_U.o
 .comment       0x00000030       0x31 src/libraries/rfid/MFRC522.o
 .comment       0x00000030       0x31 src/libraries/Servo/src/avr/Servo.o
 .comment       0x00000030       0x31 src/libraries/SPI/src/SPI.o
 .comment       0x00000030       0x31 src/libraries/Wire/src/utility/twi.o
 .comment       0x00000030       0x31 src/libraries/Wire/src/Wire.o
 .comment       0x00000030       0x31 C:\Users\kasjac\Desktop\Skole\H5\UGE03-~1\PROJEC~1\DETINT~1\ATMELM~1\ARDUIN~1\Debug\libArduinoCore.a(HardwareSerial.o)
 .comment       0x00000030       0x31 C:\Users\kasjac\Desktop\Skole\H5\UGE03-~1\PROJEC~1\DETINT~1\ATMELM~1\ARDUIN~1\Debug\libArduinoCore.a(HardwareSerial0.o)
 .comment       0x00000030       0x31 C:\Users\kasjac\Desktop\Skole\H5\UGE03-~1\PROJEC~1\DETINT~1\ATMELM~1\ARDUIN~1\Debug\libArduinoCore.a(main.o)
 .comment       0x00000030       0x31 C:\Users\kasjac\Desktop\Skole\H5\UGE03-~1\PROJEC~1\DETINT~1\ATMELM~1\ARDUIN~1\Debug\libArduinoCore.a(new.o)
 .comment       0x00000030       0x31 C:\Users\kasjac\Desktop\Skole\H5\UGE03-~1\PROJEC~1\DETINT~1\ATMELM~1\ARDUIN~1\Debug\libArduinoCore.a(Print.o)
 .comment       0x00000030       0x31 C:\Users\kasjac\Desktop\Skole\H5\UGE03-~1\PROJEC~1\DETINT~1\ATMELM~1\ARDUIN~1\Debug\libArduinoCore.a(wiring.o)
 .comment       0x00000030       0x31 C:\Users\kasjac\Desktop\Skole\H5\UGE03-~1\PROJEC~1\DETINT~1\ATMELM~1\ARDUIN~1\Debug\libArduinoCore.a(wiring_digital.o)
 .comment       0x00000030       0x31 C:\Users\kasjac\Desktop\Skole\H5\UGE03-~1\PROJEC~1\DETINT~1\ATMELM~1\ARDUIN~1\Debug\libArduinoCore.a(WMath.o)
 .comment       0x00000030       0x31 C:\Users\kasjac\Desktop\Skole\H5\UGE03-~1\PROJEC~1\DETINT~1\ATMELM~1\ARDUIN~1\Debug\libArduinoCore.a(WString.o)
 .comment       0x00000030       0x31 C:\Users\kasjac\Desktop\Skole\H5\UGE03-~1\PROJEC~1\DETINT~1\ATMELM~1\ARDUIN~1\Debug\libArduinoCore.a(hooks.o)
 .comment       0x00000030       0x31 c:/program files (x86)/atmel/studio/7.0/toolchain/avr8/avr8-gnu-toolchain/bin/../lib/gcc/avr/5.4.0/../../../../avr/lib/avr6\libc.a(malloc.o)
 .comment       0x00000030       0x31 c:/program files (x86)/atmel/studio/7.0/toolchain/avr8/avr8-gnu-toolchain/bin/../lib/gcc/avr/5.4.0/../../../../avr/lib/avr6\libc.a(realloc.o)

.note.gnu.avr.deviceinfo
                0x00000000       0x40
 .note.gnu.avr.deviceinfo
                0x00000000       0x40 C:/Program Files (x86)/Atmel/Studio/7.0/Packs/atmel/ATmega_DFP/1.6.364/gcc/dev/atmega2560/avr6/crtatmega2560.o

.note.gnu.build-id
 *(.note.gnu.build-id)

.debug
 *(.debug)

.line
 *(.line)

.debug_srcinfo
 *(.debug_srcinfo)

.debug_sfnames
 *(.debug_sfnames)

.debug_aranges  0x00000000      0xb58
 *(.debug_aranges)
 .debug_aranges
                0x00000000       0x60 main.o
 .debug_aranges
                0x00000060       0x68 src/libraries/DHT-sensor-library/DHT.o
 .debug_aranges
                0x000000c8       0x90 src/libraries/DHT-sensor-library/DHT_U.o
 .debug_aranges
                0x00000158      0x1e8 src/libraries/rfid/MFRC522.o
 .debug_aranges
                0x00000340       0x88 src/libraries/Servo/src/avr/Servo.o
 .debug_aranges
                0x000003c8       0x38 src/libraries/SPI/src/SPI.o
 .debug_aranges
                0x00000400       0x98 src/libraries/Wire/src/utility/twi.o
 .debug_aranges
                0x00000498      0x110 src/libraries/Wire/src/Wire.o
 .debug_aranges
                0x000005a8       0x68 C:\Users\kasjac\Desktop\Skole\H5\UGE03-~1\PROJEC~1\DETINT~1\ATMELM~1\ARDUIN~1\Debug\libArduinoCore.a(HardwareSerial.o)
 .debug_aranges
                0x00000610       0x48 C:\Users\kasjac\Desktop\Skole\H5\UGE03-~1\PROJEC~1\DETINT~1\ATMELM~1\ARDUIN~1\Debug\libArduinoCore.a(HardwareSerial0.o)
 .debug_aranges
                0x00000658       0x30 C:\Users\kasjac\Desktop\Skole\H5\UGE03-~1\PROJEC~1\DETINT~1\ATMELM~1\ARDUIN~1\Debug\libArduinoCore.a(main.o)
 .debug_aranges
                0x00000688       0x30 C:\Users\kasjac\Desktop\Skole\H5\UGE03-~1\PROJEC~1\DETINT~1\ATMELM~1\ARDUIN~1\Debug\libArduinoCore.a(new.o)
 .debug_aranges
                0x000006b8      0x100 C:\Users\kasjac\Desktop\Skole\H5\UGE03-~1\PROJEC~1\DETINT~1\ATMELM~1\ARDUIN~1\Debug\libArduinoCore.a(Print.o)
 .debug_aranges
                0x000007b8       0x48 C:\Users\kasjac\Desktop\Skole\H5\UGE03-~1\PROJEC~1\DETINT~1\ATMELM~1\ARDUIN~1\Debug\libArduinoCore.a(wiring.o)
 .debug_aranges
                0x00000800       0x38 C:\Users\kasjac\Desktop\Skole\H5\UGE03-~1\PROJEC~1\DETINT~1\ATMELM~1\ARDUIN~1\Debug\libArduinoCore.a(wiring_digital.o)
 .debug_aranges
                0x00000838       0x48 C:\Users\kasjac\Desktop\Skole\H5\UGE03-~1\PROJEC~1\DETINT~1\ATMELM~1\ARDUIN~1\Debug\libArduinoCore.a(WMath.o)
 .debug_aranges
                0x00000880      0x2b8 C:\Users\kasjac\Desktop\Skole\H5\UGE03-~1\PROJEC~1\DETINT~1\ATMELM~1\ARDUIN~1\Debug\libArduinoCore.a(WString.o)
 .debug_aranges
                0x00000b38       0x20 C:\Users\kasjac\Desktop\Skole\H5\UGE03-~1\PROJEC~1\DETINT~1\ATMELM~1\ARDUIN~1\Debug\libArduinoCore.a(hooks.o)

.debug_pubnames
 *(.debug_pubnames)

.debug_info     0x00000000    0x1b2d8
 *(.debug_info .gnu.linkonce.wi.*)
 .debug_info    0x00000000      0xbbc C:/Program Files (x86)/Atmel/Studio/7.0/Packs/atmel/ATmega_DFP/1.6.364/gcc/dev/atmega2560/avr6/crtatmega2560.o
 .debug_info    0x00000bbc     0x3a9c main.o
 .debug_info    0x00004658      0xd61 src/libraries/DHT-sensor-library/DHT.o
 .debug_info    0x000053b9     0x12cf src/libraries/DHT-sensor-library/DHT_U.o
 .debug_info    0x00006688     0x50f8 src/libraries/rfid/MFRC522.o
 .debug_info    0x0000b780      0xa15 src/libraries/Servo/src/avr/Servo.o
 .debug_info    0x0000c195      0x6cd src/libraries/SPI/src/SPI.o
 .debug_info    0x0000c862      0x93a src/libraries/Wire/src/utility/twi.o
 .debug_info    0x0000d19c     0x2910 src/libraries/Wire/src/Wire.o
 .debug_info    0x0000faac     0x205e C:\Users\kasjac\Desktop\Skole\H5\UGE03-~1\PROJEC~1\DETINT~1\ATMELM~1\ARDUIN~1\Debug\libArduinoCore.a(HardwareSerial.o)
 .debug_info    0x00011b0a     0x1b74 C:\Users\kasjac\Desktop\Skole\H5\UGE03-~1\PROJEC~1\DETINT~1\ATMELM~1\ARDUIN~1\Debug\libArduinoCore.a(HardwareSerial0.o)
 .debug_info    0x0001367e      0x295 C:\Users\kasjac\Desktop\Skole\H5\UGE03-~1\PROJEC~1\DETINT~1\ATMELM~1\ARDUIN~1\Debug\libArduinoCore.a(main.o)
 .debug_info    0x00013913      0x15f C:\Users\kasjac\Desktop\Skole\H5\UGE03-~1\PROJEC~1\DETINT~1\ATMELM~1\ARDUIN~1\Debug\libArduinoCore.a(new.o)
 .debug_info    0x00013a72     0x295d C:\Users\kasjac\Desktop\Skole\H5\UGE03-~1\PROJEC~1\DETINT~1\ATMELM~1\ARDUIN~1\Debug\libArduinoCore.a(Print.o)
 .debug_info    0x000163cf      0x329 C:\Users\kasjac\Desktop\Skole\H5\UGE03-~1\PROJEC~1\DETINT~1\ATMELM~1\ARDUIN~1\Debug\libArduinoCore.a(wiring.o)
 .debug_info    0x000166f8      0x63a C:\Users\kasjac\Desktop\Skole\H5\UGE03-~1\PROJEC~1\DETINT~1\ATMELM~1\ARDUIN~1\Debug\libArduinoCore.a(wiring_digital.o)
 .debug_info    0x00016d32      0x230 C:\Users\kasjac\Desktop\Skole\H5\UGE03-~1\PROJEC~1\DETINT~1\ATMELM~1\ARDUIN~1\Debug\libArduinoCore.a(WMath.o)
 .debug_info    0x00016f62     0x4338 C:\Users\kasjac\Desktop\Skole\H5\UGE03-~1\PROJEC~1\DETINT~1\ATMELM~1\ARDUIN~1\Debug\libArduinoCore.a(WString.o)
 .debug_info    0x0001b29a       0x3e C:\Users\kasjac\Desktop\Skole\H5\UGE03-~1\PROJEC~1\DETINT~1\ATMELM~1\ARDUIN~1\Debug\libArduinoCore.a(hooks.o)

.debug_abbrev   0x00000000     0x4770
 *(.debug_abbrev)
 .debug_abbrev  0x00000000      0xb1a C:/Program Files (x86)/Atmel/Studio/7.0/Packs/atmel/ATmega_DFP/1.6.364/gcc/dev/atmega2560/avr6/crtatmega2560.o
 .debug_abbrev  0x00000b1a      0x7b4 main.o
 .debug_abbrev  0x000012ce      0x3ac src/libraries/DHT-sensor-library/DHT.o
 .debug_abbrev  0x0000167a      0x45e src/libraries/DHT-sensor-library/DHT_U.o
 .debug_abbrev  0x00001ad8      0x620 src/libraries/rfid/MFRC522.o
 .debug_abbrev  0x000020f8      0x3b4 src/libraries/Servo/src/avr/Servo.o
 .debug_abbrev  0x000024ac      0x283 src/libraries/SPI/src/SPI.o
 .debug_abbrev  0x0000272f      0x2f2 src/libraries/Wire/src/utility/twi.o
 .debug_abbrev  0x00002a21      0x563 src/libraries/Wire/src/Wire.o
 .debug_abbrev  0x00002f84      0x4b7 C:\Users\kasjac\Desktop\Skole\H5\UGE03-~1\PROJEC~1\DETINT~1\ATMELM~1\ARDUIN~1\Debug\libArduinoCore.a(HardwareSerial.o)
 .debug_abbrev  0x0000343b      0x3ce C:\Users\kasjac\Desktop\Skole\H5\UGE03-~1\PROJEC~1\DETINT~1\ATMELM~1\ARDUIN~1\Debug\libArduinoCore.a(HardwareSerial0.o)
 .debug_abbrev  0x00003809      0x12d C:\Users\kasjac\Desktop\Skole\H5\UGE03-~1\PROJEC~1\DETINT~1\ATMELM~1\ARDUIN~1\Debug\libArduinoCore.a(main.o)
 .debug_abbrev  0x00003936      0x109 C:\Users\kasjac\Desktop\Skole\H5\UGE03-~1\PROJEC~1\DETINT~1\ATMELM~1\ARDUIN~1\Debug\libArduinoCore.a(new.o)
 .debug_abbrev  0x00003a3f      0x47a C:\Users\kasjac\Desktop\Skole\H5\UGE03-~1\PROJEC~1\DETINT~1\ATMELM~1\ARDUIN~1\Debug\libArduinoCore.a(Print.o)
 .debug_abbrev  0x00003eb9      0x146 C:\Users\kasjac\Desktop\Skole\H5\UGE03-~1\PROJEC~1\DETINT~1\ATMELM~1\ARDUIN~1\Debug\libArduinoCore.a(wiring.o)
 .debug_abbrev  0x00003fff      0x15a C:\Users\kasjac\Desktop\Skole\H5\UGE03-~1\PROJEC~1\DETINT~1\ATMELM~1\ARDUIN~1\Debug\libArduinoCore.a(wiring_digital.o)
 .debug_abbrev  0x00004159      0x12b C:\Users\kasjac\Desktop\Skole\H5\UGE03-~1\PROJEC~1\DETINT~1\ATMELM~1\ARDUIN~1\Debug\libArduinoCore.a(WMath.o)
 .debug_abbrev  0x00004284      0x4c2 C:\Users\kasjac\Desktop\Skole\H5\UGE03-~1\PROJEC~1\DETINT~1\ATMELM~1\ARDUIN~1\Debug\libArduinoCore.a(WString.o)
 .debug_abbrev  0x00004746       0x2a C:\Users\kasjac\Desktop\Skole\H5\UGE03-~1\PROJEC~1\DETINT~1\ATMELM~1\ARDUIN~1\Debug\libArduinoCore.a(hooks.o)

.debug_line     0x00000000     0x6979
 *(.debug_line .debug_line.* .debug_line_end)
 .debug_line    0x00000000      0x1fa C:/Program Files (x86)/Atmel/Studio/7.0/Packs/atmel/ATmega_DFP/1.6.364/gcc/dev/atmega2560/avr6/crtatmega2560.o
 .debug_line    0x000001fa      0x642 main.o
 .debug_line    0x0000083c      0x4f3 src/libraries/DHT-sensor-library/DHT.o
 .debug_line    0x00000d2f      0x4a4 src/libraries/DHT-sensor-library/DHT_U.o
 .debug_line    0x000011d3     0x17b8 src/libraries/rfid/MFRC522.o
 .debug_line    0x0000298b      0x4a4 src/libraries/Servo/src/avr/Servo.o
 .debug_line    0x00002e2f      0x313 src/libraries/SPI/src/SPI.o
 .debug_line    0x00003142      0x6db src/libraries/Wire/src/utility/twi.o
 .debug_line    0x0000381d      0x653 src/libraries/Wire/src/Wire.o
 .debug_line    0x00003e70      0x527 C:\Users\kasjac\Desktop\Skole\H5\UGE03-~1\PROJEC~1\DETINT~1\ATMELM~1\ARDUIN~1\Debug\libArduinoCore.a(HardwareSerial.o)
 .debug_line    0x00004397      0x288 C:\Users\kasjac\Desktop\Skole\H5\UGE03-~1\PROJEC~1\DETINT~1\ATMELM~1\ARDUIN~1\Debug\libArduinoCore.a(HardwareSerial0.o)
 .debug_line    0x0000461f      0x161 C:\Users\kasjac\Desktop\Skole\H5\UGE03-~1\PROJEC~1\DETINT~1\ATMELM~1\ARDUIN~1\Debug\libArduinoCore.a(main.o)
 .debug_line    0x00004780      0x145 C:\Users\kasjac\Desktop\Skole\H5\UGE03-~1\PROJEC~1\DETINT~1\ATMELM~1\ARDUIN~1\Debug\libArduinoCore.a(new.o)
 .debug_line    0x000048c5      0x681 C:\Users\kasjac\Desktop\Skole\H5\UGE03-~1\PROJEC~1\DETINT~1\ATMELM~1\ARDUIN~1\Debug\libArduinoCore.a(Print.o)
 .debug_line    0x00004f46      0x2cb C:\Users\kasjac\Desktop\Skole\H5\UGE03-~1\PROJEC~1\DETINT~1\ATMELM~1\ARDUIN~1\Debug\libArduinoCore.a(wiring.o)
 .debug_line    0x00005211      0x284 C:\Users\kasjac\Desktop\Skole\H5\UGE03-~1\PROJEC~1\DETINT~1\ATMELM~1\ARDUIN~1\Debug\libArduinoCore.a(wiring_digital.o)
 .debug_line    0x00005495      0x143 C:\Users\kasjac\Desktop\Skole\H5\UGE03-~1\PROJEC~1\DETINT~1\ATMELM~1\ARDUIN~1\Debug\libArduinoCore.a(WMath.o)
 .debug_line    0x000055d8     0x1360 C:\Users\kasjac\Desktop\Skole\H5\UGE03-~1\PROJEC~1\DETINT~1\ATMELM~1\ARDUIN~1\Debug\libArduinoCore.a(WString.o)
 .debug_line    0x00006938       0x41 C:\Users\kasjac\Desktop\Skole\H5\UGE03-~1\PROJEC~1\DETINT~1\ATMELM~1\ARDUIN~1\Debug\libArduinoCore.a(hooks.o)

.debug_frame    0x00000000     0x2a44
 *(.debug_frame)
 .debug_frame   0x00000000      0x134 main.o
 .debug_frame   0x00000134      0x1fc src/libraries/DHT-sensor-library/DHT.o
 .debug_frame   0x00000330      0x1ac src/libraries/DHT-sensor-library/DHT_U.o
 .debug_frame   0x000004dc      0xa58 src/libraries/rfid/MFRC522.o
 .debug_frame   0x00000f34      0x2f0 src/libraries/Servo/src/avr/Servo.o
 .debug_frame   0x00001224       0x5c src/libraries/SPI/src/SPI.o
 .debug_frame   0x00001280      0x208 src/libraries/Wire/src/utility/twi.o
 .debug_frame   0x00001488      0x2b0 src/libraries/Wire/src/Wire.o
 .debug_frame   0x00001738      0x110 C:\Users\kasjac\Desktop\Skole\H5\UGE03-~1\PROJEC~1\DETINT~1\ATMELM~1\ARDUIN~1\Debug\libArduinoCore.a(HardwareSerial.o)
 .debug_frame   0x00001848       0xe0 C:\Users\kasjac\Desktop\Skole\H5\UGE03-~1\PROJEC~1\DETINT~1\ATMELM~1\ARDUIN~1\Debug\libArduinoCore.a(HardwareSerial0.o)
 .debug_frame   0x00001928       0x54 C:\Users\kasjac\Desktop\Skole\H5\UGE03-~1\PROJEC~1\DETINT~1\ATMELM~1\ARDUIN~1\Debug\libArduinoCore.a(main.o)
 .debug_frame   0x0000197c       0x64 C:\Users\kasjac\Desktop\Skole\H5\UGE03-~1\PROJEC~1\DETINT~1\ATMELM~1\ARDUIN~1\Debug\libArduinoCore.a(new.o)
 .debug_frame   0x000019e0      0x3ac C:\Users\kasjac\Desktop\Skole\H5\UGE03-~1\PROJEC~1\DETINT~1\ATMELM~1\ARDUIN~1\Debug\libArduinoCore.a(Print.o)
 .debug_frame   0x00001d8c       0xc4 C:\Users\kasjac\Desktop\Skole\H5\UGE03-~1\PROJEC~1\DETINT~1\ATMELM~1\ARDUIN~1\Debug\libArduinoCore.a(wiring.o)
 .debug_frame   0x00001e50       0x7c C:\Users\kasjac\Desktop\Skole\H5\UGE03-~1\PROJEC~1\DETINT~1\ATMELM~1\ARDUIN~1\Debug\libArduinoCore.a(wiring_digital.o)
 .debug_frame   0x00001ecc       0xf4 C:\Users\kasjac\Desktop\Skole\H5\UGE03-~1\PROJEC~1\DETINT~1\ATMELM~1\ARDUIN~1\Debug\libArduinoCore.a(WMath.o)
 .debug_frame   0x00001fc0      0xa60 C:\Users\kasjac\Desktop\Skole\H5\UGE03-~1\PROJEC~1\DETINT~1\ATMELM~1\ARDUIN~1\Debug\libArduinoCore.a(WString.o)
 .debug_frame   0x00002a20       0x24 C:\Users\kasjac\Desktop\Skole\H5\UGE03-~1\PROJEC~1\DETINT~1\ATMELM~1\ARDUIN~1\Debug\libArduinoCore.a(hooks.o)

.debug_str      0x00000000     0x5689
 *(.debug_str)
 .debug_str     0x00000000      0x3e6 C:/Program Files (x86)/Atmel/Studio/7.0/Packs/atmel/ATmega_DFP/1.6.364/gcc/dev/atmega2560/avr6/crtatmega2560.o
 .debug_str     0x000003e6     0x2942 main.o
                               0x2acf (size before relaxing)
 .debug_str     0x00002d28      0x144 src/libraries/DHT-sensor-library/DHT.o
                                0x5e5 (size before relaxing)
 .debug_str     0x00002e6c      0x376 src/libraries/DHT-sensor-library/DHT_U.o
                                0xd6e (size before relaxing)
 .debug_str     0x000031e2      0x7b9 src/libraries/rfid/MFRC522.o
                               0x1c9c (size before relaxing)
 .debug_str     0x0000399b      0x159 src/libraries/Servo/src/avr/Servo.o
                                0x550 (size before relaxing)
 .debug_str     0x00003af4       0xb4 src/libraries/SPI/src/SPI.o
                                0x6e6 (size before relaxing)
 .debug_str     0x00003ba8      0x3de src/libraries/Wire/src/utility/twi.o
                                0x532 (size before relaxing)
 .debug_str     0x00003f86      0x966 src/libraries/Wire/src/Wire.o
                               0x19de (size before relaxing)
 .debug_str     0x000048ec      0x4dd C:\Users\kasjac\Desktop\Skole\H5\UGE03-~1\PROJEC~1\DETINT~1\ATMELM~1\ARDUIN~1\Debug\libArduinoCore.a(HardwareSerial.o)
                               0x1722 (size before relaxing)
 .debug_str     0x00004dc9       0x47 C:\Users\kasjac\Desktop\Skole\H5\UGE03-~1\PROJEC~1\DETINT~1\ATMELM~1\ARDUIN~1\Debug\libArduinoCore.a(HardwareSerial0.o)
                               0x143d (size before relaxing)
 .debug_str     0x00004e10       0x37 C:\Users\kasjac\Desktop\Skole\H5\UGE03-~1\PROJEC~1\DETINT~1\ATMELM~1\ARDUIN~1\Debug\libArduinoCore.a(main.o)
                                0x2e9 (size before relaxing)
 .debug_str     0x00004e47       0x65 C:\Users\kasjac\Desktop\Skole\H5\UGE03-~1\PROJEC~1\DETINT~1\ATMELM~1\ARDUIN~1\Debug\libArduinoCore.a(new.o)
                                0x214 (size before relaxing)
 .debug_str     0x00004eac      0x2a1 C:\Users\kasjac\Desktop\Skole\H5\UGE03-~1\PROJEC~1\DETINT~1\ATMELM~1\ARDUIN~1\Debug\libArduinoCore.a(Print.o)
                               0x1277 (size before relaxing)
 .debug_str     0x0000514d       0x5e C:\Users\kasjac\Desktop\Skole\H5\UGE03-~1\PROJEC~1\DETINT~1\ATMELM~1\ARDUIN~1\Debug\libArduinoCore.a(wiring.o)
                                0x27f (size before relaxing)
 .debug_str     0x000051ab       0x59 C:\Users\kasjac\Desktop\Skole\H5\UGE03-~1\PROJEC~1\DETINT~1\ATMELM~1\ARDUIN~1\Debug\libArduinoCore.a(wiring_digital.o)
                                0x2e4 (size before relaxing)
 .debug_str     0x00005204       0xac C:\Users\kasjac\Desktop\Skole\H5\UGE03-~1\PROJEC~1\DETINT~1\ATMELM~1\ARDUIN~1\Debug\libArduinoCore.a(WMath.o)
                                0x282 (size before relaxing)
 .debug_str     0x000052b0      0x3bd C:\Users\kasjac\Desktop\Skole\H5\UGE03-~1\PROJEC~1\DETINT~1\ATMELM~1\ARDUIN~1\Debug\libArduinoCore.a(WString.o)
                               0x11ca (size before relaxing)
 .debug_str     0x0000566d       0x1c C:\Users\kasjac\Desktop\Skole\H5\UGE03-~1\PROJEC~1\DETINT~1\ATMELM~1\ARDUIN~1\Debug\libArduinoCore.a(hooks.o)
                                0x174 (size before relaxing)

.debug_loc      0x00000000     0xf525
 *(.debug_loc)
 .debug_loc     0x00000000      0x427 main.o
 .debug_loc     0x00000427      0xd33 src/libraries/DHT-sensor-library/DHT.o
 .debug_loc     0x0000115a      0x74a src/libraries/DHT-sensor-library/DHT_U.o
 .debug_loc     0x000018a4     0x48a8 src/libraries/rfid/MFRC522.o
 .debug_loc     0x0000614c      0xb1f src/libraries/Servo/src/avr/Servo.o
 .debug_loc     0x00006c6b      0x1f0 src/libraries/SPI/src/SPI.o
 .debug_loc     0x00006e5b      0x87f src/libraries/Wire/src/utility/twi.o
 .debug_loc     0x000076da      0xcbb src/libraries/Wire/src/Wire.o
 .debug_loc     0x00008395      0x4dc C:\Users\kasjac\Desktop\Skole\H5\UGE03-~1\PROJEC~1\DETINT~1\ATMELM~1\ARDUIN~1\Debug\libArduinoCore.a(HardwareSerial.o)
 .debug_loc     0x00008871      0x1b0 C:\Users\kasjac\Desktop\Skole\H5\UGE03-~1\PROJEC~1\DETINT~1\ATMELM~1\ARDUIN~1\Debug\libArduinoCore.a(HardwareSerial0.o)
 .debug_loc     0x00008a21       0x72 C:\Users\kasjac\Desktop\Skole\H5\UGE03-~1\PROJEC~1\DETINT~1\ATMELM~1\ARDUIN~1\Debug\libArduinoCore.a(new.o)
 .debug_loc     0x00008a93     0x1c87 C:\Users\kasjac\Desktop\Skole\H5\UGE03-~1\PROJEC~1\DETINT~1\ATMELM~1\ARDUIN~1\Debug\libArduinoCore.a(Print.o)
 .debug_loc     0x0000a71a      0x28d C:\Users\kasjac\Desktop\Skole\H5\UGE03-~1\PROJEC~1\DETINT~1\ATMELM~1\ARDUIN~1\Debug\libArduinoCore.a(wiring.o)
 .debug_loc     0x0000a9a7      0x56b C:\Users\kasjac\Desktop\Skole\H5\UGE03-~1\PROJEC~1\DETINT~1\ATMELM~1\ARDUIN~1\Debug\libArduinoCore.a(wiring_digital.o)
 .debug_loc     0x0000af12      0x3d6 C:\Users\kasjac\Desktop\Skole\H5\UGE03-~1\PROJEC~1\DETINT~1\ATMELM~1\ARDUIN~1\Debug\libArduinoCore.a(WMath.o)
 .debug_loc     0x0000b2e8     0x423d C:\Users\kasjac\Desktop\Skole\H5\UGE03-~1\PROJEC~1\DETINT~1\ATMELM~1\ARDUIN~1\Debug\libArduinoCore.a(WString.o)

.debug_macinfo
 *(.debug_macinfo)

.debug_weaknames
 *(.debug_weaknames)

.debug_funcnames
 *(.debug_funcnames)

.debug_typenames
 *(.debug_typenames)

.debug_varnames
 *(.debug_varnames)

.debug_pubtypes
 *(.debug_pubtypes)

.debug_ranges   0x00000000      0xbb0
 *(.debug_ranges)
 .debug_ranges  0x00000000       0x68 main.o
 .debug_ranges  0x00000068       0x70 src/libraries/DHT-sensor-library/DHT.o
 .debug_ranges  0x000000d8       0x80 src/libraries/DHT-sensor-library/DHT_U.o
 .debug_ranges  0x00000158      0x270 src/libraries/rfid/MFRC522.o
 .debug_ranges  0x000003c8       0xa8 src/libraries/Servo/src/avr/Servo.o
 .debug_ranges  0x00000470       0x28 src/libraries/SPI/src/SPI.o
 .debug_ranges  0x00000498       0x88 src/libraries/Wire/src/utility/twi.o
 .debug_ranges  0x00000520      0x100 src/libraries/Wire/src/Wire.o
 .debug_ranges  0x00000620       0x58 C:\Users\kasjac\Desktop\Skole\H5\UGE03-~1\PROJEC~1\DETINT~1\ATMELM~1\ARDUIN~1\Debug\libArduinoCore.a(HardwareSerial.o)
 .debug_ranges  0x00000678       0x38 C:\Users\kasjac\Desktop\Skole\H5\UGE03-~1\PROJEC~1\DETINT~1\ATMELM~1\ARDUIN~1\Debug\libArduinoCore.a(HardwareSerial0.o)
 .debug_ranges  0x000006b0       0x20 C:\Users\kasjac\Desktop\Skole\H5\UGE03-~1\PROJEC~1\DETINT~1\ATMELM~1\ARDUIN~1\Debug\libArduinoCore.a(main.o)
 .debug_ranges  0x000006d0       0x20 C:\Users\kasjac\Desktop\Skole\H5\UGE03-~1\PROJEC~1\DETINT~1\ATMELM~1\ARDUIN~1\Debug\libArduinoCore.a(new.o)
 .debug_ranges  0x000006f0      0x120 C:\Users\kasjac\Desktop\Skole\H5\UGE03-~1\PROJEC~1\DETINT~1\ATMELM~1\ARDUIN~1\Debug\libArduinoCore.a(Print.o)
 .debug_ranges  0x00000810       0x38 C:\Users\kasjac\Desktop\Skole\H5\UGE03-~1\PROJEC~1\DETINT~1\ATMELM~1\ARDUIN~1\Debug\libArduinoCore.a(wiring.o)
 .debug_ranges  0x00000848       0x28 C:\Users\kasjac\Desktop\Skole\H5\UGE03-~1\PROJEC~1\DETINT~1\ATMELM~1\ARDUIN~1\Debug\libArduinoCore.a(wiring_digital.o)
 .debug_ranges  0x00000870       0x38 C:\Users\kasjac\Desktop\Skole\H5\UGE03-~1\PROJEC~1\DETINT~1\ATMELM~1\ARDUIN~1\Debug\libArduinoCore.a(WMath.o)
 .debug_ranges  0x000008a8      0x2f8 C:\Users\kasjac\Desktop\Skole\H5\UGE03-~1\PROJEC~1\DETINT~1\ATMELM~1\ARDUIN~1\Debug\libArduinoCore.a(WString.o)
 .debug_ranges  0x00000ba0       0x10 C:\Users\kasjac\Desktop\Skole\H5\UGE03-~1\PROJEC~1\DETINT~1\ATMELM~1\ARDUIN~1\Debug\libArduinoCore.a(hooks.o)

.debug_macro
 *(.debug_macro)
OUTPUT(AtmelMega2560.elf elf32-avr)
LOAD linker stubs
