Archive member included to satisfy reference by file (symbol)

c:/program files (x86)/atmel/studio/7.0/toolchain/avr8/avr8-gnu-toolchain/bin/../lib/gcc/avr/5.4.0/../../../../avr/lib/avr6\libm.a(addsf3.o)
                              src/libraries/DHT-sensor-library/DHT.o (__subsf3)
c:/program files (x86)/atmel/studio/7.0/toolchain/avr8/avr8-gnu-toolchain/bin/../lib/gcc/avr/5.4.0/../../../../avr/lib/avr6\libm.a(addsf3x.o)
                              c:/program files (x86)/atmel/studio/7.0/toolchain/avr8/avr8-gnu-toolchain/bin/../lib/gcc/avr/5.4.0/../../../../avr/lib/avr6\libm.a(addsf3.o) (__addsf3x)
c:/program files (x86)/atmel/studio/7.0/toolchain/avr8/avr8-gnu-toolchain/bin/../lib/gcc/avr/5.4.0/../../../../avr/lib/avr6\libm.a(cmpsf2.o)
                              src/libraries/DHT-sensor-library/DHT.o (__ltsf2)
c:/program files (x86)/atmel/studio/7.0/toolchain/avr8/avr8-gnu-toolchain/bin/../lib/gcc/avr/5.4.0/../../../../avr/lib/avr6\libm.a(fixsfsi.o)
                              main.o (__fixsfsi)
c:/program files (x86)/atmel/studio/7.0/toolchain/avr8/avr8-gnu-toolchain/bin/../lib/gcc/avr/5.4.0/../../../../avr/lib/avr6\libm.a(fixunssfsi.o)
                              c:/program files (x86)/atmel/studio/7.0/toolchain/avr8/avr8-gnu-toolchain/bin/../lib/gcc/avr/5.4.0/../../../../avr/lib/avr6\libm.a(fixsfsi.o) (__fixunssfsi)
c:/program files (x86)/atmel/studio/7.0/toolchain/avr8/avr8-gnu-toolchain/bin/../lib/gcc/avr/5.4.0/../../../../avr/lib/avr6\libm.a(floatsisf.o)
                              src/libraries/DHT-sensor-library/DHT.o (__floatunsisf)
c:/program files (x86)/atmel/studio/7.0/toolchain/avr8/avr8-gnu-toolchain/bin/../lib/gcc/avr/5.4.0/../../../../avr/lib/avr6\libm.a(fp_cmp.o)
                              c:/program files (x86)/atmel/studio/7.0/toolchain/avr8/avr8-gnu-toolchain/bin/../lib/gcc/avr/5.4.0/../../../../avr/lib/avr6\libm.a(cmpsf2.o) (__fp_cmp)
c:/program files (x86)/atmel/studio/7.0/toolchain/avr8/avr8-gnu-toolchain/bin/../lib/gcc/avr/5.4.0/../../../../avr/lib/avr6\libm.a(fp_inf.o)
                              c:/program files (x86)/atmel/studio/7.0/toolchain/avr8/avr8-gnu-toolchain/bin/../lib/gcc/avr/5.4.0/../../../../avr/lib/avr6\libm.a(addsf3x.o) (__fp_inf)
c:/program files (x86)/atmel/studio/7.0/toolchain/avr8/avr8-gnu-toolchain/bin/../lib/gcc/avr/5.4.0/../../../../avr/lib/avr6\libm.a(fp_nan.o)
                              c:/program files (x86)/atmel/studio/7.0/toolchain/avr8/avr8-gnu-toolchain/bin/../lib/gcc/avr/5.4.0/../../../../avr/lib/avr6\libm.a(addsf3x.o) (__fp_nan)
c:/program files (x86)/atmel/studio/7.0/toolchain/avr8/avr8-gnu-toolchain/bin/../lib/gcc/avr/5.4.0/../../../../avr/lib/avr6\libm.a(fp_pscA.o)
                              c:/program files (x86)/atmel/studio/7.0/toolchain/avr8/avr8-gnu-toolchain/bin/../lib/gcc/avr/5.4.0/../../../../avr/lib/avr6\libm.a(addsf3x.o) (__fp_pscA)
c:/program files (x86)/atmel/studio/7.0/toolchain/avr8/avr8-gnu-toolchain/bin/../lib/gcc/avr/5.4.0/../../../../avr/lib/avr6\libm.a(fp_pscB.o)
                              c:/program files (x86)/atmel/studio/7.0/toolchain/avr8/avr8-gnu-toolchain/bin/../lib/gcc/avr/5.4.0/../../../../avr/lib/avr6\libm.a(addsf3x.o) (__fp_pscB)
c:/program files (x86)/atmel/studio/7.0/toolchain/avr8/avr8-gnu-toolchain/bin/../lib/gcc/avr/5.4.0/../../../../avr/lib/avr6\libm.a(fp_round.o)
                              c:/program files (x86)/atmel/studio/7.0/toolchain/avr8/avr8-gnu-toolchain/bin/../lib/gcc/avr/5.4.0/../../../../avr/lib/avr6\libm.a(addsf3.o) (__fp_round)
c:/program files (x86)/atmel/studio/7.0/toolchain/avr8/avr8-gnu-toolchain/bin/../lib/gcc/avr/5.4.0/../../../../avr/lib/avr6\libm.a(fp_split3.o)
                              c:/program files (x86)/atmel/studio/7.0/toolchain/avr8/avr8-gnu-toolchain/bin/../lib/gcc/avr/5.4.0/../../../../avr/lib/avr6\libm.a(addsf3x.o) (__fp_split3)
c:/program files (x86)/atmel/studio/7.0/toolchain/avr8/avr8-gnu-toolchain/bin/../lib/gcc/avr/5.4.0/../../../../avr/lib/avr6\libm.a(fp_zero.o)
                              c:/program files (x86)/atmel/studio/7.0/toolchain/avr8/avr8-gnu-toolchain/bin/../lib/gcc/avr/5.4.0/../../../../avr/lib/avr6\libm.a(addsf3x.o) (__fp_zero)
c:/program files (x86)/atmel/studio/7.0/toolchain/avr8/avr8-gnu-toolchain/bin/../lib/gcc/avr/5.4.0/../../../../avr/lib/avr6\libm.a(gesf2.o)
                              src/libraries/DHT-sensor-library/DHT.o (__gesf2)
c:/program files (x86)/atmel/studio/7.0/toolchain/avr8/avr8-gnu-toolchain/bin/../lib/gcc/avr/5.4.0/../../../../avr/lib/avr6\libm.a(mulsf3.o)
                              src/libraries/DHT-sensor-library/DHT.o (__mulsf3)
c:/program files (x86)/atmel/studio/7.0/toolchain/avr8/avr8-gnu-toolchain/bin/../lib/gcc/avr/5.4.0/../../../../avr/lib/avr6\libm.a(mulsf3x.o)
                              c:/program files (x86)/atmel/studio/7.0/toolchain/avr8/avr8-gnu-toolchain/bin/../lib/gcc/avr/5.4.0/../../../../avr/lib/avr6\libm.a(mulsf3.o) (__mulsf3x)
[...]
Memory Configuration

Name             Origin             Length             Attributes
text             0x00000000         0x00040000         xr
data             0x00800200         0x00002000         rw !x
eeprom           0x00810000         0x00001000         rw !x
fuse             0x00820000         0x00000003         rw !x
lock             0x00830000         0x00000400         rw !x
signature        0x00840000         0x00000400         rw !x
user_signatures  0x00850000         0x00000400         rw !x
*default*        0x00000000         0xffffffff

Linker script and memory map

Address of section .data set to 0x800200
LOAD C:/Program Files (x86)/Atmel/Studio/7.0/Packs/atmel/ATmega_DFP/1.6.364/gcc/dev/atmega2560/avr6/crtatmega2560.o
LOAD main.o
LOAD src/libraries/Adafruit_Unified_Sensor/Adafruit_Sensor.o
LOAD src/libraries/DHT-sensor-library/DHT.o
LOAD src/libraries/DHT-sensor-library/DHT_U.o
LOAD src/libraries/rfid/MFRC522.o
LOAD src/libraries/Servo/src/avr/Servo.o
LOAD src/libraries/Servo/src/mbed/Servo.o
LOAD src/libraries/Servo/src/megaavr/Servo.o
LOAD src/libraries/Servo/src/nrf52/Servo.o
LOAD src/libraries/Servo/src/samd/Servo.o
LOAD src/libraries/Servo/src/sam/Servo.o
LOAD src/libraries/Servo/src/stm32f4/Servo.o
LOAD src/libraries/SPI/src/SPI.o
LOAD src/libraries/Wire/src/utility/twi.o
LOAD src/libraries/Wire/src/Wire.o
START GROUP
LOAD c:/program files (x86)/atmel/studio/7.0/toolchain/avr8/avr8-gnu-toolchain/bin/../lib/gcc/avr/5.4.0/../../../../avr/lib/avr6\libm.a
LOAD C:\Users\kasjac\Desktop\Skole\H5\UGE03-~1\PROJEC~1\DETINT~1\ATMELM~1\ARDUIN~1\Debug\libArduinoCore.a
END GROUP
LOAD c:/program files (x86)/atmel/studio/7.0/toolchain/avr8/avr8-gnu-toolchain/bin/../lib/gcc/avr/5.4.0/avr6\libgcc.a
LOAD c:/program files (x86)/atmel/studio/7.0/toolchain/avr8/avr8-gnu-toolchain/bin/../lib/gcc/avr/5.4.0/../../../../avr/lib/avr6\libm.a
START GROUP
LOAD c:/program files (x86)/atmel/studio/7.0/toolchain/avr8/avr8-gnu-toolchain/bin/../lib/gcc/avr/5.4.0/avr6\libgcc.a
LOAD c:/program files (x86)/atmel/studio/7.0/toolchain/avr8/avr8-gnu-toolchain/bin/../lib/gcc/avr/5.4.0/../../../../avr/lib/avr6\libm.a
LOAD c:/program files (x86)/atmel/studio/7.0/toolchain/avr8/avr8-gnu-toolchain/bin/../lib/gcc/avr/5.4.0/../../../../avr/lib/avr6\libc.a
LOAD C:/Program Files (x86)/Atmel/Studio/7.0/Packs/atmel/ATmega_DFP/1.6.364/gcc/dev/atmega2560/avr6\libatmega2560.a
END GROUP
                0x00000000                __TEXT_REGION_ORIGIN__ = DEFINED (__TEXT_REGION_ORIGIN__)?__TEXT_REGION_ORIGIN__:0x0
                [0x00800200]                __DATA_REGION_ORIGIN__ = DEFINED (__DATA_REGION_ORIGIN__)?__DATA_REGION_ORIGIN__:0x800200
                [0x00040000]                __TEXT_REGION_LENGTH__ = DEFINED (__TEXT_REGION_LENGTH__)?__TEXT_REGION_LENGTH__:0x100000
                [0x00002000]                __DATA_REGION_LENGTH__ = DEFINED (__DATA_REGION_LENGTH__)?__DATA_REGION_LENGTH__:0xfe00
                [0x00001000]                __EEPROM_REGION_LENGTH__ = DEFINED (__EEPROM_REGION_LENGTH__)?__EEPROM_REGION_LENGTH__:0x10000
                [0x00000003]                __FUSE_REGION_LENGTH__ = DEFINED (__FUSE_REGION_LENGTH__)?__FUSE_REGION_LENGTH__:0x400
                0x00000400                __LOCK_REGION_LENGTH__ = DEFINED (__LOCK_REGION_LENGTH__)?__LOCK_REGION_LENGTH__:0x400
                0x00000400                __SIGNATURE_REGION_LENGTH__ = DEFINED (__SIGNATURE_REGION_LENGTH__)?__SIGNATURE_REGION_LENGTH__:0x400
                0x00000400                __USER_SIGNATURE_REGION_LENGTH__ = DEFINED (__USER_SIGNATURE_REGION_LENGTH__)?__USER_SIGNATURE_REGION_LENGTH__:0x400

.hash
 *(.hash)

.dynsym
 *(.dynsym)

.dynstr
 *(.dynstr)

.gnu.version
 *(.gnu.version)

.gnu.version_d
 *(.gnu.version_d)

.gnu.version_r
 *(.gnu.version_r)

.rel.init
 *(.rel.init)

.rela.init
 *(.rela.init)

.rel.text
 *(.rel.text)
 *(.rel.text.*)
 *(.rel.gnu.linkonce.t*)

.rela.text
 *(.rela.text)
 *(.rela.text.*)
 *(.rela.gnu.linkonce.t*)

.rel.fini
 *(.rel.fini)

.rela.fini
 *(.rela.fini)

.rel.rodata
 *(.rel.rodata)
 *(.rel.rodata.*)
 *(.rel.gnu.linkonce.r*)

.rela.rodata
 *(.rela.rodata)
 *(.rela.rodata.*)
 *(.rela.gnu.linkonce.r*)

.rel.data
 *(.rel.data)
 *(.rel.data.*)
 *(.rel.gnu.linkonce.d*)

.rela.data
 *(.rela.data)
 *(.rela.data.*)
 *(.rela.gnu.linkonce.d*)

.rel.ctors
 *(.rel.ctors)

.rela.ctors
 *(.rela.ctors)

.rel.dtors
 *(.rel.dtors)

.rela.dtors
 *(.rela.dtors)

.rel.got
 *(.rel.got)

.rela.got
 *(.rela.got)

.rel.bss
 *(.rel.bss)

.rela.bss
 *(.rela.bss)

.rel.plt
 *(.rel.plt)

.rela.plt
 *(.rela.plt)

.text           0x00000000     0x66ca
 *(.vectors)
 .vectors       0x00000000       0xe4 C:/Program Files (x86)/Atmel/Studio/7.0/Packs/atmel/ATmega_DFP/1.6.364/gcc/dev/atmega2560/avr6/crtatmega2560.o
                0x00000000                __vector_default
                0x00000000                __vectors
 *(.vectors)
 *(.progmem.gcc*)
 .progmem.gcc_sw_table.turnOffPWM
                0x000000e4       0x24 C:\Users\kasjac\Desktop\Skole\H5\UGE03-~1\PROJEC~1\DETINT~1\ATMELM~1\ARDUIN~1\Debug\libArduinoCore.a(wiring_digital.o)
                0x00000108                . = ALIGN (0x2)
                0x00000108                __trampolines_start = .
 *(.trampolines)
 .trampolines   0x00000108        0x0 linker stubs
 *(.trampolines*)
                0x00000108                __trampolines_end = .
 *libprintf_flt.a:*(.progmem.data)
 *libc.a:*(.progmem.data)
 *(.progmem*)
 .progmem.data.digital_pin_to_timer_PGM
                0x00000108       0x46 C:\Users\kasjac\Desktop\Skole\H5\UGE03-~1\PROJEC~1\DETINT~1\ATMELM~1\ARDUIN~1\Debug\libArduinoCore.a(wiring_digital.o)
                0x00000108                digital_pin_to_timer_PGM
 .progmem.data.digital_pin_to_bit_mask_PGM
                0x0000014e       0x46 C:\Users\kasjac\Desktop\Skole\H5\UGE03-~1\PROJEC~1\DETINT~1\ATMELM~1\ARDUIN~1\Debug\libArduinoCore.a(wiring_digital.o)
                0x0000014e                digital_pin_to_bit_mask_PGM
 .progmem.data.digital_pin_to_port_PGM
                0x00000194       0x46 C:\Users\kasjac\Desktop\Skole\H5\UGE03-~1\PROJEC~1\DETINT~1\ATMELM~1\ARDUIN~1\Debug\libArduinoCore.a(wiring_digital.o)
                0x00000194                digital_pin_to_port_PGM
 .progmem.data.port_to_input_PGM
                0x000001da       0x1a C:\Users\kasjac\Desktop\Skole\H5\UGE03-~1\PROJEC~1\DETINT~1\ATMELM~1\ARDUIN~1\Debug\libArduinoCore.a(wiring_digital.o)
                0x000001da                port_to_input_PGM
 .progmem.data.port_to_output_PGM
                0x000001f4       0x1a C:\Users\kasjac\Desktop\Skole\H5\UGE03-~1\PROJEC~1\DETINT~1\ATMELM~1\ARDUIN~1\Debug\libArduinoCore.a(wiring_digital.o)
                0x000001f4                port_to_output_PGM
 .progmem.data.port_to_mode_PGM
                0x0000020e       0x1a C:\Users\kasjac\Desktop\Skole\H5\UGE03-~1\PROJEC~1\DETINT~1\ATMELM~1\ARDUIN~1\Debug\libArduinoCore.a(wiring_digital.o)
                0x0000020e                port_to_mode_PGM
                0x00000228                . = ALIGN (0x2)
 *(.jumptables)
 *(.jumptables*)
 *(.lowtext)
 *(.lowtext*)
                0x00000228                __ctors_start = .
 *(.ctors)
 .ctors         0x00000228        0x2 main.o
 .ctors         0x0000022a        0x2 src/libraries/Wire/src/Wire.o
 .ctors         0x0000022c        0x2 C:\Users\kasjac\Desktop\Skole\H5\UGE03-~1\PROJEC~1\DETINT~1\ATMELM~1\ARDUIN~1\Debug\libArduinoCore.a(HardwareSerial0.o)
                0x0000022e                __ctors_end = .
                0x0000022e                __dtors_start = .
 *(.dtors)
 .dtors         0x0000022e        0x2 main.o
                0x00000230                __dtors_end = .
 SORT(*)(.ctors)
 SORT(*)(.dtors)
 *(.init0)
 .init0         0x00000230        0x0 C:/Program Files (x86)/Atmel/Studio/7.0/Packs/atmel/ATmega_DFP/1.6.364/gcc/dev/atmega2560/avr6/crtatmega2560.o
                0x00000230                __init
 *(.init0)
 *(.init1)
 *(.init1)
 *(.init2)
 .init2         0x00000230       0x10 C:/Program Files (x86)/Atmel/Studio/7.0/Packs/atmel/ATmega_DFP/1.6.364/gcc/dev/atmega2560/avr6/crtatmega2560.o
 *(.init2)
 *(.init3)
 *(.init3)
 *(.init4)
 .init4         0x00000240       0x1a c:/program files (x86)/atmel/studio/7.0/toolchain/avr8/avr8-gnu-toolchain/bin/../lib/gcc/avr/5.4.0/avr6\libgcc.a(_copy_data.o)
                0x00000240                __do_copy_data
 .init4         0x0000025a       0x10 c:/program files (x86)/atmel/studio/7.0/toolchain/avr8/avr8-gnu-toolchain/bin/../lib/gcc/avr/5.4.0/avr6\libgcc.a(_clear_bss.o)
                0x0000025a                __do_clear_bss
 *(.init4)
 *(.init5)
 *(.init5)
 *(.init6)
 .init6         0x0000026a       0x20 c:/program files (x86)/atmel/studio/7.0/toolchain/avr8/avr8-gnu-toolchain/bin/../lib/gcc/avr/5.4.0/avr6\libgcc.a(_ctors.o)
                0x0000026a                __do_global_ctors
 *(.init6)
 *(.init7)
 *(.init7)
 *(.init8)
 *(.init8)
 *(.init9)
 .init9         0x0000028a        0x8 C:/Program Files (x86)/Atmel/Studio/7.0/Packs/atmel/ATmega_DFP/1.6.364/gcc/dev/atmega2560/avr6/crtatmega2560.o
 *(.init9)
 *(.text)
 .text          0x00000292        0x2 C:/Program Files (x86)/Atmel/Studio/7.0/Packs/atmel/ATmega_DFP/1.6.364/gcc/dev/atmega2560/avr6/crtatmega2560.o
                0x00000292                __vector_38
                0x00000292                __vector_22
                0x00000292                __vector_28
                0x00000292                __vector_1
                0x00000292                __vector_34
                0x00000292                __vector_24
                0x00000292                __vector_12
                0x00000292                __vector_55
                0x00000292                __vector_46
                0x00000292                __bad_interrupt
                0x00000292                __vector_6
                0x00000292                __vector_31
                0x00000292                __vector_35
                0x00000292                __vector_3
                0x00000292                __vector_30
                0x00000292                __vector_45
                0x00000292                __vector_11
                0x00000292                __vector_54
                0x00000292                __vector_13
                0x00000292                __vector_19
                0x00000292                __vector_56
                0x00000292                __vector_7
                0x00000292                __vector_49
                0x00000292                __vector_41
                0x00000292                __vector_43
                0x00000292                __vector_27
                0x00000292                __vector_5
                0x00000292                __vector_33
                0x00000292                __vector_52
                0x00000292                __vector_37
                0x00000292                __vector_4
                0x00000292                __vector_44
                0x00000292                __vector_51
                0x00000292                __vector_9
                0x00000292                __vector_2
                0x00000292                __vector_21
                0x00000292                __vector_15
                0x00000292                __vector_36
                0x00000292                __vector_29
                0x00000292                __vector_40
                0x00000292                __vector_8
                0x00000292                __vector_48
                0x00000292                __vector_14
                0x00000292                __vector_53
                0x00000292                __vector_10
                0x00000292                __vector_50
                0x00000292                __vector_16
                0x00000292                __vector_18
                0x00000292                __vector_20
                0x00000294                . = ALIGN (0x2)
 *(.text.*)
 .text._ZN6StringpLEc
                0x00000294       0x2a main.o
                0x00000294                _ZN6StringpLEc
 .text._ZNK6StringeqERKS_
                0x000002be       0x30 main.o
                0x000002be                _ZNK6StringeqERKS_
 .text._ZNK6StringeqEPKc
                0x000002ee       0x30 main.o
                0x000002ee                _ZNK6StringeqEPKc
 .text._ZNK6String9substringEj
                0x0000031e       0x48 main.o
                0x0000031e                _ZNK6String9substringEj
 .text._ZN5Print5writeEPKc
                0x00000366       0x62 main.o
                0x00000366                _ZN5Print5writeEPKc
 .text._ZN14HardwareSerial5beginEm
                0x000003c8       0x44 main.o
                0x000003c8                _ZN14HardwareSerial5beginEm
 .text._ZN14HardwareSerialcvbEv
                0x0000040c       0x1c main.o
                0x0000040c                _ZN14HardwareSerialcvbEv
 .text._ZN15Adafruit_SensorD2Ev
                0x00000428       0x38 main.o
                0x00000428                _ZN15Adafruit_SensorD1Ev
                0x00000428                _ZN15Adafruit_SensorD2Ev
 .text._ZN15Adafruit_SensorD0Ev
                0x00000460       0x28 main.o
                0x00000460                _ZN15Adafruit_SensorD0Ev
 .text._ZN15Adafruit_Sensor15enableAutoRangeEb
                0x00000488       0x1e main.o
                0x00000488                _ZN15Adafruit_Sensor15enableAutoRangeEb
 .text._ZN15Adafruit_SensorC2ERKS_
                0x000004a6       0x42 main.o
                0x000004a6                _ZN15Adafruit_SensorC2ERKS_
                0x000004a6                _ZN15Adafruit_SensorC1ERKS_
 .text._ZN11DHT_Unified11TemperatureC2ERKS0_
                0x000004e8       0x6e main.o
                0x000004e8                _ZN11DHT_Unified11TemperatureC2ERKS0_
                0x000004e8                _ZN11DHT_Unified11TemperatureC1ERKS0_
 .text._ZN11DHT_Unified11temperatureEv
                0x00000556       0x38 main.o
                0x00000556                _ZN11DHT_Unified11temperatureEv
 .text._ZN11DHT_Unified8HumidityC2ERKS0_
                0x0000058e       0x6e main.o
                0x0000058e                _ZN11DHT_Unified8HumidityC2ERKS0_
                0x0000058e                _ZN11DHT_Unified8HumidityC1ERKS0_
 .text._ZN11DHT_Unified8humidityEv
                0x000005fc       0x38 main.o
                0x000005fc                _ZN11DHT_Unified8humidityEv
 .text._ZN7TwoWire5writeEi
                0x00000634       0x3e main.o
                0x00000634                _ZN7TwoWire5writeEi
 .text.setup    0x00000672      0x14a main.o
                0x00000672                setup
 .text.loop     0x000007bc      0x270 main.o
                0x000007bc                loop
 .text._Z13RfidValidaterv
                0x00000a2c      0x18a main.o
                0x00000a2c                _Z13RfidValidaterv
 .text._Z11SetRfidLedsb
                0x00000bb6       0x6a main.o
                0x00000bb6                _Z11SetRfidLedsb
 .text._Z9moveServov
                0x00000c20       0xa0 main.o
                0x00000c20                _Z9moveServov
 .text._Z12makeBipSoundi
                0x00000cc0       0xc8 main.o
                0x00000cc0                _Z12makeBipSoundi
 .text._ZN11DHT_UnifiedD2Ev
                0x00000d88       0x2c main.o
                0x00000d88                _ZN11DHT_UnifiedD2Ev
                0x00000d88                _ZN11DHT_UnifiedD1Ev
 .text._Z41__static_initialization_and_destruction_0ii
                0x00000db4       0xae main.o
 .text._ZN11DHT_Unified11TemperatureD2Ev
                0x00000e62       0x3e main.o
                0x00000e62                _ZN11DHT_Unified11TemperatureD2Ev
                0x00000e62                _ZN11DHT_Unified11TemperatureD1Ev
 .text._ZN11DHT_Unified11TemperatureD0Ev
                0x00000ea0       0x28 main.o
                0x00000ea0                _ZN11DHT_Unified11TemperatureD0Ev
 .text._ZN11DHT_Unified8HumidityD2Ev
                0x00000ec8       0x3e main.o
                0x00000ec8                _ZN11DHT_Unified8HumidityD1Ev
                0x00000ec8                _ZN11DHT_Unified8HumidityD2Ev
 .text._ZN11DHT_Unified8HumidityD0Ev
                0x00000f06       0x28 main.o
                0x00000f06                _ZN11DHT_Unified8HumidityD0Ev
 .text._GLOBAL__sub_I_x
                0x00000f2e       0x18 main.o
 .text._GLOBAL__sub_D_x
                0x00000f46       0x18 main.o
 .text._ZN13InterruptLockC2Ev
                0x00000f5e       0x1e src/libraries/DHT-sensor-library/DHT.o
                0x00000f5e                _ZN13InterruptLockC1Ev
                0x00000f5e                _ZN13InterruptLockC2Ev
 .text._ZN13InterruptLockD2Ev
                0x00000f7c       0x1e src/libraries/DHT-sensor-library/DHT.o
                0x00000f7c                _ZN13InterruptLockD2Ev
                0x00000f7c                _ZN13InterruptLockD1Ev
 .text._ZN3DHTC2Ehhh
                0x00000f9a       0xa0 src/libraries/DHT-sensor-library/DHT.o
                0x00000f9a                _ZN3DHTC1Ehhh
                0x00000f9a                _ZN3DHTC2Ehhh
 .text._ZN3DHT5beginEh
                0x0000103a       0x54 src/libraries/DHT-sensor-library/DHT.o
                0x0000103a                _ZN3DHT5beginEh
 .text._ZN3DHT15readTemperatureEbb
                0x0000108e      0x2c0 src/libraries/DHT-sensor-library/DHT.o
                0x0000108e                _ZN3DHT15readTemperatureEbb
 .text._ZN3DHT11convertCtoFEf
                0x0000134e       0x5a src/libraries/DHT-sensor-library/DHT.o
                0x0000134e                _ZN3DHT11convertCtoFEf
 .text._ZN3DHT12readHumidityEb
                0x000013a8      0x154 src/libraries/DHT-sensor-library/DHT.o
                0x000013a8                _ZN3DHT12readHumidityEb
 .text._ZN3DHT4readEb
                0x000014fc      0x588 src/libraries/DHT-sensor-library/DHT.o
                0x000014fc                _ZN3DHT4readEb
 .text._ZN3DHT11expectPulseEb
                0x00001a84       0xdc src/libraries/DHT-sensor-library/DHT.o
                0x00001a84                _ZN3DHT11expectPulseEb
 .text._ZN15Adafruit_SensorC2Ev
                0x00001b60       0x2a src/libraries/DHT-sensor-library/DHT_U.o
                0x00001b60                _ZN15Adafruit_SensorC2Ev
                0x00001b60                _ZN15Adafruit_SensorC1Ev
 .text._ZN11DHT_UnifiedC2Ehhhll
                0x00001b8a       0xb0 src/libraries/DHT-sensor-library/DHT_U.o
                0x00001b8a                _ZN11DHT_UnifiedC2Ehhhll
                0x00001b8a                _ZN11DHT_UnifiedC1Ehhhll
 .text._ZN11DHT_Unified5beginEv
                0x00001c3a       0x24 src/libraries/DHT-sensor-library/DHT_U.o
                0x00001c3a                _ZN11DHT_Unified5beginEv
 .text._ZN11DHT_Unified7setNameEP8sensor_t
                0x00001c5e       0xc2 src/libraries/DHT-sensor-library/DHT_U.o
                0x00001c5e                _ZN11DHT_Unified7setNameEP8sensor_t
 .text._ZN11DHT_Unified11setMinDelayEP8sensor_t
                0x00001d20       0xc6 src/libraries/DHT-sensor-library/DHT_U.o
                0x00001d20                _ZN11DHT_Unified11setMinDelayEP8sensor_t
 .text._ZN11DHT_Unified11TemperatureC2EPS_l
                0x00001de6       0x70 src/libraries/DHT-sensor-library/DHT_U.o
                0x00001de6                _ZN11DHT_Unified11TemperatureC2EPS_l
                0x00001de6                _ZN11DHT_Unified11TemperatureC1EPS_l
 .text._ZN11DHT_Unified11Temperature8getEventEP15sensors_event_t
                0x00001e56       0xb4 src/libraries/DHT-sensor-library/DHT_U.o
                0x00001e56                _ZN11DHT_Unified11Temperature8getEventEP15sensors_event_t
 .text._ZN11DHT_Unified11Temperature9getSensorEP8sensor_t
                0x00001f0a      0x208 src/libraries/DHT-sensor-library/DHT_U.o
                0x00001f0a                _ZN11DHT_Unified11Temperature9getSensorEP8sensor_t
 .text._ZN11DHT_Unified8HumidityC2EPS_l
                0x00002112       0x70 src/libraries/DHT-sensor-library/DHT_U.o
                0x00002112                _ZN11DHT_Unified8HumidityC1EPS_l
                0x00002112                _ZN11DHT_Unified8HumidityC2EPS_l
 .text._ZN11DHT_Unified8Humidity8getEventEP15sensors_event_t
                0x00002182       0xb2 src/libraries/DHT-sensor-library/DHT_U.o
                0x00002182                _ZN11DHT_Unified8Humidity8getEventEP15sensors_event_t
 .text._ZN11DHT_Unified8Humidity9getSensorEP8sensor_t
                0x00002234      0x200 src/libraries/DHT-sensor-library/DHT_U.o
                0x00002234                _ZN11DHT_Unified8Humidity9getSensorEP8sensor_t
 .text._ZN11SPISettingsC2Emhh
                0x00002434       0x54 src/libraries/rfid/MFRC522.o
                0x00002434                _ZN11SPISettingsC1Emhh
                0x00002434                _ZN11SPISettingsC2Emhh
 .text._ZN11SPISettings16init_MightInlineEmhh
                0x00002488       0xfa src/libraries/rfid/MFRC522.o
                0x00002488                _ZN11SPISettings16init_MightInlineEmhh
 .text._ZN8SPIClass16beginTransactionE11SPISettings
                0x00002582       0x84 src/libraries/rfid/MFRC522.o
                0x00002582                _ZN8SPIClass16beginTransactionE11SPISettings
 .text._ZN8SPIClass8transferEh
                0x00002606       0x3e src/libraries/rfid/MFRC522.o
                0x00002606                _ZN8SPIClass8transferEh
 .text._ZN8SPIClass14endTransactionEv
                0x00002644       0x54 src/libraries/rfid/MFRC522.o
                0x00002644                _ZN8SPIClass14endTransactionEv
 .text._ZN7MFRC522C2Ehh
                0x00002698       0x38 src/libraries/rfid/MFRC522.o
                0x00002698                _ZN7MFRC522C2Ehh
                0x00002698                _ZN7MFRC522C1Ehh
 .text._ZN7MFRC52217PCD_WriteRegisterEhh
                0x000026d0       0x6a src/libraries/rfid/MFRC522.o
                0x000026d0                _ZN7MFRC52217PCD_WriteRegisterEhh
 .text._ZN7MFRC52217PCD_WriteRegisterEhhPh
                0x0000273a       0x98 src/libraries/rfid/MFRC522.o
                0x0000273a                _ZN7MFRC52217PCD_WriteRegisterEhhPh
 .text._ZN7MFRC52216PCD_ReadRegisterEh
                0x000027d2       0x6c src/libraries/rfid/MFRC522.o
                0x000027d2                _ZN7MFRC52216PCD_ReadRegisterEh
 .text._ZN7MFRC52216PCD_ReadRegisterEhhPhh
                0x0000283e      0x142 src/libraries/rfid/MFRC522.o
                0x0000283e                _ZN7MFRC52216PCD_ReadRegisterEhhPhh
 .text._ZN7MFRC52222PCD_SetRegisterBitMaskEhh
                0x00002980       0x44 src/libraries/rfid/MFRC522.o
                0x00002980                _ZN7MFRC52222PCD_SetRegisterBitMaskEhh
 .text._ZN7MFRC52224PCD_ClearRegisterBitMaskEhh
                0x000029c4       0x48 src/libraries/rfid/MFRC522.o
                0x000029c4                _ZN7MFRC52224PCD_ClearRegisterBitMaskEhh
 .text._ZN7MFRC52216PCD_CalculateCRCEPhhS0_
                0x00002a0c       0xe6 src/libraries/rfid/MFRC522.o
                0x00002a0c                _ZN7MFRC52216PCD_CalculateCRCEPhhS0_
 .text._ZN7MFRC5228PCD_InitEv
                0x00002af2       0xc2 src/libraries/rfid/MFRC522.o
                0x00002af2                _ZN7MFRC5228PCD_InitEv
 .text._ZN7MFRC5229PCD_ResetEv
                0x00002bb4       0x50 src/libraries/rfid/MFRC522.o
                0x00002bb4                _ZN7MFRC5229PCD_ResetEv
 .text._ZN7MFRC52213PCD_AntennaOnEv
                0x00002c04       0x44 src/libraries/rfid/MFRC522.o
                0x00002c04                _ZN7MFRC52213PCD_AntennaOnEv
 .text._ZN7MFRC52218PCD_TransceiveDataEPhhS0_S0_S0_hb
                0x00002c48       0x92 src/libraries/rfid/MFRC522.o
                0x00002c48                _ZN7MFRC52218PCD_TransceiveDataEPhhS0_S0_S0_hb
 .text._ZN7MFRC52223PCD_CommunicateWithPICCEhhPhhS0_S0_S0_hb
                0x00002cda      0x26c src/libraries/rfid/MFRC522.o
                0x00002cda                _ZN7MFRC52223PCD_CommunicateWithPICCEhhPhhS0_S0_S0_hb
 .text._ZN7MFRC52213PICC_RequestAEPhS0_
                0x00002f46       0x3a src/libraries/rfid/MFRC522.o
                0x00002f46                _ZN7MFRC52213PICC_RequestAEPhS0_
 .text._ZN7MFRC52217PICC_REQA_or_WUPAEhPhS0_
                0x00002f80       0xb8 src/libraries/rfid/MFRC522.o
                0x00002f80                _ZN7MFRC52217PICC_REQA_or_WUPAEhPhS0_
 .text._ZN7MFRC52211PICC_SelectEPNS_3UidEh
                0x00003038      0x4a8 src/libraries/rfid/MFRC522.o
                0x00003038                _ZN7MFRC52211PICC_SelectEPNS_3UidEh
 .text._ZN7MFRC52221PICC_IsNewCardPresentEv
                0x000034e0       0x4e src/libraries/rfid/MFRC522.o
                0x000034e0                _ZN7MFRC52221PICC_IsNewCardPresentEv
 .text._ZN7MFRC52219PICC_ReadCardSerialEv
                0x0000352e       0x34 src/libraries/rfid/MFRC522.o
                0x0000352e                _ZN7MFRC52219PICC_ReadCardSerialEv
 .text._ZL17handle_interrupts18timer16_Sequence_tPVjS1_
                0x00003562      0x2fc src/libraries/Servo/src/avr/Servo.o
 .text.__vector_17
                0x0000385e       0x6e src/libraries/Servo/src/avr/Servo.o
                0x0000385e                __vector_17
 .text.__vector_32
                0x000038cc       0x6e src/libraries/Servo/src/avr/Servo.o
                0x000038cc                __vector_32
 .text.__vector_42
                0x0000393a       0x6e src/libraries/Servo/src/avr/Servo.o
                0x0000393a                __vector_42
 .text.__vector_47
                0x000039a8       0x6e src/libraries/Servo/src/avr/Servo.o
                0x000039a8                __vector_47
 .text._ZL7initISR18timer16_Sequence_t
                0x00003a16       0xfe src/libraries/Servo/src/avr/Servo.o
 .text._ZL13isTimerActive18timer16_Sequence_t
                0x00003b14       0x6e src/libraries/Servo/src/avr/Servo.o
 .text._ZN5ServoC2Ev
                0x00003b82       0x68 src/libraries/Servo/src/avr/Servo.o
                0x00003b82                _ZN5ServoC1Ev
                0x00003b82                _ZN5ServoC2Ev
 .text._ZN5Servo6attachEi
                0x00003bea       0x34 src/libraries/Servo/src/avr/Servo.o
                0x00003bea                _ZN5Servo6attachEi
 .text._ZN5Servo6attachEiii
                0x00003c1e      0x122 src/libraries/Servo/src/avr/Servo.o
                0x00003c1e                _ZN5Servo6attachEiii
 .text._ZN5Servo5writeEi
                0x00003d40      0x124 src/libraries/Servo/src/avr/Servo.o
                0x00003d40                _ZN5Servo5writeEi
 .text._ZN5Servo17writeMicrosecondsEi
                0x00003e64      0x16c src/libraries/Servo/src/avr/Servo.o
                0x00003e64                _ZN5Servo17writeMicrosecondsEi
 .text._ZN5Servo4readEv
                0x00003fd0       0xea src/libraries/Servo/src/avr/Servo.o
                0x00003fd0                _ZN5Servo4readEv
 .text._ZN5Servo16readMicrosecondsEv
                0x000040ba       0x72 src/libraries/Servo/src/avr/Servo.o
                0x000040ba                _ZN5Servo16readMicrosecondsEv
 .text._ZN8SPIClass5beginEv
                0x0000412c      0x108 src/libraries/SPI/src/SPI.o
                0x0000412c                _ZN8SPIClass5beginEv
 .text.twi_init
                0x00004234       0x3c src/libraries/Wire/src/utility/twi.o
                0x00004234                twi_init
 .text.twi_disable
                0x00004270       0x1a src/libraries/Wire/src/utility/twi.o
                0x00004270                twi_disable
 .text.twi_transmit
                0x0000428a       0x50 src/libraries/Wire/src/utility/twi.o
                0x0000428a                twi_transmit
 .text.twi_attachSlaveRxEvent
                0x000042da        0xa src/libraries/Wire/src/utility/twi.o
                0x000042da                twi_attachSlaveRxEvent
 .text.twi_attachSlaveTxEvent
                0x000042e4        0xa src/libraries/Wire/src/utility/twi.o
                0x000042e4                twi_attachSlaveTxEvent
 .text.twi_releaseBus
                0x000042ee        0xc src/libraries/Wire/src/utility/twi.o
                0x000042ee                twi_releaseBus
 .text.twi_handleTimeout
                0x000042fa       0x28 src/libraries/Wire/src/utility/twi.o
                0x000042fa                twi_handleTimeout
 .text.twi_readFrom
                0x00004322      0x1ce src/libraries/Wire/src/utility/twi.o
                0x00004322                twi_readFrom
 .text.twi_writeTo
                0x000044f0      0x1de src/libraries/Wire/src/utility/twi.o
                0x000044f0                twi_writeTo
 .text.twi_stop
                0x000046ce       0x6e src/libraries/Wire/src/utility/twi.o
                0x000046ce                twi_stop
 .text.__vector_39
                0x0000473c      0x25c src/libraries/Wire/src/utility/twi.o
                0x0000473c                __vector_39
 .text._ZN5Print13setWriteErrorEi
                0x00004998       0x32 src/libraries/Wire/src/Wire.o
                0x00004998                _ZN5Print13setWriteErrorEi
 .text._ZN5PrintC2Ev
                0x000049ca       0x34 src/libraries/Wire/src/Wire.o
                0x000049ca                _ZN5PrintC2Ev
                0x000049ca                _ZN5PrintC1Ev
 .text._ZN5Print17availableForWriteEv
                0x000049fe       0x1e src/libraries/Wire/src/Wire.o
                0x000049fe                _ZN5Print17availableForWriteEv
 .text._ZN5Print5flushEv
                0x00004a1c       0x1c src/libraries/Wire/src/Wire.o
                0x00004a1c                _ZN5Print5flushEv
 .text._ZN6StreamC2Ev
                0x00004a38       0x46 src/libraries/Wire/src/Wire.o
                0x00004a38                _ZN6StreamC1Ev
                0x00004a38                _ZN6StreamC2Ev
 .text._ZN7TwoWireC2Ev
                0x00004a7e       0x30 src/libraries/Wire/src/Wire.o
                0x00004a7e                _ZN7TwoWireC1Ev
                0x00004a7e                _ZN7TwoWireC2Ev
 .text._ZN7TwoWire5beginEv
                0x00004aae       0x3a src/libraries/Wire/src/Wire.o
                0x00004aae                _ZN7TwoWire5beginEv
 .text._ZN7TwoWire11requestFromEhhmhh
                0x00004ae8       0xea src/libraries/Wire/src/Wire.o
                0x00004ae8                _ZN7TwoWire11requestFromEhhmhh
 .text._ZN7TwoWire11requestFromEhhh
                0x00004bd2       0x4c src/libraries/Wire/src/Wire.o
                0x00004bd2                _ZN7TwoWire11requestFromEhhh
 .text._ZN7TwoWire11requestFromEii
                0x00004c1e       0x38 src/libraries/Wire/src/Wire.o
                0x00004c1e                _ZN7TwoWire11requestFromEii
 .text._ZN7TwoWire17beginTransmissionEh
                0x00004c56       0x32 src/libraries/Wire/src/Wire.o
                0x00004c56                _ZN7TwoWire17beginTransmissionEh
 .text._ZN7TwoWire17beginTransmissionEi
                0x00004c88       0x2e src/libraries/Wire/src/Wire.o
                0x00004c88                _ZN7TwoWire17beginTransmissionEi
 .text._ZN7TwoWire15endTransmissionEh
                0x00004cb6       0x48 src/libraries/Wire/src/Wire.o
                0x00004cb6                _ZN7TwoWire15endTransmissionEh
 .text._ZN7TwoWire15endTransmissionEv
                0x00004cfe       0x22 src/libraries/Wire/src/Wire.o
                0x00004cfe                _ZN7TwoWire15endTransmissionEv
 .text._ZN7TwoWire5writeEh
                0x00004d20       0x6e src/libraries/Wire/src/Wire.o
                0x00004d20                _ZN7TwoWire5writeEh
 .text._ZN7TwoWire5writeEPKhj
                0x00004d8e       0x90 src/libraries/Wire/src/Wire.o
                0x00004d8e                _ZN7TwoWire5writeEPKhj
 .text._ZN7TwoWire9availableEv
                0x00004e1e       0x32 src/libraries/Wire/src/Wire.o
                0x00004e1e                _ZN7TwoWire9availableEv
 .text._ZN7TwoWire4readEv
                0x00004e50       0x58 src/libraries/Wire/src/Wire.o
                0x00004e50                _ZN7TwoWire4readEv
 .text._ZN7TwoWire4peekEv
                0x00004ea8       0x4e src/libraries/Wire/src/Wire.o
                0x00004ea8                _ZN7TwoWire4peekEv
 .text._ZN7TwoWire5flushEv
                0x00004ef6       0x1c src/libraries/Wire/src/Wire.o
                0x00004ef6                _ZN7TwoWire5flushEv
 .text._ZN7TwoWire16onReceiveServiceEPhi
                0x00004f12       0x9a src/libraries/Wire/src/Wire.o
                0x00004f12                _ZN7TwoWire16onReceiveServiceEPhi
 .text._ZN7TwoWire16onRequestServiceEv
                0x00004fac       0x32 src/libraries/Wire/src/Wire.o
                0x00004fac                _ZN7TwoWire16onRequestServiceEv
 .text._Z41__static_initialization_and_destruction_0ii
                0x00004fde       0x3a src/libraries/Wire/src/Wire.o
 .text._GLOBAL__sub_I__ZN7TwoWire8rxBufferE
                0x00005018       0x18 src/libraries/Wire/src/Wire.o
 .text.avr-libc.fplib
                0x00005030        0xa c:/program files (x86)/atmel/studio/7.0/toolchain/avr8/avr8-gnu-toolchain/bin/../lib/gcc/avr/5.4.0/../../../../avr/lib/avr6\libm.a(addsf3.o)
                0x00005030                __subsf3
                0x00005032                __addsf3
 .text.avr-libc.fplib
                0x0000503a       0xc0 c:/program files (x86)/atmel/studio/7.0/toolchain/avr8/avr8-gnu-toolchain/bin/../lib/gcc/avr/5.4.0/../../../../avr/lib/avr6\libm.a(addsf3x.o)
                0x00005054                __addsf3x
 .text.avr-libc.fplib
                0x000050fa        0xa c:/program files (x86)/atmel/studio/7.0/toolchain/avr8/avr8-gnu-toolchain/bin/../lib/gcc/avr/5.4.0/../../../../avr/lib/avr6\libm.a(fixsfsi.o)
                0x000050fa                __fixsfsi
 .text.avr-libc.fplib
                0x00005104       0x58 c:/program files (x86)/atmel/studio/7.0/toolchain/avr8/avr8-gnu-toolchain/bin/../lib/gcc/avr/5.4.0/../../../../avr/lib/avr6\libm.a(fixunssfsi.o)
                0x00005104                __fixunssfsi
 .text.avr-libc.fplib
                0x0000515c       0x7a c:/program files (x86)/atmel/studio/7.0/toolchain/avr8/avr8-gnu-toolchain/bin/../lib/gcc/avr/5.4.0/../../../../avr/lib/avr6\libm.a(floatsisf.o)
                0x0000515c                __floatunsisf
                0x00005160                __floatsisf
 .text.avr-libc.fplib
                0x000051d6       0x48 c:/program files (x86)/atmel/studio/7.0/toolchain/avr8/avr8-gnu-toolchain/bin/../lib/gcc/avr/5.4.0/../../../../avr/lib/avr6\libm.a(fp_cmp.o)
                0x000051d6                __fp_cmp
 .text.avr-libc.fplib
                0x0000521e        0xc c:/program files (x86)/atmel/studio/7.0/toolchain/avr8/avr8-gnu-toolchain/bin/../lib/gcc/avr/5.4.0/../../../../avr/lib/avr6\libm.a(fp_inf.o)
                0x0000521e                __fp_inf
 .text.avr-libc.fplib
                0x0000522a        0x6 c:/program files (x86)/atmel/studio/7.0/toolchain/avr8/avr8-gnu-toolchain/bin/../lib/gcc/avr/5.4.0/../../../../avr/lib/avr6\libm.a(fp_nan.o)
                0x0000522a                __fp_nan
 .text.avr-libc.fplib
                0x00005230        0xe c:/program files (x86)/atmel/studio/7.0/toolchain/avr8/avr8-gnu-toolchain/bin/../lib/gcc/avr/5.4.0/../../../../avr/lib/avr6\libm.a(fp_pscA.o)
                0x00005230                __fp_pscA
 .text.avr-libc.fplib
                0x0000523e        0xe c:/program files (x86)/atmel/studio/7.0/toolchain/avr8/avr8-gnu-toolchain/bin/../lib/gcc/avr/5.4.0/../../../../avr/lib/avr6\libm.a(fp_pscB.o)
                0x0000523e                __fp_pscB
 .text.avr-libc.fplib
                0x0000524c       0x22 c:/program files (x86)/atmel/studio/7.0/toolchain/avr8/avr8-gnu-toolchain/bin/../lib/gcc/avr/5.4.0/../../../../avr/lib/avr6\libm.a(fp_round.o)
                0x0000524c                __fp_round
 .text.avr-libc.fplib
                0x0000526e       0x44 c:/program files (x86)/atmel/studio/7.0/toolchain/avr8/avr8-gnu-toolchain/bin/../lib/gcc/avr/5.4.0/../../../../avr/lib/avr6\libm.a(fp_split3.o)
                0x0000526e                __fp_split3
                0x0000527e                __fp_splitA
 .text.avr-libc.fplib
                0x000052b2        0xe c:/program files (x86)/atmel/studio/7.0/toolchain/avr8/avr8-gnu-toolchain/bin/../lib/gcc/avr/5.4.0/../../../../avr/lib/avr6\libm.a(fp_zero.o)
                0x000052b2                __fp_zero
                0x000052b4                __fp_szero
 .text.avr-libc.fplib
                0x000052c0        0x4 c:/program files (x86)/atmel/studio/7.0/toolchain/avr8/avr8-gnu-toolchain/bin/../lib/gcc/avr/5.4.0/../../../../avr/lib/avr6\libm.a(mulsf3.o)
                0x000052c0                __mulsf3
 .text.avr-libc.fplib
                0x000052c4       0xc2 c:/program files (x86)/atmel/studio/7.0/toolchain/avr8/avr8-gnu-toolchain/bin/../lib/gcc/avr/5.4.0/../../../../avr/lib/avr6\libm.a(mulsf3x.o)
                0x000052d8                __mulsf3x
                0x000052dc                __mulsf3_pse
 .text.avr-libc.fplib
                0x00005386        0x8 c:/program files (x86)/atmel/studio/7.0/toolchain/avr8/avr8-gnu-toolchain/bin/../lib/gcc/avr/5.4.0/../../../../avr/lib/avr6\libm.a(unordsf2.o)
                0x00005386                __unordsf2
 .text.__cxa_pure_virtual
                0x0000538e        0x4 C:\Users\kasjac\Desktop\Skole\H5\UGE03-~1\PROJEC~1\DETINT~1\ATMELM~1\ARDUIN~1\Debug\libArduinoCore.a(abi.o)
                0x0000538e                __cxa_pure_virtual
 .text._ZN14HardwareSerial9availableEv
                0x00005392       0x18 C:\Users\kasjac\Desktop\Skole\H5\UGE03-~1\PROJEC~1\DETINT~1\ATMELM~1\ARDUIN~1\Debug\libArduinoCore.a(HardwareSerial.o)
                0x00005392                _ZN14HardwareSerial9availableEv
 .text._ZN14HardwareSerial4peekEv
                0x000053aa       0x1c C:\Users\kasjac\Desktop\Skole\H5\UGE03-~1\PROJEC~1\DETINT~1\ATMELM~1\ARDUIN~1\Debug\libArduinoCore.a(HardwareSerial.o)
                0x000053aa                _ZN14HardwareSerial4peekEv
 .text._ZN14HardwareSerial4readEv
                0x000053c6       0x28 C:\Users\kasjac\Desktop\Skole\H5\UGE03-~1\PROJEC~1\DETINT~1\ATMELM~1\ARDUIN~1\Debug\libArduinoCore.a(HardwareSerial.o)
                0x000053c6                _ZN14HardwareSerial4readEv
 .text._ZN14HardwareSerial17availableForWriteEv
                0x000053ee       0x1e C:\Users\kasjac\Desktop\Skole\H5\UGE03-~1\PROJEC~1\DETINT~1\ATMELM~1\ARDUIN~1\Debug\libArduinoCore.a(HardwareSerial.o)
                0x000053ee                _ZN14HardwareSerial17availableForWriteEv
 .text._Z14serialEventRunv
                0x0000540c       0x78 C:\Users\kasjac\Desktop\Skole\H5\UGE03-~1\PROJEC~1\DETINT~1\ATMELM~1\ARDUIN~1\Debug\libArduinoCore.a(HardwareSerial.o)
                0x0000540c                _Z14serialEventRunv
 .text._ZN14HardwareSerial17_tx_udr_empty_irqEv
                0x00005484       0x44 C:\Users\kasjac\Desktop\Skole\H5\UGE03-~1\PROJEC~1\DETINT~1\ATMELM~1\ARDUIN~1\Debug\libArduinoCore.a(HardwareSerial.o)
                0x00005484                _ZN14HardwareSerial17_tx_udr_empty_irqEv
 .text._ZN14HardwareSerial5writeEh
                0x000054c8       0x98 C:\Users\kasjac\Desktop\Skole\H5\UGE03-~1\PROJEC~1\DETINT~1\ATMELM~1\ARDUIN~1\Debug\libArduinoCore.a(HardwareSerial.o)
                0x000054c8                _ZN14HardwareSerial5writeEh
 .text._ZN14HardwareSerial5flushEv
                0x00005560       0x42 C:\Users\kasjac\Desktop\Skole\H5\UGE03-~1\PROJEC~1\DETINT~1\ATMELM~1\ARDUIN~1\Debug\libArduinoCore.a(HardwareSerial.o)
                0x00005560                _ZN14HardwareSerial5flushEv
 .text._ZN14HardwareSerial5beginEmh
                0x000055a2       0xc6 C:\Users\kasjac\Desktop\Skole\H5\UGE03-~1\PROJEC~1\DETINT~1\ATMELM~1\ARDUIN~1\Debug\libArduinoCore.a(HardwareSerial.o)
                0x000055a2                _ZN14HardwareSerial5beginEmh
 .text.__vector_25
                0x00005668       0x6c C:\Users\kasjac\Desktop\Skole\H5\UGE03-~1\PROJEC~1\DETINT~1\ATMELM~1\ARDUIN~1\Debug\libArduinoCore.a(HardwareSerial0.o)
                0x00005668                __vector_25
 .text.__vector_26
                0x000056d4       0x52 C:\Users\kasjac\Desktop\Skole\H5\UGE03-~1\PROJEC~1\DETINT~1\ATMELM~1\ARDUIN~1\Debug\libArduinoCore.a(HardwareSerial0.o)
                0x000056d4                __vector_26
 .text._Z17Serial0_availablev
                0x00005726       0x12 C:\Users\kasjac\Desktop\Skole\H5\UGE03-~1\PROJEC~1\DETINT~1\ATMELM~1\ARDUIN~1\Debug\libArduinoCore.a(HardwareSerial0.o)
                0x00005726                _Z17Serial0_availablev
 .text.startup._GLOBAL__sub_I___vector_25
                0x00005738       0x5a C:\Users\kasjac\Desktop\Skole\H5\UGE03-~1\PROJEC~1\DETINT~1\ATMELM~1\ARDUIN~1\Debug\libArduinoCore.a(HardwareSerial0.o)
 .text.initVariant
                0x00005792        0x2 C:\Users\kasjac\Desktop\Skole\H5\UGE03-~1\PROJEC~1\DETINT~1\ATMELM~1\ARDUIN~1\Debug\libArduinoCore.a(main.o)
                0x00005792                initVariant
 .text.startup.main
                0x00005794       0x18 C:\Users\kasjac\Desktop\Skole\H5\UGE03-~1\PROJEC~1\DETINT~1\ATMELM~1\ARDUIN~1\Debug\libArduinoCore.a(main.o)
                0x00005794                main
 .text._ZdlPv   0x000057ac        0x2 C:\Users\kasjac\Desktop\Skole\H5\UGE03-~1\PROJEC~1\DETINT~1\ATMELM~1\ARDUIN~1\Debug\libArduinoCore.a(new.o)
                0x000057ac                _ZdlPv
 .text._ZN5Print5writeEPKhj
                0x000057ae       0x54 C:\Users\kasjac\Desktop\Skole\H5\UGE03-~1\PROJEC~1\DETINT~1\ATMELM~1\ARDUIN~1\Debug\libArduinoCore.a(Print.o)
                0x000057ae                _ZN5Print5writeEPKhj
 .text._ZN5Print5printEPKc
                0x00005802        0x4 C:\Users\kasjac\Desktop\Skole\H5\UGE03-~1\PROJEC~1\DETINT~1\ATMELM~1\ARDUIN~1\Debug\libArduinoCore.a(Print.o)
                0x00005802                _ZN5Print5printEPKc
 .text._ZN5Print7printlnEv
                0x00005806        0x8 C:\Users\kasjac\Desktop\Skole\H5\UGE03-~1\PROJEC~1\DETINT~1\ATMELM~1\ARDUIN~1\Debug\libArduinoCore.a(Print.o)
                0x00005806                _ZN5Print7printlnEv
 .text._ZN5Print7printlnEPKc
                0x0000580e       0x22 C:\Users\kasjac\Desktop\Skole\H5\UGE03-~1\PROJEC~1\DETINT~1\ATMELM~1\ARDUIN~1\Debug\libArduinoCore.a(Print.o)
                0x0000580e                _ZN5Print7printlnEPKc
 .text._ZN5Print11printNumberEmh
                0x00005830       0x90 C:\Users\kasjac\Desktop\Skole\H5\UGE03-~1\PROJEC~1\DETINT~1\ATMELM~1\ARDUIN~1\Debug\libArduinoCore.a(Print.o)
                0x00005830                _ZN5Print11printNumberEmh
 .text._ZN5Print5printEmi
                0x000058c0       0x18 C:\Users\kasjac\Desktop\Skole\H5\UGE03-~1\PROJEC~1\DETINT~1\ATMELM~1\ARDUIN~1\Debug\libArduinoCore.a(Print.o)
                0x000058c0                _ZN5Print5printEmi
 .text._ZN5Print5printEhi
                0x000058d8        0xc C:\Users\kasjac\Desktop\Skole\H5\UGE03-~1\PROJEC~1\DETINT~1\ATMELM~1\ARDUIN~1\Debug\libArduinoCore.a(Print.o)
                0x000058d8                _ZN5Print5printEhi
 .text.__vector_23
                0x000058e4       0x94 C:\Users\kasjac\Desktop\Skole\H5\UGE03-~1\PROJEC~1\DETINT~1\ATMELM~1\ARDUIN~1\Debug\libArduinoCore.a(wiring.o)
                0x000058e4                __vector_23
 .text.millis   0x00005978       0x18 C:\Users\kasjac\Desktop\Skole\H5\UGE03-~1\PROJEC~1\DETINT~1\ATMELM~1\ARDUIN~1\Debug\libArduinoCore.a(wiring.o)
                0x00005978                millis
 .text.micros   0x00005990       0x4a C:\Users\kasjac\Desktop\Skole\H5\UGE03-~1\PROJEC~1\DETINT~1\ATMELM~1\ARDUIN~1\Debug\libArduinoCore.a(wiring.o)
                0x00005990                micros
 .text.delay    0x000059da       0x72 C:\Users\kasjac\Desktop\Skole\H5\UGE03-~1\PROJEC~1\DETINT~1\ATMELM~1\ARDUIN~1\Debug\libArduinoCore.a(wiring.o)
                0x000059da                delay
 .text.delayMicroseconds
                0x00005a4c       0x16 C:\Users\kasjac\Desktop\Skole\H5\UGE03-~1\PROJEC~1\DETINT~1\ATMELM~1\ARDUIN~1\Debug\libArduinoCore.a(wiring.o)
                0x00005a4c                delayMicroseconds
 .text.init     0x00005a62       0xc4 C:\Users\kasjac\Desktop\Skole\H5\UGE03-~1\PROJEC~1\DETINT~1\ATMELM~1\ARDUIN~1\Debug\libArduinoCore.a(wiring.o)
                0x00005a62                init
 .text.turnOffPWM
                0x00005b26       0xaa C:\Users\kasjac\Desktop\Skole\H5\UGE03-~1\PROJEC~1\DETINT~1\ATMELM~1\ARDUIN~1\Debug\libArduinoCore.a(wiring_digital.o)
 .text.pinMode  0x00005bd0       0x78 C:\Users\kasjac\Desktop\Skole\H5\UGE03-~1\PROJEC~1\DETINT~1\ATMELM~1\ARDUIN~1\Debug\libArduinoCore.a(wiring_digital.o)
                0x00005bd0                pinMode
 .text.digitalWrite
                0x00005c48       0x5c C:\Users\kasjac\Desktop\Skole\H5\UGE03-~1\PROJEC~1\DETINT~1\ATMELM~1\ARDUIN~1\Debug\libArduinoCore.a(wiring_digital.o)
                0x00005c48                digitalWrite
 .text.digitalRead
                0x00005ca4       0x50 C:\Users\kasjac\Desktop\Skole\H5\UGE03-~1\PROJEC~1\DETINT~1\ATMELM~1\ARDUIN~1\Debug\libArduinoCore.a(wiring_digital.o)
                0x00005ca4                digitalRead
 .text._Z3maplllll
                0x00005cf4       0x7e C:\Users\kasjac\Desktop\Skole\H5\UGE03-~1\PROJEC~1\DETINT~1\ATMELM~1\ARDUIN~1\Debug\libArduinoCore.a(WMath.o)
                0x00005cf4                _Z3maplllll
 .text._ZN6StringD2Ev
                0x00005d72        0xe C:\Users\kasjac\Desktop\Skole\H5\UGE03-~1\PROJEC~1\DETINT~1\ATMELM~1\ARDUIN~1\Debug\libArduinoCore.a(WString.o)
                0x00005d72                _ZN6StringD2Ev
                0x00005d72                _ZN6StringD1Ev
 .text._ZN6String10invalidateEv
                0x00005d80       0x22 C:\Users\kasjac\Desktop\Skole\H5\UGE03-~1\PROJEC~1\DETINT~1\ATMELM~1\ARDUIN~1\Debug\libArduinoCore.a(WString.o)
                0x00005d80                _ZN6String10invalidateEv
 .text._ZN6String12changeBufferEj
                0x00005da2       0x32 C:\Users\kasjac\Desktop\Skole\H5\UGE03-~1\PROJEC~1\DETINT~1\ATMELM~1\ARDUIN~1\Debug\libArduinoCore.a(WString.o)
                0x00005da2                _ZN6String12changeBufferEj
 .text._ZN6String7reserveEj
                0x00005dd4       0x36 C:\Users\kasjac\Desktop\Skole\H5\UGE03-~1\PROJEC~1\DETINT~1\ATMELM~1\ARDUIN~1\Debug\libArduinoCore.a(WString.o)
                0x00005dd4                _ZN6String7reserveEj
 .text._ZN6String4copyEPKcj
                0x00005e0a       0x3c C:\Users\kasjac\Desktop\Skole\H5\UGE03-~1\PROJEC~1\DETINT~1\ATMELM~1\ARDUIN~1\Debug\libArduinoCore.a(WString.o)
                0x00005e0a                _ZN6String4copyEPKcj
 .text._ZN6StringC2EPKc
                0x00005e46       0x28 C:\Users\kasjac\Desktop\Skole\H5\UGE03-~1\PROJEC~1\DETINT~1\ATMELM~1\ARDUIN~1\Debug\libArduinoCore.a(WString.o)
                0x00005e46                _ZN6StringC2EPKc
                0x00005e46                _ZN6StringC1EPKc
 .text._ZN6StringaSEPKc
                0x00005e6e       0x2a C:\Users\kasjac\Desktop\Skole\H5\UGE03-~1\PROJEC~1\DETINT~1\ATMELM~1\ARDUIN~1\Debug\libArduinoCore.a(WString.o)
                0x00005e6e                _ZN6StringaSEPKc
 .text._ZN6StringC2Ehh
                0x00005e98       0x56 C:\Users\kasjac\Desktop\Skole\H5\UGE03-~1\PROJEC~1\DETINT~1\ATMELM~1\ARDUIN~1\Debug\libArduinoCore.a(WString.o)
                0x00005e98                _ZN6StringC2Ehh
                0x00005e98                _ZN6StringC1Ehh
 .text._ZN6String6concatEPKcj
                0x00005eee       0x58 C:\Users\kasjac\Desktop\Skole\H5\UGE03-~1\PROJEC~1\DETINT~1\ATMELM~1\ARDUIN~1\Debug\libArduinoCore.a(WString.o)
                0x00005eee                _ZN6String6concatEPKcj
 .text._ZN6String6concatERKS_
                0x00005f46        0xc C:\Users\kasjac\Desktop\Skole\H5\UGE03-~1\PROJEC~1\DETINT~1\ATMELM~1\ARDUIN~1\Debug\libArduinoCore.a(WString.o)
                0x00005f46                _ZN6String6concatERKS_
 .text._ZN6String6concatEc
                0x00005f52       0x26 C:\Users\kasjac\Desktop\Skole\H5\UGE03-~1\PROJEC~1\DETINT~1\ATMELM~1\ARDUIN~1\Debug\libArduinoCore.a(WString.o)
                0x00005f52                _ZN6String6concatEc
 .text._ZNK6String9compareToERKS_
                0x00005f78       0x5e C:\Users\kasjac\Desktop\Skole\H5\UGE03-~1\PROJEC~1\DETINT~1\ATMELM~1\ARDUIN~1\Debug\libArduinoCore.a(WString.o)
                0x00005f78                _ZNK6String9compareToERKS_
 .text._ZNK6String6equalsERKS_
                0x00005fd6       0x20 C:\Users\kasjac\Desktop\Skole\H5\UGE03-~1\PROJEC~1\DETINT~1\ATMELM~1\ARDUIN~1\Debug\libArduinoCore.a(WString.o)
                0x00005fd6                _ZNK6String6equalsERKS_
 .text._ZNK6String6equalsEPKc
                0x00005ff6       0x3c C:\Users\kasjac\Desktop\Skole\H5\UGE03-~1\PROJEC~1\DETINT~1\ATMELM~1\ARDUIN~1\Debug\libArduinoCore.a(WString.o)
                0x00005ff6                _ZNK6String6equalsEPKc
 .text._ZNK6String9substringEjj
                0x00006032       0x86 C:\Users\kasjac\Desktop\Skole\H5\UGE03-~1\PROJEC~1\DETINT~1\ATMELM~1\ARDUIN~1\Debug\libArduinoCore.a(WString.o)
                0x00006032                _ZNK6String9substringEjj
 .text._ZN6String11toUpperCaseEv
                0x000060b8       0x22 C:\Users\kasjac\Desktop\Skole\H5\UGE03-~1\PROJEC~1\DETINT~1\ATMELM~1\ARDUIN~1\Debug\libArduinoCore.a(WString.o)
                0x000060b8                _ZN6String11toUpperCaseEv
 .text.__empty  0x000060da        0x2 C:\Users\kasjac\Desktop\Skole\H5\UGE03-~1\PROJEC~1\DETINT~1\ATMELM~1\ARDUIN~1\Debug\libArduinoCore.a(hooks.o)
                0x000060da                yield
 .text.libgcc.mul
                0x000060dc       0x1e c:/program files (x86)/atmel/studio/7.0/toolchain/avr8/avr8-gnu-toolchain/bin/../lib/gcc/avr/5.4.0/avr6\libgcc.a(_mulsi3.o)
                0x000060dc                __mulsi3
 .text.libgcc.div
                0x000060fa       0x44 c:/program files (x86)/atmel/studio/7.0/toolchain/avr8/avr8-gnu-toolchain/bin/../lib/gcc/avr/5.4.0/avr6\libgcc.a(_udivmodsi4.o)
                0x000060fa                __udivmodsi4
 .text.libgcc.div
                0x0000613e       0x28 c:/program files (x86)/atmel/studio/7.0/toolchain/avr8/avr8-gnu-toolchain/bin/../lib/gcc/avr/5.4.0/avr6\libgcc.a(_divmodsi4.o)
                0x0000613e                __divmodsi4
 .text.libgcc.div
                0x00006166       0x10 c:/program files (x86)/atmel/studio/7.0/toolchain/avr8/avr8-gnu-toolchain/bin/../lib/gcc/avr/5.4.0/avr6\libgcc.a(_negsi2.o)
                0x00006166                __negsi2
 .text.libgcc   0x00006176       0x10 c:/program files (x86)/atmel/studio/7.0/toolchain/avr8/avr8-gnu-toolchain/bin/../lib/gcc/avr/5.4.0/avr6\libgcc.a(_tablejump2.o)
                0x00006176                __tablejump2__
 .text.libgcc.mul
                0x00006186       0x14 c:/program files (x86)/atmel/studio/7.0/toolchain/avr8/avr8-gnu-toolchain/bin/../lib/gcc/avr/5.4.0/avr6\libgcc.a(_muluhisi3.o)
                0x00006186                __muluhisi3
 .text.libgcc.mul
                0x0000619a       0x1e c:/program files (x86)/atmel/studio/7.0/toolchain/avr8/avr8-gnu-toolchain/bin/../lib/gcc/avr/5.4.0/avr6\libgcc.a(_umulhisi3.o)
                0x0000619a                __umulhisi3
 .text.avr-libc
                0x000061b8      0x242 c:/program files (x86)/atmel/studio/7.0/toolchain/avr8/avr8-gnu-toolchain/bin/../lib/gcc/avr/5.4.0/../../../../avr/lib/avr6\libc.a(malloc.o)
                0x000061b8                malloc
                0x000062e8                free
 .text.avr-libc
                0x000063fa      0x1c0 c:/program files (x86)/atmel/studio/7.0/toolchain/avr8/avr8-gnu-toolchain/bin/../lib/gcc/avr/5.4.0/../../../../avr/lib/avr6\libc.a(realloc.o)
                0x000063fa                realloc
 .text.avr-libc
                0x000065ba        0x8 c:/program files (x86)/atmel/studio/7.0/toolchain/avr8/avr8-gnu-toolchain/bin/../lib/gcc/avr/5.4.0/../../../../avr/lib/avr6\libc.a(abort.o)
                0x000065ba                abort
 .text.avr-libc
                0x000065c2       0x10 c:/program files (x86)/atmel/studio/7.0/toolchain/avr8/avr8-gnu-toolchain/bin/../lib/gcc/avr/5.4.0/../../../../avr/lib/avr6\libc.a(toupper.o)
                0x000065c2                toupper
 .text.avr-libc
                0x000065d2       0x12 c:/program files (x86)/atmel/studio/7.0/toolchain/avr8/avr8-gnu-toolchain/bin/../lib/gcc/avr/5.4.0/../../../../avr/lib/avr6\libc.a(memcpy.o)
                0x000065d2                memcpy
 .text.avr-libc
                0x000065e4        0xe c:/program files (x86)/atmel/studio/7.0/toolchain/avr8/avr8-gnu-toolchain/bin/../lib/gcc/avr/5.4.0/../../../../avr/lib/avr6\libc.a(memset.o)
                0x000065e4                memset
 .text.avr-libc
                0x000065f2       0x12 c:/program files (x86)/atmel/studio/7.0/toolchain/avr8/avr8-gnu-toolchain/bin/../lib/gcc/avr/5.4.0/../../../../avr/lib/avr6\libc.a(strcmp.o)
                0x000065f2                strcmp
 .text.avr-libc
                0x00006604        0xe c:/program files (x86)/atmel/studio/7.0/toolchain/avr8/avr8-gnu-toolchain/bin/../lib/gcc/avr/5.4.0/../../../../avr/lib/avr6\libc.a(strcpy.o)
                0x00006604                strcpy
 .text.avr-libc
                0x00006612       0x12 c:/program files (x86)/atmel/studio/7.0/toolchain/avr8/avr8-gnu-toolchain/bin/../lib/gcc/avr/5.4.0/../../../../avr/lib/avr6\libc.a(strlen.o)
                0x00006612                strlen
 .text.avr-libc
                0x00006624       0x1e c:/program files (x86)/atmel/studio/7.0/toolchain/avr8/avr8-gnu-toolchain/bin/../lib/gcc/avr/5.4.0/../../../../avr/lib/avr6\libc.a(strncpy.o)
                0x00006624                strncpy
 .text.avr-libc
                0x00006642       0x14 c:/program files (x86)/atmel/studio/7.0/toolchain/avr8/avr8-gnu-toolchain/bin/../lib/gcc/avr/5.4.0/../../../../avr/lib/avr6\libc.a(utoa.o)
                0x00006642                __utoa
                0x00006642                utoa
 .text.avr-libc
                0x00006656       0x32 c:/program files (x86)/atmel/studio/7.0/toolchain/avr8/avr8-gnu-toolchain/bin/../lib/gcc/avr/5.4.0/../../../../avr/lib/avr6\libc.a(utoa_ncheck.o)
                0x00006656                __utoa_ncheck
                0x00006658                __utoa_common
 .text.avr-libc
                0x00006688       0x20 c:/program files (x86)/atmel/studio/7.0/toolchain/avr8/avr8-gnu-toolchain/bin/../lib/gcc/avr/5.4.0/../../../../avr/lib/avr6\libc.a(strrev.o)
                0x00006688                strrev
                0x000066a8                . = ALIGN (0x2)
 *(.fini9)
 .fini9         0x000066a8        0x0 c:/program files (x86)/atmel/studio/7.0/toolchain/avr8/avr8-gnu-toolchain/bin/../lib/gcc/avr/5.4.0/avr6\libgcc.a(_exit.o)
                0x000066a8                _exit
                0x000066a8                exit
 *(.fini9)
 *(.fini8)
 *(.fini8)
 *(.fini7)
 *(.fini7)
 *(.fini6)
 .fini6         0x000066a8       0x1e c:/program files (x86)/atmel/studio/7.0/toolchain/avr8/avr8-gnu-toolchain/bin/../lib/gcc/avr/5.4.0/avr6\libgcc.a(_dtors.o)
                0x000066a8                __do_global_dtors
 *(.fini6)
 *(.fini5)
 *(.fini5)
 *(.fini4)
 *(.fini4)
 *(.fini3)
 *(.fini3)
 *(.fini2)
 *(.fini2)
 *(.fini1)
 *(.fini1)
 *(.fini0)
 .fini0         0x000066c6        0x4 c:/program files (x86)/atmel/studio/7.0/toolchain/avr8/avr8-gnu-toolchain/bin/../lib/gcc/avr/5.4.0/avr6\libgcc.a(_exit.o)
 *(.fini0)
                0x000066ca                _etext = .

.data           0x00800200       0xee load address 0x000066ca
                0x00800200                PROVIDE (__data_start, .)
 *(.data)
 .data          0x00800200        0x6 c:/program files (x86)/atmel/studio/7.0/toolchain/avr8/avr8-gnu-toolchain/bin/../lib/gcc/avr/5.4.0/../../../../avr/lib/avr6\libc.a(malloc.o)
                0x00800200                __malloc_heap_end
                0x00800202                __malloc_heap_start
                0x00800204                __malloc_margin
 *(.data*)
 .data.BIP_PIN  0x00800206        0x2 main.o
                0x00800206                BIP_PIN
 .data.Servo_pin
                0x00800208        0x2 main.o
                0x00800208                Servo_pin
 .data.RFID_GREEN_LED
                0x0080020a        0x2 main.o
                0x0080020a                RFID_GREEN_LED
 .data.RFID_RED_LED
                0x0080020c        0x2 main.o
                0x0080020c                RFID_RED_LED
 *(.gnu.linkonce.d*)
 *(.rodata)
 .rodata        0x0080020e       0x47 main.o
 .rodata        0x00800255       0x1d src/libraries/DHT-sensor-library/DHT_U.o
 *(.rodata*)
 .rodata._ZTV15Adafruit_Sensor
                0x00800272        0xe main.o
                0x00800272                _ZTV15Adafruit_Sensor
 .rodata._ZTVN11DHT_Unified8HumidityE
                0x00800280        0xe src/libraries/DHT-sensor-library/DHT_U.o
                0x00800280                _ZTVN11DHT_Unified8HumidityE
 .rodata._ZTVN11DHT_Unified11TemperatureE
                0x0080028e        0xe src/libraries/DHT-sensor-library/DHT_U.o
                0x0080028e                _ZTVN11DHT_Unified11TemperatureE
 .rodata._ZTV7TwoWire
                0x0080029c       0x12 src/libraries/Wire/src/Wire.o
                0x0080029c                _ZTV7TwoWire
 .rodata._ZTV6Stream
                0x008002ae       0x12 src/libraries/Wire/src/Wire.o
                0x008002ae                _ZTV6Stream
 .rodata._ZTV14HardwareSerial
                0x008002c0       0x12 C:\Users\kasjac\Desktop\Skole\H5\UGE03-~1\PROJEC~1\DETINT~1\ATMELM~1\ARDUIN~1\Debug\libArduinoCore.a(HardwareSerial.o)
                0x008002c0                _ZTV14HardwareSerial
 .rodata.str1.1
                0x008002d2        0xf C:\Users\kasjac\Desktop\Skole\H5\UGE03-~1\PROJEC~1\DETINT~1\ATMELM~1\ARDUIN~1\Debug\libArduinoCore.a(Print.o)
 .rodata._ZTV5Print
                0x008002e1        0xc C:\Users\kasjac\Desktop\Skole\H5\UGE03-~1\PROJEC~1\DETINT~1\ATMELM~1\ARDUIN~1\Debug\libArduinoCore.a(Print.o)
                0x008002e1                _ZTV5Print
 .rodata.str1.1
                0x008002ed        0xf C:\Users\kasjac\Desktop\Skole\H5\UGE03-~1\PROJEC~1\DETINT~1\ATMELM~1\ARDUIN~1\Debug\libArduinoCore.a(WString.o)
                                  0x1 (size before relaxing)
 *(.gnu.linkonce.r*)
                0x008002fc                . = ALIGN (0x2)
 *fill*         0x008002ed        0x1 
                0x008002ee                _edata = .
                0x008002ee                PROVIDE (__data_end, .)

.bss            0x008002ee      0x25a
                0x008002ee                PROVIDE (__bss_start, .)
 *(.bss)
 *(.bss*)
 .bss.dht       0x008002ee       0x26 main.o
                0x008002ee                dht
 .bss.delayMS   0x00800314        0x4 main.o
                0x00800314                delayMS
 .bss.DhtSencorTemp
                0x00800318        0x2 main.o
                0x00800318                DhtSencorTemp
 .bss.DhtSencorHum
                0x0080031a        0x2 main.o
                0x0080031a                DhtSencorHum
 .bss.isCardValid
                0x0080031c        0x2 main.o
                0x0080031c                isCardValid
 .bss.mfrc522   0x0080031e        0xe main.o
                0x0080031e                mfrc522
 .bss.key       0x0080032c        0x6 main.o
                0x0080032c                key
 .bss.Valid_RFID_Code
                0x00800332        0x6 main.o
                0x00800332                Valid_RFID_Code
 .bss.servo     0x00800338        0x3 main.o
                0x00800338                servo
 .bss._ZL6servos
                0x0080033b       0x90 src/libraries/Servo/src/avr/Servo.o
 .bss._ZL7Channel
                0x008003cb        0x4 src/libraries/Servo/src/avr/Servo.o
 .bss.ServoCount
                0x008003cf        0x1 src/libraries/Servo/src/avr/Servo.o
                0x008003cf                ServoCount
 .bss._ZN8SPIClass11initializedE
                0x008003d0        0x1 src/libraries/SPI/src/SPI.o
                0x008003d0                _ZN8SPIClass11initializedE
 .bss._ZN8SPIClass13interruptModeE
                0x008003d1        0x1 src/libraries/SPI/src/SPI.o
                0x008003d1                _ZN8SPIClass13interruptModeE
 .bss._ZN8SPIClass13interruptMaskE
                0x008003d2        0x1 src/libraries/SPI/src/SPI.o
                0x008003d2                _ZN8SPIClass13interruptMaskE
 .bss._ZN8SPIClass13interruptSaveE
                0x008003d3        0x1 src/libraries/SPI/src/SPI.o
                0x008003d3                _ZN8SPIClass13interruptSaveE
 .bss.twi_error
                0x008003d4        0x1 src/libraries/Wire/src/utility/twi.o
 .bss.twi_rxBufferIndex
                0x008003d5        0x1 src/libraries/Wire/src/utility/twi.o
 .bss.twi_rxBuffer
                0x008003d6       0x20 src/libraries/Wire/src/utility/twi.o
 .bss.twi_txBufferLength
                0x008003f6        0x1 src/libraries/Wire/src/utility/twi.o
 .bss.twi_txBufferIndex
                0x008003f7        0x1 src/libraries/Wire/src/utility/twi.o
 .bss.twi_txBuffer
                0x008003f8       0x20 src/libraries/Wire/src/utility/twi.o
 .bss.twi_masterBufferLength
                0x00800418        0x1 src/libraries/Wire/src/utility/twi.o
 .bss.twi_masterBufferIndex
                0x00800419        0x1 src/libraries/Wire/src/utility/twi.o
 .bss.twi_masterBuffer
                0x0080041a       0x20 src/libraries/Wire/src/utility/twi.o
 .bss.twi_onSlaveReceive
                0x0080043a        0x2 src/libraries/Wire/src/utility/twi.o
 .bss.twi_onSlaveTransmit
                0x0080043c        0x2 src/libraries/Wire/src/utility/twi.o
 .bss.twi_do_reset_on_timeout
                0x0080043e        0x1 src/libraries/Wire/src/utility/twi.o
 .bss.twi_timed_out_flag
                0x0080043f        0x1 src/libraries/Wire/src/utility/twi.o
 .bss.twi_timeout_us
                0x00800440        0x4 src/libraries/Wire/src/utility/twi.o
 .bss.twi_inRepStart
                0x00800444        0x1 src/libraries/Wire/src/utility/twi.o
 .bss.twi_sendStop
                0x00800445        0x1 src/libraries/Wire/src/utility/twi.o
 .bss.twi_slarw
                0x00800446        0x1 src/libraries/Wire/src/utility/twi.o
 .bss.twi_state
                0x00800447        0x1 src/libraries/Wire/src/utility/twi.o
 .bss._ZN7TwoWire8rxBufferE
                0x00800448       0x20 src/libraries/Wire/src/Wire.o
                0x00800448                _ZN7TwoWire8rxBufferE
 .bss._ZN7TwoWire13rxBufferIndexE
                0x00800468        0x1 src/libraries/Wire/src/Wire.o
                0x00800468                _ZN7TwoWire13rxBufferIndexE
 .bss._ZN7TwoWire14rxBufferLengthE
                0x00800469        0x1 src/libraries/Wire/src/Wire.o
                0x00800469                _ZN7TwoWire14rxBufferLengthE
 .bss._ZN7TwoWire9txAddressE
                0x0080046a        0x1 src/libraries/Wire/src/Wire.o
                0x0080046a                _ZN7TwoWire9txAddressE
 .bss._ZN7TwoWire8txBufferE
                0x0080046b       0x20 src/libraries/Wire/src/Wire.o
                0x0080046b                _ZN7TwoWire8txBufferE
 .bss._ZN7TwoWire13txBufferIndexE
                0x0080048b        0x1 src/libraries/Wire/src/Wire.o
                0x0080048b                _ZN7TwoWire13txBufferIndexE
 .bss._ZN7TwoWire14txBufferLengthE
                0x0080048c        0x1 src/libraries/Wire/src/Wire.o
                0x0080048c                _ZN7TwoWire14txBufferLengthE
 .bss._ZN7TwoWire12transmittingE
                0x0080048d        0x1 src/libraries/Wire/src/Wire.o
                0x0080048d                _ZN7TwoWire12transmittingE
 .bss._ZN7TwoWire14user_onRequestE
                0x0080048e        0x2 src/libraries/Wire/src/Wire.o
                0x0080048e                _ZN7TwoWire14user_onRequestE
 .bss._ZN7TwoWire14user_onReceiveE
                0x00800490        0x2 src/libraries/Wire/src/Wire.o
                0x00800490                _ZN7TwoWire14user_onReceiveE
 .bss.Wire      0x00800492        0xc src/libraries/Wire/src/Wire.o
                0x00800492                Wire
 .bss.Serial    0x0080049e       0x9d C:\Users\kasjac\Desktop\Skole\H5\UGE03-~1\PROJEC~1\DETINT~1\ATMELM~1\ARDUIN~1\Debug\libArduinoCore.a(HardwareSerial0.o)
                0x0080049e                Serial
 .bss.timer0_fract
                0x0080053b        0x1 C:\Users\kasjac\Desktop\Skole\H5\UGE03-~1\PROJEC~1\DETINT~1\ATMELM~1\ARDUIN~1\Debug\libArduinoCore.a(wiring.o)
 .bss.timer0_millis
                0x0080053c        0x4 C:\Users\kasjac\Desktop\Skole\H5\UGE03-~1\PROJEC~1\DETINT~1\ATMELM~1\ARDUIN~1\Debug\libArduinoCore.a(wiring.o)
                0x0080053c                timer0_millis
 .bss.timer0_overflow_count
                0x00800540        0x4 C:\Users\kasjac\Desktop\Skole\H5\UGE03-~1\PROJEC~1\DETINT~1\ATMELM~1\ARDUIN~1\Debug\libArduinoCore.a(wiring.o)
                0x00800540                timer0_overflow_count
 *(COMMON)
 COMMON         0x00800544        0x4 c:/program files (x86)/atmel/studio/7.0/toolchain/avr8/avr8-gnu-toolchain/bin/../lib/gcc/avr/5.4.0/../../../../avr/lib/avr6\libc.a(malloc.o)
                0x00800544                __brkval
                0x00800546                __flp
                0x00800548                PROVIDE (__bss_end, .)
                0x000066ca                __data_load_start = LOADADDR (.data)
                0x000067b8                __data_load_end = (__data_load_start + SIZEOF (.data))

.noinit         0x00800548        0x0
                [!provide]                PROVIDE (__noinit_start, .)
 *(.noinit*)
                [!provide]                PROVIDE (__noinit_end, .)
                0x00800548                _end = .
                0x00800548                PROVIDE (__heap_start, .)

.eeprom         0x00810000        0x0
 *(.eeprom*)
                0x00810000                __eeprom_end = .

.fuse
 *(.fuse)
 *(.lfuse)
 *(.hfuse)
 *(.efuse)

.lock
 *(.lock*)

.signature
 *(.signature*)

.user_signatures
 *(.user_signatures*)

.stab
 *(.stab)

.stabstr
 *(.stabstr)

.stab.excl
 *(.stab.excl)

.stab.exclstr
 *(.stab.exclstr)

.stab.index
 *(.stab.index)

.stab.indexstr
 *(.stab.indexstr)

.comment        0x00000000       0x30
 *(.comment)
 .comment       0x00000000       0x30 main.o
                                 0x31 (size before relaxing)
 .comment       0x00000030       0x31 src/libraries/DHT-sensor-library/DHT.o
 .comment       0x00000030       0x31 src/libraries/DHT-sensor-library/DHT_U.o
 .comment       0x00000030       0x31 src/libraries/rfid/MFRC522.o
 .comment       0x00000030       0x31 src/libraries/Servo/src/avr/Servo.o
 .comment       0x00000030       0x31 src/libraries/SPI/src/SPI.o
 .comment       0x00000030       0x31 src/libraries/Wire/src/utility/twi.o
 .comment       0x00000030       0x31 src/libraries/Wire/src/Wire.o
 .comment       0x00000030       0x31 C:\Users\kasjac\Desktop\Skole\H5\UGE03-~1\PROJEC~1\DETINT~1\ATMELM~1\ARDUIN~1\Debug\libArduinoCore.a(abi.o)
 .comment       0x00000030       0x31 C:\Users\kasjac\Desktop\Skole\H5\UGE03-~1\PROJEC~1\DETINT~1\ATMELM~1\ARDUIN~1\Debug\libArduinoCore.a(HardwareSerial.o)
 .comment       0x00000030       0x31 C:\Users\kasjac\Desktop\Skole\H5\UGE03-~1\PROJEC~1\DETINT~1\ATMELM~1\ARDUIN~1\Debug\libArduinoCore.a(HardwareSerial0.o)
 .comment       0x00000030       0x31 C:\Users\kasjac\Desktop\Skole\H5\UGE03-~1\PROJEC~1\DETINT~1\ATMELM~1\ARDUIN~1\Debug\libArduinoCore.a(main.o)
 .comment       0x00000030       0x31 C:\Users\kasjac\Desktop\Skole\H5\UGE03-~1\PROJEC~1\DETINT~1\ATMELM~1\ARDUIN~1\Debug\libArduinoCore.a(new.o)
 .comment       0x00000030       0x31 C:\Users\kasjac\Desktop\Skole\H5\UGE03-~1\PROJEC~1\DETINT~1\ATMELM~1\ARDUIN~1\Debug\libArduinoCore.a(Print.o)
 .comment       0x00000030       0x31 C:\Users\kasjac\Desktop\Skole\H5\UGE03-~1\PROJEC~1\DETINT~1\ATMELM~1\ARDUIN~1\Debug\libArduinoCore.a(wiring.o)
 .comment       0x00000030       0x31 C:\Users\kasjac\Desktop\Skole\H5\UGE03-~1\PROJEC~1\DETINT~1\ATMELM~1\ARDUIN~1\Debug\libArduinoCore.a(wiring_digital.o)
 .comment       0x00000030       0x31 C:\Users\kasjac\Desktop\Skole\H5\UGE03-~1\PROJEC~1\DETINT~1\ATMELM~1\ARDUIN~1\Debug\libArduinoCore.a(WMath.o)
 .comment       0x00000030       0x31 C:\Users\kasjac\Desktop\Skole\H5\UGE03-~1\PROJEC~1\DETINT~1\ATMELM~1\ARDUIN~1\Debug\libArduinoCore.a(WString.o)
 .comment       0x00000030       0x31 C:\Users\kasjac\Desktop\Skole\H5\UGE03-~1\PROJEC~1\DETINT~1\ATMELM~1\ARDUIN~1\Debug\libArduinoCore.a(hooks.o)
 .comment       0x00000030       0x31 c:/program files (x86)/atmel/studio/7.0/toolchain/avr8/avr8-gnu-toolchain/bin/../lib/gcc/avr/5.4.0/../../../../avr/lib/avr6\libc.a(malloc.o)
 .comment       0x00000030       0x31 c:/program files (x86)/atmel/studio/7.0/toolchain/avr8/avr8-gnu-toolchain/bin/../lib/gcc/avr/5.4.0/../../../../avr/lib/avr6\libc.a(realloc.o)

.note.gnu.avr.deviceinfo
                0x00000000       0x40
 .note.gnu.avr.deviceinfo
                0x00000000       0x40 C:/Program Files (x86)/Atmel/Studio/7.0/Packs/atmel/ATmega_DFP/1.6.364/gcc/dev/atmega2560/avr6/crtatmega2560.o

.note.gnu.build-id
 *(.note.gnu.build-id)

.debug
 *(.debug)

.line
 *(.line)

.debug_srcinfo
 *(.debug_srcinfo)

.debug_sfnames
 *(.debug_sfnames)

.debug_aranges  0x00000000      0xc80
 *(.debug_aranges)
 .debug_aranges
                0x00000000      0x108 main.o
 .debug_aranges
                0x00000108       0x78 src/libraries/DHT-sensor-library/DHT.o
 .debug_aranges
                0x00000180       0xa8 src/libraries/DHT-sensor-library/DHT_U.o
 .debug_aranges
                0x00000228      0x1e8 src/libraries/rfid/MFRC522.o
 .debug_aranges
                0x00000410       0xa0 src/libraries/Servo/src/avr/Servo.o
 .debug_aranges
                0x000004b0       0x38 src/libraries/SPI/src/SPI.o
 .debug_aranges
                0x000004e8       0x98 src/libraries/Wire/src/utility/twi.o
 .debug_aranges
                0x00000580      0x130 src/libraries/Wire/src/Wire.o
 .debug_aranges
                0x000006b0       0x20 C:\Users\kasjac\Desktop\Skole\H5\UGE03-~1\PROJEC~1\DETINT~1\ATMELM~1\ARDUIN~1\Debug\libArduinoCore.a(abi.o)
 .debug_aranges
                0x000006d0       0x68 C:\Users\kasjac\Desktop\Skole\H5\UGE03-~1\PROJEC~1\DETINT~1\ATMELM~1\ARDUIN~1\Debug\libArduinoCore.a(HardwareSerial.o)
 .debug_aranges
                0x00000738       0x48 C:\Users\kasjac\Desktop\Skole\H5\UGE03-~1\PROJEC~1\DETINT~1\ATMELM~1\ARDUIN~1\Debug\libArduinoCore.a(HardwareSerial0.o)
 .debug_aranges
                0x00000780       0x30 C:\Users\kasjac\Desktop\Skole\H5\UGE03-~1\PROJEC~1\DETINT~1\ATMELM~1\ARDUIN~1\Debug\libArduinoCore.a(main.o)
 .debug_aranges
                0x000007b0       0x30 C:\Users\kasjac\Desktop\Skole\H5\UGE03-~1\PROJEC~1\DETINT~1\ATMELM~1\ARDUIN~1\Debug\libArduinoCore.a(new.o)
 .debug_aranges
                0x000007e0      0x100 C:\Users\kasjac\Desktop\Skole\H5\UGE03-~1\PROJEC~1\DETINT~1\ATMELM~1\ARDUIN~1\Debug\libArduinoCore.a(Print.o)
 .debug_aranges
                0x000008e0       0x48 C:\Users\kasjac\Desktop\Skole\H5\UGE03-~1\PROJEC~1\DETINT~1\ATMELM~1\ARDUIN~1\Debug\libArduinoCore.a(wiring.o)
 .debug_aranges
                0x00000928       0x38 C:\Users\kasjac\Desktop\Skole\H5\UGE03-~1\PROJEC~1\DETINT~1\ATMELM~1\ARDUIN~1\Debug\libArduinoCore.a(wiring_digital.o)
 .debug_aranges
                0x00000960       0x48 C:\Users\kasjac\Desktop\Skole\H5\UGE03-~1\PROJEC~1\DETINT~1\ATMELM~1\ARDUIN~1\Debug\libArduinoCore.a(WMath.o)
 .debug_aranges
                0x000009a8      0x2b8 C:\Users\kasjac\Desktop\Skole\H5\UGE03-~1\PROJEC~1\DETINT~1\ATMELM~1\ARDUIN~1\Debug\libArduinoCore.a(WString.o)
 .debug_aranges
                0x00000c60       0x20 C:\Users\kasjac\Desktop\Skole\H5\UGE03-~1\PROJEC~1\DETINT~1\ATMELM~1\ARDUIN~1\Debug\libArduinoCore.a(hooks.o)

.debug_pubnames
 *(.debug_pubnames)

.debug_info     0x00000000    0x189e2
 *(.debug_info .gnu.linkonce.wi.*)
 .debug_info    0x00000000      0xbbc C:/Program Files (x86)/Atmel/Studio/7.0/Packs/atmel/ATmega_DFP/1.6.364/gcc/dev/atmega2560/avr6/crtatmega2560.o
 .debug_info    0x00000bbc     0x3262 main.o
 .debug_info    0x00003e1e      0xa1e src/libraries/DHT-sensor-library/DHT.o
 .debug_info    0x0000483c     0x11ec src/libraries/DHT-sensor-library/DHT_U.o
 .debug_info    0x00005a28     0x3960 src/libraries/rfid/MFRC522.o
 .debug_info    0x00009388      0x85a src/libraries/Servo/src/avr/Servo.o
 .debug_info    0x00009be2      0x6b0 src/libraries/SPI/src/SPI.o
 .debug_info    0x0000a292      0x93a src/libraries/Wire/src/utility/twi.o
 .debug_info    0x0000abcc     0x2574 src/libraries/Wire/src/Wire.o
 .debug_info    0x0000d140       0x76 C:\Users\kasjac\Desktop\Skole\H5\UGE03-~1\PROJEC~1\DETINT~1\ATMELM~1\ARDUIN~1\Debug\libArduinoCore.a(abi.o)
 .debug_info    0x0000d1b6     0x205e C:\Users\kasjac\Desktop\Skole\H5\UGE03-~1\PROJEC~1\DETINT~1\ATMELM~1\ARDUIN~1\Debug\libArduinoCore.a(HardwareSerial.o)
 .debug_info    0x0000f214     0x1b74 C:\Users\kasjac\Desktop\Skole\H5\UGE03-~1\PROJEC~1\DETINT~1\ATMELM~1\ARDUIN~1\Debug\libArduinoCore.a(HardwareSerial0.o)
 .debug_info    0x00010d88      0x295 C:\Users\kasjac\Desktop\Skole\H5\UGE03-~1\PROJEC~1\DETINT~1\ATMELM~1\ARDUIN~1\Debug\libArduinoCore.a(main.o)
 .debug_info    0x0001101d      0x15f C:\Users\kasjac\Desktop\Skole\H5\UGE03-~1\PROJEC~1\DETINT~1\ATMELM~1\ARDUIN~1\Debug\libArduinoCore.a(new.o)
 .debug_info    0x0001117c     0x295d C:\Users\kasjac\Desktop\Skole\H5\UGE03-~1\PROJEC~1\DETINT~1\ATMELM~1\ARDUIN~1\Debug\libArduinoCore.a(Print.o)
 .debug_info    0x00013ad9      0x329 C:\Users\kasjac\Desktop\Skole\H5\UGE03-~1\PROJEC~1\DETINT~1\ATMELM~1\ARDUIN~1\Debug\libArduinoCore.a(wiring.o)
 .debug_info    0x00013e02      0x63a C:\Users\kasjac\Desktop\Skole\H5\UGE03-~1\PROJEC~1\DETINT~1\ATMELM~1\ARDUIN~1\Debug\libArduinoCore.a(wiring_digital.o)
 .debug_info    0x0001443c      0x230 C:\Users\kasjac\Desktop\Skole\H5\UGE03-~1\PROJEC~1\DETINT~1\ATMELM~1\ARDUIN~1\Debug\libArduinoCore.a(WMath.o)
 .debug_info    0x0001466c     0x4338 C:\Users\kasjac\Desktop\Skole\H5\UGE03-~1\PROJEC~1\DETINT~1\ATMELM~1\ARDUIN~1\Debug\libArduinoCore.a(WString.o)
 .debug_info    0x000189a4       0x3e C:\Users\kasjac\Desktop\Skole\H5\UGE03-~1\PROJEC~1\DETINT~1\ATMELM~1\ARDUIN~1\Debug\libArduinoCore.a(hooks.o)

.debug_abbrev   0x00000000     0x4114
 *(.debug_abbrev)
 .debug_abbrev  0x00000000      0xb1a C:/Program Files (x86)/Atmel/Studio/7.0/Packs/atmel/ATmega_DFP/1.6.364/gcc/dev/atmega2560/avr6/crtatmega2560.o
 .debug_abbrev  0x00000b1a      0x69c main.o
 .debug_abbrev  0x000011b6      0x280 src/libraries/DHT-sensor-library/DHT.o
 .debug_abbrev  0x00001436      0x3ad src/libraries/DHT-sensor-library/DHT_U.o
 .debug_abbrev  0x000017e3      0x469 src/libraries/rfid/MFRC522.o
 .debug_abbrev  0x00001c4c      0x2d1 src/libraries/Servo/src/avr/Servo.o
 .debug_abbrev  0x00001f1d      0x220 src/libraries/SPI/src/SPI.o
 .debug_abbrev  0x0000213d      0x2f2 src/libraries/Wire/src/utility/twi.o
 .debug_abbrev  0x0000242f      0x48c src/libraries/Wire/src/Wire.o
 .debug_abbrev  0x000028bb       0x6d C:\Users\kasjac\Desktop\Skole\H5\UGE03-~1\PROJEC~1\DETINT~1\ATMELM~1\ARDUIN~1\Debug\libArduinoCore.a(abi.o)
 .debug_abbrev  0x00002928      0x4b7 C:\Users\kasjac\Desktop\Skole\H5\UGE03-~1\PROJEC~1\DETINT~1\ATMELM~1\ARDUIN~1\Debug\libArduinoCore.a(HardwareSerial.o)
 .debug_abbrev  0x00002ddf      0x3ce C:\Users\kasjac\Desktop\Skole\H5\UGE03-~1\PROJEC~1\DETINT~1\ATMELM~1\ARDUIN~1\Debug\libArduinoCore.a(HardwareSerial0.o)
 .debug_abbrev  0x000031ad      0x12d C:\Users\kasjac\Desktop\Skole\H5\UGE03-~1\PROJEC~1\DETINT~1\ATMELM~1\ARDUIN~1\Debug\libArduinoCore.a(main.o)
 .debug_abbrev  0x000032da      0x109 C:\Users\kasjac\Desktop\Skole\H5\UGE03-~1\PROJEC~1\DETINT~1\ATMELM~1\ARDUIN~1\Debug\libArduinoCore.a(new.o)
 .debug_abbrev  0x000033e3      0x47a C:\Users\kasjac\Desktop\Skole\H5\UGE03-~1\PROJEC~1\DETINT~1\ATMELM~1\ARDUIN~1\Debug\libArduinoCore.a(Print.o)
 .debug_abbrev  0x0000385d      0x146 C:\Users\kasjac\Desktop\Skole\H5\UGE03-~1\PROJEC~1\DETINT~1\ATMELM~1\ARDUIN~1\Debug\libArduinoCore.a(wiring.o)
 .debug_abbrev  0x000039a3      0x15a C:\Users\kasjac\Desktop\Skole\H5\UGE03-~1\PROJEC~1\DETINT~1\ATMELM~1\ARDUIN~1\Debug\libArduinoCore.a(wiring_digital.o)
 .debug_abbrev  0x00003afd      0x12b C:\Users\kasjac\Desktop\Skole\H5\UGE03-~1\PROJEC~1\DETINT~1\ATMELM~1\ARDUIN~1\Debug\libArduinoCore.a(WMath.o)
 .debug_abbrev  0x00003c28      0x4c2 C:\Users\kasjac\Desktop\Skole\H5\UGE03-~1\PROJEC~1\DETINT~1\ATMELM~1\ARDUIN~1\Debug\libArduinoCore.a(WString.o)
 .debug_abbrev  0x000040ea       0x2a C:\Users\kasjac\Desktop\Skole\H5\UGE03-~1\PROJEC~1\DETINT~1\ATMELM~1\ARDUIN~1\Debug\libArduinoCore.a(hooks.o)

.debug_line     0x00000000     0x779a
 *(.debug_line .debug_line.* .debug_line_end)
 .debug_line    0x00000000      0x1fa C:/Program Files (x86)/Atmel/Studio/7.0/Packs/atmel/ATmega_DFP/1.6.364/gcc/dev/atmega2560/avr6/crtatmega2560.o
 .debug_line    0x000001fa      0x974 main.o
 .debug_line    0x00000b6e      0x63c src/libraries/DHT-sensor-library/DHT.o
 .debug_line    0x000011aa      0x59c src/libraries/DHT-sensor-library/DHT_U.o
 .debug_line    0x00001746     0x1d8c src/libraries/rfid/MFRC522.o
 .debug_line    0x000034d2      0x598 src/libraries/Servo/src/avr/Servo.o
 .debug_line    0x00003a6a      0x36d src/libraries/SPI/src/SPI.o
 .debug_line    0x00003dd7      0x6db src/libraries/Wire/src/utility/twi.o
 .debug_line    0x000044b2      0x736 src/libraries/Wire/src/Wire.o
 .debug_line    0x00004be8       0xa9 C:\Users\kasjac\Desktop\Skole\H5\UGE03-~1\PROJEC~1\DETINT~1\ATMELM~1\ARDUIN~1\Debug\libArduinoCore.a(abi.o)
 .debug_line    0x00004c91      0x527 C:\Users\kasjac\Desktop\Skole\H5\UGE03-~1\PROJEC~1\DETINT~1\ATMELM~1\ARDUIN~1\Debug\libArduinoCore.a(HardwareSerial.o)
 .debug_line    0x000051b8      0x288 C:\Users\kasjac\Desktop\Skole\H5\UGE03-~1\PROJEC~1\DETINT~1\ATMELM~1\ARDUIN~1\Debug\libArduinoCore.a(HardwareSerial0.o)
 .debug_line    0x00005440      0x161 C:\Users\kasjac\Desktop\Skole\H5\UGE03-~1\PROJEC~1\DETINT~1\ATMELM~1\ARDUIN~1\Debug\libArduinoCore.a(main.o)
 .debug_line    0x000055a1      0x145 C:\Users\kasjac\Desktop\Skole\H5\UGE03-~1\PROJEC~1\DETINT~1\ATMELM~1\ARDUIN~1\Debug\libArduinoCore.a(new.o)
 .debug_line    0x000056e6      0x681 C:\Users\kasjac\Desktop\Skole\H5\UGE03-~1\PROJEC~1\DETINT~1\ATMELM~1\ARDUIN~1\Debug\libArduinoCore.a(Print.o)
 .debug_line    0x00005d67      0x2cb C:\Users\kasjac\Desktop\Skole\H5\UGE03-~1\PROJEC~1\DETINT~1\ATMELM~1\ARDUIN~1\Debug\libArduinoCore.a(wiring.o)
 .debug_line    0x00006032      0x284 C:\Users\kasjac\Desktop\Skole\H5\UGE03-~1\PROJEC~1\DETINT~1\ATMELM~1\ARDUIN~1\Debug\libArduinoCore.a(wiring_digital.o)
 .debug_line    0x000062b6      0x143 C:\Users\kasjac\Desktop\Skole\H5\UGE03-~1\PROJEC~1\DETINT~1\ATMELM~1\ARDUIN~1\Debug\libArduinoCore.a(WMath.o)
 .debug_line    0x000063f9     0x1360 C:\Users\kasjac\Desktop\Skole\H5\UGE03-~1\PROJEC~1\DETINT~1\ATMELM~1\ARDUIN~1\Debug\libArduinoCore.a(WString.o)
 .debug_line    0x00007759       0x41 C:\Users\kasjac\Desktop\Skole\H5\UGE03-~1\PROJEC~1\DETINT~1\ATMELM~1\ARDUIN~1\Debug\libArduinoCore.a(hooks.o)

.debug_frame    0x00000000     0x3074
 *(.debug_frame)
 .debug_frame   0x00000000      0x41c main.o
 .debug_frame   0x0000041c      0x224 src/libraries/DHT-sensor-library/DHT.o
 .debug_frame   0x00000640      0x27c src/libraries/DHT-sensor-library/DHT_U.o
 .debug_frame   0x000008bc      0x968 src/libraries/rfid/MFRC522.o
 .debug_frame   0x00001224      0x3d0 src/libraries/Servo/src/avr/Servo.o
 .debug_frame   0x000015f4       0x94 src/libraries/SPI/src/SPI.o
 .debug_frame   0x00001688      0x208 src/libraries/Wire/src/utility/twi.o
 .debug_frame   0x00001890      0x4a4 src/libraries/Wire/src/Wire.o
 .debug_frame   0x00001d34       0x34 C:\Users\kasjac\Desktop\Skole\H5\UGE03-~1\PROJEC~1\DETINT~1\ATMELM~1\ARDUIN~1\Debug\libArduinoCore.a(abi.o)
 .debug_frame   0x00001d68      0x110 C:\Users\kasjac\Desktop\Skole\H5\UGE03-~1\PROJEC~1\DETINT~1\ATMELM~1\ARDUIN~1\Debug\libArduinoCore.a(HardwareSerial.o)
 .debug_frame   0x00001e78       0xe0 C:\Users\kasjac\Desktop\Skole\H5\UGE03-~1\PROJEC~1\DETINT~1\ATMELM~1\ARDUIN~1\Debug\libArduinoCore.a(HardwareSerial0.o)
 .debug_frame   0x00001f58       0x54 C:\Users\kasjac\Desktop\Skole\H5\UGE03-~1\PROJEC~1\DETINT~1\ATMELM~1\ARDUIN~1\Debug\libArduinoCore.a(main.o)
 .debug_frame   0x00001fac       0x64 C:\Users\kasjac\Desktop\Skole\H5\UGE03-~1\PROJEC~1\DETINT~1\ATMELM~1\ARDUIN~1\Debug\libArduinoCore.a(new.o)
 .debug_frame   0x00002010      0x3ac C:\Users\kasjac\Desktop\Skole\H5\UGE03-~1\PROJEC~1\DETINT~1\ATMELM~1\ARDUIN~1\Debug\libArduinoCore.a(Print.o)
 .debug_frame   0x000023bc       0xc4 C:\Users\kasjac\Desktop\Skole\H5\UGE03-~1\PROJEC~1\DETINT~1\ATMELM~1\ARDUIN~1\Debug\libArduinoCore.a(wiring.o)
 .debug_frame   0x00002480       0x7c C:\Users\kasjac\Desktop\Skole\H5\UGE03-~1\PROJEC~1\DETINT~1\ATMELM~1\ARDUIN~1\Debug\libArduinoCore.a(wiring_digital.o)
 .debug_frame   0x000024fc       0xf4 C:\Users\kasjac\Desktop\Skole\H5\UGE03-~1\PROJEC~1\DETINT~1\ATMELM~1\ARDUIN~1\Debug\libArduinoCore.a(WMath.o)
 .debug_frame   0x000025f0      0xa60 C:\Users\kasjac\Desktop\Skole\H5\UGE03-~1\PROJEC~1\DETINT~1\ATMELM~1\ARDUIN~1\Debug\libArduinoCore.a(WString.o)
 .debug_frame   0x00003050       0x24 C:\Users\kasjac\Desktop\Skole\H5\UGE03-~1\PROJEC~1\DETINT~1\ATMELM~1\ARDUIN~1\Debug\libArduinoCore.a(hooks.o)

.debug_str      0x00000000     0x58ed
 *(.debug_str)
 .debug_str     0x00000000      0x3e6 C:/Program Files (x86)/Atmel/Studio/7.0/Packs/atmel/ATmega_DFP/1.6.364/gcc/dev/atmega2560/avr6/crtatmega2560.o
 .debug_str     0x000003e6     0x288d main.o
                               0x2a14 (size before relaxing)
 .debug_str     0x00002c73      0x156 src/libraries/DHT-sensor-library/DHT.o
                                0x5da (size before relaxing)
 .debug_str     0x00002dc9      0x3c2 src/libraries/DHT-sensor-library/DHT_U.o
                                0xd93 (size before relaxing)
 .debug_str     0x0000318b      0x730 src/libraries/rfid/MFRC522.o
                               0x1bc3 (size before relaxing)
 .debug_str     0x000038bb      0x14d src/libraries/Servo/src/avr/Servo.o
                                0x52f (size before relaxing)
 .debug_str     0x00003a08       0xb4 src/libraries/SPI/src/SPI.o
                                0x6d1 (size before relaxing)
 .debug_str     0x00003abc      0x3eb src/libraries/Wire/src/utility/twi.o
                                0x532 (size before relaxing)
 .debug_str     0x00003ea7      0xa24 src/libraries/Wire/src/Wire.o
                               0x1945 (size before relaxing)
 .debug_str     0x000048cb      0x1bd C:\Users\kasjac\Desktop\Skole\H5\UGE03-~1\PROJEC~1\DETINT~1\ATMELM~1\ARDUIN~1\Debug\libArduinoCore.a(abi.o)
                                0x1d3 (size before relaxing)
 .debug_str     0x00004a88      0x478 C:\Users\kasjac\Desktop\Skole\H5\UGE03-~1\PROJEC~1\DETINT~1\ATMELM~1\ARDUIN~1\Debug\libArduinoCore.a(HardwareSerial.o)
                               0x1722 (size before relaxing)
 .debug_str     0x00004f00       0x47 C:\Users\kasjac\Desktop\Skole\H5\UGE03-~1\PROJEC~1\DETINT~1\ATMELM~1\ARDUIN~1\Debug\libArduinoCore.a(HardwareSerial0.o)
                               0x143d (size before relaxing)
 .debug_str     0x00004f47       0x37 C:\Users\kasjac\Desktop\Skole\H5\UGE03-~1\PROJEC~1\DETINT~1\ATMELM~1\ARDUIN~1\Debug\libArduinoCore.a(main.o)
                                0x2e9 (size before relaxing)
 .debug_str     0x00004f7e       0x65 C:\Users\kasjac\Desktop\Skole\H5\UGE03-~1\PROJEC~1\DETINT~1\ATMELM~1\ARDUIN~1\Debug\libArduinoCore.a(new.o)
                                0x214 (size before relaxing)
 .debug_str     0x00004fe3      0x38d C:\Users\kasjac\Desktop\Skole\H5\UGE03-~1\PROJEC~1\DETINT~1\ATMELM~1\ARDUIN~1\Debug\libArduinoCore.a(Print.o)
                               0x1277 (size before relaxing)
 .debug_str     0x00005370       0x70 C:\Users\kasjac\Desktop\Skole\H5\UGE03-~1\PROJEC~1\DETINT~1\ATMELM~1\ARDUIN~1\Debug\libArduinoCore.a(wiring.o)
                                0x27f (size before relaxing)
 .debug_str     0x000053e0       0x6d C:\Users\kasjac\Desktop\Skole\H5\UGE03-~1\PROJEC~1\DETINT~1\ATMELM~1\ARDUIN~1\Debug\libArduinoCore.a(wiring_digital.o)
                                0x2e4 (size before relaxing)
 .debug_str     0x0000544d       0xb8 C:\Users\kasjac\Desktop\Skole\H5\UGE03-~1\PROJEC~1\DETINT~1\ATMELM~1\ARDUIN~1\Debug\libArduinoCore.a(WMath.o)
                                0x282 (size before relaxing)
 .debug_str     0x00005505      0x3cc C:\Users\kasjac\Desktop\Skole\H5\UGE03-~1\PROJEC~1\DETINT~1\ATMELM~1\ARDUIN~1\Debug\libArduinoCore.a(WString.o)
                               0x11ca (size before relaxing)
 .debug_str     0x000058d1       0x1c C:\Users\kasjac\Desktop\Skole\H5\UGE03-~1\PROJEC~1\DETINT~1\ATMELM~1\ARDUIN~1\Debug\libArduinoCore.a(hooks.o)
                                0x174 (size before relaxing)

.debug_loc      0x00000000     0xb673
 *(.debug_loc)
 .debug_loc     0x00000000      0x8f1 main.o
 .debug_loc     0x000008f1      0x4c6 src/libraries/DHT-sensor-library/DHT.o
 .debug_loc     0x00000db7      0x575 src/libraries/DHT-sensor-library/DHT_U.o
 .debug_loc     0x0000132c     0x1513 src/libraries/rfid/MFRC522.o
 .debug_loc     0x0000283f      0x8d7 src/libraries/Servo/src/avr/Servo.o
 .debug_loc     0x00003116      0x11f src/libraries/SPI/src/SPI.o
 .debug_loc     0x00003235      0x87f src/libraries/Wire/src/utility/twi.o
 .debug_loc     0x00003ab4      0xa2f src/libraries/Wire/src/Wire.o
 .debug_loc     0x000044e3      0x4dc C:\Users\kasjac\Desktop\Skole\H5\UGE03-~1\PROJEC~1\DETINT~1\ATMELM~1\ARDUIN~1\Debug\libArduinoCore.a(HardwareSerial.o)
 .debug_loc     0x000049bf      0x1b0 C:\Users\kasjac\Desktop\Skole\H5\UGE03-~1\PROJEC~1\DETINT~1\ATMELM~1\ARDUIN~1\Debug\libArduinoCore.a(HardwareSerial0.o)
 .debug_loc     0x00004b6f       0x72 C:\Users\kasjac\Desktop\Skole\H5\UGE03-~1\PROJEC~1\DETINT~1\ATMELM~1\ARDUIN~1\Debug\libArduinoCore.a(new.o)
 .debug_loc     0x00004be1     0x1c87 C:\Users\kasjac\Desktop\Skole\H5\UGE03-~1\PROJEC~1\DETINT~1\ATMELM~1\ARDUIN~1\Debug\libArduinoCore.a(Print.o)
 .debug_loc     0x00006868      0x28d C:\Users\kasjac\Desktop\Skole\H5\UGE03-~1\PROJEC~1\DETINT~1\ATMELM~1\ARDUIN~1\Debug\libArduinoCore.a(wiring.o)
 .debug_loc     0x00006af5      0x56b C:\Users\kasjac\Desktop\Skole\H5\UGE03-~1\PROJEC~1\DETINT~1\ATMELM~1\ARDUIN~1\Debug\libArduinoCore.a(wiring_digital.o)
 .debug_loc     0x00007060      0x3d6 C:\Users\kasjac\Desktop\Skole\H5\UGE03-~1\PROJEC~1\DETINT~1\ATMELM~1\ARDUIN~1\Debug\libArduinoCore.a(WMath.o)
 .debug_loc     0x00007436     0x423d C:\Users\kasjac\Desktop\Skole\H5\UGE03-~1\PROJEC~1\DETINT~1\ATMELM~1\ARDUIN~1\Debug\libArduinoCore.a(WString.o)

.debug_macinfo
 *(.debug_macinfo)

.debug_weaknames
 *(.debug_weaknames)

.debug_funcnames
 *(.debug_funcnames)

.debug_typenames
 *(.debug_typenames)

.debug_varnames
 *(.debug_varnames)

.debug_pubtypes
 *(.debug_pubtypes)

.debug_ranges   0x00000000      0xc00
 *(.debug_ranges)
 .debug_ranges  0x00000000       0xf8 main.o
 .debug_ranges  0x000000f8       0x68 src/libraries/DHT-sensor-library/DHT.o
 .debug_ranges  0x00000160       0x98 src/libraries/DHT-sensor-library/DHT_U.o
 .debug_ranges  0x000001f8      0x208 src/libraries/rfid/MFRC522.o
 .debug_ranges  0x00000400       0x90 src/libraries/Servo/src/avr/Servo.o
 .debug_ranges  0x00000490       0x28 src/libraries/SPI/src/SPI.o
 .debug_ranges  0x000004b8       0x88 src/libraries/Wire/src/utility/twi.o
 .debug_ranges  0x00000540      0x120 src/libraries/Wire/src/Wire.o
 .debug_ranges  0x00000660       0x10 C:\Users\kasjac\Desktop\Skole\H5\UGE03-~1\PROJEC~1\DETINT~1\ATMELM~1\ARDUIN~1\Debug\libArduinoCore.a(abi.o)
 .debug_ranges  0x00000670       0x58 C:\Users\kasjac\Desktop\Skole\H5\UGE03-~1\PROJEC~1\DETINT~1\ATMELM~1\ARDUIN~1\Debug\libArduinoCore.a(HardwareSerial.o)
 .debug_ranges  0x000006c8       0x38 C:\Users\kasjac\Desktop\Skole\H5\UGE03-~1\PROJEC~1\DETINT~1\ATMELM~1\ARDUIN~1\Debug\libArduinoCore.a(HardwareSerial0.o)
 .debug_ranges  0x00000700       0x20 C:\Users\kasjac\Desktop\Skole\H5\UGE03-~1\PROJEC~1\DETINT~1\ATMELM~1\ARDUIN~1\Debug\libArduinoCore.a(main.o)
 .debug_ranges  0x00000720       0x20 C:\Users\kasjac\Desktop\Skole\H5\UGE03-~1\PROJEC~1\DETINT~1\ATMELM~1\ARDUIN~1\Debug\libArduinoCore.a(new.o)
 .debug_ranges  0x00000740      0x120 C:\Users\kasjac\Desktop\Skole\H5\UGE03-~1\PROJEC~1\DETINT~1\ATMELM~1\ARDUIN~1\Debug\libArduinoCore.a(Print.o)
 .debug_ranges  0x00000860       0x38 C:\Users\kasjac\Desktop\Skole\H5\UGE03-~1\PROJEC~1\DETINT~1\ATMELM~1\ARDUIN~1\Debug\libArduinoCore.a(wiring.o)
 .debug_ranges  0x00000898       0x28 C:\Users\kasjac\Desktop\Skole\H5\UGE03-~1\PROJEC~1\DETINT~1\ATMELM~1\ARDUIN~1\Debug\libArduinoCore.a(wiring_digital.o)
 .debug_ranges  0x000008c0       0x38 C:\Users\kasjac\Desktop\Skole\H5\UGE03-~1\PROJEC~1\DETINT~1\ATMELM~1\ARDUIN~1\Debug\libArduinoCore.a(WMath.o)
 .debug_ranges  0x000008f8      0x2f8 C:\Users\kasjac\Desktop\Skole\H5\UGE03-~1\PROJEC~1\DETINT~1\ATMELM~1\ARDUIN~1\Debug\libArduinoCore.a(WString.o)
 .debug_ranges  0x00000bf0       0x10 C:\Users\kasjac\Desktop\Skole\H5\UGE03-~1\PROJEC~1\DETINT~1\ATMELM~1\ARDUIN~1\Debug\libArduinoCore.a(hooks.o)

.debug_macro
 *(.debug_macro)
OUTPUT(AtmelMega2560.elf elf32-avr)
LOAD linker stubs
