Archive member included to satisfy reference by file (symbol)

c:/program files (x86)/atmel/studio/7.0/toolchain/avr8/avr8-gnu-toolchain/bin/../lib/gcc/avr/5.4.0/../../../../avr/lib/avr6\libm.a(addsf3.o)
                              src/libraries/DHT-sensor-library/DHT.o (__subsf3)
c:/program files (x86)/atmel/studio/7.0/toolchain/avr8/avr8-gnu-toolchain/bin/../lib/gcc/avr/5.4.0/../../../../avr/lib/avr6\libm.a(addsf3x.o)
                              c:/program files (x86)/atmel/studio/7.0/toolchain/avr8/avr8-gnu-toolchain/bin/../lib/gcc/avr/5.4.0/../../../../avr/lib/avr6\libm.a(addsf3.o) (__addsf3x)
c:/program files (x86)/atmel/studio/7.0/toolchain/avr8/avr8-gnu-toolchain/bin/../lib/gcc/avr/5.4.0/../../../../avr/lib/avr6\libm.a(cmpsf2.o)
                              src/libraries/DHT-sensor-library/DHT.o (__ltsf2)
c:/program files (x86)/atmel/studio/7.0/toolchain/avr8/avr8-gnu-toolchain/bin/../lib/gcc/avr/5.4.0/../../../../avr/lib/avr6\libm.a(fixsfsi.o)
                              main.o (__fixsfsi)
c:/program files (x86)/atmel/studio/7.0/toolchain/avr8/avr8-gnu-toolchain/bin/../lib/gcc/avr/5.4.0/../../../../avr/lib/avr6\libm.a(fixunssfsi.o)
                              c:/program files (x86)/atmel/studio/7.0/toolchain/avr8/avr8-gnu-toolchain/bin/../lib/gcc/avr/5.4.0/../../../../avr/lib/avr6\libm.a(fixsfsi.o) (__fixunssfsi)
c:/program files (x86)/atmel/studio/7.0/toolchain/avr8/avr8-gnu-toolchain/bin/../lib/gcc/avr/5.4.0/../../../../avr/lib/avr6\libm.a(floatsisf.o)
                              src/libraries/DHT-sensor-library/DHT.o (__floatunsisf)
c:/program files (x86)/atmel/studio/7.0/toolchain/avr8/avr8-gnu-toolchain/bin/../lib/gcc/avr/5.4.0/../../../../avr/lib/avr6\libm.a(fp_cmp.o)
                              c:/program files (x86)/atmel/studio/7.0/toolchain/avr8/avr8-gnu-toolchain/bin/../lib/gcc/avr/5.4.0/../../../../avr/lib/avr6\libm.a(cmpsf2.o) (__fp_cmp)
c:/program files (x86)/atmel/studio/7.0/toolchain/avr8/avr8-gnu-toolchain/bin/../lib/gcc/avr/5.4.0/../../../../avr/lib/avr6\libm.a(fp_inf.o)
                              c:/program files (x86)/atmel/studio/7.0/toolchain/avr8/avr8-gnu-toolchain/bin/../lib/gcc/avr/5.4.0/../../../../avr/lib/avr6\libm.a(addsf3x.o) (__fp_inf)
c:/program files (x86)/atmel/studio/7.0/toolchain/avr8/avr8-gnu-toolchain/bin/../lib/gcc/avr/5.4.0/../../../../avr/lib/avr6\libm.a(fp_nan.o)
                              c:/program files (x86)/atmel/studio/7.0/toolchain/avr8/avr8-gnu-toolchain/bin/../lib/gcc/avr/5.4.0/../../../../avr/lib/avr6\libm.a(addsf3x.o) (__fp_nan)
c:/program files (x86)/atmel/studio/7.0/toolchain/avr8/avr8-gnu-toolchain/bin/../lib/gcc/avr/5.4.0/../../../../avr/lib/avr6\libm.a(fp_pscA.o)
                              c:/program files (x86)/atmel/studio/7.0/toolchain/avr8/avr8-gnu-toolchain/bin/../lib/gcc/avr/5.4.0/../../../../avr/lib/avr6\libm.a(addsf3x.o) (__fp_pscA)
c:/program files (x86)/atmel/studio/7.0/toolchain/avr8/avr8-gnu-toolchain/bin/../lib/gcc/avr/5.4.0/../../../../avr/lib/avr6\libm.a(fp_pscB.o)
                              c:/program files (x86)/atmel/studio/7.0/toolchain/avr8/avr8-gnu-toolchain/bin/../lib/gcc/avr/5.4.0/../../../../avr/lib/avr6\libm.a(addsf3x.o) (__fp_pscB)
c:/program files (x86)/atmel/studio/7.0/toolchain/avr8/avr8-gnu-toolchain/bin/../lib/gcc/avr/5.4.0/../../../../avr/lib/avr6\libm.a(fp_round.o)
                              c:/program files (x86)/atmel/studio/7.0/toolchain/avr8/avr8-gnu-toolchain/bin/../lib/gcc/avr/5.4.0/../../../../avr/lib/avr6\libm.a(addsf3.o) (__fp_round)
c:/program files (x86)/atmel/studio/7.0/toolchain/avr8/avr8-gnu-toolchain/bin/../lib/gcc/avr/5.4.0/../../../../avr/lib/avr6\libm.a(fp_split3.o)
                              c:/program files (x86)/atmel/studio/7.0/toolchain/avr8/avr8-gnu-toolchain/bin/../lib/gcc/avr/5.4.0/../../../../avr/lib/avr6\libm.a(addsf3x.o) (__fp_split3)
c:/program files (x86)/atmel/studio/7.0/toolchain/avr8/avr8-gnu-toolchain/bin/../lib/gcc/avr/5.4.0/../../../../avr/lib/avr6\libm.a(fp_zero.o)
                              c:/program files (x86)/atmel/studio/7.0/toolchain/avr8/avr8-gnu-toolchain/bin/../lib/gcc/avr/5.4.0/../../../../avr/lib/avr6\libm.a(addsf3x.o) (__fp_zero)
c:/program files (x86)/atmel/studio/7.0/toolchain/avr8/avr8-gnu-toolchain/bin/../lib/gcc/avr/5.4.0/../../../../avr/lib/avr6\libm.a(gesf2.o)
                              src/libraries/DHT-sensor-library/DHT.o (__gesf2)
c:/program files (x86)/atmel/studio/7.0/toolchain/avr8/avr8-gnu-toolchain/bin/../lib/gcc/avr/5.4.0/../../../../avr/lib/avr6\libm.a(mulsf3.o)
                              src/libraries/DHT-sensor-library/DHT.o (__mulsf3)
c:/program files (x86)/atmel/studio/7.0/toolchain/avr8/avr8-gnu-toolchain/bin/../lib/gcc/avr/5.4.0/../../../../avr/lib/avr6\libm.a(mulsf3x.o)
                              c:/program files (x86)/atmel/studio/7.0/toolchain/avr8/avr8-gnu-toolchain/bin/../lib/gcc/avr/5.4.0/../../../../avr/lib/avr6\libm.a(mulsf3.o) (__mulsf3x)
[...]
Memory Configuration

Name             Origin             Length             Attributes
text             0x00000000         0x00040000         xr
data             0x00800200         0x00002000         rw !x
eeprom           0x00810000         0x00001000         rw !x
fuse             0x00820000         0x00000003         rw !x
lock             0x00830000         0x00000400         rw !x
signature        0x00840000         0x00000400         rw !x
user_signatures  0x00850000         0x00000400         rw !x
*default*        0x00000000         0xffffffff

Linker script and memory map

Address of section .data set to 0x800200
LOAD C:/Program Files (x86)/Atmel/Studio/7.0/Packs/atmel/ATmega_DFP/1.6.364/gcc/dev/atmega2560/avr6/crtatmega2560.o
LOAD main.o
LOAD src/libraries/Adafruit_Unified_Sensor/Adafruit_Sensor.o
LOAD src/libraries/DHT-sensor-library/DHT.o
LOAD src/libraries/DHT-sensor-library/DHT_U.o
LOAD src/libraries/rfid/MFRC522.o
LOAD src/libraries/Servo/src/avr/Servo.o
LOAD src/libraries/Servo/src/mbed/Servo.o
LOAD src/libraries/Servo/src/megaavr/Servo.o
LOAD src/libraries/Servo/src/nrf52/Servo.o
LOAD src/libraries/Servo/src/samd/Servo.o
LOAD src/libraries/Servo/src/sam/Servo.o
LOAD src/libraries/Servo/src/stm32f4/Servo.o
LOAD src/libraries/SPI/src/SPI.o
LOAD src/libraries/Wire/src/utility/twi.o
LOAD src/libraries/Wire/src/Wire.o
START GROUP
LOAD c:/program files (x86)/atmel/studio/7.0/toolchain/avr8/avr8-gnu-toolchain/bin/../lib/gcc/avr/5.4.0/../../../../avr/lib/avr6\libm.a
LOAD C:\Users\kasjac\Desktop\Skole\H5\UGE03-~1\PROJEC~1\DETINT~1\ATMELM~1\ARDUIN~1\Debug\libArduinoCore.a
END GROUP
LOAD c:/program files (x86)/atmel/studio/7.0/toolchain/avr8/avr8-gnu-toolchain/bin/../lib/gcc/avr/5.4.0/avr6\libgcc.a
LOAD c:/program files (x86)/atmel/studio/7.0/toolchain/avr8/avr8-gnu-toolchain/bin/../lib/gcc/avr/5.4.0/../../../../avr/lib/avr6\libm.a
START GROUP
LOAD c:/program files (x86)/atmel/studio/7.0/toolchain/avr8/avr8-gnu-toolchain/bin/../lib/gcc/avr/5.4.0/avr6\libgcc.a
LOAD c:/program files (x86)/atmel/studio/7.0/toolchain/avr8/avr8-gnu-toolchain/bin/../lib/gcc/avr/5.4.0/../../../../avr/lib/avr6\libm.a
LOAD c:/program files (x86)/atmel/studio/7.0/toolchain/avr8/avr8-gnu-toolchain/bin/../lib/gcc/avr/5.4.0/../../../../avr/lib/avr6\libc.a
LOAD C:/Program Files (x86)/Atmel/Studio/7.0/Packs/atmel/ATmega_DFP/1.6.364/gcc/dev/atmega2560/avr6\libatmega2560.a
END GROUP
                0x00000000                __TEXT_REGION_ORIGIN__ = DEFINED (__TEXT_REGION_ORIGIN__)?__TEXT_REGION_ORIGIN__:0x0
                [0x00800200]                __DATA_REGION_ORIGIN__ = DEFINED (__DATA_REGION_ORIGIN__)?__DATA_REGION_ORIGIN__:0x800200
                [0x00040000]                __TEXT_REGION_LENGTH__ = DEFINED (__TEXT_REGION_LENGTH__)?__TEXT_REGION_LENGTH__:0x100000
                [0x00002000]                __DATA_REGION_LENGTH__ = DEFINED (__DATA_REGION_LENGTH__)?__DATA_REGION_LENGTH__:0xfe00
                [0x00001000]                __EEPROM_REGION_LENGTH__ = DEFINED (__EEPROM_REGION_LENGTH__)?__EEPROM_REGION_LENGTH__:0x10000
                [0x00000003]                __FUSE_REGION_LENGTH__ = DEFINED (__FUSE_REGION_LENGTH__)?__FUSE_REGION_LENGTH__:0x400
                0x00000400                __LOCK_REGION_LENGTH__ = DEFINED (__LOCK_REGION_LENGTH__)?__LOCK_REGION_LENGTH__:0x400
                0x00000400                __SIGNATURE_REGION_LENGTH__ = DEFINED (__SIGNATURE_REGION_LENGTH__)?__SIGNATURE_REGION_LENGTH__:0x400
                0x00000400                __USER_SIGNATURE_REGION_LENGTH__ = DEFINED (__USER_SIGNATURE_REGION_LENGTH__)?__USER_SIGNATURE_REGION_LENGTH__:0x400

.hash
 *(.hash)

.dynsym
 *(.dynsym)

.dynstr
 *(.dynstr)

.gnu.version
 *(.gnu.version)

.gnu.version_d
 *(.gnu.version_d)

.gnu.version_r
 *(.gnu.version_r)

.rel.init
 *(.rel.init)

.rela.init
 *(.rela.init)

.rel.text
 *(.rel.text)
 *(.rel.text.*)
 *(.rel.gnu.linkonce.t*)

.rela.text
 *(.rela.text)
 *(.rela.text.*)
 *(.rela.gnu.linkonce.t*)

.rel.fini
 *(.rel.fini)

.rela.fini
 *(.rela.fini)

.rel.rodata
 *(.rel.rodata)
 *(.rel.rodata.*)
 *(.rel.gnu.linkonce.r*)

.rela.rodata
 *(.rela.rodata)
 *(.rela.rodata.*)
 *(.rela.gnu.linkonce.r*)

.rel.data
 *(.rel.data)
 *(.rel.data.*)
 *(.rel.gnu.linkonce.d*)

.rela.data
 *(.rela.data)
 *(.rela.data.*)
 *(.rela.gnu.linkonce.d*)

.rel.ctors
 *(.rel.ctors)

.rela.ctors
 *(.rela.ctors)

.rel.dtors
 *(.rel.dtors)

.rela.dtors
 *(.rela.dtors)

.rel.got
 *(.rel.got)

.rela.got
 *(.rela.got)

.rel.bss
 *(.rel.bss)

.rela.bss
 *(.rela.bss)

.rel.plt
 *(.rel.plt)

.rela.plt
 *(.rela.plt)

.text           0x00000000     0x682e
 *(.vectors)
 .vectors       0x00000000       0xe4 C:/Program Files (x86)/Atmel/Studio/7.0/Packs/atmel/ATmega_DFP/1.6.364/gcc/dev/atmega2560/avr6/crtatmega2560.o
                0x00000000                __vector_default
                0x00000000                __vectors
 *(.vectors)
 *(.progmem.gcc*)
 .progmem.gcc_sw_table.turnOffPWM
                0x000000e4       0x24 C:\Users\kasjac\Desktop\Skole\H5\UGE03-~1\PROJEC~1\DETINT~1\ATMELM~1\ARDUIN~1\Debug\libArduinoCore.a(wiring_digital.o)
                0x00000108                . = ALIGN (0x2)
                0x00000108                __trampolines_start = .
 *(.trampolines)
 .trampolines   0x00000108        0x0 linker stubs
 *(.trampolines*)
                0x00000108                __trampolines_end = .
 *libprintf_flt.a:*(.progmem.data)
 *libc.a:*(.progmem.data)
 *(.progmem*)
 .progmem.data.digital_pin_to_timer_PGM
                0x00000108       0x46 C:\Users\kasjac\Desktop\Skole\H5\UGE03-~1\PROJEC~1\DETINT~1\ATMELM~1\ARDUIN~1\Debug\libArduinoCore.a(wiring_digital.o)
                0x00000108                digital_pin_to_timer_PGM
 .progmem.data.digital_pin_to_bit_mask_PGM
                0x0000014e       0x46 C:\Users\kasjac\Desktop\Skole\H5\UGE03-~1\PROJEC~1\DETINT~1\ATMELM~1\ARDUIN~1\Debug\libArduinoCore.a(wiring_digital.o)
                0x0000014e                digital_pin_to_bit_mask_PGM
 .progmem.data.digital_pin_to_port_PGM
                0x00000194       0x46 C:\Users\kasjac\Desktop\Skole\H5\UGE03-~1\PROJEC~1\DETINT~1\ATMELM~1\ARDUIN~1\Debug\libArduinoCore.a(wiring_digital.o)
                0x00000194                digital_pin_to_port_PGM
 .progmem.data.port_to_input_PGM
                0x000001da       0x1a C:\Users\kasjac\Desktop\Skole\H5\UGE03-~1\PROJEC~1\DETINT~1\ATMELM~1\ARDUIN~1\Debug\libArduinoCore.a(wiring_digital.o)
                0x000001da                port_to_input_PGM
 .progmem.data.port_to_output_PGM
                0x000001f4       0x1a C:\Users\kasjac\Desktop\Skole\H5\UGE03-~1\PROJEC~1\DETINT~1\ATMELM~1\ARDUIN~1\Debug\libArduinoCore.a(wiring_digital.o)
                0x000001f4                port_to_output_PGM
 .progmem.data.port_to_mode_PGM
                0x0000020e       0x1a C:\Users\kasjac\Desktop\Skole\H5\UGE03-~1\PROJEC~1\DETINT~1\ATMELM~1\ARDUIN~1\Debug\libArduinoCore.a(wiring_digital.o)
                0x0000020e                port_to_mode_PGM
                0x00000228                . = ALIGN (0x2)
 *(.jumptables)
 *(.jumptables*)
 *(.lowtext)
 *(.lowtext*)
                0x00000228                __ctors_start = .
 *(.ctors)
 .ctors         0x00000228        0x2 main.o
 .ctors         0x0000022a        0x2 src/libraries/Wire/src/Wire.o
 .ctors         0x0000022c        0x2 C:\Users\kasjac\Desktop\Skole\H5\UGE03-~1\PROJEC~1\DETINT~1\ATMELM~1\ARDUIN~1\Debug\libArduinoCore.a(HardwareSerial0.o)
                0x0000022e                __ctors_end = .
                0x0000022e                __dtors_start = .
 *(.dtors)
 .dtors         0x0000022e        0x2 main.o
                0x00000230                __dtors_end = .
 SORT(*)(.ctors)
 SORT(*)(.dtors)
 *(.init0)
 .init0         0x00000230        0x0 C:/Program Files (x86)/Atmel/Studio/7.0/Packs/atmel/ATmega_DFP/1.6.364/gcc/dev/atmega2560/avr6/crtatmega2560.o
                0x00000230                __init
 *(.init0)
 *(.init1)
 *(.init1)
 *(.init2)
 .init2         0x00000230       0x10 C:/Program Files (x86)/Atmel/Studio/7.0/Packs/atmel/ATmega_DFP/1.6.364/gcc/dev/atmega2560/avr6/crtatmega2560.o
 *(.init2)
 *(.init3)
 *(.init3)
 *(.init4)
 .init4         0x00000240       0x1a c:/program files (x86)/atmel/studio/7.0/toolchain/avr8/avr8-gnu-toolchain/bin/../lib/gcc/avr/5.4.0/avr6\libgcc.a(_copy_data.o)
                0x00000240                __do_copy_data
 .init4         0x0000025a       0x10 c:/program files (x86)/atmel/studio/7.0/toolchain/avr8/avr8-gnu-toolchain/bin/../lib/gcc/avr/5.4.0/avr6\libgcc.a(_clear_bss.o)
                0x0000025a                __do_clear_bss
 *(.init4)
 *(.init5)
 *(.init5)
 *(.init6)
 .init6         0x0000026a       0x20 c:/program files (x86)/atmel/studio/7.0/toolchain/avr8/avr8-gnu-toolchain/bin/../lib/gcc/avr/5.4.0/avr6\libgcc.a(_ctors.o)
                0x0000026a                __do_global_ctors
 *(.init6)
 *(.init7)
 *(.init7)
 *(.init8)
 *(.init8)
 *(.init9)
 .init9         0x0000028a        0x8 C:/Program Files (x86)/Atmel/Studio/7.0/Packs/atmel/ATmega_DFP/1.6.364/gcc/dev/atmega2560/avr6/crtatmega2560.o
 *(.init9)
 *(.text)
 .text          0x00000292        0x2 C:/Program Files (x86)/Atmel/Studio/7.0/Packs/atmel/ATmega_DFP/1.6.364/gcc/dev/atmega2560/avr6/crtatmega2560.o
                0x00000292                __vector_38
                0x00000292                __vector_22
                0x00000292                __vector_28
                0x00000292                __vector_1
                0x00000292                __vector_34
                0x00000292                __vector_24
                0x00000292                __vector_12
                0x00000292                __vector_55
                0x00000292                __vector_46
                0x00000292                __bad_interrupt
                0x00000292                __vector_6
                0x00000292                __vector_31
                0x00000292                __vector_35
                0x00000292                __vector_3
                0x00000292                __vector_30
                0x00000292                __vector_45
                0x00000292                __vector_11
                0x00000292                __vector_54
                0x00000292                __vector_13
                0x00000292                __vector_19
                0x00000292                __vector_56
                0x00000292                __vector_7
                0x00000292                __vector_49
                0x00000292                __vector_41
                0x00000292                __vector_43
                0x00000292                __vector_27
                0x00000292                __vector_5
                0x00000292                __vector_33
                0x00000292                __vector_52
                0x00000292                __vector_37
                0x00000292                __vector_4
                0x00000292                __vector_44
                0x00000292                __vector_51
                0x00000292                __vector_9
                0x00000292                __vector_2
                0x00000292                __vector_21
                0x00000292                __vector_15
                0x00000292                __vector_36
                0x00000292                __vector_29
                0x00000292                __vector_40
                0x00000292                __vector_8
                0x00000292                __vector_48
                0x00000292                __vector_14
                0x00000292                __vector_53
                0x00000292                __vector_10
                0x00000292                __vector_50
                0x00000292                __vector_16
                0x00000292                __vector_18
                0x00000292                __vector_20
                0x00000294                . = ALIGN (0x2)
 *(.text.*)
 .text._ZNK6String6lengthEv
                0x00000294       0x24 main.o
                0x00000294                _ZNK6String6lengthEv
 .text._ZN6StringpLEc
                0x000002b8       0x2a main.o
                0x000002b8                _ZN6StringpLEc
 .text._ZN6StringpLEi
                0x000002e2       0x34 main.o
                0x000002e2                _ZN6StringpLEi
 .text._ZNK6StringeqERKS_
                0x00000316       0x30 main.o
                0x00000316                _ZNK6StringeqERKS_
 .text._ZNK6StringeqEPKc
                0x00000346       0x30 main.o
                0x00000346                _ZNK6StringeqEPKc
 .text._ZNK6String9substringEj
                0x00000376       0x48 main.o
                0x00000376                _ZNK6String9substringEj
 .text._ZN5Print5writeEPKc
                0x000003be       0x62 main.o
                0x000003be                _ZN5Print5writeEPKc
 .text._ZN14HardwareSerial5beginEm
                0x00000420       0x44 main.o
                0x00000420                _ZN14HardwareSerial5beginEm
 .text._ZN14HardwareSerialcvbEv
                0x00000464       0x1c main.o
                0x00000464                _ZN14HardwareSerialcvbEv
 .text._ZN15Adafruit_SensorD2Ev
                0x00000480       0x38 main.o
                0x00000480                _ZN15Adafruit_SensorD1Ev
                0x00000480                _ZN15Adafruit_SensorD2Ev
 .text._ZN15Adafruit_SensorD0Ev
                0x000004b8       0x28 main.o
                0x000004b8                _ZN15Adafruit_SensorD0Ev
 .text._ZN15Adafruit_Sensor15enableAutoRangeEb
                0x000004e0       0x1e main.o
                0x000004e0                _ZN15Adafruit_Sensor15enableAutoRangeEb
 .text._ZN15Adafruit_SensorC2ERKS_
                0x000004fe       0x42 main.o
                0x000004fe                _ZN15Adafruit_SensorC2ERKS_
                0x000004fe                _ZN15Adafruit_SensorC1ERKS_
 .text._ZN11DHT_Unified11TemperatureC2ERKS0_
                0x00000540       0x6e main.o
                0x00000540                _ZN11DHT_Unified11TemperatureC2ERKS0_
                0x00000540                _ZN11DHT_Unified11TemperatureC1ERKS0_
 .text._ZN11DHT_Unified11temperatureEv
                0x000005ae       0x38 main.o
                0x000005ae                _ZN11DHT_Unified11temperatureEv
 .text._ZN11DHT_Unified8HumidityC2ERKS0_
                0x000005e6       0x6e main.o
                0x000005e6                _ZN11DHT_Unified8HumidityC2ERKS0_
                0x000005e6                _ZN11DHT_Unified8HumidityC1ERKS0_
 .text._ZN11DHT_Unified8humidityEv
                0x00000654       0x38 main.o
                0x00000654                _ZN11DHT_Unified8humidityEv
 .text._ZN7TwoWire5writeEi
                0x0000068c       0x3e main.o
                0x0000068c                _ZN7TwoWire5writeEi
 .text.setup    0x000006ca      0x14a main.o
                0x000006ca                setup
 .text.loop     0x00000814      0x33c main.o
                0x00000814                loop
 .text._Z13RfidValidaterv
                0x00000b50      0x148 main.o
                0x00000b50                _Z13RfidValidaterv
 .text._Z11SetRfidLedsb
                0x00000c98       0x6a main.o
                0x00000c98                _Z11SetRfidLedsb
 .text._Z9moveServov
                0x00000d02       0xa0 main.o
                0x00000d02                _Z9moveServov
 .text._Z12makeBipSoundi
                0x00000da2       0xc8 main.o
                0x00000da2                _Z12makeBipSoundi
 .text._ZN11DHT_UnifiedD2Ev
                0x00000e6a       0x2c main.o
                0x00000e6a                _ZN11DHT_UnifiedD2Ev
                0x00000e6a                _ZN11DHT_UnifiedD1Ev
 .text._Z41__static_initialization_and_destruction_0ii
                0x00000e96       0xae main.o
 .text._ZN11DHT_Unified11TemperatureD2Ev
                0x00000f44       0x3e main.o
                0x00000f44                _ZN11DHT_Unified11TemperatureD2Ev
                0x00000f44                _ZN11DHT_Unified11TemperatureD1Ev
 .text._ZN11DHT_Unified11TemperatureD0Ev
                0x00000f82       0x28 main.o
                0x00000f82                _ZN11DHT_Unified11TemperatureD0Ev
 .text._ZN11DHT_Unified8HumidityD2Ev
                0x00000faa       0x3e main.o
                0x00000faa                _ZN11DHT_Unified8HumidityD1Ev
                0x00000faa                _ZN11DHT_Unified8HumidityD2Ev
 .text._ZN11DHT_Unified8HumidityD0Ev
                0x00000fe8       0x28 main.o
                0x00000fe8                _ZN11DHT_Unified8HumidityD0Ev
 .text._GLOBAL__sub_I_x
                0x00001010       0x18 main.o
 .text._GLOBAL__sub_D_x
                0x00001028       0x18 main.o
 .text._ZN13InterruptLockC2Ev
                0x00001040       0x1e src/libraries/DHT-sensor-library/DHT.o
                0x00001040                _ZN13InterruptLockC1Ev
                0x00001040                _ZN13InterruptLockC2Ev
 .text._ZN13InterruptLockD2Ev
                0x0000105e       0x1e src/libraries/DHT-sensor-library/DHT.o
                0x0000105e                _ZN13InterruptLockD2Ev
                0x0000105e                _ZN13InterruptLockD1Ev
 .text._ZN3DHTC2Ehhh
                0x0000107c       0xa0 src/libraries/DHT-sensor-library/DHT.o
                0x0000107c                _ZN3DHTC1Ehhh
                0x0000107c                _ZN3DHTC2Ehhh
 .text._ZN3DHT5beginEh
                0x0000111c       0x54 src/libraries/DHT-sensor-library/DHT.o
                0x0000111c                _ZN3DHT5beginEh
 .text._ZN3DHT15readTemperatureEbb
                0x00001170      0x2c0 src/libraries/DHT-sensor-library/DHT.o
                0x00001170                _ZN3DHT15readTemperatureEbb
 .text._ZN3DHT11convertCtoFEf
                0x00001430       0x5a src/libraries/DHT-sensor-library/DHT.o
                0x00001430                _ZN3DHT11convertCtoFEf
 .text._ZN3DHT12readHumidityEb
                0x0000148a      0x154 src/libraries/DHT-sensor-library/DHT.o
                0x0000148a                _ZN3DHT12readHumidityEb
 .text._ZN3DHT4readEb
                0x000015de      0x588 src/libraries/DHT-sensor-library/DHT.o
                0x000015de                _ZN3DHT4readEb
 .text._ZN3DHT11expectPulseEb
                0x00001b66       0xdc src/libraries/DHT-sensor-library/DHT.o
                0x00001b66                _ZN3DHT11expectPulseEb
 .text._ZN15Adafruit_SensorC2Ev
                0x00001c42       0x2a src/libraries/DHT-sensor-library/DHT_U.o
                0x00001c42                _ZN15Adafruit_SensorC2Ev
                0x00001c42                _ZN15Adafruit_SensorC1Ev
 .text._ZN11DHT_UnifiedC2Ehhhll
                0x00001c6c       0xb0 src/libraries/DHT-sensor-library/DHT_U.o
                0x00001c6c                _ZN11DHT_UnifiedC2Ehhhll
                0x00001c6c                _ZN11DHT_UnifiedC1Ehhhll
 .text._ZN11DHT_Unified5beginEv
                0x00001d1c       0x24 src/libraries/DHT-sensor-library/DHT_U.o
                0x00001d1c                _ZN11DHT_Unified5beginEv
 .text._ZN11DHT_Unified7setNameEP8sensor_t
                0x00001d40       0xc2 src/libraries/DHT-sensor-library/DHT_U.o
                0x00001d40                _ZN11DHT_Unified7setNameEP8sensor_t
 .text._ZN11DHT_Unified11setMinDelayEP8sensor_t
                0x00001e02       0xc6 src/libraries/DHT-sensor-library/DHT_U.o
                0x00001e02                _ZN11DHT_Unified11setMinDelayEP8sensor_t
 .text._ZN11DHT_Unified11TemperatureC2EPS_l
                0x00001ec8       0x70 src/libraries/DHT-sensor-library/DHT_U.o
                0x00001ec8                _ZN11DHT_Unified11TemperatureC2EPS_l
                0x00001ec8                _ZN11DHT_Unified11TemperatureC1EPS_l
 .text._ZN11DHT_Unified11Temperature8getEventEP15sensors_event_t
                0x00001f38       0xb4 src/libraries/DHT-sensor-library/DHT_U.o
                0x00001f38                _ZN11DHT_Unified11Temperature8getEventEP15sensors_event_t
 .text._ZN11DHT_Unified11Temperature9getSensorEP8sensor_t
                0x00001fec      0x208 src/libraries/DHT-sensor-library/DHT_U.o
                0x00001fec                _ZN11DHT_Unified11Temperature9getSensorEP8sensor_t
 .text._ZN11DHT_Unified8HumidityC2EPS_l
                0x000021f4       0x70 src/libraries/DHT-sensor-library/DHT_U.o
                0x000021f4                _ZN11DHT_Unified8HumidityC1EPS_l
                0x000021f4                _ZN11DHT_Unified8HumidityC2EPS_l
 .text._ZN11DHT_Unified8Humidity8getEventEP15sensors_event_t
                0x00002264       0xb2 src/libraries/DHT-sensor-library/DHT_U.o
                0x00002264                _ZN11DHT_Unified8Humidity8getEventEP15sensors_event_t
 .text._ZN11DHT_Unified8Humidity9getSensorEP8sensor_t
                0x00002316      0x200 src/libraries/DHT-sensor-library/DHT_U.o
                0x00002316                _ZN11DHT_Unified8Humidity9getSensorEP8sensor_t
 .text._ZN11SPISettingsC2Emhh
                0x00002516       0x54 src/libraries/rfid/MFRC522.o
                0x00002516                _ZN11SPISettingsC1Emhh
                0x00002516                _ZN11SPISettingsC2Emhh
 .text._ZN11SPISettings16init_MightInlineEmhh
                0x0000256a       0xfa src/libraries/rfid/MFRC522.o
                0x0000256a                _ZN11SPISettings16init_MightInlineEmhh
 .text._ZN8SPIClass16beginTransactionE11SPISettings
                0x00002664       0x84 src/libraries/rfid/MFRC522.o
                0x00002664                _ZN8SPIClass16beginTransactionE11SPISettings
 .text._ZN8SPIClass8transferEh
                0x000026e8       0x3e src/libraries/rfid/MFRC522.o
                0x000026e8                _ZN8SPIClass8transferEh
 .text._ZN8SPIClass14endTransactionEv
                0x00002726       0x54 src/libraries/rfid/MFRC522.o
                0x00002726                _ZN8SPIClass14endTransactionEv
 .text._ZN7MFRC522C2Ehh
                0x0000277a       0x38 src/libraries/rfid/MFRC522.o
                0x0000277a                _ZN7MFRC522C2Ehh
                0x0000277a                _ZN7MFRC522C1Ehh
 .text._ZN7MFRC52217PCD_WriteRegisterEhh
                0x000027b2       0x6a src/libraries/rfid/MFRC522.o
                0x000027b2                _ZN7MFRC52217PCD_WriteRegisterEhh
 .text._ZN7MFRC52217PCD_WriteRegisterEhhPh
                0x0000281c       0x98 src/libraries/rfid/MFRC522.o
                0x0000281c                _ZN7MFRC52217PCD_WriteRegisterEhhPh
 .text._ZN7MFRC52216PCD_ReadRegisterEh
                0x000028b4       0x6c src/libraries/rfid/MFRC522.o
                0x000028b4                _ZN7MFRC52216PCD_ReadRegisterEh
 .text._ZN7MFRC52216PCD_ReadRegisterEhhPhh
                0x00002920      0x142 src/libraries/rfid/MFRC522.o
                0x00002920                _ZN7MFRC52216PCD_ReadRegisterEhhPhh
 .text._ZN7MFRC52222PCD_SetRegisterBitMaskEhh
                0x00002a62       0x44 src/libraries/rfid/MFRC522.o
                0x00002a62                _ZN7MFRC52222PCD_SetRegisterBitMaskEhh
 .text._ZN7MFRC52224PCD_ClearRegisterBitMaskEhh
                0x00002aa6       0x48 src/libraries/rfid/MFRC522.o
                0x00002aa6                _ZN7MFRC52224PCD_ClearRegisterBitMaskEhh
 .text._ZN7MFRC52216PCD_CalculateCRCEPhhS0_
                0x00002aee       0xe6 src/libraries/rfid/MFRC522.o
                0x00002aee                _ZN7MFRC52216PCD_CalculateCRCEPhhS0_
 .text._ZN7MFRC5228PCD_InitEv
                0x00002bd4       0xc2 src/libraries/rfid/MFRC522.o
                0x00002bd4                _ZN7MFRC5228PCD_InitEv
 .text._ZN7MFRC5229PCD_ResetEv
                0x00002c96       0x50 src/libraries/rfid/MFRC522.o
                0x00002c96                _ZN7MFRC5229PCD_ResetEv
 .text._ZN7MFRC52213PCD_AntennaOnEv
                0x00002ce6       0x44 src/libraries/rfid/MFRC522.o
                0x00002ce6                _ZN7MFRC52213PCD_AntennaOnEv
 .text._ZN7MFRC52218PCD_TransceiveDataEPhhS0_S0_S0_hb
                0x00002d2a       0x92 src/libraries/rfid/MFRC522.o
                0x00002d2a                _ZN7MFRC52218PCD_TransceiveDataEPhhS0_S0_S0_hb
 .text._ZN7MFRC52223PCD_CommunicateWithPICCEhhPhhS0_S0_S0_hb
                0x00002dbc      0x26c src/libraries/rfid/MFRC522.o
                0x00002dbc                _ZN7MFRC52223PCD_CommunicateWithPICCEhhPhhS0_S0_S0_hb
 .text._ZN7MFRC52213PICC_RequestAEPhS0_
                0x00003028       0x3a src/libraries/rfid/MFRC522.o
                0x00003028                _ZN7MFRC52213PICC_RequestAEPhS0_
 .text._ZN7MFRC52217PICC_REQA_or_WUPAEhPhS0_
                0x00003062       0xb8 src/libraries/rfid/MFRC522.o
                0x00003062                _ZN7MFRC52217PICC_REQA_or_WUPAEhPhS0_
 .text._ZN7MFRC52211PICC_SelectEPNS_3UidEh
                0x0000311a      0x4a8 src/libraries/rfid/MFRC522.o
                0x0000311a                _ZN7MFRC52211PICC_SelectEPNS_3UidEh
 .text._ZN7MFRC52221PICC_IsNewCardPresentEv
                0x000035c2       0x4e src/libraries/rfid/MFRC522.o
                0x000035c2                _ZN7MFRC52221PICC_IsNewCardPresentEv
 .text._ZN7MFRC52219PICC_ReadCardSerialEv
                0x00003610       0x34 src/libraries/rfid/MFRC522.o
                0x00003610                _ZN7MFRC52219PICC_ReadCardSerialEv
 .text._ZL17handle_interrupts18timer16_Sequence_tPVjS1_
                0x00003644      0x2fc src/libraries/Servo/src/avr/Servo.o
 .text.__vector_17
                0x00003940       0x6e src/libraries/Servo/src/avr/Servo.o
                0x00003940                __vector_17
 .text.__vector_32
                0x000039ae       0x6e src/libraries/Servo/src/avr/Servo.o
                0x000039ae                __vector_32
 .text.__vector_42
                0x00003a1c       0x6e src/libraries/Servo/src/avr/Servo.o
                0x00003a1c                __vector_42
 .text.__vector_47
                0x00003a8a       0x6e src/libraries/Servo/src/avr/Servo.o
                0x00003a8a                __vector_47
 .text._ZL7initISR18timer16_Sequence_t
                0x00003af8       0xfe src/libraries/Servo/src/avr/Servo.o
 .text._ZL13isTimerActive18timer16_Sequence_t
                0x00003bf6       0x6e src/libraries/Servo/src/avr/Servo.o
 .text._ZN5ServoC2Ev
                0x00003c64       0x68 src/libraries/Servo/src/avr/Servo.o
                0x00003c64                _ZN5ServoC1Ev
                0x00003c64                _ZN5ServoC2Ev
 .text._ZN5Servo6attachEi
                0x00003ccc       0x34 src/libraries/Servo/src/avr/Servo.o
                0x00003ccc                _ZN5Servo6attachEi
 .text._ZN5Servo6attachEiii
                0x00003d00      0x122 src/libraries/Servo/src/avr/Servo.o
                0x00003d00                _ZN5Servo6attachEiii
 .text._ZN5Servo5writeEi
                0x00003e22      0x124 src/libraries/Servo/src/avr/Servo.o
                0x00003e22                _ZN5Servo5writeEi
 .text._ZN5Servo17writeMicrosecondsEi
                0x00003f46      0x16c src/libraries/Servo/src/avr/Servo.o
                0x00003f46                _ZN5Servo17writeMicrosecondsEi
 .text._ZN5Servo4readEv
                0x000040b2       0xea src/libraries/Servo/src/avr/Servo.o
                0x000040b2                _ZN5Servo4readEv
 .text._ZN5Servo16readMicrosecondsEv
                0x0000419c       0x72 src/libraries/Servo/src/avr/Servo.o
                0x0000419c                _ZN5Servo16readMicrosecondsEv
 .text._ZN8SPIClass5beginEv
                0x0000420e      0x108 src/libraries/SPI/src/SPI.o
                0x0000420e                _ZN8SPIClass5beginEv
 .text.twi_init
                0x00004316       0x3c src/libraries/Wire/src/utility/twi.o
                0x00004316                twi_init
 .text.twi_disable
                0x00004352       0x1a src/libraries/Wire/src/utility/twi.o
                0x00004352                twi_disable
 .text.twi_transmit
                0x0000436c       0x50 src/libraries/Wire/src/utility/twi.o
                0x0000436c                twi_transmit
 .text.twi_attachSlaveRxEvent
                0x000043bc        0xa src/libraries/Wire/src/utility/twi.o
                0x000043bc                twi_attachSlaveRxEvent
 .text.twi_attachSlaveTxEvent
                0x000043c6        0xa src/libraries/Wire/src/utility/twi.o
                0x000043c6                twi_attachSlaveTxEvent
 .text.twi_releaseBus
                0x000043d0        0xc src/libraries/Wire/src/utility/twi.o
                0x000043d0                twi_releaseBus
 .text.twi_handleTimeout
                0x000043dc       0x28 src/libraries/Wire/src/utility/twi.o
                0x000043dc                twi_handleTimeout
 .text.twi_readFrom
                0x00004404      0x1ce src/libraries/Wire/src/utility/twi.o
                0x00004404                twi_readFrom
 .text.twi_writeTo
                0x000045d2      0x1de src/libraries/Wire/src/utility/twi.o
                0x000045d2                twi_writeTo
 .text.twi_stop
                0x000047b0       0x6e src/libraries/Wire/src/utility/twi.o
                0x000047b0                twi_stop
 .text.__vector_39
                0x0000481e      0x25c src/libraries/Wire/src/utility/twi.o
                0x0000481e                __vector_39
 .text._ZN5Print13setWriteErrorEi
                0x00004a7a       0x32 src/libraries/Wire/src/Wire.o
                0x00004a7a                _ZN5Print13setWriteErrorEi
 .text._ZN5PrintC2Ev
                0x00004aac       0x34 src/libraries/Wire/src/Wire.o
                0x00004aac                _ZN5PrintC2Ev
                0x00004aac                _ZN5PrintC1Ev
 .text._ZN5Print17availableForWriteEv
                0x00004ae0       0x1e src/libraries/Wire/src/Wire.o
                0x00004ae0                _ZN5Print17availableForWriteEv
 .text._ZN5Print5flushEv
                0x00004afe       0x1c src/libraries/Wire/src/Wire.o
                0x00004afe                _ZN5Print5flushEv
 .text._ZN6StreamC2Ev
                0x00004b1a       0x46 src/libraries/Wire/src/Wire.o
                0x00004b1a                _ZN6StreamC1Ev
                0x00004b1a                _ZN6StreamC2Ev
 .text._ZN7TwoWireC2Ev
                0x00004b60       0x30 src/libraries/Wire/src/Wire.o
                0x00004b60                _ZN7TwoWireC1Ev
                0x00004b60                _ZN7TwoWireC2Ev
 .text._ZN7TwoWire5beginEv
                0x00004b90       0x3a src/libraries/Wire/src/Wire.o
                0x00004b90                _ZN7TwoWire5beginEv
 .text._ZN7TwoWire11requestFromEhhmhh
                0x00004bca       0xea src/libraries/Wire/src/Wire.o
                0x00004bca                _ZN7TwoWire11requestFromEhhmhh
 .text._ZN7TwoWire11requestFromEhhh
                0x00004cb4       0x4c src/libraries/Wire/src/Wire.o
                0x00004cb4                _ZN7TwoWire11requestFromEhhh
 .text._ZN7TwoWire11requestFromEii
                0x00004d00       0x38 src/libraries/Wire/src/Wire.o
                0x00004d00                _ZN7TwoWire11requestFromEii
 .text._ZN7TwoWire17beginTransmissionEh
                0x00004d38       0x32 src/libraries/Wire/src/Wire.o
                0x00004d38                _ZN7TwoWire17beginTransmissionEh
 .text._ZN7TwoWire17beginTransmissionEi
                0x00004d6a       0x2e src/libraries/Wire/src/Wire.o
                0x00004d6a                _ZN7TwoWire17beginTransmissionEi
 .text._ZN7TwoWire15endTransmissionEh
                0x00004d98       0x48 src/libraries/Wire/src/Wire.o
                0x00004d98                _ZN7TwoWire15endTransmissionEh
 .text._ZN7TwoWire15endTransmissionEv
                0x00004de0       0x22 src/libraries/Wire/src/Wire.o
                0x00004de0                _ZN7TwoWire15endTransmissionEv
 .text._ZN7TwoWire5writeEh
                0x00004e02       0x6e src/libraries/Wire/src/Wire.o
                0x00004e02                _ZN7TwoWire5writeEh
 .text._ZN7TwoWire5writeEPKhj
                0x00004e70       0x90 src/libraries/Wire/src/Wire.o
                0x00004e70                _ZN7TwoWire5writeEPKhj
 .text._ZN7TwoWire9availableEv
                0x00004f00       0x32 src/libraries/Wire/src/Wire.o
                0x00004f00                _ZN7TwoWire9availableEv
 .text._ZN7TwoWire4readEv
                0x00004f32       0x58 src/libraries/Wire/src/Wire.o
                0x00004f32                _ZN7TwoWire4readEv
 .text._ZN7TwoWire4peekEv
                0x00004f8a       0x4e src/libraries/Wire/src/Wire.o
                0x00004f8a                _ZN7TwoWire4peekEv
 .text._ZN7TwoWire5flushEv
                0x00004fd8       0x1c src/libraries/Wire/src/Wire.o
                0x00004fd8                _ZN7TwoWire5flushEv
 .text._ZN7TwoWire16onReceiveServiceEPhi
                0x00004ff4       0x9a src/libraries/Wire/src/Wire.o
                0x00004ff4                _ZN7TwoWire16onReceiveServiceEPhi
 .text._ZN7TwoWire16onRequestServiceEv
                0x0000508e       0x32 src/libraries/Wire/src/Wire.o
                0x0000508e                _ZN7TwoWire16onRequestServiceEv
 .text._Z41__static_initialization_and_destruction_0ii
                0x000050c0       0x3a src/libraries/Wire/src/Wire.o
 .text._GLOBAL__sub_I__ZN7TwoWire8rxBufferE
                0x000050fa       0x18 src/libraries/Wire/src/Wire.o
 .text.avr-libc.fplib
                0x00005112        0xa c:/program files (x86)/atmel/studio/7.0/toolchain/avr8/avr8-gnu-toolchain/bin/../lib/gcc/avr/5.4.0/../../../../avr/lib/avr6\libm.a(addsf3.o)
                0x00005112                __subsf3
                0x00005114                __addsf3
 .text.avr-libc.fplib
                0x0000511c       0xc0 c:/program files (x86)/atmel/studio/7.0/toolchain/avr8/avr8-gnu-toolchain/bin/../lib/gcc/avr/5.4.0/../../../../avr/lib/avr6\libm.a(addsf3x.o)
                0x00005136                __addsf3x
 .text.avr-libc.fplib
                0x000051dc        0xa c:/program files (x86)/atmel/studio/7.0/toolchain/avr8/avr8-gnu-toolchain/bin/../lib/gcc/avr/5.4.0/../../../../avr/lib/avr6\libm.a(fixsfsi.o)
                0x000051dc                __fixsfsi
 .text.avr-libc.fplib
                0x000051e6       0x58 c:/program files (x86)/atmel/studio/7.0/toolchain/avr8/avr8-gnu-toolchain/bin/../lib/gcc/avr/5.4.0/../../../../avr/lib/avr6\libm.a(fixunssfsi.o)
                0x000051e6                __fixunssfsi
 .text.avr-libc.fplib
                0x0000523e       0x7a c:/program files (x86)/atmel/studio/7.0/toolchain/avr8/avr8-gnu-toolchain/bin/../lib/gcc/avr/5.4.0/../../../../avr/lib/avr6\libm.a(floatsisf.o)
                0x0000523e                __floatunsisf
                0x00005242                __floatsisf
 .text.avr-libc.fplib
                0x000052b8       0x48 c:/program files (x86)/atmel/studio/7.0/toolchain/avr8/avr8-gnu-toolchain/bin/../lib/gcc/avr/5.4.0/../../../../avr/lib/avr6\libm.a(fp_cmp.o)
                0x000052b8                __fp_cmp
 .text.avr-libc.fplib
                0x00005300        0xc c:/program files (x86)/atmel/studio/7.0/toolchain/avr8/avr8-gnu-toolchain/bin/../lib/gcc/avr/5.4.0/../../../../avr/lib/avr6\libm.a(fp_inf.o)
                0x00005300                __fp_inf
 .text.avr-libc.fplib
                0x0000530c        0x6 c:/program files (x86)/atmel/studio/7.0/toolchain/avr8/avr8-gnu-toolchain/bin/../lib/gcc/avr/5.4.0/../../../../avr/lib/avr6\libm.a(fp_nan.o)
                0x0000530c                __fp_nan
 .text.avr-libc.fplib
                0x00005312        0xe c:/program files (x86)/atmel/studio/7.0/toolchain/avr8/avr8-gnu-toolchain/bin/../lib/gcc/avr/5.4.0/../../../../avr/lib/avr6\libm.a(fp_pscA.o)
                0x00005312                __fp_pscA
 .text.avr-libc.fplib
                0x00005320        0xe c:/program files (x86)/atmel/studio/7.0/toolchain/avr8/avr8-gnu-toolchain/bin/../lib/gcc/avr/5.4.0/../../../../avr/lib/avr6\libm.a(fp_pscB.o)
                0x00005320                __fp_pscB
 .text.avr-libc.fplib
                0x0000532e       0x22 c:/program files (x86)/atmel/studio/7.0/toolchain/avr8/avr8-gnu-toolchain/bin/../lib/gcc/avr/5.4.0/../../../../avr/lib/avr6\libm.a(fp_round.o)
                0x0000532e                __fp_round
 .text.avr-libc.fplib
                0x00005350       0x44 c:/program files (x86)/atmel/studio/7.0/toolchain/avr8/avr8-gnu-toolchain/bin/../lib/gcc/avr/5.4.0/../../../../avr/lib/avr6\libm.a(fp_split3.o)
                0x00005350                __fp_split3
                0x00005360                __fp_splitA
 .text.avr-libc.fplib
                0x00005394        0xe c:/program files (x86)/atmel/studio/7.0/toolchain/avr8/avr8-gnu-toolchain/bin/../lib/gcc/avr/5.4.0/../../../../avr/lib/avr6\libm.a(fp_zero.o)
                0x00005394                __fp_zero
                0x00005396                __fp_szero
 .text.avr-libc.fplib
                0x000053a2        0x4 c:/program files (x86)/atmel/studio/7.0/toolchain/avr8/avr8-gnu-toolchain/bin/../lib/gcc/avr/5.4.0/../../../../avr/lib/avr6\libm.a(mulsf3.o)
                0x000053a2                __mulsf3
 .text.avr-libc.fplib
                0x000053a6       0xc2 c:/program files (x86)/atmel/studio/7.0/toolchain/avr8/avr8-gnu-toolchain/bin/../lib/gcc/avr/5.4.0/../../../../avr/lib/avr6\libm.a(mulsf3x.o)
                0x000053ba                __mulsf3x
                0x000053be                __mulsf3_pse
 .text.avr-libc.fplib
                0x00005468        0x8 c:/program files (x86)/atmel/studio/7.0/toolchain/avr8/avr8-gnu-toolchain/bin/../lib/gcc/avr/5.4.0/../../../../avr/lib/avr6\libm.a(unordsf2.o)
                0x00005468                __unordsf2
 .text.__cxa_pure_virtual
                0x00005470        0x4 C:\Users\kasjac\Desktop\Skole\H5\UGE03-~1\PROJEC~1\DETINT~1\ATMELM~1\ARDUIN~1\Debug\libArduinoCore.a(abi.o)
                0x00005470                __cxa_pure_virtual
 .text._ZN14HardwareSerial9availableEv
                0x00005474       0x18 C:\Users\kasjac\Desktop\Skole\H5\UGE03-~1\PROJEC~1\DETINT~1\ATMELM~1\ARDUIN~1\Debug\libArduinoCore.a(HardwareSerial.o)
                0x00005474                _ZN14HardwareSerial9availableEv
 .text._ZN14HardwareSerial4peekEv
                0x0000548c       0x1c C:\Users\kasjac\Desktop\Skole\H5\UGE03-~1\PROJEC~1\DETINT~1\ATMELM~1\ARDUIN~1\Debug\libArduinoCore.a(HardwareSerial.o)
                0x0000548c                _ZN14HardwareSerial4peekEv
 .text._ZN14HardwareSerial4readEv
                0x000054a8       0x28 C:\Users\kasjac\Desktop\Skole\H5\UGE03-~1\PROJEC~1\DETINT~1\ATMELM~1\ARDUIN~1\Debug\libArduinoCore.a(HardwareSerial.o)
                0x000054a8                _ZN14HardwareSerial4readEv
 .text._ZN14HardwareSerial17availableForWriteEv
                0x000054d0       0x1e C:\Users\kasjac\Desktop\Skole\H5\UGE03-~1\PROJEC~1\DETINT~1\ATMELM~1\ARDUIN~1\Debug\libArduinoCore.a(HardwareSerial.o)
                0x000054d0                _ZN14HardwareSerial17availableForWriteEv
 .text._Z14serialEventRunv
                0x000054ee       0x78 C:\Users\kasjac\Desktop\Skole\H5\UGE03-~1\PROJEC~1\DETINT~1\ATMELM~1\ARDUIN~1\Debug\libArduinoCore.a(HardwareSerial.o)
                0x000054ee                _Z14serialEventRunv
 .text._ZN14HardwareSerial17_tx_udr_empty_irqEv
                0x00005566       0x44 C:\Users\kasjac\Desktop\Skole\H5\UGE03-~1\PROJEC~1\DETINT~1\ATMELM~1\ARDUIN~1\Debug\libArduinoCore.a(HardwareSerial.o)
                0x00005566                _ZN14HardwareSerial17_tx_udr_empty_irqEv
 .text._ZN14HardwareSerial5writeEh
                0x000055aa       0x98 C:\Users\kasjac\Desktop\Skole\H5\UGE03-~1\PROJEC~1\DETINT~1\ATMELM~1\ARDUIN~1\Debug\libArduinoCore.a(HardwareSerial.o)
                0x000055aa                _ZN14HardwareSerial5writeEh
 .text._ZN14HardwareSerial5flushEv
                0x00005642       0x42 C:\Users\kasjac\Desktop\Skole\H5\UGE03-~1\PROJEC~1\DETINT~1\ATMELM~1\ARDUIN~1\Debug\libArduinoCore.a(HardwareSerial.o)
                0x00005642                _ZN14HardwareSerial5flushEv
 .text._ZN14HardwareSerial5beginEmh
                0x00005684       0xc6 C:\Users\kasjac\Desktop\Skole\H5\UGE03-~1\PROJEC~1\DETINT~1\ATMELM~1\ARDUIN~1\Debug\libArduinoCore.a(HardwareSerial.o)
                0x00005684                _ZN14HardwareSerial5beginEmh
 .text.__vector_25
                0x0000574a       0x6c C:\Users\kasjac\Desktop\Skole\H5\UGE03-~1\PROJEC~1\DETINT~1\ATMELM~1\ARDUIN~1\Debug\libArduinoCore.a(HardwareSerial0.o)
                0x0000574a                __vector_25
 .text.__vector_26
                0x000057b6       0x52 C:\Users\kasjac\Desktop\Skole\H5\UGE03-~1\PROJEC~1\DETINT~1\ATMELM~1\ARDUIN~1\Debug\libArduinoCore.a(HardwareSerial0.o)
                0x000057b6                __vector_26
 .text._Z17Serial0_availablev
                0x00005808       0x12 C:\Users\kasjac\Desktop\Skole\H5\UGE03-~1\PROJEC~1\DETINT~1\ATMELM~1\ARDUIN~1\Debug\libArduinoCore.a(HardwareSerial0.o)
                0x00005808                _Z17Serial0_availablev
 .text.startup._GLOBAL__sub_I___vector_25
                0x0000581a       0x5a C:\Users\kasjac\Desktop\Skole\H5\UGE03-~1\PROJEC~1\DETINT~1\ATMELM~1\ARDUIN~1\Debug\libArduinoCore.a(HardwareSerial0.o)
 .text.initVariant
                0x00005874        0x2 C:\Users\kasjac\Desktop\Skole\H5\UGE03-~1\PROJEC~1\DETINT~1\ATMELM~1\ARDUIN~1\Debug\libArduinoCore.a(main.o)
                0x00005874                initVariant
 .text.startup.main
                0x00005876       0x18 C:\Users\kasjac\Desktop\Skole\H5\UGE03-~1\PROJEC~1\DETINT~1\ATMELM~1\ARDUIN~1\Debug\libArduinoCore.a(main.o)
                0x00005876                main
 .text._ZdlPv   0x0000588e        0x2 C:\Users\kasjac\Desktop\Skole\H5\UGE03-~1\PROJEC~1\DETINT~1\ATMELM~1\ARDUIN~1\Debug\libArduinoCore.a(new.o)
                0x0000588e                _ZdlPv
 .text._ZN5Print5writeEPKhj
                0x00005890       0x54 C:\Users\kasjac\Desktop\Skole\H5\UGE03-~1\PROJEC~1\DETINT~1\ATMELM~1\ARDUIN~1\Debug\libArduinoCore.a(Print.o)
                0x00005890                _ZN5Print5writeEPKhj
 .text._ZN5Print5printERK6String
                0x000058e4       0x1c C:\Users\kasjac\Desktop\Skole\H5\UGE03-~1\PROJEC~1\DETINT~1\ATMELM~1\ARDUIN~1\Debug\libArduinoCore.a(Print.o)
                0x000058e4                _ZN5Print5printERK6String
 .text._ZN5Print7printlnEv
                0x00005900        0x8 C:\Users\kasjac\Desktop\Skole\H5\UGE03-~1\PROJEC~1\DETINT~1\ATMELM~1\ARDUIN~1\Debug\libArduinoCore.a(Print.o)
                0x00005900                _ZN5Print7printlnEv
 .text._ZN5Print7printlnERK6String
                0x00005908       0x20 C:\Users\kasjac\Desktop\Skole\H5\UGE03-~1\PROJEC~1\DETINT~1\ATMELM~1\ARDUIN~1\Debug\libArduinoCore.a(Print.o)
                0x00005908                _ZN5Print7printlnERK6String
 .text._ZN5Print7printlnEPKc
                0x00005928       0x22 C:\Users\kasjac\Desktop\Skole\H5\UGE03-~1\PROJEC~1\DETINT~1\ATMELM~1\ARDUIN~1\Debug\libArduinoCore.a(Print.o)
                0x00005928                _ZN5Print7printlnEPKc
 .text.__vector_23
                0x0000594a       0x94 C:\Users\kasjac\Desktop\Skole\H5\UGE03-~1\PROJEC~1\DETINT~1\ATMELM~1\ARDUIN~1\Debug\libArduinoCore.a(wiring.o)
                0x0000594a                __vector_23
 .text.millis   0x000059de       0x18 C:\Users\kasjac\Desktop\Skole\H5\UGE03-~1\PROJEC~1\DETINT~1\ATMELM~1\ARDUIN~1\Debug\libArduinoCore.a(wiring.o)
                0x000059de                millis
 .text.micros   0x000059f6       0x4a C:\Users\kasjac\Desktop\Skole\H5\UGE03-~1\PROJEC~1\DETINT~1\ATMELM~1\ARDUIN~1\Debug\libArduinoCore.a(wiring.o)
                0x000059f6                micros
 .text.delay    0x00005a40       0x72 C:\Users\kasjac\Desktop\Skole\H5\UGE03-~1\PROJEC~1\DETINT~1\ATMELM~1\ARDUIN~1\Debug\libArduinoCore.a(wiring.o)
                0x00005a40                delay
 .text.delayMicroseconds
                0x00005ab2       0x16 C:\Users\kasjac\Desktop\Skole\H5\UGE03-~1\PROJEC~1\DETINT~1\ATMELM~1\ARDUIN~1\Debug\libArduinoCore.a(wiring.o)
                0x00005ab2                delayMicroseconds
 .text.init     0x00005ac8       0xc4 C:\Users\kasjac\Desktop\Skole\H5\UGE03-~1\PROJEC~1\DETINT~1\ATMELM~1\ARDUIN~1\Debug\libArduinoCore.a(wiring.o)
                0x00005ac8                init
 .text.turnOffPWM
                0x00005b8c       0xaa C:\Users\kasjac\Desktop\Skole\H5\UGE03-~1\PROJEC~1\DETINT~1\ATMELM~1\ARDUIN~1\Debug\libArduinoCore.a(wiring_digital.o)
 .text.pinMode  0x00005c36       0x78 C:\Users\kasjac\Desktop\Skole\H5\UGE03-~1\PROJEC~1\DETINT~1\ATMELM~1\ARDUIN~1\Debug\libArduinoCore.a(wiring_digital.o)
                0x00005c36                pinMode
 .text.digitalWrite
                0x00005cae       0x5c C:\Users\kasjac\Desktop\Skole\H5\UGE03-~1\PROJEC~1\DETINT~1\ATMELM~1\ARDUIN~1\Debug\libArduinoCore.a(wiring_digital.o)
                0x00005cae                digitalWrite
 .text.digitalRead
                0x00005d0a       0x50 C:\Users\kasjac\Desktop\Skole\H5\UGE03-~1\PROJEC~1\DETINT~1\ATMELM~1\ARDUIN~1\Debug\libArduinoCore.a(wiring_digital.o)
                0x00005d0a                digitalRead
 .text._Z3maplllll
                0x00005d5a       0x7e C:\Users\kasjac\Desktop\Skole\H5\UGE03-~1\PROJEC~1\DETINT~1\ATMELM~1\ARDUIN~1\Debug\libArduinoCore.a(WMath.o)
                0x00005d5a                _Z3maplllll
 .text._ZNK6String14StringIfHelperEv
                0x00005dd8        0x2 C:\Users\kasjac\Desktop\Skole\H5\UGE03-~1\PROJEC~1\DETINT~1\ATMELM~1\ARDUIN~1\Debug\libArduinoCore.a(WString.o)
                0x00005dd8                _ZNK6String14StringIfHelperEv
 .text._ZN6StringD2Ev
                0x00005dda        0xe C:\Users\kasjac\Desktop\Skole\H5\UGE03-~1\PROJEC~1\DETINT~1\ATMELM~1\ARDUIN~1\Debug\libArduinoCore.a(WString.o)
                0x00005dda                _ZN6StringD2Ev
                0x00005dda                _ZN6StringD1Ev
 .text._ZN6String10invalidateEv
                0x00005de8       0x22 C:\Users\kasjac\Desktop\Skole\H5\UGE03-~1\PROJEC~1\DETINT~1\ATMELM~1\ARDUIN~1\Debug\libArduinoCore.a(WString.o)
                0x00005de8                _ZN6String10invalidateEv
 .text._ZN6String12changeBufferEj
                0x00005e0a       0x32 C:\Users\kasjac\Desktop\Skole\H5\UGE03-~1\PROJEC~1\DETINT~1\ATMELM~1\ARDUIN~1\Debug\libArduinoCore.a(WString.o)
                0x00005e0a                _ZN6String12changeBufferEj
 .text._ZN6String7reserveEj
                0x00005e3c       0x36 C:\Users\kasjac\Desktop\Skole\H5\UGE03-~1\PROJEC~1\DETINT~1\ATMELM~1\ARDUIN~1\Debug\libArduinoCore.a(WString.o)
                0x00005e3c                _ZN6String7reserveEj
 .text._ZN6String4copyEPKcj
                0x00005e72       0x3c C:\Users\kasjac\Desktop\Skole\H5\UGE03-~1\PROJEC~1\DETINT~1\ATMELM~1\ARDUIN~1\Debug\libArduinoCore.a(WString.o)
                0x00005e72                _ZN6String4copyEPKcj
 .text._ZN6StringC2EPKc
                0x00005eae       0x28 C:\Users\kasjac\Desktop\Skole\H5\UGE03-~1\PROJEC~1\DETINT~1\ATMELM~1\ARDUIN~1\Debug\libArduinoCore.a(WString.o)
                0x00005eae                _ZN6StringC2EPKc
                0x00005eae                _ZN6StringC1EPKc
 .text._ZN6String4moveERS_
                0x00005ed6       0x76 C:\Users\kasjac\Desktop\Skole\H5\UGE03-~1\PROJEC~1\DETINT~1\ATMELM~1\ARDUIN~1\Debug\libArduinoCore.a(WString.o)
                0x00005ed6                _ZN6String4moveERS_
 .text._ZN6StringaSEOS_
                0x00005f4c       0x16 C:\Users\kasjac\Desktop\Skole\H5\UGE03-~1\PROJEC~1\DETINT~1\ATMELM~1\ARDUIN~1\Debug\libArduinoCore.a(WString.o)
                0x00005f4c                _ZN6StringaSEOS_
 .text._ZN6StringaSEPKc
                0x00005f62       0x2a C:\Users\kasjac\Desktop\Skole\H5\UGE03-~1\PROJEC~1\DETINT~1\ATMELM~1\ARDUIN~1\Debug\libArduinoCore.a(WString.o)
                0x00005f62                _ZN6StringaSEPKc
 .text._ZN6StringC2Ehh
                0x00005f8c       0x56 C:\Users\kasjac\Desktop\Skole\H5\UGE03-~1\PROJEC~1\DETINT~1\ATMELM~1\ARDUIN~1\Debug\libArduinoCore.a(WString.o)
                0x00005f8c                _ZN6StringC2Ehh
                0x00005f8c                _ZN6StringC1Ehh
 .text._ZN6String6concatEPKcj
                0x00005fe2       0x58 C:\Users\kasjac\Desktop\Skole\H5\UGE03-~1\PROJEC~1\DETINT~1\ATMELM~1\ARDUIN~1\Debug\libArduinoCore.a(WString.o)
                0x00005fe2                _ZN6String6concatEPKcj
 .text._ZN6String6concatERKS_
                0x0000603a        0xc C:\Users\kasjac\Desktop\Skole\H5\UGE03-~1\PROJEC~1\DETINT~1\ATMELM~1\ARDUIN~1\Debug\libArduinoCore.a(WString.o)
                0x0000603a                _ZN6String6concatERKS_
 .text._ZN6String6concatEc
                0x00006046       0x26 C:\Users\kasjac\Desktop\Skole\H5\UGE03-~1\PROJEC~1\DETINT~1\ATMELM~1\ARDUIN~1\Debug\libArduinoCore.a(WString.o)
                0x00006046                _ZN6String6concatEc
 .text._ZN6String6concatEi
                0x0000606c       0x5c C:\Users\kasjac\Desktop\Skole\H5\UGE03-~1\PROJEC~1\DETINT~1\ATMELM~1\ARDUIN~1\Debug\libArduinoCore.a(WString.o)
                0x0000606c                _ZN6String6concatEi
 .text._ZNK6String9compareToERKS_
                0x000060c8       0x5e C:\Users\kasjac\Desktop\Skole\H5\UGE03-~1\PROJEC~1\DETINT~1\ATMELM~1\ARDUIN~1\Debug\libArduinoCore.a(WString.o)
                0x000060c8                _ZNK6String9compareToERKS_
 .text._ZNK6String6equalsERKS_
                0x00006126       0x20 C:\Users\kasjac\Desktop\Skole\H5\UGE03-~1\PROJEC~1\DETINT~1\ATMELM~1\ARDUIN~1\Debug\libArduinoCore.a(WString.o)
                0x00006126                _ZNK6String6equalsERKS_
 .text._ZNK6String6equalsEPKc
                0x00006146       0x3c C:\Users\kasjac\Desktop\Skole\H5\UGE03-~1\PROJEC~1\DETINT~1\ATMELM~1\ARDUIN~1\Debug\libArduinoCore.a(WString.o)
                0x00006146                _ZNK6String6equalsEPKc
 .text._ZNK6String9substringEjj
                0x00006182       0x86 C:\Users\kasjac\Desktop\Skole\H5\UGE03-~1\PROJEC~1\DETINT~1\ATMELM~1\ARDUIN~1\Debug\libArduinoCore.a(WString.o)
                0x00006182                _ZNK6String9substringEjj
 .text._ZN6String11toUpperCaseEv
                0x00006208       0x22 C:\Users\kasjac\Desktop\Skole\H5\UGE03-~1\PROJEC~1\DETINT~1\ATMELM~1\ARDUIN~1\Debug\libArduinoCore.a(WString.o)
                0x00006208                _ZN6String11toUpperCaseEv
 .text.__empty  0x0000622a        0x2 C:\Users\kasjac\Desktop\Skole\H5\UGE03-~1\PROJEC~1\DETINT~1\ATMELM~1\ARDUIN~1\Debug\libArduinoCore.a(hooks.o)
                0x0000622a                yield
 .text.libgcc.mul
                0x0000622c       0x1e c:/program files (x86)/atmel/studio/7.0/toolchain/avr8/avr8-gnu-toolchain/bin/../lib/gcc/avr/5.4.0/avr6\libgcc.a(_mulsi3.o)
                0x0000622c                __mulsi3
 .text.libgcc.div
                0x0000624a       0x44 c:/program files (x86)/atmel/studio/7.0/toolchain/avr8/avr8-gnu-toolchain/bin/../lib/gcc/avr/5.4.0/avr6\libgcc.a(_udivmodsi4.o)
                0x0000624a                __udivmodsi4
 .text.libgcc.div
                0x0000628e       0x28 c:/program files (x86)/atmel/studio/7.0/toolchain/avr8/avr8-gnu-toolchain/bin/../lib/gcc/avr/5.4.0/avr6\libgcc.a(_divmodsi4.o)
                0x0000628e                __divmodsi4
 .text.libgcc.div
                0x000062b6       0x10 c:/program files (x86)/atmel/studio/7.0/toolchain/avr8/avr8-gnu-toolchain/bin/../lib/gcc/avr/5.4.0/avr6\libgcc.a(_negsi2.o)
                0x000062b6                __negsi2
 .text.libgcc   0x000062c6       0x10 c:/program files (x86)/atmel/studio/7.0/toolchain/avr8/avr8-gnu-toolchain/bin/../lib/gcc/avr/5.4.0/avr6\libgcc.a(_tablejump2.o)
                0x000062c6                __tablejump2__
 .text.libgcc.mul
                0x000062d6       0x14 c:/program files (x86)/atmel/studio/7.0/toolchain/avr8/avr8-gnu-toolchain/bin/../lib/gcc/avr/5.4.0/avr6\libgcc.a(_muluhisi3.o)
                0x000062d6                __muluhisi3
 .text.libgcc.mul
                0x000062ea       0x1e c:/program files (x86)/atmel/studio/7.0/toolchain/avr8/avr8-gnu-toolchain/bin/../lib/gcc/avr/5.4.0/avr6\libgcc.a(_umulhisi3.o)
                0x000062ea                __umulhisi3
 .text.avr-libc
                0x00006308      0x242 c:/program files (x86)/atmel/studio/7.0/toolchain/avr8/avr8-gnu-toolchain/bin/../lib/gcc/avr/5.4.0/../../../../avr/lib/avr6\libc.a(malloc.o)
                0x00006308                malloc
                0x00006438                free
 .text.avr-libc
                0x0000654a      0x1c0 c:/program files (x86)/atmel/studio/7.0/toolchain/avr8/avr8-gnu-toolchain/bin/../lib/gcc/avr/5.4.0/../../../../avr/lib/avr6\libc.a(realloc.o)
                0x0000654a                realloc
 .text.avr-libc
                0x0000670a        0x8 c:/program files (x86)/atmel/studio/7.0/toolchain/avr8/avr8-gnu-toolchain/bin/../lib/gcc/avr/5.4.0/../../../../avr/lib/avr6\libc.a(abort.o)
                0x0000670a                abort
 .text.avr-libc
                0x00006712       0x10 c:/program files (x86)/atmel/studio/7.0/toolchain/avr8/avr8-gnu-toolchain/bin/../lib/gcc/avr/5.4.0/../../../../avr/lib/avr6\libc.a(toupper.o)
                0x00006712                toupper
 .text.avr-libc
                0x00006722       0x12 c:/program files (x86)/atmel/studio/7.0/toolchain/avr8/avr8-gnu-toolchain/bin/../lib/gcc/avr/5.4.0/../../../../avr/lib/avr6\libc.a(memcpy.o)
                0x00006722                memcpy
 .text.avr-libc
                0x00006734        0xe c:/program files (x86)/atmel/studio/7.0/toolchain/avr8/avr8-gnu-toolchain/bin/../lib/gcc/avr/5.4.0/../../../../avr/lib/avr6\libc.a(memset.o)
                0x00006734                memset
 .text.avr-libc
                0x00006742       0x12 c:/program files (x86)/atmel/studio/7.0/toolchain/avr8/avr8-gnu-toolchain/bin/../lib/gcc/avr/5.4.0/../../../../avr/lib/avr6\libc.a(strcmp.o)
                0x00006742                strcmp
 .text.avr-libc
                0x00006754        0xe c:/program files (x86)/atmel/studio/7.0/toolchain/avr8/avr8-gnu-toolchain/bin/../lib/gcc/avr/5.4.0/../../../../avr/lib/avr6\libc.a(strcpy.o)
                0x00006754                strcpy
 .text.avr-libc
                0x00006762       0x12 c:/program files (x86)/atmel/studio/7.0/toolchain/avr8/avr8-gnu-toolchain/bin/../lib/gcc/avr/5.4.0/../../../../avr/lib/avr6\libc.a(strlen.o)
                0x00006762                strlen
 .text.avr-libc
                0x00006774       0x1e c:/program files (x86)/atmel/studio/7.0/toolchain/avr8/avr8-gnu-toolchain/bin/../lib/gcc/avr/5.4.0/../../../../avr/lib/avr6\libc.a(strncpy.o)
                0x00006774                strncpy
 .text.avr-libc
                0x00006792       0x14 c:/program files (x86)/atmel/studio/7.0/toolchain/avr8/avr8-gnu-toolchain/bin/../lib/gcc/avr/5.4.0/../../../../avr/lib/avr6\libc.a(itoa_ncheck.o)
                0x00006792                __itoa_ncheck
 .text.avr-libc
                0x000067a6       0x14 c:/program files (x86)/atmel/studio/7.0/toolchain/avr8/avr8-gnu-toolchain/bin/../lib/gcc/avr/5.4.0/../../../../avr/lib/avr6\libc.a(utoa.o)
                0x000067a6                __utoa
                0x000067a6                utoa
 .text.avr-libc
                0x000067ba       0x32 c:/program files (x86)/atmel/studio/7.0/toolchain/avr8/avr8-gnu-toolchain/bin/../lib/gcc/avr/5.4.0/../../../../avr/lib/avr6\libc.a(utoa_ncheck.o)
                0x000067ba                __utoa_ncheck
                0x000067bc                __utoa_common
 .text.avr-libc
                0x000067ec       0x20 c:/program files (x86)/atmel/studio/7.0/toolchain/avr8/avr8-gnu-toolchain/bin/../lib/gcc/avr/5.4.0/../../../../avr/lib/avr6\libc.a(strrev.o)
                0x000067ec                strrev
                0x0000680c                . = ALIGN (0x2)
 *(.fini9)
 .fini9         0x0000680c        0x0 c:/program files (x86)/atmel/studio/7.0/toolchain/avr8/avr8-gnu-toolchain/bin/../lib/gcc/avr/5.4.0/avr6\libgcc.a(_exit.o)
                0x0000680c                _exit
                0x0000680c                exit
 *(.fini9)
 *(.fini8)
 *(.fini8)
 *(.fini7)
 *(.fini7)
 *(.fini6)
 .fini6         0x0000680c       0x1e c:/program files (x86)/atmel/studio/7.0/toolchain/avr8/avr8-gnu-toolchain/bin/../lib/gcc/avr/5.4.0/avr6\libgcc.a(_dtors.o)
                0x0000680c                __do_global_dtors
 *(.fini6)
 *(.fini5)
 *(.fini5)
 *(.fini4)
 *(.fini4)
 *(.fini3)
 *(.fini3)
 *(.fini2)
 *(.fini2)
 *(.fini1)
 *(.fini1)
 *(.fini0)
 .fini0         0x0000682a        0x4 c:/program files (x86)/atmel/studio/7.0/toolchain/avr8/avr8-gnu-toolchain/bin/../lib/gcc/avr/5.4.0/avr6\libgcc.a(_exit.o)
 *(.fini0)
                0x0000682e                _etext = .

.data           0x00800200      0x136 load address 0x0000682e
                0x00800200                PROVIDE (__data_start, .)
 *(.data)
 .data          0x00800200        0x6 c:/program files (x86)/atmel/studio/7.0/toolchain/avr8/avr8-gnu-toolchain/bin/../lib/gcc/avr/5.4.0/../../../../avr/lib/avr6\libc.a(malloc.o)
                0x00800200                __malloc_heap_end
                0x00800202                __malloc_heap_start
                0x00800204                __malloc_margin
 *(.data*)
 .data.BIP_PIN  0x00800206        0x2 main.o
                0x00800206                BIP_PIN
 .data.Servo_pin
                0x00800208        0x2 main.o
                0x00800208                Servo_pin
 .data.RFID_GREEN_LED
                0x0080020a        0x2 main.o
                0x0080020a                RFID_GREEN_LED
 .data.RFID_RED_LED
                0x0080020c        0x2 main.o
                0x0080020c                RFID_RED_LED
 *(.gnu.linkonce.d*)
 *(.rodata)
 .rodata        0x0080020e       0x90 main.o
 .rodata        0x0080029e       0x1d src/libraries/DHT-sensor-library/DHT_U.o
 *(.rodata*)
 .rodata._ZTV15Adafruit_Sensor
                0x008002bb        0xe main.o
                0x008002bb                _ZTV15Adafruit_Sensor
 .rodata._ZTVN11DHT_Unified8HumidityE
                0x008002c9        0xe src/libraries/DHT-sensor-library/DHT_U.o
                0x008002c9                _ZTVN11DHT_Unified8HumidityE
 .rodata._ZTVN11DHT_Unified11TemperatureE
                0x008002d7        0xe src/libraries/DHT-sensor-library/DHT_U.o
                0x008002d7                _ZTVN11DHT_Unified11TemperatureE
 .rodata._ZTV7TwoWire
                0x008002e5       0x12 src/libraries/Wire/src/Wire.o
                0x008002e5                _ZTV7TwoWire
 .rodata._ZTV6Stream
                0x008002f7       0x12 src/libraries/Wire/src/Wire.o
                0x008002f7                _ZTV6Stream
 .rodata._ZTV14HardwareSerial
                0x00800309       0x12 C:\Users\kasjac\Desktop\Skole\H5\UGE03-~1\PROJEC~1\DETINT~1\ATMELM~1\ARDUIN~1\Debug\libArduinoCore.a(HardwareSerial.o)
                0x00800309                _ZTV14HardwareSerial
 .rodata.str1.1
                0x0080031b        0xf C:\Users\kasjac\Desktop\Skole\H5\UGE03-~1\PROJEC~1\DETINT~1\ATMELM~1\ARDUIN~1\Debug\libArduinoCore.a(Print.o)
 .rodata._ZTV5Print
                0x0080032a        0xc C:\Users\kasjac\Desktop\Skole\H5\UGE03-~1\PROJEC~1\DETINT~1\ATMELM~1\ARDUIN~1\Debug\libArduinoCore.a(Print.o)
                0x0080032a                _ZTV5Print
 .rodata.str1.1
                0x00800336        0xf C:\Users\kasjac\Desktop\Skole\H5\UGE03-~1\PROJEC~1\DETINT~1\ATMELM~1\ARDUIN~1\Debug\libArduinoCore.a(WString.o)
                                  0x1 (size before relaxing)
 *(.gnu.linkonce.r*)
                0x00800346                . = ALIGN (0x2)
                0x00800346                _edata = .
                0x00800346                PROVIDE (__data_end, .)

.bss            0x00800336      0x25a
                0x00800336                PROVIDE (__bss_start, .)
 *(.bss)
 *(.bss*)
 .bss.dht       0x00800336       0x26 main.o
                0x00800336                dht
 .bss.delayMS   0x0080035c        0x4 main.o
                0x0080035c                delayMS
 .bss.DhtSencorTemp
                0x00800360        0x2 main.o
                0x00800360                DhtSencorTemp
 .bss.DhtSencorHum
                0x00800362        0x2 main.o
                0x00800362                DhtSencorHum
 .bss.isCardValid
                0x00800364        0x2 main.o
                0x00800364                isCardValid
 .bss.mfrc522   0x00800366        0xe main.o
                0x00800366                mfrc522
 .bss.key       0x00800374        0x6 main.o
                0x00800374                key
 .bss.Valid_RFID_Code
                0x0080037a        0x6 main.o
                0x0080037a                Valid_RFID_Code
 .bss.servo     0x00800380        0x3 main.o
                0x00800380                servo
 .bss._ZL6servos
                0x00800383       0x90 src/libraries/Servo/src/avr/Servo.o
 .bss._ZL7Channel
                0x00800413        0x4 src/libraries/Servo/src/avr/Servo.o
 .bss.ServoCount
                0x00800417        0x1 src/libraries/Servo/src/avr/Servo.o
                0x00800417                ServoCount
 .bss._ZN8SPIClass11initializedE
                0x00800418        0x1 src/libraries/SPI/src/SPI.o
                0x00800418                _ZN8SPIClass11initializedE
 .bss._ZN8SPIClass13interruptModeE
                0x00800419        0x1 src/libraries/SPI/src/SPI.o
                0x00800419                _ZN8SPIClass13interruptModeE
 .bss._ZN8SPIClass13interruptMaskE
                0x0080041a        0x1 src/libraries/SPI/src/SPI.o
                0x0080041a                _ZN8SPIClass13interruptMaskE
 .bss._ZN8SPIClass13interruptSaveE
                0x0080041b        0x1 src/libraries/SPI/src/SPI.o
                0x0080041b                _ZN8SPIClass13interruptSaveE
 .bss.twi_error
                0x0080041c        0x1 src/libraries/Wire/src/utility/twi.o
 .bss.twi_rxBufferIndex
                0x0080041d        0x1 src/libraries/Wire/src/utility/twi.o
 .bss.twi_rxBuffer
                0x0080041e       0x20 src/libraries/Wire/src/utility/twi.o
 .bss.twi_txBufferLength
                0x0080043e        0x1 src/libraries/Wire/src/utility/twi.o
 .bss.twi_txBufferIndex
                0x0080043f        0x1 src/libraries/Wire/src/utility/twi.o
 .bss.twi_txBuffer
                0x00800440       0x20 src/libraries/Wire/src/utility/twi.o
 .bss.twi_masterBufferLength
                0x00800460        0x1 src/libraries/Wire/src/utility/twi.o
 .bss.twi_masterBufferIndex
                0x00800461        0x1 src/libraries/Wire/src/utility/twi.o
 .bss.twi_masterBuffer
                0x00800462       0x20 src/libraries/Wire/src/utility/twi.o
 .bss.twi_onSlaveReceive
                0x00800482        0x2 src/libraries/Wire/src/utility/twi.o
 .bss.twi_onSlaveTransmit
                0x00800484        0x2 src/libraries/Wire/src/utility/twi.o
 .bss.twi_do_reset_on_timeout
                0x00800486        0x1 src/libraries/Wire/src/utility/twi.o
 .bss.twi_timed_out_flag
                0x00800487        0x1 src/libraries/Wire/src/utility/twi.o
 .bss.twi_timeout_us
                0x00800488        0x4 src/libraries/Wire/src/utility/twi.o
 .bss.twi_inRepStart
                0x0080048c        0x1 src/libraries/Wire/src/utility/twi.o
 .bss.twi_sendStop
                0x0080048d        0x1 src/libraries/Wire/src/utility/twi.o
 .bss.twi_slarw
                0x0080048e        0x1 src/libraries/Wire/src/utility/twi.o
 .bss.twi_state
                0x0080048f        0x1 src/libraries/Wire/src/utility/twi.o
 .bss._ZN7TwoWire8rxBufferE
                0x00800490       0x20 src/libraries/Wire/src/Wire.o
                0x00800490                _ZN7TwoWire8rxBufferE
 .bss._ZN7TwoWire13rxBufferIndexE
                0x008004b0        0x1 src/libraries/Wire/src/Wire.o
                0x008004b0                _ZN7TwoWire13rxBufferIndexE
 .bss._ZN7TwoWire14rxBufferLengthE
                0x008004b1        0x1 src/libraries/Wire/src/Wire.o
                0x008004b1                _ZN7TwoWire14rxBufferLengthE
 .bss._ZN7TwoWire9txAddressE
                0x008004b2        0x1 src/libraries/Wire/src/Wire.o
                0x008004b2                _ZN7TwoWire9txAddressE
 .bss._ZN7TwoWire8txBufferE
                0x008004b3       0x20 src/libraries/Wire/src/Wire.o
                0x008004b3                _ZN7TwoWire8txBufferE
 .bss._ZN7TwoWire13txBufferIndexE
                0x008004d3        0x1 src/libraries/Wire/src/Wire.o
                0x008004d3                _ZN7TwoWire13txBufferIndexE
 .bss._ZN7TwoWire14txBufferLengthE
                0x008004d4        0x1 src/libraries/Wire/src/Wire.o
                0x008004d4                _ZN7TwoWire14txBufferLengthE
 .bss._ZN7TwoWire12transmittingE
                0x008004d5        0x1 src/libraries/Wire/src/Wire.o
                0x008004d5                _ZN7TwoWire12transmittingE
 .bss._ZN7TwoWire14user_onRequestE
                0x008004d6        0x2 src/libraries/Wire/src/Wire.o
                0x008004d6                _ZN7TwoWire14user_onRequestE
 .bss._ZN7TwoWire14user_onReceiveE
                0x008004d8        0x2 src/libraries/Wire/src/Wire.o
                0x008004d8                _ZN7TwoWire14user_onReceiveE
 .bss.Wire      0x008004da        0xc src/libraries/Wire/src/Wire.o
                0x008004da                Wire
 .bss.Serial    0x008004e6       0x9d C:\Users\kasjac\Desktop\Skole\H5\UGE03-~1\PROJEC~1\DETINT~1\ATMELM~1\ARDUIN~1\Debug\libArduinoCore.a(HardwareSerial0.o)
                0x008004e6                Serial
 .bss.timer0_fract
                0x00800583        0x1 C:\Users\kasjac\Desktop\Skole\H5\UGE03-~1\PROJEC~1\DETINT~1\ATMELM~1\ARDUIN~1\Debug\libArduinoCore.a(wiring.o)
 .bss.timer0_millis
                0x00800584        0x4 C:\Users\kasjac\Desktop\Skole\H5\UGE03-~1\PROJEC~1\DETINT~1\ATMELM~1\ARDUIN~1\Debug\libArduinoCore.a(wiring.o)
                0x00800584                timer0_millis
 .bss.timer0_overflow_count
                0x00800588        0x4 C:\Users\kasjac\Desktop\Skole\H5\UGE03-~1\PROJEC~1\DETINT~1\ATMELM~1\ARDUIN~1\Debug\libArduinoCore.a(wiring.o)
                0x00800588                timer0_overflow_count
 *(COMMON)
 COMMON         0x0080058c        0x4 c:/program files (x86)/atmel/studio/7.0/toolchain/avr8/avr8-gnu-toolchain/bin/../lib/gcc/avr/5.4.0/../../../../avr/lib/avr6\libc.a(malloc.o)
                0x0080058c                __brkval
                0x0080058e                __flp
                0x00800590                PROVIDE (__bss_end, .)
                0x0000682e                __data_load_start = LOADADDR (.data)
                0x00006964                __data_load_end = (__data_load_start + SIZEOF (.data))

.noinit         0x00800590        0x0
                [!provide]                PROVIDE (__noinit_start, .)
 *(.noinit*)
                [!provide]                PROVIDE (__noinit_end, .)
                0x00800590                _end = .
                0x00800590                PROVIDE (__heap_start, .)

.eeprom         0x00810000        0x0
 *(.eeprom*)
                0x00810000                __eeprom_end = .

.fuse
 *(.fuse)
 *(.lfuse)
 *(.hfuse)
 *(.efuse)

.lock
 *(.lock*)

.signature
 *(.signature*)

.user_signatures
 *(.user_signatures*)

.stab
 *(.stab)

.stabstr
 *(.stabstr)

.stab.excl
 *(.stab.excl)

.stab.exclstr
 *(.stab.exclstr)

.stab.index
 *(.stab.index)

.stab.indexstr
 *(.stab.indexstr)

.comment        0x00000000       0x30
 *(.comment)
 .comment       0x00000000       0x30 main.o
                                 0x31 (size before relaxing)
 .comment       0x00000030       0x31 src/libraries/DHT-sensor-library/DHT.o
 .comment       0x00000030       0x31 src/libraries/DHT-sensor-library/DHT_U.o
 .comment       0x00000030       0x31 src/libraries/rfid/MFRC522.o
 .comment       0x00000030       0x31 src/libraries/Servo/src/avr/Servo.o
 .comment       0x00000030       0x31 src/libraries/SPI/src/SPI.o
 .comment       0x00000030       0x31 src/libraries/Wire/src/utility/twi.o
 .comment       0x00000030       0x31 src/libraries/Wire/src/Wire.o
 .comment       0x00000030       0x31 C:\Users\kasjac\Desktop\Skole\H5\UGE03-~1\PROJEC~1\DETINT~1\ATMELM~1\ARDUIN~1\Debug\libArduinoCore.a(abi.o)
 .comment       0x00000030       0x31 C:\Users\kasjac\Desktop\Skole\H5\UGE03-~1\PROJEC~1\DETINT~1\ATMELM~1\ARDUIN~1\Debug\libArduinoCore.a(HardwareSerial.o)
 .comment       0x00000030       0x31 C:\Users\kasjac\Desktop\Skole\H5\UGE03-~1\PROJEC~1\DETINT~1\ATMELM~1\ARDUIN~1\Debug\libArduinoCore.a(HardwareSerial0.o)
 .comment       0x00000030       0x31 C:\Users\kasjac\Desktop\Skole\H5\UGE03-~1\PROJEC~1\DETINT~1\ATMELM~1\ARDUIN~1\Debug\libArduinoCore.a(main.o)
 .comment       0x00000030       0x31 C:\Users\kasjac\Desktop\Skole\H5\UGE03-~1\PROJEC~1\DETINT~1\ATMELM~1\ARDUIN~1\Debug\libArduinoCore.a(new.o)
 .comment       0x00000030       0x31 C:\Users\kasjac\Desktop\Skole\H5\UGE03-~1\PROJEC~1\DETINT~1\ATMELM~1\ARDUIN~1\Debug\libArduinoCore.a(Print.o)
 .comment       0x00000030       0x31 C:\Users\kasjac\Desktop\Skole\H5\UGE03-~1\PROJEC~1\DETINT~1\ATMELM~1\ARDUIN~1\Debug\libArduinoCore.a(wiring.o)
 .comment       0x00000030       0x31 C:\Users\kasjac\Desktop\Skole\H5\UGE03-~1\PROJEC~1\DETINT~1\ATMELM~1\ARDUIN~1\Debug\libArduinoCore.a(wiring_digital.o)
 .comment       0x00000030       0x31 C:\Users\kasjac\Desktop\Skole\H5\UGE03-~1\PROJEC~1\DETINT~1\ATMELM~1\ARDUIN~1\Debug\libArduinoCore.a(WMath.o)
 .comment       0x00000030       0x31 C:\Users\kasjac\Desktop\Skole\H5\UGE03-~1\PROJEC~1\DETINT~1\ATMELM~1\ARDUIN~1\Debug\libArduinoCore.a(WString.o)
 .comment       0x00000030       0x31 C:\Users\kasjac\Desktop\Skole\H5\UGE03-~1\PROJEC~1\DETINT~1\ATMELM~1\ARDUIN~1\Debug\libArduinoCore.a(hooks.o)
 .comment       0x00000030       0x31 c:/program files (x86)/atmel/studio/7.0/toolchain/avr8/avr8-gnu-toolchain/bin/../lib/gcc/avr/5.4.0/../../../../avr/lib/avr6\libc.a(malloc.o)
 .comment       0x00000030       0x31 c:/program files (x86)/atmel/studio/7.0/toolchain/avr8/avr8-gnu-toolchain/bin/../lib/gcc/avr/5.4.0/../../../../avr/lib/avr6\libc.a(realloc.o)

.note.gnu.avr.deviceinfo
                0x00000000       0x40
 .note.gnu.avr.deviceinfo
                0x00000000       0x40 C:/Program Files (x86)/Atmel/Studio/7.0/Packs/atmel/ATmega_DFP/1.6.364/gcc/dev/atmega2560/avr6/crtatmega2560.o

.note.gnu.build-id
 *(.note.gnu.build-id)

.debug
 *(.debug)

.line
 *(.line)

.debug_srcinfo
 *(.debug_srcinfo)

.debug_sfnames
 *(.debug_sfnames)

.debug_aranges  0x00000000      0xc90
 *(.debug_aranges)
 .debug_aranges
                0x00000000      0x118 main.o
 .debug_aranges
                0x00000118       0x78 src/libraries/DHT-sensor-library/DHT.o
 .debug_aranges
                0x00000190       0xa8 src/libraries/DHT-sensor-library/DHT_U.o
 .debug_aranges
                0x00000238      0x1e8 src/libraries/rfid/MFRC522.o
 .debug_aranges
                0x00000420       0xa0 src/libraries/Servo/src/avr/Servo.o
 .debug_aranges
                0x000004c0       0x38 src/libraries/SPI/src/SPI.o
 .debug_aranges
                0x000004f8       0x98 src/libraries/Wire/src/utility/twi.o
 .debug_aranges
                0x00000590      0x130 src/libraries/Wire/src/Wire.o
 .debug_aranges
                0x000006c0       0x20 C:\Users\kasjac\Desktop\Skole\H5\UGE03-~1\PROJEC~1\DETINT~1\ATMELM~1\ARDUIN~1\Debug\libArduinoCore.a(abi.o)
 .debug_aranges
                0x000006e0       0x68 C:\Users\kasjac\Desktop\Skole\H5\UGE03-~1\PROJEC~1\DETINT~1\ATMELM~1\ARDUIN~1\Debug\libArduinoCore.a(HardwareSerial.o)
 .debug_aranges
                0x00000748       0x48 C:\Users\kasjac\Desktop\Skole\H5\UGE03-~1\PROJEC~1\DETINT~1\ATMELM~1\ARDUIN~1\Debug\libArduinoCore.a(HardwareSerial0.o)
 .debug_aranges
                0x00000790       0x30 C:\Users\kasjac\Desktop\Skole\H5\UGE03-~1\PROJEC~1\DETINT~1\ATMELM~1\ARDUIN~1\Debug\libArduinoCore.a(main.o)
 .debug_aranges
                0x000007c0       0x30 C:\Users\kasjac\Desktop\Skole\H5\UGE03-~1\PROJEC~1\DETINT~1\ATMELM~1\ARDUIN~1\Debug\libArduinoCore.a(new.o)
 .debug_aranges
                0x000007f0      0x100 C:\Users\kasjac\Desktop\Skole\H5\UGE03-~1\PROJEC~1\DETINT~1\ATMELM~1\ARDUIN~1\Debug\libArduinoCore.a(Print.o)
 .debug_aranges
                0x000008f0       0x48 C:\Users\kasjac\Desktop\Skole\H5\UGE03-~1\PROJEC~1\DETINT~1\ATMELM~1\ARDUIN~1\Debug\libArduinoCore.a(wiring.o)
 .debug_aranges
                0x00000938       0x38 C:\Users\kasjac\Desktop\Skole\H5\UGE03-~1\PROJEC~1\DETINT~1\ATMELM~1\ARDUIN~1\Debug\libArduinoCore.a(wiring_digital.o)
 .debug_aranges
                0x00000970       0x48 C:\Users\kasjac\Desktop\Skole\H5\UGE03-~1\PROJEC~1\DETINT~1\ATMELM~1\ARDUIN~1\Debug\libArduinoCore.a(WMath.o)
 .debug_aranges
                0x000009b8      0x2b8 C:\Users\kasjac\Desktop\Skole\H5\UGE03-~1\PROJEC~1\DETINT~1\ATMELM~1\ARDUIN~1\Debug\libArduinoCore.a(WString.o)
 .debug_aranges
                0x00000c70       0x20 C:\Users\kasjac\Desktop\Skole\H5\UGE03-~1\PROJEC~1\DETINT~1\ATMELM~1\ARDUIN~1\Debug\libArduinoCore.a(hooks.o)

.debug_pubnames
 *(.debug_pubnames)

.debug_info     0x00000000    0x18a40
 *(.debug_info .gnu.linkonce.wi.*)
 .debug_info    0x00000000      0xbbc C:/Program Files (x86)/Atmel/Studio/7.0/Packs/atmel/ATmega_DFP/1.6.364/gcc/dev/atmega2560/avr6/crtatmega2560.o
 .debug_info    0x00000bbc     0x32c0 main.o
 .debug_info    0x00003e7c      0xa1e src/libraries/DHT-sensor-library/DHT.o
 .debug_info    0x0000489a     0x11ec src/libraries/DHT-sensor-library/DHT_U.o
 .debug_info    0x00005a86     0x3960 src/libraries/rfid/MFRC522.o
 .debug_info    0x000093e6      0x85a src/libraries/Servo/src/avr/Servo.o
 .debug_info    0x00009c40      0x6b0 src/libraries/SPI/src/SPI.o
 .debug_info    0x0000a2f0      0x93a src/libraries/Wire/src/utility/twi.o
 .debug_info    0x0000ac2a     0x2574 src/libraries/Wire/src/Wire.o
 .debug_info    0x0000d19e       0x76 C:\Users\kasjac\Desktop\Skole\H5\UGE03-~1\PROJEC~1\DETINT~1\ATMELM~1\ARDUIN~1\Debug\libArduinoCore.a(abi.o)
 .debug_info    0x0000d214     0x205e C:\Users\kasjac\Desktop\Skole\H5\UGE03-~1\PROJEC~1\DETINT~1\ATMELM~1\ARDUIN~1\Debug\libArduinoCore.a(HardwareSerial.o)
 .debug_info    0x0000f272     0x1b74 C:\Users\kasjac\Desktop\Skole\H5\UGE03-~1\PROJEC~1\DETINT~1\ATMELM~1\ARDUIN~1\Debug\libArduinoCore.a(HardwareSerial0.o)
 .debug_info    0x00010de6      0x295 C:\Users\kasjac\Desktop\Skole\H5\UGE03-~1\PROJEC~1\DETINT~1\ATMELM~1\ARDUIN~1\Debug\libArduinoCore.a(main.o)
 .debug_info    0x0001107b      0x15f C:\Users\kasjac\Desktop\Skole\H5\UGE03-~1\PROJEC~1\DETINT~1\ATMELM~1\ARDUIN~1\Debug\libArduinoCore.a(new.o)
 .debug_info    0x000111da     0x295d C:\Users\kasjac\Desktop\Skole\H5\UGE03-~1\PROJEC~1\DETINT~1\ATMELM~1\ARDUIN~1\Debug\libArduinoCore.a(Print.o)
 .debug_info    0x00013b37      0x329 C:\Users\kasjac\Desktop\Skole\H5\UGE03-~1\PROJEC~1\DETINT~1\ATMELM~1\ARDUIN~1\Debug\libArduinoCore.a(wiring.o)
 .debug_info    0x00013e60      0x63a C:\Users\kasjac\Desktop\Skole\H5\UGE03-~1\PROJEC~1\DETINT~1\ATMELM~1\ARDUIN~1\Debug\libArduinoCore.a(wiring_digital.o)
 .debug_info    0x0001449a      0x230 C:\Users\kasjac\Desktop\Skole\H5\UGE03-~1\PROJEC~1\DETINT~1\ATMELM~1\ARDUIN~1\Debug\libArduinoCore.a(WMath.o)
 .debug_info    0x000146ca     0x4338 C:\Users\kasjac\Desktop\Skole\H5\UGE03-~1\PROJEC~1\DETINT~1\ATMELM~1\ARDUIN~1\Debug\libArduinoCore.a(WString.o)
 .debug_info    0x00018a02       0x3e C:\Users\kasjac\Desktop\Skole\H5\UGE03-~1\PROJEC~1\DETINT~1\ATMELM~1\ARDUIN~1\Debug\libArduinoCore.a(hooks.o)

.debug_abbrev   0x00000000     0x4114
 *(.debug_abbrev)
 .debug_abbrev  0x00000000      0xb1a C:/Program Files (x86)/Atmel/Studio/7.0/Packs/atmel/ATmega_DFP/1.6.364/gcc/dev/atmega2560/avr6/crtatmega2560.o
 .debug_abbrev  0x00000b1a      0x69c main.o
 .debug_abbrev  0x000011b6      0x280 src/libraries/DHT-sensor-library/DHT.o
 .debug_abbrev  0x00001436      0x3ad src/libraries/DHT-sensor-library/DHT_U.o
 .debug_abbrev  0x000017e3      0x469 src/libraries/rfid/MFRC522.o
 .debug_abbrev  0x00001c4c      0x2d1 src/libraries/Servo/src/avr/Servo.o
 .debug_abbrev  0x00001f1d      0x220 src/libraries/SPI/src/SPI.o
 .debug_abbrev  0x0000213d      0x2f2 src/libraries/Wire/src/utility/twi.o
 .debug_abbrev  0x0000242f      0x48c src/libraries/Wire/src/Wire.o
 .debug_abbrev  0x000028bb       0x6d C:\Users\kasjac\Desktop\Skole\H5\UGE03-~1\PROJEC~1\DETINT~1\ATMELM~1\ARDUIN~1\Debug\libArduinoCore.a(abi.o)
 .debug_abbrev  0x00002928      0x4b7 C:\Users\kasjac\Desktop\Skole\H5\UGE03-~1\PROJEC~1\DETINT~1\ATMELM~1\ARDUIN~1\Debug\libArduinoCore.a(HardwareSerial.o)
 .debug_abbrev  0x00002ddf      0x3ce C:\Users\kasjac\Desktop\Skole\H5\UGE03-~1\PROJEC~1\DETINT~1\ATMELM~1\ARDUIN~1\Debug\libArduinoCore.a(HardwareSerial0.o)
 .debug_abbrev  0x000031ad      0x12d C:\Users\kasjac\Desktop\Skole\H5\UGE03-~1\PROJEC~1\DETINT~1\ATMELM~1\ARDUIN~1\Debug\libArduinoCore.a(main.o)
 .debug_abbrev  0x000032da      0x109 C:\Users\kasjac\Desktop\Skole\H5\UGE03-~1\PROJEC~1\DETINT~1\ATMELM~1\ARDUIN~1\Debug\libArduinoCore.a(new.o)
 .debug_abbrev  0x000033e3      0x47a C:\Users\kasjac\Desktop\Skole\H5\UGE03-~1\PROJEC~1\DETINT~1\ATMELM~1\ARDUIN~1\Debug\libArduinoCore.a(Print.o)
 .debug_abbrev  0x0000385d      0x146 C:\Users\kasjac\Desktop\Skole\H5\UGE03-~1\PROJEC~1\DETINT~1\ATMELM~1\ARDUIN~1\Debug\libArduinoCore.a(wiring.o)
 .debug_abbrev  0x000039a3      0x15a C:\Users\kasjac\Desktop\Skole\H5\UGE03-~1\PROJEC~1\DETINT~1\ATMELM~1\ARDUIN~1\Debug\libArduinoCore.a(wiring_digital.o)
 .debug_abbrev  0x00003afd      0x12b C:\Users\kasjac\Desktop\Skole\H5\UGE03-~1\PROJEC~1\DETINT~1\ATMELM~1\ARDUIN~1\Debug\libArduinoCore.a(WMath.o)
 .debug_abbrev  0x00003c28      0x4c2 C:\Users\kasjac\Desktop\Skole\H5\UGE03-~1\PROJEC~1\DETINT~1\ATMELM~1\ARDUIN~1\Debug\libArduinoCore.a(WString.o)
 .debug_abbrev  0x000040ea       0x2a C:\Users\kasjac\Desktop\Skole\H5\UGE03-~1\PROJEC~1\DETINT~1\ATMELM~1\ARDUIN~1\Debug\libArduinoCore.a(hooks.o)

.debug_line     0x00000000     0x77ea
 *(.debug_line .debug_line.* .debug_line_end)
 .debug_line    0x00000000      0x1fa C:/Program Files (x86)/Atmel/Studio/7.0/Packs/atmel/ATmega_DFP/1.6.364/gcc/dev/atmega2560/avr6/crtatmega2560.o
 .debug_line    0x000001fa      0x9c4 main.o
 .debug_line    0x00000bbe      0x63c src/libraries/DHT-sensor-library/DHT.o
 .debug_line    0x000011fa      0x59c src/libraries/DHT-sensor-library/DHT_U.o
 .debug_line    0x00001796     0x1d8c src/libraries/rfid/MFRC522.o
 .debug_line    0x00003522      0x598 src/libraries/Servo/src/avr/Servo.o
 .debug_line    0x00003aba      0x36d src/libraries/SPI/src/SPI.o
 .debug_line    0x00003e27      0x6db src/libraries/Wire/src/utility/twi.o
 .debug_line    0x00004502      0x736 src/libraries/Wire/src/Wire.o
 .debug_line    0x00004c38       0xa9 C:\Users\kasjac\Desktop\Skole\H5\UGE03-~1\PROJEC~1\DETINT~1\ATMELM~1\ARDUIN~1\Debug\libArduinoCore.a(abi.o)
 .debug_line    0x00004ce1      0x527 C:\Users\kasjac\Desktop\Skole\H5\UGE03-~1\PROJEC~1\DETINT~1\ATMELM~1\ARDUIN~1\Debug\libArduinoCore.a(HardwareSerial.o)
 .debug_line    0x00005208      0x288 C:\Users\kasjac\Desktop\Skole\H5\UGE03-~1\PROJEC~1\DETINT~1\ATMELM~1\ARDUIN~1\Debug\libArduinoCore.a(HardwareSerial0.o)
 .debug_line    0x00005490      0x161 C:\Users\kasjac\Desktop\Skole\H5\UGE03-~1\PROJEC~1\DETINT~1\ATMELM~1\ARDUIN~1\Debug\libArduinoCore.a(main.o)
 .debug_line    0x000055f1      0x145 C:\Users\kasjac\Desktop\Skole\H5\UGE03-~1\PROJEC~1\DETINT~1\ATMELM~1\ARDUIN~1\Debug\libArduinoCore.a(new.o)
 .debug_line    0x00005736      0x681 C:\Users\kasjac\Desktop\Skole\H5\UGE03-~1\PROJEC~1\DETINT~1\ATMELM~1\ARDUIN~1\Debug\libArduinoCore.a(Print.o)
 .debug_line    0x00005db7      0x2cb C:\Users\kasjac\Desktop\Skole\H5\UGE03-~1\PROJEC~1\DETINT~1\ATMELM~1\ARDUIN~1\Debug\libArduinoCore.a(wiring.o)
 .debug_line    0x00006082      0x284 C:\Users\kasjac\Desktop\Skole\H5\UGE03-~1\PROJEC~1\DETINT~1\ATMELM~1\ARDUIN~1\Debug\libArduinoCore.a(wiring_digital.o)
 .debug_line    0x00006306      0x143 C:\Users\kasjac\Desktop\Skole\H5\UGE03-~1\PROJEC~1\DETINT~1\ATMELM~1\ARDUIN~1\Debug\libArduinoCore.a(WMath.o)
 .debug_line    0x00006449     0x1360 C:\Users\kasjac\Desktop\Skole\H5\UGE03-~1\PROJEC~1\DETINT~1\ATMELM~1\ARDUIN~1\Debug\libArduinoCore.a(WString.o)
 .debug_line    0x000077a9       0x41 C:\Users\kasjac\Desktop\Skole\H5\UGE03-~1\PROJEC~1\DETINT~1\ATMELM~1\ARDUIN~1\Debug\libArduinoCore.a(hooks.o)

.debug_frame    0x00000000     0x30b4
 *(.debug_frame)
 .debug_frame   0x00000000      0x45c main.o
 .debug_frame   0x0000045c      0x224 src/libraries/DHT-sensor-library/DHT.o
 .debug_frame   0x00000680      0x27c src/libraries/DHT-sensor-library/DHT_U.o
 .debug_frame   0x000008fc      0x968 src/libraries/rfid/MFRC522.o
 .debug_frame   0x00001264      0x3d0 src/libraries/Servo/src/avr/Servo.o
 .debug_frame   0x00001634       0x94 src/libraries/SPI/src/SPI.o
 .debug_frame   0x000016c8      0x208 src/libraries/Wire/src/utility/twi.o
 .debug_frame   0x000018d0      0x4a4 src/libraries/Wire/src/Wire.o
 .debug_frame   0x00001d74       0x34 C:\Users\kasjac\Desktop\Skole\H5\UGE03-~1\PROJEC~1\DETINT~1\ATMELM~1\ARDUIN~1\Debug\libArduinoCore.a(abi.o)
 .debug_frame   0x00001da8      0x110 C:\Users\kasjac\Desktop\Skole\H5\UGE03-~1\PROJEC~1\DETINT~1\ATMELM~1\ARDUIN~1\Debug\libArduinoCore.a(HardwareSerial.o)
 .debug_frame   0x00001eb8       0xe0 C:\Users\kasjac\Desktop\Skole\H5\UGE03-~1\PROJEC~1\DETINT~1\ATMELM~1\ARDUIN~1\Debug\libArduinoCore.a(HardwareSerial0.o)
 .debug_frame   0x00001f98       0x54 C:\Users\kasjac\Desktop\Skole\H5\UGE03-~1\PROJEC~1\DETINT~1\ATMELM~1\ARDUIN~1\Debug\libArduinoCore.a(main.o)
 .debug_frame   0x00001fec       0x64 C:\Users\kasjac\Desktop\Skole\H5\UGE03-~1\PROJEC~1\DETINT~1\ATMELM~1\ARDUIN~1\Debug\libArduinoCore.a(new.o)
 .debug_frame   0x00002050      0x3ac C:\Users\kasjac\Desktop\Skole\H5\UGE03-~1\PROJEC~1\DETINT~1\ATMELM~1\ARDUIN~1\Debug\libArduinoCore.a(Print.o)
 .debug_frame   0x000023fc       0xc4 C:\Users\kasjac\Desktop\Skole\H5\UGE03-~1\PROJEC~1\DETINT~1\ATMELM~1\ARDUIN~1\Debug\libArduinoCore.a(wiring.o)
 .debug_frame   0x000024c0       0x7c C:\Users\kasjac\Desktop\Skole\H5\UGE03-~1\PROJEC~1\DETINT~1\ATMELM~1\ARDUIN~1\Debug\libArduinoCore.a(wiring_digital.o)
 .debug_frame   0x0000253c       0xf4 C:\Users\kasjac\Desktop\Skole\H5\UGE03-~1\PROJEC~1\DETINT~1\ATMELM~1\ARDUIN~1\Debug\libArduinoCore.a(WMath.o)
 .debug_frame   0x00002630      0xa60 C:\Users\kasjac\Desktop\Skole\H5\UGE03-~1\PROJEC~1\DETINT~1\ATMELM~1\ARDUIN~1\Debug\libArduinoCore.a(WString.o)
 .debug_frame   0x00003090       0x24 C:\Users\kasjac\Desktop\Skole\H5\UGE03-~1\PROJEC~1\DETINT~1\ATMELM~1\ARDUIN~1\Debug\libArduinoCore.a(hooks.o)

.debug_str      0x00000000     0x58ed
 *(.debug_str)
 .debug_str     0x00000000      0x3e6 C:/Program Files (x86)/Atmel/Studio/7.0/Packs/atmel/ATmega_DFP/1.6.364/gcc/dev/atmega2560/avr6/crtatmega2560.o
 .debug_str     0x000003e6     0x288d main.o
                               0x2a14 (size before relaxing)
 .debug_str     0x00002c73      0x156 src/libraries/DHT-sensor-library/DHT.o
                                0x5da (size before relaxing)
 .debug_str     0x00002dc9      0x3c2 src/libraries/DHT-sensor-library/DHT_U.o
                                0xd93 (size before relaxing)
 .debug_str     0x0000318b      0x730 src/libraries/rfid/MFRC522.o
                               0x1bc3 (size before relaxing)
 .debug_str     0x000038bb      0x14d src/libraries/Servo/src/avr/Servo.o
                                0x52f (size before relaxing)
 .debug_str     0x00003a08       0xb4 src/libraries/SPI/src/SPI.o
                                0x6d1 (size before relaxing)
 .debug_str     0x00003abc      0x3eb src/libraries/Wire/src/utility/twi.o
                                0x532 (size before relaxing)
 .debug_str     0x00003ea7      0xa24 src/libraries/Wire/src/Wire.o
                               0x1945 (size before relaxing)
 .debug_str     0x000048cb      0x1bd C:\Users\kasjac\Desktop\Skole\H5\UGE03-~1\PROJEC~1\DETINT~1\ATMELM~1\ARDUIN~1\Debug\libArduinoCore.a(abi.o)
                                0x1d3 (size before relaxing)
 .debug_str     0x00004a88      0x478 C:\Users\kasjac\Desktop\Skole\H5\UGE03-~1\PROJEC~1\DETINT~1\ATMELM~1\ARDUIN~1\Debug\libArduinoCore.a(HardwareSerial.o)
                               0x1722 (size before relaxing)
 .debug_str     0x00004f00       0x47 C:\Users\kasjac\Desktop\Skole\H5\UGE03-~1\PROJEC~1\DETINT~1\ATMELM~1\ARDUIN~1\Debug\libArduinoCore.a(HardwareSerial0.o)
                               0x143d (size before relaxing)
 .debug_str     0x00004f47       0x37 C:\Users\kasjac\Desktop\Skole\H5\UGE03-~1\PROJEC~1\DETINT~1\ATMELM~1\ARDUIN~1\Debug\libArduinoCore.a(main.o)
                                0x2e9 (size before relaxing)
 .debug_str     0x00004f7e       0x65 C:\Users\kasjac\Desktop\Skole\H5\UGE03-~1\PROJEC~1\DETINT~1\ATMELM~1\ARDUIN~1\Debug\libArduinoCore.a(new.o)
                                0x214 (size before relaxing)
 .debug_str     0x00004fe3      0x38d C:\Users\kasjac\Desktop\Skole\H5\UGE03-~1\PROJEC~1\DETINT~1\ATMELM~1\ARDUIN~1\Debug\libArduinoCore.a(Print.o)
                               0x1277 (size before relaxing)
 .debug_str     0x00005370       0x70 C:\Users\kasjac\Desktop\Skole\H5\UGE03-~1\PROJEC~1\DETINT~1\ATMELM~1\ARDUIN~1\Debug\libArduinoCore.a(wiring.o)
                                0x27f (size before relaxing)
 .debug_str     0x000053e0       0x6d C:\Users\kasjac\Desktop\Skole\H5\UGE03-~1\PROJEC~1\DETINT~1\ATMELM~1\ARDUIN~1\Debug\libArduinoCore.a(wiring_digital.o)
                                0x2e4 (size before relaxing)
 .debug_str     0x0000544d       0xb8 C:\Users\kasjac\Desktop\Skole\H5\UGE03-~1\PROJEC~1\DETINT~1\ATMELM~1\ARDUIN~1\Debug\libArduinoCore.a(WMath.o)
                                0x282 (size before relaxing)
 .debug_str     0x00005505      0x3cc C:\Users\kasjac\Desktop\Skole\H5\UGE03-~1\PROJEC~1\DETINT~1\ATMELM~1\ARDUIN~1\Debug\libArduinoCore.a(WString.o)
                               0x11ca (size before relaxing)
 .debug_str     0x000058d1       0x1c C:\Users\kasjac\Desktop\Skole\H5\UGE03-~1\PROJEC~1\DETINT~1\ATMELM~1\ARDUIN~1\Debug\libArduinoCore.a(hooks.o)
                                0x174 (size before relaxing)

.debug_loc      0x00000000     0xb703
 *(.debug_loc)
 .debug_loc     0x00000000      0x981 main.o
 .debug_loc     0x00000981      0x4c6 src/libraries/DHT-sensor-library/DHT.o
 .debug_loc     0x00000e47      0x575 src/libraries/DHT-sensor-library/DHT_U.o
 .debug_loc     0x000013bc     0x1513 src/libraries/rfid/MFRC522.o
 .debug_loc     0x000028cf      0x8d7 src/libraries/Servo/src/avr/Servo.o
 .debug_loc     0x000031a6      0x11f src/libraries/SPI/src/SPI.o
 .debug_loc     0x000032c5      0x87f src/libraries/Wire/src/utility/twi.o
 .debug_loc     0x00003b44      0xa2f src/libraries/Wire/src/Wire.o
 .debug_loc     0x00004573      0x4dc C:\Users\kasjac\Desktop\Skole\H5\UGE03-~1\PROJEC~1\DETINT~1\ATMELM~1\ARDUIN~1\Debug\libArduinoCore.a(HardwareSerial.o)
 .debug_loc     0x00004a4f      0x1b0 C:\Users\kasjac\Desktop\Skole\H5\UGE03-~1\PROJEC~1\DETINT~1\ATMELM~1\ARDUIN~1\Debug\libArduinoCore.a(HardwareSerial0.o)
 .debug_loc     0x00004bff       0x72 C:\Users\kasjac\Desktop\Skole\H5\UGE03-~1\PROJEC~1\DETINT~1\ATMELM~1\ARDUIN~1\Debug\libArduinoCore.a(new.o)
 .debug_loc     0x00004c71     0x1c87 C:\Users\kasjac\Desktop\Skole\H5\UGE03-~1\PROJEC~1\DETINT~1\ATMELM~1\ARDUIN~1\Debug\libArduinoCore.a(Print.o)
 .debug_loc     0x000068f8      0x28d C:\Users\kasjac\Desktop\Skole\H5\UGE03-~1\PROJEC~1\DETINT~1\ATMELM~1\ARDUIN~1\Debug\libArduinoCore.a(wiring.o)
 .debug_loc     0x00006b85      0x56b C:\Users\kasjac\Desktop\Skole\H5\UGE03-~1\PROJEC~1\DETINT~1\ATMELM~1\ARDUIN~1\Debug\libArduinoCore.a(wiring_digital.o)
 .debug_loc     0x000070f0      0x3d6 C:\Users\kasjac\Desktop\Skole\H5\UGE03-~1\PROJEC~1\DETINT~1\ATMELM~1\ARDUIN~1\Debug\libArduinoCore.a(WMath.o)
 .debug_loc     0x000074c6     0x423d C:\Users\kasjac\Desktop\Skole\H5\UGE03-~1\PROJEC~1\DETINT~1\ATMELM~1\ARDUIN~1\Debug\libArduinoCore.a(WString.o)

.debug_macinfo
 *(.debug_macinfo)

.debug_weaknames
 *(.debug_weaknames)

.debug_funcnames
 *(.debug_funcnames)

.debug_typenames
 *(.debug_typenames)

.debug_varnames
 *(.debug_varnames)

.debug_pubtypes
 *(.debug_pubtypes)

.debug_ranges   0x00000000      0xc10
 *(.debug_ranges)
 .debug_ranges  0x00000000      0x108 main.o
 .debug_ranges  0x00000108       0x68 src/libraries/DHT-sensor-library/DHT.o
 .debug_ranges  0x00000170       0x98 src/libraries/DHT-sensor-library/DHT_U.o
 .debug_ranges  0x00000208      0x208 src/libraries/rfid/MFRC522.o
 .debug_ranges  0x00000410       0x90 src/libraries/Servo/src/avr/Servo.o
 .debug_ranges  0x000004a0       0x28 src/libraries/SPI/src/SPI.o
 .debug_ranges  0x000004c8       0x88 src/libraries/Wire/src/utility/twi.o
 .debug_ranges  0x00000550      0x120 src/libraries/Wire/src/Wire.o
 .debug_ranges  0x00000670       0x10 C:\Users\kasjac\Desktop\Skole\H5\UGE03-~1\PROJEC~1\DETINT~1\ATMELM~1\ARDUIN~1\Debug\libArduinoCore.a(abi.o)
 .debug_ranges  0x00000680       0x58 C:\Users\kasjac\Desktop\Skole\H5\UGE03-~1\PROJEC~1\DETINT~1\ATMELM~1\ARDUIN~1\Debug\libArduinoCore.a(HardwareSerial.o)
 .debug_ranges  0x000006d8       0x38 C:\Users\kasjac\Desktop\Skole\H5\UGE03-~1\PROJEC~1\DETINT~1\ATMELM~1\ARDUIN~1\Debug\libArduinoCore.a(HardwareSerial0.o)
 .debug_ranges  0x00000710       0x20 C:\Users\kasjac\Desktop\Skole\H5\UGE03-~1\PROJEC~1\DETINT~1\ATMELM~1\ARDUIN~1\Debug\libArduinoCore.a(main.o)
 .debug_ranges  0x00000730       0x20 C:\Users\kasjac\Desktop\Skole\H5\UGE03-~1\PROJEC~1\DETINT~1\ATMELM~1\ARDUIN~1\Debug\libArduinoCore.a(new.o)
 .debug_ranges  0x00000750      0x120 C:\Users\kasjac\Desktop\Skole\H5\UGE03-~1\PROJEC~1\DETINT~1\ATMELM~1\ARDUIN~1\Debug\libArduinoCore.a(Print.o)
 .debug_ranges  0x00000870       0x38 C:\Users\kasjac\Desktop\Skole\H5\UGE03-~1\PROJEC~1\DETINT~1\ATMELM~1\ARDUIN~1\Debug\libArduinoCore.a(wiring.o)
 .debug_ranges  0x000008a8       0x28 C:\Users\kasjac\Desktop\Skole\H5\UGE03-~1\PROJEC~1\DETINT~1\ATMELM~1\ARDUIN~1\Debug\libArduinoCore.a(wiring_digital.o)
 .debug_ranges  0x000008d0       0x38 C:\Users\kasjac\Desktop\Skole\H5\UGE03-~1\PROJEC~1\DETINT~1\ATMELM~1\ARDUIN~1\Debug\libArduinoCore.a(WMath.o)
 .debug_ranges  0x00000908      0x2f8 C:\Users\kasjac\Desktop\Skole\H5\UGE03-~1\PROJEC~1\DETINT~1\ATMELM~1\ARDUIN~1\Debug\libArduinoCore.a(WString.o)
 .debug_ranges  0x00000c00       0x10 C:\Users\kasjac\Desktop\Skole\H5\UGE03-~1\PROJEC~1\DETINT~1\ATMELM~1\ARDUIN~1\Debug\libArduinoCore.a(hooks.o)

.debug_macro
 *(.debug_macro)
OUTPUT(AtmelMega2560.elf elf32-avr)
LOAD linker stubs
