Archive member included to satisfy reference by file (symbol)

c:/program files (x86)/atmel/studio/7.0/toolchain/avr8/avr8-gnu-toolchain/bin/../lib/gcc/avr/5.4.0/../../../../avr/lib/avr6\libm.a(addsf3.o)
                              src/libraries/DHT-sensor-library/DHT.o (__subsf3)
c:/program files (x86)/atmel/studio/7.0/toolchain/avr8/avr8-gnu-toolchain/bin/../lib/gcc/avr/5.4.0/../../../../avr/lib/avr6\libm.a(addsf3x.o)
                              c:/program files (x86)/atmel/studio/7.0/toolchain/avr8/avr8-gnu-toolchain/bin/../lib/gcc/avr/5.4.0/../../../../avr/lib/avr6\libm.a(addsf3.o) (__addsf3x)
c:/program files (x86)/atmel/studio/7.0/toolchain/avr8/avr8-gnu-toolchain/bin/../lib/gcc/avr/5.4.0/../../../../avr/lib/avr6\libm.a(cmpsf2.o)
                              src/libraries/DHT-sensor-library/DHT.o (__ltsf2)
c:/program files (x86)/atmel/studio/7.0/toolchain/avr8/avr8-gnu-toolchain/bin/../lib/gcc/avr/5.4.0/../../../../avr/lib/avr6\libm.a(fixsfsi.o)
                              main.o (__fixsfsi)
c:/program files (x86)/atmel/studio/7.0/toolchain/avr8/avr8-gnu-toolchain/bin/../lib/gcc/avr/5.4.0/../../../../avr/lib/avr6\libm.a(fixunssfsi.o)
                              c:/program files (x86)/atmel/studio/7.0/toolchain/avr8/avr8-gnu-toolchain/bin/../lib/gcc/avr/5.4.0/../../../../avr/lib/avr6\libm.a(fixsfsi.o) (__fixunssfsi)
c:/program files (x86)/atmel/studio/7.0/toolchain/avr8/avr8-gnu-toolchain/bin/../lib/gcc/avr/5.4.0/../../../../avr/lib/avr6\libm.a(floatsisf.o)
                              src/libraries/DHT-sensor-library/DHT.o (__floatunsisf)
c:/program files (x86)/atmel/studio/7.0/toolchain/avr8/avr8-gnu-toolchain/bin/../lib/gcc/avr/5.4.0/../../../../avr/lib/avr6\libm.a(fp_cmp.o)
                              c:/program files (x86)/atmel/studio/7.0/toolchain/avr8/avr8-gnu-toolchain/bin/../lib/gcc/avr/5.4.0/../../../../avr/lib/avr6\libm.a(cmpsf2.o) (__fp_cmp)
c:/program files (x86)/atmel/studio/7.0/toolchain/avr8/avr8-gnu-toolchain/bin/../lib/gcc/avr/5.4.0/../../../../avr/lib/avr6\libm.a(fp_inf.o)
                              c:/program files (x86)/atmel/studio/7.0/toolchain/avr8/avr8-gnu-toolchain/bin/../lib/gcc/avr/5.4.0/../../../../avr/lib/avr6\libm.a(addsf3x.o) (__fp_inf)
c:/program files (x86)/atmel/studio/7.0/toolchain/avr8/avr8-gnu-toolchain/bin/../lib/gcc/avr/5.4.0/../../../../avr/lib/avr6\libm.a(fp_nan.o)
                              c:/program files (x86)/atmel/studio/7.0/toolchain/avr8/avr8-gnu-toolchain/bin/../lib/gcc/avr/5.4.0/../../../../avr/lib/avr6\libm.a(addsf3x.o) (__fp_nan)
c:/program files (x86)/atmel/studio/7.0/toolchain/avr8/avr8-gnu-toolchain/bin/../lib/gcc/avr/5.4.0/../../../../avr/lib/avr6\libm.a(fp_pscA.o)
                              c:/program files (x86)/atmel/studio/7.0/toolchain/avr8/avr8-gnu-toolchain/bin/../lib/gcc/avr/5.4.0/../../../../avr/lib/avr6\libm.a(addsf3x.o) (__fp_pscA)
c:/program files (x86)/atmel/studio/7.0/toolchain/avr8/avr8-gnu-toolchain/bin/../lib/gcc/avr/5.4.0/../../../../avr/lib/avr6\libm.a(fp_pscB.o)
                              c:/program files (x86)/atmel/studio/7.0/toolchain/avr8/avr8-gnu-toolchain/bin/../lib/gcc/avr/5.4.0/../../../../avr/lib/avr6\libm.a(addsf3x.o) (__fp_pscB)
c:/program files (x86)/atmel/studio/7.0/toolchain/avr8/avr8-gnu-toolchain/bin/../lib/gcc/avr/5.4.0/../../../../avr/lib/avr6\libm.a(fp_round.o)
                              c:/program files (x86)/atmel/studio/7.0/toolchain/avr8/avr8-gnu-toolchain/bin/../lib/gcc/avr/5.4.0/../../../../avr/lib/avr6\libm.a(addsf3.o) (__fp_round)
c:/program files (x86)/atmel/studio/7.0/toolchain/avr8/avr8-gnu-toolchain/bin/../lib/gcc/avr/5.4.0/../../../../avr/lib/avr6\libm.a(fp_split3.o)
                              c:/program files (x86)/atmel/studio/7.0/toolchain/avr8/avr8-gnu-toolchain/bin/../lib/gcc/avr/5.4.0/../../../../avr/lib/avr6\libm.a(addsf3x.o) (__fp_split3)
c:/program files (x86)/atmel/studio/7.0/toolchain/avr8/avr8-gnu-toolchain/bin/../lib/gcc/avr/5.4.0/../../../../avr/lib/avr6\libm.a(fp_zero.o)
                              c:/program files (x86)/atmel/studio/7.0/toolchain/avr8/avr8-gnu-toolchain/bin/../lib/gcc/avr/5.4.0/../../../../avr/lib/avr6\libm.a(addsf3x.o) (__fp_zero)
c:/program files (x86)/atmel/studio/7.0/toolchain/avr8/avr8-gnu-toolchain/bin/../lib/gcc/avr/5.4.0/../../../../avr/lib/avr6\libm.a(gesf2.o)
                              src/libraries/DHT-sensor-library/DHT.o (__gesf2)
c:/program files (x86)/atmel/studio/7.0/toolchain/avr8/avr8-gnu-toolchain/bin/../lib/gcc/avr/5.4.0/../../../../avr/lib/avr6\libm.a(mulsf3.o)
                              src/libraries/DHT-sensor-library/DHT.o (__mulsf3)
c:/program files (x86)/atmel/studio/7.0/toolchain/avr8/avr8-gnu-toolchain/bin/../lib/gcc/avr/5.4.0/../../../../avr/lib/avr6\libm.a(mulsf3x.o)
                              c:/program files (x86)/atmel/studio/7.0/toolchain/avr8/avr8-gnu-toolchain/bin/../lib/gcc/avr/5.4.0/../../../../avr/lib/avr6\libm.a(mulsf3.o) (__mulsf3x)
[...]
Memory Configuration

Name             Origin             Length             Attributes
text             0x00000000         0x00040000         xr
data             0x00800200         0x00002000         rw !x
eeprom           0x00810000         0x00001000         rw !x
fuse             0x00820000         0x00000003         rw !x
lock             0x00830000         0x00000400         rw !x
signature        0x00840000         0x00000400         rw !x
user_signatures  0x00850000         0x00000400         rw !x
*default*        0x00000000         0xffffffff

Linker script and memory map

Address of section .data set to 0x800200
LOAD C:/Program Files (x86)/Atmel/Studio/7.0/Packs/atmel/ATmega_DFP/1.6.364/gcc/dev/atmega2560/avr6/crtatmega2560.o
LOAD main.o
LOAD src/libraries/Adafruit_Unified_Sensor/Adafruit_Sensor.o
LOAD src/libraries/DHT-sensor-library/DHT.o
LOAD src/libraries/DHT-sensor-library/DHT_U.o
LOAD src/libraries/rfid/MFRC522.o
LOAD src/libraries/Servo/src/avr/Servo.o
LOAD src/libraries/Servo/src/mbed/Servo.o
LOAD src/libraries/Servo/src/megaavr/Servo.o
LOAD src/libraries/Servo/src/nrf52/Servo.o
LOAD src/libraries/Servo/src/samd/Servo.o
LOAD src/libraries/Servo/src/sam/Servo.o
LOAD src/libraries/Servo/src/stm32f4/Servo.o
LOAD src/libraries/SPI/src/SPI.o
LOAD src/libraries/Wire/src/utility/twi.o
LOAD src/libraries/Wire/src/Wire.o
START GROUP
LOAD c:/program files (x86)/atmel/studio/7.0/toolchain/avr8/avr8-gnu-toolchain/bin/../lib/gcc/avr/5.4.0/../../../../avr/lib/avr6\libm.a
LOAD C:\Users\kasjac\Desktop\Skole\H5\UGE03-~1\PROJEC~1\DETINT~1\ATMELM~1\ARDUIN~1\Debug\libArduinoCore.a
END GROUP
LOAD c:/program files (x86)/atmel/studio/7.0/toolchain/avr8/avr8-gnu-toolchain/bin/../lib/gcc/avr/5.4.0/avr6\libgcc.a
LOAD c:/program files (x86)/atmel/studio/7.0/toolchain/avr8/avr8-gnu-toolchain/bin/../lib/gcc/avr/5.4.0/../../../../avr/lib/avr6\libm.a
START GROUP
LOAD c:/program files (x86)/atmel/studio/7.0/toolchain/avr8/avr8-gnu-toolchain/bin/../lib/gcc/avr/5.4.0/avr6\libgcc.a
LOAD c:/program files (x86)/atmel/studio/7.0/toolchain/avr8/avr8-gnu-toolchain/bin/../lib/gcc/avr/5.4.0/../../../../avr/lib/avr6\libm.a
LOAD c:/program files (x86)/atmel/studio/7.0/toolchain/avr8/avr8-gnu-toolchain/bin/../lib/gcc/avr/5.4.0/../../../../avr/lib/avr6\libc.a
LOAD C:/Program Files (x86)/Atmel/Studio/7.0/Packs/atmel/ATmega_DFP/1.6.364/gcc/dev/atmega2560/avr6\libatmega2560.a
END GROUP
                0x00000000                __TEXT_REGION_ORIGIN__ = DEFINED (__TEXT_REGION_ORIGIN__)?__TEXT_REGION_ORIGIN__:0x0
                [0x00800200]                __DATA_REGION_ORIGIN__ = DEFINED (__DATA_REGION_ORIGIN__)?__DATA_REGION_ORIGIN__:0x800200
                [0x00040000]                __TEXT_REGION_LENGTH__ = DEFINED (__TEXT_REGION_LENGTH__)?__TEXT_REGION_LENGTH__:0x100000
                [0x00002000]                __DATA_REGION_LENGTH__ = DEFINED (__DATA_REGION_LENGTH__)?__DATA_REGION_LENGTH__:0xfe00
                [0x00001000]                __EEPROM_REGION_LENGTH__ = DEFINED (__EEPROM_REGION_LENGTH__)?__EEPROM_REGION_LENGTH__:0x10000
                [0x00000003]                __FUSE_REGION_LENGTH__ = DEFINED (__FUSE_REGION_LENGTH__)?__FUSE_REGION_LENGTH__:0x400
                0x00000400                __LOCK_REGION_LENGTH__ = DEFINED (__LOCK_REGION_LENGTH__)?__LOCK_REGION_LENGTH__:0x400
                0x00000400                __SIGNATURE_REGION_LENGTH__ = DEFINED (__SIGNATURE_REGION_LENGTH__)?__SIGNATURE_REGION_LENGTH__:0x400
                0x00000400                __USER_SIGNATURE_REGION_LENGTH__ = DEFINED (__USER_SIGNATURE_REGION_LENGTH__)?__USER_SIGNATURE_REGION_LENGTH__:0x400

.hash
 *(.hash)

.dynsym
 *(.dynsym)

.dynstr
 *(.dynstr)

.gnu.version
 *(.gnu.version)

.gnu.version_d
 *(.gnu.version_d)

.gnu.version_r
 *(.gnu.version_r)

.rel.init
 *(.rel.init)

.rela.init
 *(.rela.init)

.rel.text
 *(.rel.text)
 *(.rel.text.*)
 *(.rel.gnu.linkonce.t*)

.rela.text
 *(.rela.text)
 *(.rela.text.*)
 *(.rela.gnu.linkonce.t*)

.rel.fini
 *(.rel.fini)

.rela.fini
 *(.rela.fini)

.rel.rodata
 *(.rel.rodata)
 *(.rel.rodata.*)
 *(.rel.gnu.linkonce.r*)

.rela.rodata
 *(.rela.rodata)
 *(.rela.rodata.*)
 *(.rela.gnu.linkonce.r*)

.rel.data
 *(.rel.data)
 *(.rel.data.*)
 *(.rel.gnu.linkonce.d*)

.rela.data
 *(.rela.data)
 *(.rela.data.*)
 *(.rela.gnu.linkonce.d*)

.rel.ctors
 *(.rel.ctors)

.rela.ctors
 *(.rela.ctors)

.rel.dtors
 *(.rel.dtors)

.rela.dtors
 *(.rela.dtors)

.rel.got
 *(.rel.got)

.rela.got
 *(.rela.got)

.rel.bss
 *(.rel.bss)

.rela.bss
 *(.rela.bss)

.rel.plt
 *(.rel.plt)

.rela.plt
 *(.rela.plt)

.text           0x00000000     0x6252
 *(.vectors)
 .vectors       0x00000000       0xe4 C:/Program Files (x86)/Atmel/Studio/7.0/Packs/atmel/ATmega_DFP/1.6.364/gcc/dev/atmega2560/avr6/crtatmega2560.o
                0x00000000                __vector_default
                0x00000000                __vectors
 *(.vectors)
 *(.progmem.gcc*)
 .progmem.gcc_sw_table.turnOffPWM
                0x000000e4       0x24 C:\Users\kasjac\Desktop\Skole\H5\UGE03-~1\PROJEC~1\DETINT~1\ATMELM~1\ARDUIN~1\Debug\libArduinoCore.a(wiring_digital.o)
                0x00000108                . = ALIGN (0x2)
                0x00000108                __trampolines_start = .
 *(.trampolines)
 .trampolines   0x00000108        0x0 linker stubs
 *(.trampolines*)
                0x00000108                __trampolines_end = .
 *libprintf_flt.a:*(.progmem.data)
 *libc.a:*(.progmem.data)
 *(.progmem*)
 .progmem.data.digital_pin_to_timer_PGM
                0x00000108       0x46 C:\Users\kasjac\Desktop\Skole\H5\UGE03-~1\PROJEC~1\DETINT~1\ATMELM~1\ARDUIN~1\Debug\libArduinoCore.a(wiring_digital.o)
                0x00000108                digital_pin_to_timer_PGM
 .progmem.data.digital_pin_to_bit_mask_PGM
                0x0000014e       0x46 C:\Users\kasjac\Desktop\Skole\H5\UGE03-~1\PROJEC~1\DETINT~1\ATMELM~1\ARDUIN~1\Debug\libArduinoCore.a(wiring_digital.o)
                0x0000014e                digital_pin_to_bit_mask_PGM
 .progmem.data.digital_pin_to_port_PGM
                0x00000194       0x46 C:\Users\kasjac\Desktop\Skole\H5\UGE03-~1\PROJEC~1\DETINT~1\ATMELM~1\ARDUIN~1\Debug\libArduinoCore.a(wiring_digital.o)
                0x00000194                digital_pin_to_port_PGM
 .progmem.data.port_to_input_PGM
                0x000001da       0x1a C:\Users\kasjac\Desktop\Skole\H5\UGE03-~1\PROJEC~1\DETINT~1\ATMELM~1\ARDUIN~1\Debug\libArduinoCore.a(wiring_digital.o)
                0x000001da                port_to_input_PGM
 .progmem.data.port_to_output_PGM
                0x000001f4       0x1a C:\Users\kasjac\Desktop\Skole\H5\UGE03-~1\PROJEC~1\DETINT~1\ATMELM~1\ARDUIN~1\Debug\libArduinoCore.a(wiring_digital.o)
                0x000001f4                port_to_output_PGM
 .progmem.data.port_to_mode_PGM
                0x0000020e       0x1a C:\Users\kasjac\Desktop\Skole\H5\UGE03-~1\PROJEC~1\DETINT~1\ATMELM~1\ARDUIN~1\Debug\libArduinoCore.a(wiring_digital.o)
                0x0000020e                port_to_mode_PGM
                0x00000228                . = ALIGN (0x2)
 *(.jumptables)
 *(.jumptables*)
 *(.lowtext)
 *(.lowtext*)
                0x00000228                __ctors_start = .
 *(.ctors)
 .ctors         0x00000228        0x2 main.o
 .ctors         0x0000022a        0x2 src/libraries/Wire/src/Wire.o
 .ctors         0x0000022c        0x2 C:\Users\kasjac\Desktop\Skole\H5\UGE03-~1\PROJEC~1\DETINT~1\ATMELM~1\ARDUIN~1\Debug\libArduinoCore.a(HardwareSerial0.o)
                0x0000022e                __ctors_end = .
                0x0000022e                __dtors_start = .
 *(.dtors)
 .dtors         0x0000022e        0x2 main.o
                0x00000230                __dtors_end = .
 SORT(*)(.ctors)
 SORT(*)(.dtors)
 *(.init0)
 .init0         0x00000230        0x0 C:/Program Files (x86)/Atmel/Studio/7.0/Packs/atmel/ATmega_DFP/1.6.364/gcc/dev/atmega2560/avr6/crtatmega2560.o
                0x00000230                __init
 *(.init0)
 *(.init1)
 *(.init1)
 *(.init2)
 .init2         0x00000230       0x10 C:/Program Files (x86)/Atmel/Studio/7.0/Packs/atmel/ATmega_DFP/1.6.364/gcc/dev/atmega2560/avr6/crtatmega2560.o
 *(.init2)
 *(.init3)
 *(.init3)
 *(.init4)
 .init4         0x00000240       0x1a c:/program files (x86)/atmel/studio/7.0/toolchain/avr8/avr8-gnu-toolchain/bin/../lib/gcc/avr/5.4.0/avr6\libgcc.a(_copy_data.o)
                0x00000240                __do_copy_data
 .init4         0x0000025a       0x10 c:/program files (x86)/atmel/studio/7.0/toolchain/avr8/avr8-gnu-toolchain/bin/../lib/gcc/avr/5.4.0/avr6\libgcc.a(_clear_bss.o)
                0x0000025a                __do_clear_bss
 *(.init4)
 *(.init5)
 *(.init5)
 *(.init6)
 .init6         0x0000026a       0x20 c:/program files (x86)/atmel/studio/7.0/toolchain/avr8/avr8-gnu-toolchain/bin/../lib/gcc/avr/5.4.0/avr6\libgcc.a(_ctors.o)
                0x0000026a                __do_global_ctors
 *(.init6)
 *(.init7)
 *(.init7)
 *(.init8)
 *(.init8)
 *(.init9)
 .init9         0x0000028a        0x8 C:/Program Files (x86)/Atmel/Studio/7.0/Packs/atmel/ATmega_DFP/1.6.364/gcc/dev/atmega2560/avr6/crtatmega2560.o
 *(.init9)
 *(.text)
 .text          0x00000292        0x2 C:/Program Files (x86)/Atmel/Studio/7.0/Packs/atmel/ATmega_DFP/1.6.364/gcc/dev/atmega2560/avr6/crtatmega2560.o
                0x00000292                __vector_38
                0x00000292                __vector_22
                0x00000292                __vector_28
                0x00000292                __vector_1
                0x00000292                __vector_34
                0x00000292                __vector_24
                0x00000292                __vector_12
                0x00000292                __vector_55
                0x00000292                __vector_46
                0x00000292                __bad_interrupt
                0x00000292                __vector_6
                0x00000292                __vector_31
                0x00000292                __vector_35
                0x00000292                __vector_3
                0x00000292                __vector_30
                0x00000292                __vector_45
                0x00000292                __vector_11
                0x00000292                __vector_54
                0x00000292                __vector_13
                0x00000292                __vector_19
                0x00000292                __vector_56
                0x00000292                __vector_7
                0x00000292                __vector_49
                0x00000292                __vector_41
                0x00000292                __vector_43
                0x00000292                __vector_27
                0x00000292                __vector_5
                0x00000292                __vector_33
                0x00000292                __vector_52
                0x00000292                __vector_37
                0x00000292                __vector_4
                0x00000292                __vector_44
                0x00000292                __vector_51
                0x00000292                __vector_9
                0x00000292                __vector_2
                0x00000292                __vector_21
                0x00000292                __vector_15
                0x00000292                __vector_36
                0x00000292                __vector_29
                0x00000292                __vector_40
                0x00000292                __vector_8
                0x00000292                __vector_48
                0x00000292                __vector_14
                0x00000292                __vector_53
                0x00000292                __vector_10
                0x00000292                __vector_50
                0x00000292                __vector_16
                0x00000292                __vector_18
                0x00000292                __vector_20
                0x00000294                . = ALIGN (0x2)
 *(.text.*)
 .text._ZNK6StringeqERKS_
                0x00000294       0x30 main.o
                0x00000294                _ZNK6StringeqERKS_
 .text._ZNK6String9substringEj
                0x000002c4       0x48 main.o
                0x000002c4                _ZNK6String9substringEj
 .text._ZN5Print5writeEPKc
                0x0000030c       0x62 main.o
                0x0000030c                _ZN5Print5writeEPKc
 .text._ZN14HardwareSerial5beginEm
                0x0000036e       0x44 main.o
                0x0000036e                _ZN14HardwareSerial5beginEm
 .text._ZN14HardwareSerialcvbEv
                0x000003b2       0x1c main.o
                0x000003b2                _ZN14HardwareSerialcvbEv
 .text._ZN15Adafruit_SensorD2Ev
                0x000003ce       0x38 main.o
                0x000003ce                _ZN15Adafruit_SensorD1Ev
                0x000003ce                _ZN15Adafruit_SensorD2Ev
 .text._ZN15Adafruit_SensorD0Ev
                0x00000406       0x28 main.o
                0x00000406                _ZN15Adafruit_SensorD0Ev
 .text._ZN15Adafruit_Sensor15enableAutoRangeEb
                0x0000042e       0x1e main.o
                0x0000042e                _ZN15Adafruit_Sensor15enableAutoRangeEb
 .text._ZN15Adafruit_SensorC2ERKS_
                0x0000044c       0x42 main.o
                0x0000044c                _ZN15Adafruit_SensorC2ERKS_
                0x0000044c                _ZN15Adafruit_SensorC1ERKS_
 .text._ZN11DHT_Unified11TemperatureC2ERKS0_
                0x0000048e       0x6e main.o
                0x0000048e                _ZN11DHT_Unified11TemperatureC2ERKS0_
                0x0000048e                _ZN11DHT_Unified11TemperatureC1ERKS0_
 .text._ZN11DHT_Unified11temperatureEv
                0x000004fc       0x38 main.o
                0x000004fc                _ZN11DHT_Unified11temperatureEv
 .text._ZN11DHT_Unified8HumidityC2ERKS0_
                0x00000534       0x6e main.o
                0x00000534                _ZN11DHT_Unified8HumidityC2ERKS0_
                0x00000534                _ZN11DHT_Unified8HumidityC1ERKS0_
 .text._ZN11DHT_Unified8humidityEv
                0x000005a2       0x38 main.o
                0x000005a2                _ZN11DHT_Unified8humidityEv
 .text._ZN7TwoWire5writeEi
                0x000005da       0x3e main.o
                0x000005da                _ZN7TwoWire5writeEi
 .text.setup    0x00000618      0x14a main.o
                0x00000618                setup
 .text.loop     0x00000762      0x1fc main.o
                0x00000762                loop
 .text._Z13RfidValidaterv
                0x0000095e      0x18a main.o
                0x0000095e                _Z13RfidValidaterv
 .text._Z11SetRfidLedsb
                0x00000ae8       0x6a main.o
                0x00000ae8                _Z11SetRfidLedsb
 .text._Z9moveServov
                0x00000b52       0xa0 main.o
                0x00000b52                _Z9moveServov
 .text._Z12makeBipSoundi
                0x00000bf2       0xbc main.o
                0x00000bf2                _Z12makeBipSoundi
 .text._ZN11DHT_UnifiedD2Ev
                0x00000cae       0x2c main.o
                0x00000cae                _ZN11DHT_UnifiedD2Ev
                0x00000cae                _ZN11DHT_UnifiedD1Ev
 .text._Z41__static_initialization_and_destruction_0ii
                0x00000cda       0xae main.o
 .text._ZN11DHT_Unified11TemperatureD2Ev
                0x00000d88       0x3e main.o
                0x00000d88                _ZN11DHT_Unified11TemperatureD2Ev
                0x00000d88                _ZN11DHT_Unified11TemperatureD1Ev
 .text._ZN11DHT_Unified11TemperatureD0Ev
                0x00000dc6       0x28 main.o
                0x00000dc6                _ZN11DHT_Unified11TemperatureD0Ev
 .text._ZN11DHT_Unified8HumidityD2Ev
                0x00000dee       0x3e main.o
                0x00000dee                _ZN11DHT_Unified8HumidityD1Ev
                0x00000dee                _ZN11DHT_Unified8HumidityD2Ev
 .text._ZN11DHT_Unified8HumidityD0Ev
                0x00000e2c       0x28 main.o
                0x00000e2c                _ZN11DHT_Unified8HumidityD0Ev
 .text._GLOBAL__sub_I_x
                0x00000e54       0x18 main.o
 .text._GLOBAL__sub_D_x
                0x00000e6c       0x18 main.o
 .text._ZN13InterruptLockC2Ev
                0x00000e84       0x1e src/libraries/DHT-sensor-library/DHT.o
                0x00000e84                _ZN13InterruptLockC1Ev
                0x00000e84                _ZN13InterruptLockC2Ev
 .text._ZN13InterruptLockD2Ev
                0x00000ea2       0x1e src/libraries/DHT-sensor-library/DHT.o
                0x00000ea2                _ZN13InterruptLockD2Ev
                0x00000ea2                _ZN13InterruptLockD1Ev
 .text._ZN3DHTC2Ehhh
                0x00000ec0       0xa0 src/libraries/DHT-sensor-library/DHT.o
                0x00000ec0                _ZN3DHTC1Ehhh
                0x00000ec0                _ZN3DHTC2Ehhh
 .text._ZN3DHT5beginEh
                0x00000f60       0x54 src/libraries/DHT-sensor-library/DHT.o
                0x00000f60                _ZN3DHT5beginEh
 .text._ZN3DHT15readTemperatureEbb
                0x00000fb4      0x2c0 src/libraries/DHT-sensor-library/DHT.o
                0x00000fb4                _ZN3DHT15readTemperatureEbb
 .text._ZN3DHT11convertCtoFEf
                0x00001274       0x5a src/libraries/DHT-sensor-library/DHT.o
                0x00001274                _ZN3DHT11convertCtoFEf
 .text._ZN3DHT12readHumidityEb
                0x000012ce      0x154 src/libraries/DHT-sensor-library/DHT.o
                0x000012ce                _ZN3DHT12readHumidityEb
 .text._ZN3DHT4readEb
                0x00001422      0x588 src/libraries/DHT-sensor-library/DHT.o
                0x00001422                _ZN3DHT4readEb
 .text._ZN3DHT11expectPulseEb
                0x000019aa       0xdc src/libraries/DHT-sensor-library/DHT.o
                0x000019aa                _ZN3DHT11expectPulseEb
 .text._ZN15Adafruit_SensorC2Ev
                0x00001a86       0x2a src/libraries/DHT-sensor-library/DHT_U.o
                0x00001a86                _ZN15Adafruit_SensorC2Ev
                0x00001a86                _ZN15Adafruit_SensorC1Ev
 .text._ZN11DHT_UnifiedC2Ehhhll
                0x00001ab0       0xb0 src/libraries/DHT-sensor-library/DHT_U.o
                0x00001ab0                _ZN11DHT_UnifiedC2Ehhhll
                0x00001ab0                _ZN11DHT_UnifiedC1Ehhhll
 .text._ZN11DHT_Unified5beginEv
                0x00001b60       0x24 src/libraries/DHT-sensor-library/DHT_U.o
                0x00001b60                _ZN11DHT_Unified5beginEv
 .text._ZN11DHT_Unified7setNameEP8sensor_t
                0x00001b84       0xc2 src/libraries/DHT-sensor-library/DHT_U.o
                0x00001b84                _ZN11DHT_Unified7setNameEP8sensor_t
 .text._ZN11DHT_Unified11setMinDelayEP8sensor_t
                0x00001c46       0xc6 src/libraries/DHT-sensor-library/DHT_U.o
                0x00001c46                _ZN11DHT_Unified11setMinDelayEP8sensor_t
 .text._ZN11DHT_Unified11TemperatureC2EPS_l
                0x00001d0c       0x70 src/libraries/DHT-sensor-library/DHT_U.o
                0x00001d0c                _ZN11DHT_Unified11TemperatureC2EPS_l
                0x00001d0c                _ZN11DHT_Unified11TemperatureC1EPS_l
 .text._ZN11DHT_Unified11Temperature8getEventEP15sensors_event_t
                0x00001d7c       0xb4 src/libraries/DHT-sensor-library/DHT_U.o
                0x00001d7c                _ZN11DHT_Unified11Temperature8getEventEP15sensors_event_t
 .text._ZN11DHT_Unified11Temperature9getSensorEP8sensor_t
                0x00001e30      0x208 src/libraries/DHT-sensor-library/DHT_U.o
                0x00001e30                _ZN11DHT_Unified11Temperature9getSensorEP8sensor_t
 .text._ZN11DHT_Unified8HumidityC2EPS_l
                0x00002038       0x70 src/libraries/DHT-sensor-library/DHT_U.o
                0x00002038                _ZN11DHT_Unified8HumidityC1EPS_l
                0x00002038                _ZN11DHT_Unified8HumidityC2EPS_l
 .text._ZN11DHT_Unified8Humidity8getEventEP15sensors_event_t
                0x000020a8       0xb2 src/libraries/DHT-sensor-library/DHT_U.o
                0x000020a8                _ZN11DHT_Unified8Humidity8getEventEP15sensors_event_t
 .text._ZN11DHT_Unified8Humidity9getSensorEP8sensor_t
                0x0000215a      0x200 src/libraries/DHT-sensor-library/DHT_U.o
                0x0000215a                _ZN11DHT_Unified8Humidity9getSensorEP8sensor_t
 .text._ZN11SPISettingsC2Emhh
                0x0000235a       0x54 src/libraries/rfid/MFRC522.o
                0x0000235a                _ZN11SPISettingsC1Emhh
                0x0000235a                _ZN11SPISettingsC2Emhh
 .text._ZN11SPISettings16init_MightInlineEmhh
                0x000023ae       0xfa src/libraries/rfid/MFRC522.o
                0x000023ae                _ZN11SPISettings16init_MightInlineEmhh
 .text._ZN8SPIClass16beginTransactionE11SPISettings
                0x000024a8       0x84 src/libraries/rfid/MFRC522.o
                0x000024a8                _ZN8SPIClass16beginTransactionE11SPISettings
 .text._ZN8SPIClass8transferEh
                0x0000252c       0x3e src/libraries/rfid/MFRC522.o
                0x0000252c                _ZN8SPIClass8transferEh
 .text._ZN8SPIClass14endTransactionEv
                0x0000256a       0x54 src/libraries/rfid/MFRC522.o
                0x0000256a                _ZN8SPIClass14endTransactionEv
 .text._ZN7MFRC522C2Ehh
                0x000025be       0x38 src/libraries/rfid/MFRC522.o
                0x000025be                _ZN7MFRC522C2Ehh
                0x000025be                _ZN7MFRC522C1Ehh
 .text._ZN7MFRC52217PCD_WriteRegisterEhh
                0x000025f6       0x6a src/libraries/rfid/MFRC522.o
                0x000025f6                _ZN7MFRC52217PCD_WriteRegisterEhh
 .text._ZN7MFRC52217PCD_WriteRegisterEhhPh
                0x00002660       0x98 src/libraries/rfid/MFRC522.o
                0x00002660                _ZN7MFRC52217PCD_WriteRegisterEhhPh
 .text._ZN7MFRC52216PCD_ReadRegisterEh
                0x000026f8       0x6c src/libraries/rfid/MFRC522.o
                0x000026f8                _ZN7MFRC52216PCD_ReadRegisterEh
 .text._ZN7MFRC52216PCD_ReadRegisterEhhPhh
                0x00002764      0x142 src/libraries/rfid/MFRC522.o
                0x00002764                _ZN7MFRC52216PCD_ReadRegisterEhhPhh
 .text._ZN7MFRC52222PCD_SetRegisterBitMaskEhh
                0x000028a6       0x44 src/libraries/rfid/MFRC522.o
                0x000028a6                _ZN7MFRC52222PCD_SetRegisterBitMaskEhh
 .text._ZN7MFRC52224PCD_ClearRegisterBitMaskEhh
                0x000028ea       0x48 src/libraries/rfid/MFRC522.o
                0x000028ea                _ZN7MFRC52224PCD_ClearRegisterBitMaskEhh
 .text._ZN7MFRC52216PCD_CalculateCRCEPhhS0_
                0x00002932       0xe6 src/libraries/rfid/MFRC522.o
                0x00002932                _ZN7MFRC52216PCD_CalculateCRCEPhhS0_
 .text._ZN7MFRC5228PCD_InitEv
                0x00002a18       0xc2 src/libraries/rfid/MFRC522.o
                0x00002a18                _ZN7MFRC5228PCD_InitEv
 .text._ZN7MFRC5229PCD_ResetEv
                0x00002ada       0x50 src/libraries/rfid/MFRC522.o
                0x00002ada                _ZN7MFRC5229PCD_ResetEv
 .text._ZN7MFRC52213PCD_AntennaOnEv
                0x00002b2a       0x44 src/libraries/rfid/MFRC522.o
                0x00002b2a                _ZN7MFRC52213PCD_AntennaOnEv
 .text._ZN7MFRC52218PCD_TransceiveDataEPhhS0_S0_S0_hb
                0x00002b6e       0x92 src/libraries/rfid/MFRC522.o
                0x00002b6e                _ZN7MFRC52218PCD_TransceiveDataEPhhS0_S0_S0_hb
 .text._ZN7MFRC52223PCD_CommunicateWithPICCEhhPhhS0_S0_S0_hb
                0x00002c00      0x26c src/libraries/rfid/MFRC522.o
                0x00002c00                _ZN7MFRC52223PCD_CommunicateWithPICCEhhPhhS0_S0_S0_hb
 .text._ZN7MFRC52213PICC_RequestAEPhS0_
                0x00002e6c       0x3a src/libraries/rfid/MFRC522.o
                0x00002e6c                _ZN7MFRC52213PICC_RequestAEPhS0_
 .text._ZN7MFRC52217PICC_REQA_or_WUPAEhPhS0_
                0x00002ea6       0xb8 src/libraries/rfid/MFRC522.o
                0x00002ea6                _ZN7MFRC52217PICC_REQA_or_WUPAEhPhS0_
 .text._ZN7MFRC52211PICC_SelectEPNS_3UidEh
                0x00002f5e      0x4a8 src/libraries/rfid/MFRC522.o
                0x00002f5e                _ZN7MFRC52211PICC_SelectEPNS_3UidEh
 .text._ZN7MFRC52221PICC_IsNewCardPresentEv
                0x00003406       0x4e src/libraries/rfid/MFRC522.o
                0x00003406                _ZN7MFRC52221PICC_IsNewCardPresentEv
 .text._ZN7MFRC52219PICC_ReadCardSerialEv
                0x00003454       0x34 src/libraries/rfid/MFRC522.o
                0x00003454                _ZN7MFRC52219PICC_ReadCardSerialEv
 .text._ZL17handle_interrupts18timer16_Sequence_tPVjS1_
                0x00003488      0x2fc src/libraries/Servo/src/avr/Servo.o
 .text.__vector_17
                0x00003784       0x6e src/libraries/Servo/src/avr/Servo.o
                0x00003784                __vector_17
 .text.__vector_32
                0x000037f2       0x6e src/libraries/Servo/src/avr/Servo.o
                0x000037f2                __vector_32
 .text.__vector_42
                0x00003860       0x6e src/libraries/Servo/src/avr/Servo.o
                0x00003860                __vector_42
 .text.__vector_47
                0x000038ce       0x6e src/libraries/Servo/src/avr/Servo.o
                0x000038ce                __vector_47
 .text._ZL7initISR18timer16_Sequence_t
                0x0000393c       0xfe src/libraries/Servo/src/avr/Servo.o
 .text._ZL13isTimerActive18timer16_Sequence_t
                0x00003a3a       0x6e src/libraries/Servo/src/avr/Servo.o
 .text._ZN5ServoC2Ev
                0x00003aa8       0x68 src/libraries/Servo/src/avr/Servo.o
                0x00003aa8                _ZN5ServoC1Ev
                0x00003aa8                _ZN5ServoC2Ev
 .text._ZN5Servo6attachEi
                0x00003b10       0x34 src/libraries/Servo/src/avr/Servo.o
                0x00003b10                _ZN5Servo6attachEi
 .text._ZN5Servo6attachEiii
                0x00003b44      0x122 src/libraries/Servo/src/avr/Servo.o
                0x00003b44                _ZN5Servo6attachEiii
 .text._ZN5Servo5writeEi
                0x00003c66      0x124 src/libraries/Servo/src/avr/Servo.o
                0x00003c66                _ZN5Servo5writeEi
 .text._ZN5Servo17writeMicrosecondsEi
                0x00003d8a      0x16c src/libraries/Servo/src/avr/Servo.o
                0x00003d8a                _ZN5Servo17writeMicrosecondsEi
 .text._ZN5Servo4readEv
                0x00003ef6       0xea src/libraries/Servo/src/avr/Servo.o
                0x00003ef6                _ZN5Servo4readEv
 .text._ZN5Servo16readMicrosecondsEv
                0x00003fe0       0x72 src/libraries/Servo/src/avr/Servo.o
                0x00003fe0                _ZN5Servo16readMicrosecondsEv
 .text._ZN8SPIClass5beginEv
                0x00004052      0x108 src/libraries/SPI/src/SPI.o
                0x00004052                _ZN8SPIClass5beginEv
 .text.twi_init
                0x0000415a       0x3c src/libraries/Wire/src/utility/twi.o
                0x0000415a                twi_init
 .text.twi_disable
                0x00004196       0x1a src/libraries/Wire/src/utility/twi.o
                0x00004196                twi_disable
 .text.twi_transmit
                0x000041b0       0x50 src/libraries/Wire/src/utility/twi.o
                0x000041b0                twi_transmit
 .text.twi_attachSlaveRxEvent
                0x00004200        0xa src/libraries/Wire/src/utility/twi.o
                0x00004200                twi_attachSlaveRxEvent
 .text.twi_attachSlaveTxEvent
                0x0000420a        0xa src/libraries/Wire/src/utility/twi.o
                0x0000420a                twi_attachSlaveTxEvent
 .text.twi_releaseBus
                0x00004214        0xc src/libraries/Wire/src/utility/twi.o
                0x00004214                twi_releaseBus
 .text.twi_handleTimeout
                0x00004220       0x28 src/libraries/Wire/src/utility/twi.o
                0x00004220                twi_handleTimeout
 .text.twi_writeTo
                0x00004248      0x1de src/libraries/Wire/src/utility/twi.o
                0x00004248                twi_writeTo
 .text.twi_stop
                0x00004426       0x6e src/libraries/Wire/src/utility/twi.o
                0x00004426                twi_stop
 .text.__vector_39
                0x00004494      0x25c src/libraries/Wire/src/utility/twi.o
                0x00004494                __vector_39
 .text._ZN5Print13setWriteErrorEi
                0x000046f0       0x32 src/libraries/Wire/src/Wire.o
                0x000046f0                _ZN5Print13setWriteErrorEi
 .text._ZN5PrintC2Ev
                0x00004722       0x34 src/libraries/Wire/src/Wire.o
                0x00004722                _ZN5PrintC2Ev
                0x00004722                _ZN5PrintC1Ev
 .text._ZN5Print17availableForWriteEv
                0x00004756       0x1e src/libraries/Wire/src/Wire.o
                0x00004756                _ZN5Print17availableForWriteEv
 .text._ZN5Print5flushEv
                0x00004774       0x1c src/libraries/Wire/src/Wire.o
                0x00004774                _ZN5Print5flushEv
 .text._ZN6StreamC2Ev
                0x00004790       0x46 src/libraries/Wire/src/Wire.o
                0x00004790                _ZN6StreamC1Ev
                0x00004790                _ZN6StreamC2Ev
 .text._ZN7TwoWireC2Ev
                0x000047d6       0x30 src/libraries/Wire/src/Wire.o
                0x000047d6                _ZN7TwoWireC1Ev
                0x000047d6                _ZN7TwoWireC2Ev
 .text._ZN7TwoWire5beginEv
                0x00004806       0x3a src/libraries/Wire/src/Wire.o
                0x00004806                _ZN7TwoWire5beginEv
 .text._ZN7TwoWire17beginTransmissionEh
                0x00004840       0x32 src/libraries/Wire/src/Wire.o
                0x00004840                _ZN7TwoWire17beginTransmissionEh
 .text._ZN7TwoWire17beginTransmissionEi
                0x00004872       0x2e src/libraries/Wire/src/Wire.o
                0x00004872                _ZN7TwoWire17beginTransmissionEi
 .text._ZN7TwoWire15endTransmissionEh
                0x000048a0       0x48 src/libraries/Wire/src/Wire.o
                0x000048a0                _ZN7TwoWire15endTransmissionEh
 .text._ZN7TwoWire15endTransmissionEv
                0x000048e8       0x22 src/libraries/Wire/src/Wire.o
                0x000048e8                _ZN7TwoWire15endTransmissionEv
 .text._ZN7TwoWire5writeEh
                0x0000490a       0x6e src/libraries/Wire/src/Wire.o
                0x0000490a                _ZN7TwoWire5writeEh
 .text._ZN7TwoWire5writeEPKhj
                0x00004978       0x90 src/libraries/Wire/src/Wire.o
                0x00004978                _ZN7TwoWire5writeEPKhj
 .text._ZN7TwoWire9availableEv
                0x00004a08       0x32 src/libraries/Wire/src/Wire.o
                0x00004a08                _ZN7TwoWire9availableEv
 .text._ZN7TwoWire4readEv
                0x00004a3a       0x58 src/libraries/Wire/src/Wire.o
                0x00004a3a                _ZN7TwoWire4readEv
 .text._ZN7TwoWire4peekEv
                0x00004a92       0x4e src/libraries/Wire/src/Wire.o
                0x00004a92                _ZN7TwoWire4peekEv
 .text._ZN7TwoWire5flushEv
                0x00004ae0       0x1c src/libraries/Wire/src/Wire.o
                0x00004ae0                _ZN7TwoWire5flushEv
 .text._ZN7TwoWire16onReceiveServiceEPhi
                0x00004afc       0x9a src/libraries/Wire/src/Wire.o
                0x00004afc                _ZN7TwoWire16onReceiveServiceEPhi
 .text._ZN7TwoWire16onRequestServiceEv
                0x00004b96       0x32 src/libraries/Wire/src/Wire.o
                0x00004b96                _ZN7TwoWire16onRequestServiceEv
 .text._Z41__static_initialization_and_destruction_0ii
                0x00004bc8       0x3a src/libraries/Wire/src/Wire.o
 .text._GLOBAL__sub_I__ZN7TwoWire8rxBufferE
                0x00004c02       0x18 src/libraries/Wire/src/Wire.o
 .text.avr-libc.fplib
                0x00004c1a        0xa c:/program files (x86)/atmel/studio/7.0/toolchain/avr8/avr8-gnu-toolchain/bin/../lib/gcc/avr/5.4.0/../../../../avr/lib/avr6\libm.a(addsf3.o)
                0x00004c1a                __subsf3
                0x00004c1c                __addsf3
 .text.avr-libc.fplib
                0x00004c24       0xc0 c:/program files (x86)/atmel/studio/7.0/toolchain/avr8/avr8-gnu-toolchain/bin/../lib/gcc/avr/5.4.0/../../../../avr/lib/avr6\libm.a(addsf3x.o)
                0x00004c3e                __addsf3x
 .text.avr-libc.fplib
                0x00004ce4        0xa c:/program files (x86)/atmel/studio/7.0/toolchain/avr8/avr8-gnu-toolchain/bin/../lib/gcc/avr/5.4.0/../../../../avr/lib/avr6\libm.a(fixsfsi.o)
                0x00004ce4                __fixsfsi
 .text.avr-libc.fplib
                0x00004cee       0x58 c:/program files (x86)/atmel/studio/7.0/toolchain/avr8/avr8-gnu-toolchain/bin/../lib/gcc/avr/5.4.0/../../../../avr/lib/avr6\libm.a(fixunssfsi.o)
                0x00004cee                __fixunssfsi
 .text.avr-libc.fplib
                0x00004d46       0x7a c:/program files (x86)/atmel/studio/7.0/toolchain/avr8/avr8-gnu-toolchain/bin/../lib/gcc/avr/5.4.0/../../../../avr/lib/avr6\libm.a(floatsisf.o)
                0x00004d46                __floatunsisf
                0x00004d4a                __floatsisf
 .text.avr-libc.fplib
                0x00004dc0       0x48 c:/program files (x86)/atmel/studio/7.0/toolchain/avr8/avr8-gnu-toolchain/bin/../lib/gcc/avr/5.4.0/../../../../avr/lib/avr6\libm.a(fp_cmp.o)
                0x00004dc0                __fp_cmp
 .text.avr-libc.fplib
                0x00004e08        0xc c:/program files (x86)/atmel/studio/7.0/toolchain/avr8/avr8-gnu-toolchain/bin/../lib/gcc/avr/5.4.0/../../../../avr/lib/avr6\libm.a(fp_inf.o)
                0x00004e08                __fp_inf
 .text.avr-libc.fplib
                0x00004e14        0x6 c:/program files (x86)/atmel/studio/7.0/toolchain/avr8/avr8-gnu-toolchain/bin/../lib/gcc/avr/5.4.0/../../../../avr/lib/avr6\libm.a(fp_nan.o)
                0x00004e14                __fp_nan
 .text.avr-libc.fplib
                0x00004e1a        0xe c:/program files (x86)/atmel/studio/7.0/toolchain/avr8/avr8-gnu-toolchain/bin/../lib/gcc/avr/5.4.0/../../../../avr/lib/avr6\libm.a(fp_pscA.o)
                0x00004e1a                __fp_pscA
 .text.avr-libc.fplib
                0x00004e28        0xe c:/program files (x86)/atmel/studio/7.0/toolchain/avr8/avr8-gnu-toolchain/bin/../lib/gcc/avr/5.4.0/../../../../avr/lib/avr6\libm.a(fp_pscB.o)
                0x00004e28                __fp_pscB
 .text.avr-libc.fplib
                0x00004e36       0x22 c:/program files (x86)/atmel/studio/7.0/toolchain/avr8/avr8-gnu-toolchain/bin/../lib/gcc/avr/5.4.0/../../../../avr/lib/avr6\libm.a(fp_round.o)
                0x00004e36                __fp_round
 .text.avr-libc.fplib
                0x00004e58       0x44 c:/program files (x86)/atmel/studio/7.0/toolchain/avr8/avr8-gnu-toolchain/bin/../lib/gcc/avr/5.4.0/../../../../avr/lib/avr6\libm.a(fp_split3.o)
                0x00004e58                __fp_split3
                0x00004e68                __fp_splitA
 .text.avr-libc.fplib
                0x00004e9c        0xe c:/program files (x86)/atmel/studio/7.0/toolchain/avr8/avr8-gnu-toolchain/bin/../lib/gcc/avr/5.4.0/../../../../avr/lib/avr6\libm.a(fp_zero.o)
                0x00004e9c                __fp_zero
                0x00004e9e                __fp_szero
 .text.avr-libc.fplib
                0x00004eaa        0x4 c:/program files (x86)/atmel/studio/7.0/toolchain/avr8/avr8-gnu-toolchain/bin/../lib/gcc/avr/5.4.0/../../../../avr/lib/avr6\libm.a(mulsf3.o)
                0x00004eaa                __mulsf3
 .text.avr-libc.fplib
                0x00004eae       0xc2 c:/program files (x86)/atmel/studio/7.0/toolchain/avr8/avr8-gnu-toolchain/bin/../lib/gcc/avr/5.4.0/../../../../avr/lib/avr6\libm.a(mulsf3x.o)
                0x00004ec2                __mulsf3x
                0x00004ec6                __mulsf3_pse
 .text.avr-libc.fplib
                0x00004f70        0x8 c:/program files (x86)/atmel/studio/7.0/toolchain/avr8/avr8-gnu-toolchain/bin/../lib/gcc/avr/5.4.0/../../../../avr/lib/avr6\libm.a(unordsf2.o)
                0x00004f70                __unordsf2
 .text.__cxa_pure_virtual
                0x00004f78        0x4 C:\Users\kasjac\Desktop\Skole\H5\UGE03-~1\PROJEC~1\DETINT~1\ATMELM~1\ARDUIN~1\Debug\libArduinoCore.a(abi.o)
                0x00004f78                __cxa_pure_virtual
 .text._ZN14HardwareSerial9availableEv
                0x00004f7c       0x18 C:\Users\kasjac\Desktop\Skole\H5\UGE03-~1\PROJEC~1\DETINT~1\ATMELM~1\ARDUIN~1\Debug\libArduinoCore.a(HardwareSerial.o)
                0x00004f7c                _ZN14HardwareSerial9availableEv
 .text._ZN14HardwareSerial4peekEv
                0x00004f94       0x1c C:\Users\kasjac\Desktop\Skole\H5\UGE03-~1\PROJEC~1\DETINT~1\ATMELM~1\ARDUIN~1\Debug\libArduinoCore.a(HardwareSerial.o)
                0x00004f94                _ZN14HardwareSerial4peekEv
 .text._ZN14HardwareSerial4readEv
                0x00004fb0       0x28 C:\Users\kasjac\Desktop\Skole\H5\UGE03-~1\PROJEC~1\DETINT~1\ATMELM~1\ARDUIN~1\Debug\libArduinoCore.a(HardwareSerial.o)
                0x00004fb0                _ZN14HardwareSerial4readEv
 .text._ZN14HardwareSerial17availableForWriteEv
                0x00004fd8       0x1e C:\Users\kasjac\Desktop\Skole\H5\UGE03-~1\PROJEC~1\DETINT~1\ATMELM~1\ARDUIN~1\Debug\libArduinoCore.a(HardwareSerial.o)
                0x00004fd8                _ZN14HardwareSerial17availableForWriteEv
 .text._Z14serialEventRunv
                0x00004ff6       0x78 C:\Users\kasjac\Desktop\Skole\H5\UGE03-~1\PROJEC~1\DETINT~1\ATMELM~1\ARDUIN~1\Debug\libArduinoCore.a(HardwareSerial.o)
                0x00004ff6                _Z14serialEventRunv
 .text._ZN14HardwareSerial17_tx_udr_empty_irqEv
                0x0000506e       0x44 C:\Users\kasjac\Desktop\Skole\H5\UGE03-~1\PROJEC~1\DETINT~1\ATMELM~1\ARDUIN~1\Debug\libArduinoCore.a(HardwareSerial.o)
                0x0000506e                _ZN14HardwareSerial17_tx_udr_empty_irqEv
 .text._ZN14HardwareSerial5writeEh
                0x000050b2       0x98 C:\Users\kasjac\Desktop\Skole\H5\UGE03-~1\PROJEC~1\DETINT~1\ATMELM~1\ARDUIN~1\Debug\libArduinoCore.a(HardwareSerial.o)
                0x000050b2                _ZN14HardwareSerial5writeEh
 .text._ZN14HardwareSerial5flushEv
                0x0000514a       0x42 C:\Users\kasjac\Desktop\Skole\H5\UGE03-~1\PROJEC~1\DETINT~1\ATMELM~1\ARDUIN~1\Debug\libArduinoCore.a(HardwareSerial.o)
                0x0000514a                _ZN14HardwareSerial5flushEv
 .text._ZN14HardwareSerial5beginEmh
                0x0000518c       0xc6 C:\Users\kasjac\Desktop\Skole\H5\UGE03-~1\PROJEC~1\DETINT~1\ATMELM~1\ARDUIN~1\Debug\libArduinoCore.a(HardwareSerial.o)
                0x0000518c                _ZN14HardwareSerial5beginEmh
 .text.__vector_25
                0x00005252       0x6c C:\Users\kasjac\Desktop\Skole\H5\UGE03-~1\PROJEC~1\DETINT~1\ATMELM~1\ARDUIN~1\Debug\libArduinoCore.a(HardwareSerial0.o)
                0x00005252                __vector_25
 .text.__vector_26
                0x000052be       0x52 C:\Users\kasjac\Desktop\Skole\H5\UGE03-~1\PROJEC~1\DETINT~1\ATMELM~1\ARDUIN~1\Debug\libArduinoCore.a(HardwareSerial0.o)
                0x000052be                __vector_26
 .text._Z17Serial0_availablev
                0x00005310       0x12 C:\Users\kasjac\Desktop\Skole\H5\UGE03-~1\PROJEC~1\DETINT~1\ATMELM~1\ARDUIN~1\Debug\libArduinoCore.a(HardwareSerial0.o)
                0x00005310                _Z17Serial0_availablev
 .text.startup._GLOBAL__sub_I___vector_25
                0x00005322       0x5a C:\Users\kasjac\Desktop\Skole\H5\UGE03-~1\PROJEC~1\DETINT~1\ATMELM~1\ARDUIN~1\Debug\libArduinoCore.a(HardwareSerial0.o)
 .text.initVariant
                0x0000537c        0x2 C:\Users\kasjac\Desktop\Skole\H5\UGE03-~1\PROJEC~1\DETINT~1\ATMELM~1\ARDUIN~1\Debug\libArduinoCore.a(main.o)
                0x0000537c                initVariant
 .text.startup.main
                0x0000537e       0x18 C:\Users\kasjac\Desktop\Skole\H5\UGE03-~1\PROJEC~1\DETINT~1\ATMELM~1\ARDUIN~1\Debug\libArduinoCore.a(main.o)
                0x0000537e                main
 .text._ZdlPv   0x00005396        0x2 C:\Users\kasjac\Desktop\Skole\H5\UGE03-~1\PROJEC~1\DETINT~1\ATMELM~1\ARDUIN~1\Debug\libArduinoCore.a(new.o)
                0x00005396                _ZdlPv
 .text._ZN5Print5writeEPKhj
                0x00005398       0x54 C:\Users\kasjac\Desktop\Skole\H5\UGE03-~1\PROJEC~1\DETINT~1\ATMELM~1\ARDUIN~1\Debug\libArduinoCore.a(Print.o)
                0x00005398                _ZN5Print5writeEPKhj
 .text._ZN5Print5printEPKc
                0x000053ec        0x4 C:\Users\kasjac\Desktop\Skole\H5\UGE03-~1\PROJEC~1\DETINT~1\ATMELM~1\ARDUIN~1\Debug\libArduinoCore.a(Print.o)
                0x000053ec                _ZN5Print5printEPKc
 .text._ZN5Print7printlnEv
                0x000053f0        0x8 C:\Users\kasjac\Desktop\Skole\H5\UGE03-~1\PROJEC~1\DETINT~1\ATMELM~1\ARDUIN~1\Debug\libArduinoCore.a(Print.o)
                0x000053f0                _ZN5Print7printlnEv
 .text._ZN5Print7printlnEPKc
                0x000053f8       0x22 C:\Users\kasjac\Desktop\Skole\H5\UGE03-~1\PROJEC~1\DETINT~1\ATMELM~1\ARDUIN~1\Debug\libArduinoCore.a(Print.o)
                0x000053f8                _ZN5Print7printlnEPKc
 .text._ZN5Print11printNumberEmh
                0x0000541a       0x90 C:\Users\kasjac\Desktop\Skole\H5\UGE03-~1\PROJEC~1\DETINT~1\ATMELM~1\ARDUIN~1\Debug\libArduinoCore.a(Print.o)
                0x0000541a                _ZN5Print11printNumberEmh
 .text._ZN5Print5printEmi
                0x000054aa       0x18 C:\Users\kasjac\Desktop\Skole\H5\UGE03-~1\PROJEC~1\DETINT~1\ATMELM~1\ARDUIN~1\Debug\libArduinoCore.a(Print.o)
                0x000054aa                _ZN5Print5printEmi
 .text._ZN5Print5printEhi
                0x000054c2        0xc C:\Users\kasjac\Desktop\Skole\H5\UGE03-~1\PROJEC~1\DETINT~1\ATMELM~1\ARDUIN~1\Debug\libArduinoCore.a(Print.o)
                0x000054c2                _ZN5Print5printEhi
 .text.__vector_23
                0x000054ce       0x94 C:\Users\kasjac\Desktop\Skole\H5\UGE03-~1\PROJEC~1\DETINT~1\ATMELM~1\ARDUIN~1\Debug\libArduinoCore.a(wiring.o)
                0x000054ce                __vector_23
 .text.millis   0x00005562       0x18 C:\Users\kasjac\Desktop\Skole\H5\UGE03-~1\PROJEC~1\DETINT~1\ATMELM~1\ARDUIN~1\Debug\libArduinoCore.a(wiring.o)
                0x00005562                millis
 .text.micros   0x0000557a       0x4a C:\Users\kasjac\Desktop\Skole\H5\UGE03-~1\PROJEC~1\DETINT~1\ATMELM~1\ARDUIN~1\Debug\libArduinoCore.a(wiring.o)
                0x0000557a                micros
 .text.delay    0x000055c4       0x72 C:\Users\kasjac\Desktop\Skole\H5\UGE03-~1\PROJEC~1\DETINT~1\ATMELM~1\ARDUIN~1\Debug\libArduinoCore.a(wiring.o)
                0x000055c4                delay
 .text.delayMicroseconds
                0x00005636       0x16 C:\Users\kasjac\Desktop\Skole\H5\UGE03-~1\PROJEC~1\DETINT~1\ATMELM~1\ARDUIN~1\Debug\libArduinoCore.a(wiring.o)
                0x00005636                delayMicroseconds
 .text.init     0x0000564c       0xc4 C:\Users\kasjac\Desktop\Skole\H5\UGE03-~1\PROJEC~1\DETINT~1\ATMELM~1\ARDUIN~1\Debug\libArduinoCore.a(wiring.o)
                0x0000564c                init
 .text.turnOffPWM
                0x00005710       0xaa C:\Users\kasjac\Desktop\Skole\H5\UGE03-~1\PROJEC~1\DETINT~1\ATMELM~1\ARDUIN~1\Debug\libArduinoCore.a(wiring_digital.o)
 .text.pinMode  0x000057ba       0x78 C:\Users\kasjac\Desktop\Skole\H5\UGE03-~1\PROJEC~1\DETINT~1\ATMELM~1\ARDUIN~1\Debug\libArduinoCore.a(wiring_digital.o)
                0x000057ba                pinMode
 .text.digitalWrite
                0x00005832       0x5c C:\Users\kasjac\Desktop\Skole\H5\UGE03-~1\PROJEC~1\DETINT~1\ATMELM~1\ARDUIN~1\Debug\libArduinoCore.a(wiring_digital.o)
                0x00005832                digitalWrite
 .text.digitalRead
                0x0000588e       0x50 C:\Users\kasjac\Desktop\Skole\H5\UGE03-~1\PROJEC~1\DETINT~1\ATMELM~1\ARDUIN~1\Debug\libArduinoCore.a(wiring_digital.o)
                0x0000588e                digitalRead
 .text._Z3maplllll
                0x000058de       0x7e C:\Users\kasjac\Desktop\Skole\H5\UGE03-~1\PROJEC~1\DETINT~1\ATMELM~1\ARDUIN~1\Debug\libArduinoCore.a(WMath.o)
                0x000058de                _Z3maplllll
 .text._ZN6StringD2Ev
                0x0000595c        0xe C:\Users\kasjac\Desktop\Skole\H5\UGE03-~1\PROJEC~1\DETINT~1\ATMELM~1\ARDUIN~1\Debug\libArduinoCore.a(WString.o)
                0x0000595c                _ZN6StringD2Ev
                0x0000595c                _ZN6StringD1Ev
 .text._ZN6String10invalidateEv
                0x0000596a       0x22 C:\Users\kasjac\Desktop\Skole\H5\UGE03-~1\PROJEC~1\DETINT~1\ATMELM~1\ARDUIN~1\Debug\libArduinoCore.a(WString.o)
                0x0000596a                _ZN6String10invalidateEv
 .text._ZN6String12changeBufferEj
                0x0000598c       0x32 C:\Users\kasjac\Desktop\Skole\H5\UGE03-~1\PROJEC~1\DETINT~1\ATMELM~1\ARDUIN~1\Debug\libArduinoCore.a(WString.o)
                0x0000598c                _ZN6String12changeBufferEj
 .text._ZN6String7reserveEj
                0x000059be       0x36 C:\Users\kasjac\Desktop\Skole\H5\UGE03-~1\PROJEC~1\DETINT~1\ATMELM~1\ARDUIN~1\Debug\libArduinoCore.a(WString.o)
                0x000059be                _ZN6String7reserveEj
 .text._ZN6String4copyEPKcj
                0x000059f4       0x3c C:\Users\kasjac\Desktop\Skole\H5\UGE03-~1\PROJEC~1\DETINT~1\ATMELM~1\ARDUIN~1\Debug\libArduinoCore.a(WString.o)
                0x000059f4                _ZN6String4copyEPKcj
 .text._ZN6StringC2EPKc
                0x00005a30       0x28 C:\Users\kasjac\Desktop\Skole\H5\UGE03-~1\PROJEC~1\DETINT~1\ATMELM~1\ARDUIN~1\Debug\libArduinoCore.a(WString.o)
                0x00005a30                _ZN6StringC2EPKc
                0x00005a30                _ZN6StringC1EPKc
 .text._ZN6StringaSEPKc
                0x00005a58       0x2a C:\Users\kasjac\Desktop\Skole\H5\UGE03-~1\PROJEC~1\DETINT~1\ATMELM~1\ARDUIN~1\Debug\libArduinoCore.a(WString.o)
                0x00005a58                _ZN6StringaSEPKc
 .text._ZN6StringC2Ehh
                0x00005a82       0x56 C:\Users\kasjac\Desktop\Skole\H5\UGE03-~1\PROJEC~1\DETINT~1\ATMELM~1\ARDUIN~1\Debug\libArduinoCore.a(WString.o)
                0x00005a82                _ZN6StringC2Ehh
                0x00005a82                _ZN6StringC1Ehh
 .text._ZN6String6concatEPKcj
                0x00005ad8       0x58 C:\Users\kasjac\Desktop\Skole\H5\UGE03-~1\PROJEC~1\DETINT~1\ATMELM~1\ARDUIN~1\Debug\libArduinoCore.a(WString.o)
                0x00005ad8                _ZN6String6concatEPKcj
 .text._ZN6String6concatERKS_
                0x00005b30        0xc C:\Users\kasjac\Desktop\Skole\H5\UGE03-~1\PROJEC~1\DETINT~1\ATMELM~1\ARDUIN~1\Debug\libArduinoCore.a(WString.o)
                0x00005b30                _ZN6String6concatERKS_
 .text._ZNK6String9compareToERKS_
                0x00005b3c       0x5e C:\Users\kasjac\Desktop\Skole\H5\UGE03-~1\PROJEC~1\DETINT~1\ATMELM~1\ARDUIN~1\Debug\libArduinoCore.a(WString.o)
                0x00005b3c                _ZNK6String9compareToERKS_
 .text._ZNK6String6equalsERKS_
                0x00005b9a       0x20 C:\Users\kasjac\Desktop\Skole\H5\UGE03-~1\PROJEC~1\DETINT~1\ATMELM~1\ARDUIN~1\Debug\libArduinoCore.a(WString.o)
                0x00005b9a                _ZNK6String6equalsERKS_
 .text._ZNK6String9substringEjj
                0x00005bba       0x86 C:\Users\kasjac\Desktop\Skole\H5\UGE03-~1\PROJEC~1\DETINT~1\ATMELM~1\ARDUIN~1\Debug\libArduinoCore.a(WString.o)
                0x00005bba                _ZNK6String9substringEjj
 .text._ZN6String11toUpperCaseEv
                0x00005c40       0x22 C:\Users\kasjac\Desktop\Skole\H5\UGE03-~1\PROJEC~1\DETINT~1\ATMELM~1\ARDUIN~1\Debug\libArduinoCore.a(WString.o)
                0x00005c40                _ZN6String11toUpperCaseEv
 .text.__empty  0x00005c62        0x2 C:\Users\kasjac\Desktop\Skole\H5\UGE03-~1\PROJEC~1\DETINT~1\ATMELM~1\ARDUIN~1\Debug\libArduinoCore.a(hooks.o)
                0x00005c62                yield
 .text.libgcc.mul
                0x00005c64       0x1e c:/program files (x86)/atmel/studio/7.0/toolchain/avr8/avr8-gnu-toolchain/bin/../lib/gcc/avr/5.4.0/avr6\libgcc.a(_mulsi3.o)
                0x00005c64                __mulsi3
 .text.libgcc.div
                0x00005c82       0x44 c:/program files (x86)/atmel/studio/7.0/toolchain/avr8/avr8-gnu-toolchain/bin/../lib/gcc/avr/5.4.0/avr6\libgcc.a(_udivmodsi4.o)
                0x00005c82                __udivmodsi4
 .text.libgcc.div
                0x00005cc6       0x28 c:/program files (x86)/atmel/studio/7.0/toolchain/avr8/avr8-gnu-toolchain/bin/../lib/gcc/avr/5.4.0/avr6\libgcc.a(_divmodsi4.o)
                0x00005cc6                __divmodsi4
 .text.libgcc.div
                0x00005cee       0x10 c:/program files (x86)/atmel/studio/7.0/toolchain/avr8/avr8-gnu-toolchain/bin/../lib/gcc/avr/5.4.0/avr6\libgcc.a(_negsi2.o)
                0x00005cee                __negsi2
 .text.libgcc   0x00005cfe       0x10 c:/program files (x86)/atmel/studio/7.0/toolchain/avr8/avr8-gnu-toolchain/bin/../lib/gcc/avr/5.4.0/avr6\libgcc.a(_tablejump2.o)
                0x00005cfe                __tablejump2__
 .text.libgcc.mul
                0x00005d0e       0x14 c:/program files (x86)/atmel/studio/7.0/toolchain/avr8/avr8-gnu-toolchain/bin/../lib/gcc/avr/5.4.0/avr6\libgcc.a(_muluhisi3.o)
                0x00005d0e                __muluhisi3
 .text.libgcc.mul
                0x00005d22       0x1e c:/program files (x86)/atmel/studio/7.0/toolchain/avr8/avr8-gnu-toolchain/bin/../lib/gcc/avr/5.4.0/avr6\libgcc.a(_umulhisi3.o)
                0x00005d22                __umulhisi3
 .text.avr-libc
                0x00005d40      0x242 c:/program files (x86)/atmel/studio/7.0/toolchain/avr8/avr8-gnu-toolchain/bin/../lib/gcc/avr/5.4.0/../../../../avr/lib/avr6\libc.a(malloc.o)
                0x00005d40                malloc
                0x00005e70                free
 .text.avr-libc
                0x00005f82      0x1c0 c:/program files (x86)/atmel/studio/7.0/toolchain/avr8/avr8-gnu-toolchain/bin/../lib/gcc/avr/5.4.0/../../../../avr/lib/avr6\libc.a(realloc.o)
                0x00005f82                realloc
 .text.avr-libc
                0x00006142        0x8 c:/program files (x86)/atmel/studio/7.0/toolchain/avr8/avr8-gnu-toolchain/bin/../lib/gcc/avr/5.4.0/../../../../avr/lib/avr6\libc.a(abort.o)
                0x00006142                abort
 .text.avr-libc
                0x0000614a       0x10 c:/program files (x86)/atmel/studio/7.0/toolchain/avr8/avr8-gnu-toolchain/bin/../lib/gcc/avr/5.4.0/../../../../avr/lib/avr6\libc.a(toupper.o)
                0x0000614a                toupper
 .text.avr-libc
                0x0000615a       0x12 c:/program files (x86)/atmel/studio/7.0/toolchain/avr8/avr8-gnu-toolchain/bin/../lib/gcc/avr/5.4.0/../../../../avr/lib/avr6\libc.a(memcpy.o)
                0x0000615a                memcpy
 .text.avr-libc
                0x0000616c        0xe c:/program files (x86)/atmel/studio/7.0/toolchain/avr8/avr8-gnu-toolchain/bin/../lib/gcc/avr/5.4.0/../../../../avr/lib/avr6\libc.a(memset.o)
                0x0000616c                memset
 .text.avr-libc
                0x0000617a       0x12 c:/program files (x86)/atmel/studio/7.0/toolchain/avr8/avr8-gnu-toolchain/bin/../lib/gcc/avr/5.4.0/../../../../avr/lib/avr6\libc.a(strcmp.o)
                0x0000617a                strcmp
 .text.avr-libc
                0x0000618c        0xe c:/program files (x86)/atmel/studio/7.0/toolchain/avr8/avr8-gnu-toolchain/bin/../lib/gcc/avr/5.4.0/../../../../avr/lib/avr6\libc.a(strcpy.o)
                0x0000618c                strcpy
 .text.avr-libc
                0x0000619a       0x12 c:/program files (x86)/atmel/studio/7.0/toolchain/avr8/avr8-gnu-toolchain/bin/../lib/gcc/avr/5.4.0/../../../../avr/lib/avr6\libc.a(strlen.o)
                0x0000619a                strlen
 .text.avr-libc
                0x000061ac       0x1e c:/program files (x86)/atmel/studio/7.0/toolchain/avr8/avr8-gnu-toolchain/bin/../lib/gcc/avr/5.4.0/../../../../avr/lib/avr6\libc.a(strncpy.o)
                0x000061ac                strncpy
 .text.avr-libc
                0x000061ca       0x14 c:/program files (x86)/atmel/studio/7.0/toolchain/avr8/avr8-gnu-toolchain/bin/../lib/gcc/avr/5.4.0/../../../../avr/lib/avr6\libc.a(utoa.o)
                0x000061ca                __utoa
                0x000061ca                utoa
 .text.avr-libc
                0x000061de       0x32 c:/program files (x86)/atmel/studio/7.0/toolchain/avr8/avr8-gnu-toolchain/bin/../lib/gcc/avr/5.4.0/../../../../avr/lib/avr6\libc.a(utoa_ncheck.o)
                0x000061de                __utoa_ncheck
                0x000061e0                __utoa_common
 .text.avr-libc
                0x00006210       0x20 c:/program files (x86)/atmel/studio/7.0/toolchain/avr8/avr8-gnu-toolchain/bin/../lib/gcc/avr/5.4.0/../../../../avr/lib/avr6\libc.a(strrev.o)
                0x00006210                strrev
                0x00006230                . = ALIGN (0x2)
 *(.fini9)
 .fini9         0x00006230        0x0 c:/program files (x86)/atmel/studio/7.0/toolchain/avr8/avr8-gnu-toolchain/bin/../lib/gcc/avr/5.4.0/avr6\libgcc.a(_exit.o)
                0x00006230                _exit
                0x00006230                exit
 *(.fini9)
 *(.fini8)
 *(.fini8)
 *(.fini7)
 *(.fini7)
 *(.fini6)
 .fini6         0x00006230       0x1e c:/program files (x86)/atmel/studio/7.0/toolchain/avr8/avr8-gnu-toolchain/bin/../lib/gcc/avr/5.4.0/avr6\libgcc.a(_dtors.o)
                0x00006230                __do_global_dtors
 *(.fini6)
 *(.fini5)
 *(.fini5)
 *(.fini4)
 *(.fini4)
 *(.fini3)
 *(.fini3)
 *(.fini2)
 *(.fini2)
 *(.fini1)
 *(.fini1)
 *(.fini0)
 .fini0         0x0000624e        0x4 c:/program files (x86)/atmel/studio/7.0/toolchain/avr8/avr8-gnu-toolchain/bin/../lib/gcc/avr/5.4.0/avr6\libgcc.a(_exit.o)
 *(.fini0)
                0x00006252                _etext = .

.data           0x00800200       0xe6 load address 0x00006252
                0x00800200                PROVIDE (__data_start, .)
 *(.data)
 .data          0x00800200        0x6 c:/program files (x86)/atmel/studio/7.0/toolchain/avr8/avr8-gnu-toolchain/bin/../lib/gcc/avr/5.4.0/../../../../avr/lib/avr6\libc.a(malloc.o)
                0x00800200                __malloc_heap_end
                0x00800202                __malloc_heap_start
                0x00800204                __malloc_margin
 *(.data*)
 .data.BIP_PIN  0x00800206        0x2 main.o
                0x00800206                BIP_PIN
 .data.Servo_pin
                0x00800208        0x2 main.o
                0x00800208                Servo_pin
 .data.RFID_GREEN_LED
                0x0080020a        0x2 main.o
                0x0080020a                RFID_GREEN_LED
 .data.RFID_RED_LED
                0x0080020c        0x2 main.o
                0x0080020c                RFID_RED_LED
 *(.gnu.linkonce.d*)
 *(.rodata)
 .rodata        0x0080020e       0x40 main.o
 .rodata        0x0080024e       0x1d src/libraries/DHT-sensor-library/DHT_U.o
 *(.rodata*)
 .rodata._ZTV15Adafruit_Sensor
                0x0080026b        0xe main.o
                0x0080026b                _ZTV15Adafruit_Sensor
 .rodata._ZTVN11DHT_Unified8HumidityE
                0x00800279        0xe src/libraries/DHT-sensor-library/DHT_U.o
                0x00800279                _ZTVN11DHT_Unified8HumidityE
 .rodata._ZTVN11DHT_Unified11TemperatureE
                0x00800287        0xe src/libraries/DHT-sensor-library/DHT_U.o
                0x00800287                _ZTVN11DHT_Unified11TemperatureE
 .rodata._ZTV7TwoWire
                0x00800295       0x12 src/libraries/Wire/src/Wire.o
                0x00800295                _ZTV7TwoWire
 .rodata._ZTV6Stream
                0x008002a7       0x12 src/libraries/Wire/src/Wire.o
                0x008002a7                _ZTV6Stream
 .rodata._ZTV14HardwareSerial
                0x008002b9       0x12 C:\Users\kasjac\Desktop\Skole\H5\UGE03-~1\PROJEC~1\DETINT~1\ATMELM~1\ARDUIN~1\Debug\libArduinoCore.a(HardwareSerial.o)
                0x008002b9                _ZTV14HardwareSerial
 .rodata.str1.1
                0x008002cb        0xf C:\Users\kasjac\Desktop\Skole\H5\UGE03-~1\PROJEC~1\DETINT~1\ATMELM~1\ARDUIN~1\Debug\libArduinoCore.a(Print.o)
 .rodata._ZTV5Print
                0x008002da        0xc C:\Users\kasjac\Desktop\Skole\H5\UGE03-~1\PROJEC~1\DETINT~1\ATMELM~1\ARDUIN~1\Debug\libArduinoCore.a(Print.o)
                0x008002da                _ZTV5Print
 .rodata.str1.1
                0x008002e6        0xf C:\Users\kasjac\Desktop\Skole\H5\UGE03-~1\PROJEC~1\DETINT~1\ATMELM~1\ARDUIN~1\Debug\libArduinoCore.a(WString.o)
                                  0x1 (size before relaxing)
 *(.gnu.linkonce.r*)
                0x008002f6                . = ALIGN (0x2)
                0x008002f6                _edata = .
                0x008002f6                PROVIDE (__data_end, .)

.bss            0x008002e6      0x25a
                0x008002e6                PROVIDE (__bss_start, .)
 *(.bss)
 *(.bss*)
 .bss.dht       0x008002e6       0x26 main.o
                0x008002e6                dht
 .bss.delayMS   0x0080030c        0x4 main.o
                0x0080030c                delayMS
 .bss.DhtSencorTemp
                0x00800310        0x2 main.o
                0x00800310                DhtSencorTemp
 .bss.DhtSencorHum
                0x00800312        0x2 main.o
                0x00800312                DhtSencorHum
 .bss.isCardValid
                0x00800314        0x2 main.o
                0x00800314                isCardValid
 .bss.mfrc522   0x00800316        0xe main.o
                0x00800316                mfrc522
 .bss.key       0x00800324        0x6 main.o
                0x00800324                key
 .bss.Valid_RFID_Code
                0x0080032a        0x6 main.o
                0x0080032a                Valid_RFID_Code
 .bss.servo     0x00800330        0x3 main.o
                0x00800330                servo
 .bss._ZL6servos
                0x00800333       0x90 src/libraries/Servo/src/avr/Servo.o
 .bss._ZL7Channel
                0x008003c3        0x4 src/libraries/Servo/src/avr/Servo.o
 .bss.ServoCount
                0x008003c7        0x1 src/libraries/Servo/src/avr/Servo.o
                0x008003c7                ServoCount
 .bss._ZN8SPIClass11initializedE
                0x008003c8        0x1 src/libraries/SPI/src/SPI.o
                0x008003c8                _ZN8SPIClass11initializedE
 .bss._ZN8SPIClass13interruptModeE
                0x008003c9        0x1 src/libraries/SPI/src/SPI.o
                0x008003c9                _ZN8SPIClass13interruptModeE
 .bss._ZN8SPIClass13interruptMaskE
                0x008003ca        0x1 src/libraries/SPI/src/SPI.o
                0x008003ca                _ZN8SPIClass13interruptMaskE
 .bss._ZN8SPIClass13interruptSaveE
                0x008003cb        0x1 src/libraries/SPI/src/SPI.o
                0x008003cb                _ZN8SPIClass13interruptSaveE
 .bss.twi_error
                0x008003cc        0x1 src/libraries/Wire/src/utility/twi.o
 .bss.twi_rxBufferIndex
                0x008003cd        0x1 src/libraries/Wire/src/utility/twi.o
 .bss.twi_rxBuffer
                0x008003ce       0x20 src/libraries/Wire/src/utility/twi.o
 .bss.twi_txBufferLength
                0x008003ee        0x1 src/libraries/Wire/src/utility/twi.o
 .bss.twi_txBufferIndex
                0x008003ef        0x1 src/libraries/Wire/src/utility/twi.o
 .bss.twi_txBuffer
                0x008003f0       0x20 src/libraries/Wire/src/utility/twi.o
 .bss.twi_masterBufferLength
                0x00800410        0x1 src/libraries/Wire/src/utility/twi.o
 .bss.twi_masterBufferIndex
                0x00800411        0x1 src/libraries/Wire/src/utility/twi.o
 .bss.twi_masterBuffer
                0x00800412       0x20 src/libraries/Wire/src/utility/twi.o
 .bss.twi_onSlaveReceive
                0x00800432        0x2 src/libraries/Wire/src/utility/twi.o
 .bss.twi_onSlaveTransmit
                0x00800434        0x2 src/libraries/Wire/src/utility/twi.o
 .bss.twi_do_reset_on_timeout
                0x00800436        0x1 src/libraries/Wire/src/utility/twi.o
 .bss.twi_timed_out_flag
                0x00800437        0x1 src/libraries/Wire/src/utility/twi.o
 .bss.twi_timeout_us
                0x00800438        0x4 src/libraries/Wire/src/utility/twi.o
 .bss.twi_inRepStart
                0x0080043c        0x1 src/libraries/Wire/src/utility/twi.o
 .bss.twi_sendStop
                0x0080043d        0x1 src/libraries/Wire/src/utility/twi.o
 .bss.twi_slarw
                0x0080043e        0x1 src/libraries/Wire/src/utility/twi.o
 .bss.twi_state
                0x0080043f        0x1 src/libraries/Wire/src/utility/twi.o
 .bss._ZN7TwoWire8rxBufferE
                0x00800440       0x20 src/libraries/Wire/src/Wire.o
                0x00800440                _ZN7TwoWire8rxBufferE
 .bss._ZN7TwoWire13rxBufferIndexE
                0x00800460        0x1 src/libraries/Wire/src/Wire.o
                0x00800460                _ZN7TwoWire13rxBufferIndexE
 .bss._ZN7TwoWire14rxBufferLengthE
                0x00800461        0x1 src/libraries/Wire/src/Wire.o
                0x00800461                _ZN7TwoWire14rxBufferLengthE
 .bss._ZN7TwoWire9txAddressE
                0x00800462        0x1 src/libraries/Wire/src/Wire.o
                0x00800462                _ZN7TwoWire9txAddressE
 .bss._ZN7TwoWire8txBufferE
                0x00800463       0x20 src/libraries/Wire/src/Wire.o
                0x00800463                _ZN7TwoWire8txBufferE
 .bss._ZN7TwoWire13txBufferIndexE
                0x00800483        0x1 src/libraries/Wire/src/Wire.o
                0x00800483                _ZN7TwoWire13txBufferIndexE
 .bss._ZN7TwoWire14txBufferLengthE
                0x00800484        0x1 src/libraries/Wire/src/Wire.o
                0x00800484                _ZN7TwoWire14txBufferLengthE
 .bss._ZN7TwoWire12transmittingE
                0x00800485        0x1 src/libraries/Wire/src/Wire.o
                0x00800485                _ZN7TwoWire12transmittingE
 .bss._ZN7TwoWire14user_onRequestE
                0x00800486        0x2 src/libraries/Wire/src/Wire.o
                0x00800486                _ZN7TwoWire14user_onRequestE
 .bss._ZN7TwoWire14user_onReceiveE
                0x00800488        0x2 src/libraries/Wire/src/Wire.o
                0x00800488                _ZN7TwoWire14user_onReceiveE
 .bss.Wire      0x0080048a        0xc src/libraries/Wire/src/Wire.o
                0x0080048a                Wire
 .bss.Serial    0x00800496       0x9d C:\Users\kasjac\Desktop\Skole\H5\UGE03-~1\PROJEC~1\DETINT~1\ATMELM~1\ARDUIN~1\Debug\libArduinoCore.a(HardwareSerial0.o)
                0x00800496                Serial
 .bss.timer0_fract
                0x00800533        0x1 C:\Users\kasjac\Desktop\Skole\H5\UGE03-~1\PROJEC~1\DETINT~1\ATMELM~1\ARDUIN~1\Debug\libArduinoCore.a(wiring.o)
 .bss.timer0_millis
                0x00800534        0x4 C:\Users\kasjac\Desktop\Skole\H5\UGE03-~1\PROJEC~1\DETINT~1\ATMELM~1\ARDUIN~1\Debug\libArduinoCore.a(wiring.o)
                0x00800534                timer0_millis
 .bss.timer0_overflow_count
                0x00800538        0x4 C:\Users\kasjac\Desktop\Skole\H5\UGE03-~1\PROJEC~1\DETINT~1\ATMELM~1\ARDUIN~1\Debug\libArduinoCore.a(wiring.o)
                0x00800538                timer0_overflow_count
 *(COMMON)
 COMMON         0x0080053c        0x4 c:/program files (x86)/atmel/studio/7.0/toolchain/avr8/avr8-gnu-toolchain/bin/../lib/gcc/avr/5.4.0/../../../../avr/lib/avr6\libc.a(malloc.o)
                0x0080053c                __brkval
                0x0080053e                __flp
                0x00800540                PROVIDE (__bss_end, .)
                0x00006252                __data_load_start = LOADADDR (.data)
                0x00006338                __data_load_end = (__data_load_start + SIZEOF (.data))

.noinit         0x00800540        0x0
                [!provide]                PROVIDE (__noinit_start, .)
 *(.noinit*)
                [!provide]                PROVIDE (__noinit_end, .)
                0x00800540                _end = .
                0x00800540                PROVIDE (__heap_start, .)

.eeprom         0x00810000        0x0
 *(.eeprom*)
                0x00810000                __eeprom_end = .

.fuse
 *(.fuse)
 *(.lfuse)
 *(.hfuse)
 *(.efuse)

.lock
 *(.lock*)

.signature
 *(.signature*)

.user_signatures
 *(.user_signatures*)

.stab
 *(.stab)

.stabstr
 *(.stabstr)

.stab.excl
 *(.stab.excl)

.stab.exclstr
 *(.stab.exclstr)

.stab.index
 *(.stab.index)

.stab.indexstr
 *(.stab.indexstr)

.comment        0x00000000       0x30
 *(.comment)
 .comment       0x00000000       0x30 main.o
                                 0x31 (size before relaxing)
 .comment       0x00000030       0x31 src/libraries/DHT-sensor-library/DHT.o
 .comment       0x00000030       0x31 src/libraries/DHT-sensor-library/DHT_U.o
 .comment       0x00000030       0x31 src/libraries/rfid/MFRC522.o
 .comment       0x00000030       0x31 src/libraries/Servo/src/avr/Servo.o
 .comment       0x00000030       0x31 src/libraries/SPI/src/SPI.o
 .comment       0x00000030       0x31 src/libraries/Wire/src/utility/twi.o
 .comment       0x00000030       0x31 src/libraries/Wire/src/Wire.o
 .comment       0x00000030       0x31 C:\Users\kasjac\Desktop\Skole\H5\UGE03-~1\PROJEC~1\DETINT~1\ATMELM~1\ARDUIN~1\Debug\libArduinoCore.a(abi.o)
 .comment       0x00000030       0x31 C:\Users\kasjac\Desktop\Skole\H5\UGE03-~1\PROJEC~1\DETINT~1\ATMELM~1\ARDUIN~1\Debug\libArduinoCore.a(HardwareSerial.o)
 .comment       0x00000030       0x31 C:\Users\kasjac\Desktop\Skole\H5\UGE03-~1\PROJEC~1\DETINT~1\ATMELM~1\ARDUIN~1\Debug\libArduinoCore.a(HardwareSerial0.o)
 .comment       0x00000030       0x31 C:\Users\kasjac\Desktop\Skole\H5\UGE03-~1\PROJEC~1\DETINT~1\ATMELM~1\ARDUIN~1\Debug\libArduinoCore.a(main.o)
 .comment       0x00000030       0x31 C:\Users\kasjac\Desktop\Skole\H5\UGE03-~1\PROJEC~1\DETINT~1\ATMELM~1\ARDUIN~1\Debug\libArduinoCore.a(new.o)
 .comment       0x00000030       0x31 C:\Users\kasjac\Desktop\Skole\H5\UGE03-~1\PROJEC~1\DETINT~1\ATMELM~1\ARDUIN~1\Debug\libArduinoCore.a(Print.o)
 .comment       0x00000030       0x31 C:\Users\kasjac\Desktop\Skole\H5\UGE03-~1\PROJEC~1\DETINT~1\ATMELM~1\ARDUIN~1\Debug\libArduinoCore.a(wiring.o)
 .comment       0x00000030       0x31 C:\Users\kasjac\Desktop\Skole\H5\UGE03-~1\PROJEC~1\DETINT~1\ATMELM~1\ARDUIN~1\Debug\libArduinoCore.a(wiring_digital.o)
 .comment       0x00000030       0x31 C:\Users\kasjac\Desktop\Skole\H5\UGE03-~1\PROJEC~1\DETINT~1\ATMELM~1\ARDUIN~1\Debug\libArduinoCore.a(WMath.o)
 .comment       0x00000030       0x31 C:\Users\kasjac\Desktop\Skole\H5\UGE03-~1\PROJEC~1\DETINT~1\ATMELM~1\ARDUIN~1\Debug\libArduinoCore.a(WString.o)
 .comment       0x00000030       0x31 C:\Users\kasjac\Desktop\Skole\H5\UGE03-~1\PROJEC~1\DETINT~1\ATMELM~1\ARDUIN~1\Debug\libArduinoCore.a(hooks.o)
 .comment       0x00000030       0x31 c:/program files (x86)/atmel/studio/7.0/toolchain/avr8/avr8-gnu-toolchain/bin/../lib/gcc/avr/5.4.0/../../../../avr/lib/avr6\libc.a(malloc.o)
 .comment       0x00000030       0x31 c:/program files (x86)/atmel/studio/7.0/toolchain/avr8/avr8-gnu-toolchain/bin/../lib/gcc/avr/5.4.0/../../../../avr/lib/avr6\libc.a(realloc.o)

.note.gnu.avr.deviceinfo
                0x00000000       0x40
 .note.gnu.avr.deviceinfo
                0x00000000       0x40 C:/Program Files (x86)/Atmel/Studio/7.0/Packs/atmel/ATmega_DFP/1.6.364/gcc/dev/atmega2560/avr6/crtatmega2560.o

.note.gnu.build-id
 *(.note.gnu.build-id)

.debug
 *(.debug)

.line
 *(.line)

.debug_srcinfo
 *(.debug_srcinfo)

.debug_sfnames
 *(.debug_sfnames)

.debug_aranges  0x00000000      0xc70
 *(.debug_aranges)
 .debug_aranges
                0x00000000       0xf8 main.o
 .debug_aranges
                0x000000f8       0x78 src/libraries/DHT-sensor-library/DHT.o
 .debug_aranges
                0x00000170       0xa8 src/libraries/DHT-sensor-library/DHT_U.o
 .debug_aranges
                0x00000218      0x1e8 src/libraries/rfid/MFRC522.o
 .debug_aranges
                0x00000400       0xa0 src/libraries/Servo/src/avr/Servo.o
 .debug_aranges
                0x000004a0       0x38 src/libraries/SPI/src/SPI.o
 .debug_aranges
                0x000004d8       0x98 src/libraries/Wire/src/utility/twi.o
 .debug_aranges
                0x00000570      0x130 src/libraries/Wire/src/Wire.o
 .debug_aranges
                0x000006a0       0x20 C:\Users\kasjac\Desktop\Skole\H5\UGE03-~1\PROJEC~1\DETINT~1\ATMELM~1\ARDUIN~1\Debug\libArduinoCore.a(abi.o)
 .debug_aranges
                0x000006c0       0x68 C:\Users\kasjac\Desktop\Skole\H5\UGE03-~1\PROJEC~1\DETINT~1\ATMELM~1\ARDUIN~1\Debug\libArduinoCore.a(HardwareSerial.o)
 .debug_aranges
                0x00000728       0x48 C:\Users\kasjac\Desktop\Skole\H5\UGE03-~1\PROJEC~1\DETINT~1\ATMELM~1\ARDUIN~1\Debug\libArduinoCore.a(HardwareSerial0.o)
 .debug_aranges
                0x00000770       0x30 C:\Users\kasjac\Desktop\Skole\H5\UGE03-~1\PROJEC~1\DETINT~1\ATMELM~1\ARDUIN~1\Debug\libArduinoCore.a(main.o)
 .debug_aranges
                0x000007a0       0x30 C:\Users\kasjac\Desktop\Skole\H5\UGE03-~1\PROJEC~1\DETINT~1\ATMELM~1\ARDUIN~1\Debug\libArduinoCore.a(new.o)
 .debug_aranges
                0x000007d0      0x100 C:\Users\kasjac\Desktop\Skole\H5\UGE03-~1\PROJEC~1\DETINT~1\ATMELM~1\ARDUIN~1\Debug\libArduinoCore.a(Print.o)
 .debug_aranges
                0x000008d0       0x48 C:\Users\kasjac\Desktop\Skole\H5\UGE03-~1\PROJEC~1\DETINT~1\ATMELM~1\ARDUIN~1\Debug\libArduinoCore.a(wiring.o)
 .debug_aranges
                0x00000918       0x38 C:\Users\kasjac\Desktop\Skole\H5\UGE03-~1\PROJEC~1\DETINT~1\ATMELM~1\ARDUIN~1\Debug\libArduinoCore.a(wiring_digital.o)
 .debug_aranges
                0x00000950       0x48 C:\Users\kasjac\Desktop\Skole\H5\UGE03-~1\PROJEC~1\DETINT~1\ATMELM~1\ARDUIN~1\Debug\libArduinoCore.a(WMath.o)
 .debug_aranges
                0x00000998      0x2b8 C:\Users\kasjac\Desktop\Skole\H5\UGE03-~1\PROJEC~1\DETINT~1\ATMELM~1\ARDUIN~1\Debug\libArduinoCore.a(WString.o)
 .debug_aranges
                0x00000c50       0x20 C:\Users\kasjac\Desktop\Skole\H5\UGE03-~1\PROJEC~1\DETINT~1\ATMELM~1\ARDUIN~1\Debug\libArduinoCore.a(hooks.o)

.debug_pubnames
 *(.debug_pubnames)

.debug_info     0x00000000    0x18949
 *(.debug_info .gnu.linkonce.wi.*)
 .debug_info    0x00000000      0xbbc C:/Program Files (x86)/Atmel/Studio/7.0/Packs/atmel/ATmega_DFP/1.6.364/gcc/dev/atmega2560/avr6/crtatmega2560.o
 .debug_info    0x00000bbc     0x31c9 main.o
 .debug_info    0x00003d85      0xa1e src/libraries/DHT-sensor-library/DHT.o
 .debug_info    0x000047a3     0x11ec src/libraries/DHT-sensor-library/DHT_U.o
 .debug_info    0x0000598f     0x3960 src/libraries/rfid/MFRC522.o
 .debug_info    0x000092ef      0x85a src/libraries/Servo/src/avr/Servo.o
 .debug_info    0x00009b49      0x6b0 src/libraries/SPI/src/SPI.o
 .debug_info    0x0000a1f9      0x93a src/libraries/Wire/src/utility/twi.o
 .debug_info    0x0000ab33     0x2574 src/libraries/Wire/src/Wire.o
 .debug_info    0x0000d0a7       0x76 C:\Users\kasjac\Desktop\Skole\H5\UGE03-~1\PROJEC~1\DETINT~1\ATMELM~1\ARDUIN~1\Debug\libArduinoCore.a(abi.o)
 .debug_info    0x0000d11d     0x205e C:\Users\kasjac\Desktop\Skole\H5\UGE03-~1\PROJEC~1\DETINT~1\ATMELM~1\ARDUIN~1\Debug\libArduinoCore.a(HardwareSerial.o)
 .debug_info    0x0000f17b     0x1b74 C:\Users\kasjac\Desktop\Skole\H5\UGE03-~1\PROJEC~1\DETINT~1\ATMELM~1\ARDUIN~1\Debug\libArduinoCore.a(HardwareSerial0.o)
 .debug_info    0x00010cef      0x295 C:\Users\kasjac\Desktop\Skole\H5\UGE03-~1\PROJEC~1\DETINT~1\ATMELM~1\ARDUIN~1\Debug\libArduinoCore.a(main.o)
 .debug_info    0x00010f84      0x15f C:\Users\kasjac\Desktop\Skole\H5\UGE03-~1\PROJEC~1\DETINT~1\ATMELM~1\ARDUIN~1\Debug\libArduinoCore.a(new.o)
 .debug_info    0x000110e3     0x295d C:\Users\kasjac\Desktop\Skole\H5\UGE03-~1\PROJEC~1\DETINT~1\ATMELM~1\ARDUIN~1\Debug\libArduinoCore.a(Print.o)
 .debug_info    0x00013a40      0x329 C:\Users\kasjac\Desktop\Skole\H5\UGE03-~1\PROJEC~1\DETINT~1\ATMELM~1\ARDUIN~1\Debug\libArduinoCore.a(wiring.o)
 .debug_info    0x00013d69      0x63a C:\Users\kasjac\Desktop\Skole\H5\UGE03-~1\PROJEC~1\DETINT~1\ATMELM~1\ARDUIN~1\Debug\libArduinoCore.a(wiring_digital.o)
 .debug_info    0x000143a3      0x230 C:\Users\kasjac\Desktop\Skole\H5\UGE03-~1\PROJEC~1\DETINT~1\ATMELM~1\ARDUIN~1\Debug\libArduinoCore.a(WMath.o)
 .debug_info    0x000145d3     0x4338 C:\Users\kasjac\Desktop\Skole\H5\UGE03-~1\PROJEC~1\DETINT~1\ATMELM~1\ARDUIN~1\Debug\libArduinoCore.a(WString.o)
 .debug_info    0x0001890b       0x3e C:\Users\kasjac\Desktop\Skole\H5\UGE03-~1\PROJEC~1\DETINT~1\ATMELM~1\ARDUIN~1\Debug\libArduinoCore.a(hooks.o)

.debug_abbrev   0x00000000     0x4105
 *(.debug_abbrev)
 .debug_abbrev  0x00000000      0xb1a C:/Program Files (x86)/Atmel/Studio/7.0/Packs/atmel/ATmega_DFP/1.6.364/gcc/dev/atmega2560/avr6/crtatmega2560.o
 .debug_abbrev  0x00000b1a      0x68d main.o
 .debug_abbrev  0x000011a7      0x280 src/libraries/DHT-sensor-library/DHT.o
 .debug_abbrev  0x00001427      0x3ad src/libraries/DHT-sensor-library/DHT_U.o
 .debug_abbrev  0x000017d4      0x469 src/libraries/rfid/MFRC522.o
 .debug_abbrev  0x00001c3d      0x2d1 src/libraries/Servo/src/avr/Servo.o
 .debug_abbrev  0x00001f0e      0x220 src/libraries/SPI/src/SPI.o
 .debug_abbrev  0x0000212e      0x2f2 src/libraries/Wire/src/utility/twi.o
 .debug_abbrev  0x00002420      0x48c src/libraries/Wire/src/Wire.o
 .debug_abbrev  0x000028ac       0x6d C:\Users\kasjac\Desktop\Skole\H5\UGE03-~1\PROJEC~1\DETINT~1\ATMELM~1\ARDUIN~1\Debug\libArduinoCore.a(abi.o)
 .debug_abbrev  0x00002919      0x4b7 C:\Users\kasjac\Desktop\Skole\H5\UGE03-~1\PROJEC~1\DETINT~1\ATMELM~1\ARDUIN~1\Debug\libArduinoCore.a(HardwareSerial.o)
 .debug_abbrev  0x00002dd0      0x3ce C:\Users\kasjac\Desktop\Skole\H5\UGE03-~1\PROJEC~1\DETINT~1\ATMELM~1\ARDUIN~1\Debug\libArduinoCore.a(HardwareSerial0.o)
 .debug_abbrev  0x0000319e      0x12d C:\Users\kasjac\Desktop\Skole\H5\UGE03-~1\PROJEC~1\DETINT~1\ATMELM~1\ARDUIN~1\Debug\libArduinoCore.a(main.o)
 .debug_abbrev  0x000032cb      0x109 C:\Users\kasjac\Desktop\Skole\H5\UGE03-~1\PROJEC~1\DETINT~1\ATMELM~1\ARDUIN~1\Debug\libArduinoCore.a(new.o)
 .debug_abbrev  0x000033d4      0x47a C:\Users\kasjac\Desktop\Skole\H5\UGE03-~1\PROJEC~1\DETINT~1\ATMELM~1\ARDUIN~1\Debug\libArduinoCore.a(Print.o)
 .debug_abbrev  0x0000384e      0x146 C:\Users\kasjac\Desktop\Skole\H5\UGE03-~1\PROJEC~1\DETINT~1\ATMELM~1\ARDUIN~1\Debug\libArduinoCore.a(wiring.o)
 .debug_abbrev  0x00003994      0x15a C:\Users\kasjac\Desktop\Skole\H5\UGE03-~1\PROJEC~1\DETINT~1\ATMELM~1\ARDUIN~1\Debug\libArduinoCore.a(wiring_digital.o)
 .debug_abbrev  0x00003aee      0x12b C:\Users\kasjac\Desktop\Skole\H5\UGE03-~1\PROJEC~1\DETINT~1\ATMELM~1\ARDUIN~1\Debug\libArduinoCore.a(WMath.o)
 .debug_abbrev  0x00003c19      0x4c2 C:\Users\kasjac\Desktop\Skole\H5\UGE03-~1\PROJEC~1\DETINT~1\ATMELM~1\ARDUIN~1\Debug\libArduinoCore.a(WString.o)
 .debug_abbrev  0x000040db       0x2a C:\Users\kasjac\Desktop\Skole\H5\UGE03-~1\PROJEC~1\DETINT~1\ATMELM~1\ARDUIN~1\Debug\libArduinoCore.a(hooks.o)

.debug_line     0x00000000     0x7726
 *(.debug_line .debug_line.* .debug_line_end)
 .debug_line    0x00000000      0x1fa C:/Program Files (x86)/Atmel/Studio/7.0/Packs/atmel/ATmega_DFP/1.6.364/gcc/dev/atmega2560/avr6/crtatmega2560.o
 .debug_line    0x000001fa      0x900 main.o
 .debug_line    0x00000afa      0x63c src/libraries/DHT-sensor-library/DHT.o
 .debug_line    0x00001136      0x59c src/libraries/DHT-sensor-library/DHT_U.o
 .debug_line    0x000016d2     0x1d8c src/libraries/rfid/MFRC522.o
 .debug_line    0x0000345e      0x598 src/libraries/Servo/src/avr/Servo.o
 .debug_line    0x000039f6      0x36d src/libraries/SPI/src/SPI.o
 .debug_line    0x00003d63      0x6db src/libraries/Wire/src/utility/twi.o
 .debug_line    0x0000443e      0x736 src/libraries/Wire/src/Wire.o
 .debug_line    0x00004b74       0xa9 C:\Users\kasjac\Desktop\Skole\H5\UGE03-~1\PROJEC~1\DETINT~1\ATMELM~1\ARDUIN~1\Debug\libArduinoCore.a(abi.o)
 .debug_line    0x00004c1d      0x527 C:\Users\kasjac\Desktop\Skole\H5\UGE03-~1\PROJEC~1\DETINT~1\ATMELM~1\ARDUIN~1\Debug\libArduinoCore.a(HardwareSerial.o)
 .debug_line    0x00005144      0x288 C:\Users\kasjac\Desktop\Skole\H5\UGE03-~1\PROJEC~1\DETINT~1\ATMELM~1\ARDUIN~1\Debug\libArduinoCore.a(HardwareSerial0.o)
 .debug_line    0x000053cc      0x161 C:\Users\kasjac\Desktop\Skole\H5\UGE03-~1\PROJEC~1\DETINT~1\ATMELM~1\ARDUIN~1\Debug\libArduinoCore.a(main.o)
 .debug_line    0x0000552d      0x145 C:\Users\kasjac\Desktop\Skole\H5\UGE03-~1\PROJEC~1\DETINT~1\ATMELM~1\ARDUIN~1\Debug\libArduinoCore.a(new.o)
 .debug_line    0x00005672      0x681 C:\Users\kasjac\Desktop\Skole\H5\UGE03-~1\PROJEC~1\DETINT~1\ATMELM~1\ARDUIN~1\Debug\libArduinoCore.a(Print.o)
 .debug_line    0x00005cf3      0x2cb C:\Users\kasjac\Desktop\Skole\H5\UGE03-~1\PROJEC~1\DETINT~1\ATMELM~1\ARDUIN~1\Debug\libArduinoCore.a(wiring.o)
 .debug_line    0x00005fbe      0x284 C:\Users\kasjac\Desktop\Skole\H5\UGE03-~1\PROJEC~1\DETINT~1\ATMELM~1\ARDUIN~1\Debug\libArduinoCore.a(wiring_digital.o)
 .debug_line    0x00006242      0x143 C:\Users\kasjac\Desktop\Skole\H5\UGE03-~1\PROJEC~1\DETINT~1\ATMELM~1\ARDUIN~1\Debug\libArduinoCore.a(WMath.o)
 .debug_line    0x00006385     0x1360 C:\Users\kasjac\Desktop\Skole\H5\UGE03-~1\PROJEC~1\DETINT~1\ATMELM~1\ARDUIN~1\Debug\libArduinoCore.a(WString.o)
 .debug_line    0x000076e5       0x41 C:\Users\kasjac\Desktop\Skole\H5\UGE03-~1\PROJEC~1\DETINT~1\ATMELM~1\ARDUIN~1\Debug\libArduinoCore.a(hooks.o)

.debug_frame    0x00000000     0x3034
 *(.debug_frame)
 .debug_frame   0x00000000      0x3dc main.o
 .debug_frame   0x000003dc      0x224 src/libraries/DHT-sensor-library/DHT.o
 .debug_frame   0x00000600      0x27c src/libraries/DHT-sensor-library/DHT_U.o
 .debug_frame   0x0000087c      0x968 src/libraries/rfid/MFRC522.o
 .debug_frame   0x000011e4      0x3d0 src/libraries/Servo/src/avr/Servo.o
 .debug_frame   0x000015b4       0x94 src/libraries/SPI/src/SPI.o
 .debug_frame   0x00001648      0x208 src/libraries/Wire/src/utility/twi.o
 .debug_frame   0x00001850      0x4a4 src/libraries/Wire/src/Wire.o
 .debug_frame   0x00001cf4       0x34 C:\Users\kasjac\Desktop\Skole\H5\UGE03-~1\PROJEC~1\DETINT~1\ATMELM~1\ARDUIN~1\Debug\libArduinoCore.a(abi.o)
 .debug_frame   0x00001d28      0x110 C:\Users\kasjac\Desktop\Skole\H5\UGE03-~1\PROJEC~1\DETINT~1\ATMELM~1\ARDUIN~1\Debug\libArduinoCore.a(HardwareSerial.o)
 .debug_frame   0x00001e38       0xe0 C:\Users\kasjac\Desktop\Skole\H5\UGE03-~1\PROJEC~1\DETINT~1\ATMELM~1\ARDUIN~1\Debug\libArduinoCore.a(HardwareSerial0.o)
 .debug_frame   0x00001f18       0x54 C:\Users\kasjac\Desktop\Skole\H5\UGE03-~1\PROJEC~1\DETINT~1\ATMELM~1\ARDUIN~1\Debug\libArduinoCore.a(main.o)
 .debug_frame   0x00001f6c       0x64 C:\Users\kasjac\Desktop\Skole\H5\UGE03-~1\PROJEC~1\DETINT~1\ATMELM~1\ARDUIN~1\Debug\libArduinoCore.a(new.o)
 .debug_frame   0x00001fd0      0x3ac C:\Users\kasjac\Desktop\Skole\H5\UGE03-~1\PROJEC~1\DETINT~1\ATMELM~1\ARDUIN~1\Debug\libArduinoCore.a(Print.o)
 .debug_frame   0x0000237c       0xc4 C:\Users\kasjac\Desktop\Skole\H5\UGE03-~1\PROJEC~1\DETINT~1\ATMELM~1\ARDUIN~1\Debug\libArduinoCore.a(wiring.o)
 .debug_frame   0x00002440       0x7c C:\Users\kasjac\Desktop\Skole\H5\UGE03-~1\PROJEC~1\DETINT~1\ATMELM~1\ARDUIN~1\Debug\libArduinoCore.a(wiring_digital.o)
 .debug_frame   0x000024bc       0xf4 C:\Users\kasjac\Desktop\Skole\H5\UGE03-~1\PROJEC~1\DETINT~1\ATMELM~1\ARDUIN~1\Debug\libArduinoCore.a(WMath.o)
 .debug_frame   0x000025b0      0xa60 C:\Users\kasjac\Desktop\Skole\H5\UGE03-~1\PROJEC~1\DETINT~1\ATMELM~1\ARDUIN~1\Debug\libArduinoCore.a(WString.o)
 .debug_frame   0x00003010       0x24 C:\Users\kasjac\Desktop\Skole\H5\UGE03-~1\PROJEC~1\DETINT~1\ATMELM~1\ARDUIN~1\Debug\libArduinoCore.a(hooks.o)

.debug_str      0x00000000     0x58e0
 *(.debug_str)
 .debug_str     0x00000000      0x3e6 C:/Program Files (x86)/Atmel/Studio/7.0/Packs/atmel/ATmega_DFP/1.6.364/gcc/dev/atmega2560/avr6/crtatmega2560.o
 .debug_str     0x000003e6     0x2876 main.o
                               0x29fd (size before relaxing)
 .debug_str     0x00002c5c      0x15b src/libraries/DHT-sensor-library/DHT.o
                                0x5da (size before relaxing)
 .debug_str     0x00002db7      0x3c2 src/libraries/DHT-sensor-library/DHT_U.o
                                0xd93 (size before relaxing)
 .debug_str     0x00003179      0x730 src/libraries/rfid/MFRC522.o
                               0x1bc3 (size before relaxing)
 .debug_str     0x000038a9      0x14d src/libraries/Servo/src/avr/Servo.o
                                0x52f (size before relaxing)
 .debug_str     0x000039f6       0xb4 src/libraries/SPI/src/SPI.o
                                0x6d1 (size before relaxing)
 .debug_str     0x00003aaa      0x3eb src/libraries/Wire/src/utility/twi.o
                                0x532 (size before relaxing)
 .debug_str     0x00003e95      0xa24 src/libraries/Wire/src/Wire.o
                               0x1945 (size before relaxing)
 .debug_str     0x000048b9      0x1bd C:\Users\kasjac\Desktop\Skole\H5\UGE03-~1\PROJEC~1\DETINT~1\ATMELM~1\ARDUIN~1\Debug\libArduinoCore.a(abi.o)
                                0x1d3 (size before relaxing)
 .debug_str     0x00004a76      0x478 C:\Users\kasjac\Desktop\Skole\H5\UGE03-~1\PROJEC~1\DETINT~1\ATMELM~1\ARDUIN~1\Debug\libArduinoCore.a(HardwareSerial.o)
                               0x1722 (size before relaxing)
 .debug_str     0x00004eee       0x47 C:\Users\kasjac\Desktop\Skole\H5\UGE03-~1\PROJEC~1\DETINT~1\ATMELM~1\ARDUIN~1\Debug\libArduinoCore.a(HardwareSerial0.o)
                               0x143d (size before relaxing)
 .debug_str     0x00004f35       0x37 C:\Users\kasjac\Desktop\Skole\H5\UGE03-~1\PROJEC~1\DETINT~1\ATMELM~1\ARDUIN~1\Debug\libArduinoCore.a(main.o)
                                0x2e9 (size before relaxing)
 .debug_str     0x00004f6c       0x65 C:\Users\kasjac\Desktop\Skole\H5\UGE03-~1\PROJEC~1\DETINT~1\ATMELM~1\ARDUIN~1\Debug\libArduinoCore.a(new.o)
                                0x214 (size before relaxing)
 .debug_str     0x00004fd1      0x38d C:\Users\kasjac\Desktop\Skole\H5\UGE03-~1\PROJEC~1\DETINT~1\ATMELM~1\ARDUIN~1\Debug\libArduinoCore.a(Print.o)
                               0x1277 (size before relaxing)
 .debug_str     0x0000535e       0x70 C:\Users\kasjac\Desktop\Skole\H5\UGE03-~1\PROJEC~1\DETINT~1\ATMELM~1\ARDUIN~1\Debug\libArduinoCore.a(wiring.o)
                                0x27f (size before relaxing)
 .debug_str     0x000053ce       0x6d C:\Users\kasjac\Desktop\Skole\H5\UGE03-~1\PROJEC~1\DETINT~1\ATMELM~1\ARDUIN~1\Debug\libArduinoCore.a(wiring_digital.o)
                                0x2e4 (size before relaxing)
 .debug_str     0x0000543b       0xb8 C:\Users\kasjac\Desktop\Skole\H5\UGE03-~1\PROJEC~1\DETINT~1\ATMELM~1\ARDUIN~1\Debug\libArduinoCore.a(WMath.o)
                                0x282 (size before relaxing)
 .debug_str     0x000054f3      0x3d1 C:\Users\kasjac\Desktop\Skole\H5\UGE03-~1\PROJEC~1\DETINT~1\ATMELM~1\ARDUIN~1\Debug\libArduinoCore.a(WString.o)
                               0x11ca (size before relaxing)
 .debug_str     0x000058c4       0x1c C:\Users\kasjac\Desktop\Skole\H5\UGE03-~1\PROJEC~1\DETINT~1\ATMELM~1\ARDUIN~1\Debug\libArduinoCore.a(hooks.o)
                                0x174 (size before relaxing)

.debug_loc      0x00000000     0xb5e2
 *(.debug_loc)
 .debug_loc     0x00000000      0x860 main.o
 .debug_loc     0x00000860      0x4c6 src/libraries/DHT-sensor-library/DHT.o
 .debug_loc     0x00000d26      0x575 src/libraries/DHT-sensor-library/DHT_U.o
 .debug_loc     0x0000129b     0x1513 src/libraries/rfid/MFRC522.o
 .debug_loc     0x000027ae      0x8d7 src/libraries/Servo/src/avr/Servo.o
 .debug_loc     0x00003085      0x11f src/libraries/SPI/src/SPI.o
 .debug_loc     0x000031a4      0x87f src/libraries/Wire/src/utility/twi.o
 .debug_loc     0x00003a23      0xa2f src/libraries/Wire/src/Wire.o
 .debug_loc     0x00004452      0x4dc C:\Users\kasjac\Desktop\Skole\H5\UGE03-~1\PROJEC~1\DETINT~1\ATMELM~1\ARDUIN~1\Debug\libArduinoCore.a(HardwareSerial.o)
 .debug_loc     0x0000492e      0x1b0 C:\Users\kasjac\Desktop\Skole\H5\UGE03-~1\PROJEC~1\DETINT~1\ATMELM~1\ARDUIN~1\Debug\libArduinoCore.a(HardwareSerial0.o)
 .debug_loc     0x00004ade       0x72 C:\Users\kasjac\Desktop\Skole\H5\UGE03-~1\PROJEC~1\DETINT~1\ATMELM~1\ARDUIN~1\Debug\libArduinoCore.a(new.o)
 .debug_loc     0x00004b50     0x1c87 C:\Users\kasjac\Desktop\Skole\H5\UGE03-~1\PROJEC~1\DETINT~1\ATMELM~1\ARDUIN~1\Debug\libArduinoCore.a(Print.o)
 .debug_loc     0x000067d7      0x28d C:\Users\kasjac\Desktop\Skole\H5\UGE03-~1\PROJEC~1\DETINT~1\ATMELM~1\ARDUIN~1\Debug\libArduinoCore.a(wiring.o)
 .debug_loc     0x00006a64      0x56b C:\Users\kasjac\Desktop\Skole\H5\UGE03-~1\PROJEC~1\DETINT~1\ATMELM~1\ARDUIN~1\Debug\libArduinoCore.a(wiring_digital.o)
 .debug_loc     0x00006fcf      0x3d6 C:\Users\kasjac\Desktop\Skole\H5\UGE03-~1\PROJEC~1\DETINT~1\ATMELM~1\ARDUIN~1\Debug\libArduinoCore.a(WMath.o)
 .debug_loc     0x000073a5     0x423d C:\Users\kasjac\Desktop\Skole\H5\UGE03-~1\PROJEC~1\DETINT~1\ATMELM~1\ARDUIN~1\Debug\libArduinoCore.a(WString.o)

.debug_macinfo
 *(.debug_macinfo)

.debug_weaknames
 *(.debug_weaknames)

.debug_funcnames
 *(.debug_funcnames)

.debug_typenames
 *(.debug_typenames)

.debug_varnames
 *(.debug_varnames)

.debug_pubtypes
 *(.debug_pubtypes)

.debug_ranges   0x00000000      0xbf0
 *(.debug_ranges)
 .debug_ranges  0x00000000       0xe8 main.o
 .debug_ranges  0x000000e8       0x68 src/libraries/DHT-sensor-library/DHT.o
 .debug_ranges  0x00000150       0x98 src/libraries/DHT-sensor-library/DHT_U.o
 .debug_ranges  0x000001e8      0x208 src/libraries/rfid/MFRC522.o
 .debug_ranges  0x000003f0       0x90 src/libraries/Servo/src/avr/Servo.o
 .debug_ranges  0x00000480       0x28 src/libraries/SPI/src/SPI.o
 .debug_ranges  0x000004a8       0x88 src/libraries/Wire/src/utility/twi.o
 .debug_ranges  0x00000530      0x120 src/libraries/Wire/src/Wire.o
 .debug_ranges  0x00000650       0x10 C:\Users\kasjac\Desktop\Skole\H5\UGE03-~1\PROJEC~1\DETINT~1\ATMELM~1\ARDUIN~1\Debug\libArduinoCore.a(abi.o)
 .debug_ranges  0x00000660       0x58 C:\Users\kasjac\Desktop\Skole\H5\UGE03-~1\PROJEC~1\DETINT~1\ATMELM~1\ARDUIN~1\Debug\libArduinoCore.a(HardwareSerial.o)
 .debug_ranges  0x000006b8       0x38 C:\Users\kasjac\Desktop\Skole\H5\UGE03-~1\PROJEC~1\DETINT~1\ATMELM~1\ARDUIN~1\Debug\libArduinoCore.a(HardwareSerial0.o)
 .debug_ranges  0x000006f0       0x20 C:\Users\kasjac\Desktop\Skole\H5\UGE03-~1\PROJEC~1\DETINT~1\ATMELM~1\ARDUIN~1\Debug\libArduinoCore.a(main.o)
 .debug_ranges  0x00000710       0x20 C:\Users\kasjac\Desktop\Skole\H5\UGE03-~1\PROJEC~1\DETINT~1\ATMELM~1\ARDUIN~1\Debug\libArduinoCore.a(new.o)
 .debug_ranges  0x00000730      0x120 C:\Users\kasjac\Desktop\Skole\H5\UGE03-~1\PROJEC~1\DETINT~1\ATMELM~1\ARDUIN~1\Debug\libArduinoCore.a(Print.o)
 .debug_ranges  0x00000850       0x38 C:\Users\kasjac\Desktop\Skole\H5\UGE03-~1\PROJEC~1\DETINT~1\ATMELM~1\ARDUIN~1\Debug\libArduinoCore.a(wiring.o)
 .debug_ranges  0x00000888       0x28 C:\Users\kasjac\Desktop\Skole\H5\UGE03-~1\PROJEC~1\DETINT~1\ATMELM~1\ARDUIN~1\Debug\libArduinoCore.a(wiring_digital.o)
 .debug_ranges  0x000008b0       0x38 C:\Users\kasjac\Desktop\Skole\H5\UGE03-~1\PROJEC~1\DETINT~1\ATMELM~1\ARDUIN~1\Debug\libArduinoCore.a(WMath.o)
 .debug_ranges  0x000008e8      0x2f8 C:\Users\kasjac\Desktop\Skole\H5\UGE03-~1\PROJEC~1\DETINT~1\ATMELM~1\ARDUIN~1\Debug\libArduinoCore.a(WString.o)
 .debug_ranges  0x00000be0       0x10 C:\Users\kasjac\Desktop\Skole\H5\UGE03-~1\PROJEC~1\DETINT~1\ATMELM~1\ARDUIN~1\Debug\libArduinoCore.a(hooks.o)

.debug_macro
 *(.debug_macro)
OUTPUT(AtmelMega2560.elf elf32-avr)
LOAD linker stubs
