Archive member included to satisfy reference by file (symbol)

c:/program files (x86)/atmel/studio/7.0/toolchain/avr8/avr8-gnu-toolchain/bin/../lib/gcc/avr/5.4.0/../../../../avr/lib/avr6\libm.a(addsf3.o)
                              src/libraries/DHT-sensor-library/DHT.o (__subsf3)
c:/program files (x86)/atmel/studio/7.0/toolchain/avr8/avr8-gnu-toolchain/bin/../lib/gcc/avr/5.4.0/../../../../avr/lib/avr6\libm.a(addsf3x.o)
                              c:/program files (x86)/atmel/studio/7.0/toolchain/avr8/avr8-gnu-toolchain/bin/../lib/gcc/avr/5.4.0/../../../../avr/lib/avr6\libm.a(addsf3.o) (__addsf3x)
c:/program files (x86)/atmel/studio/7.0/toolchain/avr8/avr8-gnu-toolchain/bin/../lib/gcc/avr/5.4.0/../../../../avr/lib/avr6\libm.a(cmpsf2.o)
                              src/libraries/DHT-sensor-library/DHT.o (__ltsf2)
c:/program files (x86)/atmel/studio/7.0/toolchain/avr8/avr8-gnu-toolchain/bin/../lib/gcc/avr/5.4.0/../../../../avr/lib/avr6\libm.a(floatsisf.o)
                              src/libraries/DHT-sensor-library/DHT.o (__floatunsisf)
c:/program files (x86)/atmel/studio/7.0/toolchain/avr8/avr8-gnu-toolchain/bin/../lib/gcc/avr/5.4.0/../../../../avr/lib/avr6\libm.a(fp_cmp.o)
                              c:/program files (x86)/atmel/studio/7.0/toolchain/avr8/avr8-gnu-toolchain/bin/../lib/gcc/avr/5.4.0/../../../../avr/lib/avr6\libm.a(cmpsf2.o) (__fp_cmp)
c:/program files (x86)/atmel/studio/7.0/toolchain/avr8/avr8-gnu-toolchain/bin/../lib/gcc/avr/5.4.0/../../../../avr/lib/avr6\libm.a(fp_inf.o)
                              c:/program files (x86)/atmel/studio/7.0/toolchain/avr8/avr8-gnu-toolchain/bin/../lib/gcc/avr/5.4.0/../../../../avr/lib/avr6\libm.a(addsf3x.o) (__fp_inf)
c:/program files (x86)/atmel/studio/7.0/toolchain/avr8/avr8-gnu-toolchain/bin/../lib/gcc/avr/5.4.0/../../../../avr/lib/avr6\libm.a(fp_nan.o)
                              c:/program files (x86)/atmel/studio/7.0/toolchain/avr8/avr8-gnu-toolchain/bin/../lib/gcc/avr/5.4.0/../../../../avr/lib/avr6\libm.a(addsf3x.o) (__fp_nan)
c:/program files (x86)/atmel/studio/7.0/toolchain/avr8/avr8-gnu-toolchain/bin/../lib/gcc/avr/5.4.0/../../../../avr/lib/avr6\libm.a(fp_pscA.o)
                              c:/program files (x86)/atmel/studio/7.0/toolchain/avr8/avr8-gnu-toolchain/bin/../lib/gcc/avr/5.4.0/../../../../avr/lib/avr6\libm.a(addsf3x.o) (__fp_pscA)
c:/program files (x86)/atmel/studio/7.0/toolchain/avr8/avr8-gnu-toolchain/bin/../lib/gcc/avr/5.4.0/../../../../avr/lib/avr6\libm.a(fp_pscB.o)
                              c:/program files (x86)/atmel/studio/7.0/toolchain/avr8/avr8-gnu-toolchain/bin/../lib/gcc/avr/5.4.0/../../../../avr/lib/avr6\libm.a(addsf3x.o) (__fp_pscB)
c:/program files (x86)/atmel/studio/7.0/toolchain/avr8/avr8-gnu-toolchain/bin/../lib/gcc/avr/5.4.0/../../../../avr/lib/avr6\libm.a(fp_round.o)
                              c:/program files (x86)/atmel/studio/7.0/toolchain/avr8/avr8-gnu-toolchain/bin/../lib/gcc/avr/5.4.0/../../../../avr/lib/avr6\libm.a(addsf3.o) (__fp_round)
c:/program files (x86)/atmel/studio/7.0/toolchain/avr8/avr8-gnu-toolchain/bin/../lib/gcc/avr/5.4.0/../../../../avr/lib/avr6\libm.a(fp_split3.o)
                              c:/program files (x86)/atmel/studio/7.0/toolchain/avr8/avr8-gnu-toolchain/bin/../lib/gcc/avr/5.4.0/../../../../avr/lib/avr6\libm.a(addsf3x.o) (__fp_split3)
c:/program files (x86)/atmel/studio/7.0/toolchain/avr8/avr8-gnu-toolchain/bin/../lib/gcc/avr/5.4.0/../../../../avr/lib/avr6\libm.a(fp_zero.o)
                              c:/program files (x86)/atmel/studio/7.0/toolchain/avr8/avr8-gnu-toolchain/bin/../lib/gcc/avr/5.4.0/../../../../avr/lib/avr6\libm.a(addsf3x.o) (__fp_zero)
c:/program files (x86)/atmel/studio/7.0/toolchain/avr8/avr8-gnu-toolchain/bin/../lib/gcc/avr/5.4.0/../../../../avr/lib/avr6\libm.a(gesf2.o)
                              src/libraries/DHT-sensor-library/DHT.o (__gesf2)
c:/program files (x86)/atmel/studio/7.0/toolchain/avr8/avr8-gnu-toolchain/bin/../lib/gcc/avr/5.4.0/../../../../avr/lib/avr6\libm.a(mulsf3.o)
                              src/libraries/DHT-sensor-library/DHT.o (__mulsf3)
c:/program files (x86)/atmel/studio/7.0/toolchain/avr8/avr8-gnu-toolchain/bin/../lib/gcc/avr/5.4.0/../../../../avr/lib/avr6\libm.a(mulsf3x.o)
                              c:/program files (x86)/atmel/studio/7.0/toolchain/avr8/avr8-gnu-toolchain/bin/../lib/gcc/avr/5.4.0/../../../../avr/lib/avr6\libm.a(mulsf3.o) (__mulsf3x)
c:/program files (x86)/atmel/studio/7.0/toolchain/avr8/avr8-gnu-toolchain/bin/../lib/gcc/avr/5.4.0/../../../../avr/lib/avr6\libm.a(sqrt.o)
                              src/libraries/DHT-sensor-library/DHT.o (sqrt)
c:/program files (x86)/atmel/studio/7.0/toolchain/avr8/avr8-gnu-toolchain/bin/../lib/gcc/avr/5.4.0/../../../../avr/lib/avr6\libm.a(unordsf2.o)
                              main.o (__unordsf2)
c:/program files (x86)/atmel/studio/7.0/toolchain/avr8/avr8-gnu-toolchain/bin/../lib/gcc/avr/5.4.0/../../../../avr/lib/avr6\libm.a(fp_mpack.o)
[...]
Memory Configuration

Name             Origin             Length             Attributes
text             0x00000000         0x00040000         xr
data             0x00800200         0x00002000         rw !x
eeprom           0x00810000         0x00001000         rw !x
fuse             0x00820000         0x00000003         rw !x
lock             0x00830000         0x00000400         rw !x
signature        0x00840000         0x00000400         rw !x
user_signatures  0x00850000         0x00000400         rw !x
*default*        0x00000000         0xffffffff

Linker script and memory map

Address of section .data set to 0x800200
LOAD C:/Program Files (x86)/Atmel/Studio/7.0/Packs/atmel/ATmega_DFP/1.6.364/gcc/dev/atmega2560/avr6/crtatmega2560.o
LOAD main.o
LOAD src/libraries/Adafruit_Unified_Sensor/Adafruit_Sensor.o
LOAD src/libraries/DHT-sensor-library/DHT.o
LOAD src/libraries/DHT-sensor-library/DHT_U.o
LOAD src/libraries/SPI/src/SPI.o
START GROUP
LOAD c:/program files (x86)/atmel/studio/7.0/toolchain/avr8/avr8-gnu-toolchain/bin/../lib/gcc/avr/5.4.0/../../../../avr/lib/avr6\libm.a
LOAD C:\Users\kasjac\Desktop\Skole\H5\UGE03-~1\PROJEC~1\DETINT~1\ATMELM~1\ARDUIN~1\Debug\libArduinoCore.a
END GROUP
LOAD c:/program files (x86)/atmel/studio/7.0/toolchain/avr8/avr8-gnu-toolchain/bin/../lib/gcc/avr/5.4.0/avr6\libgcc.a
LOAD c:/program files (x86)/atmel/studio/7.0/toolchain/avr8/avr8-gnu-toolchain/bin/../lib/gcc/avr/5.4.0/../../../../avr/lib/avr6\libm.a
START GROUP
LOAD c:/program files (x86)/atmel/studio/7.0/toolchain/avr8/avr8-gnu-toolchain/bin/../lib/gcc/avr/5.4.0/avr6\libgcc.a
LOAD c:/program files (x86)/atmel/studio/7.0/toolchain/avr8/avr8-gnu-toolchain/bin/../lib/gcc/avr/5.4.0/../../../../avr/lib/avr6\libm.a
LOAD c:/program files (x86)/atmel/studio/7.0/toolchain/avr8/avr8-gnu-toolchain/bin/../lib/gcc/avr/5.4.0/../../../../avr/lib/avr6\libc.a
LOAD C:/Program Files (x86)/Atmel/Studio/7.0/Packs/atmel/ATmega_DFP/1.6.364/gcc/dev/atmega2560/avr6\libatmega2560.a
END GROUP
                0x00000000                __TEXT_REGION_ORIGIN__ = DEFINED (__TEXT_REGION_ORIGIN__)?__TEXT_REGION_ORIGIN__:0x0
                [0x00800200]                __DATA_REGION_ORIGIN__ = DEFINED (__DATA_REGION_ORIGIN__)?__DATA_REGION_ORIGIN__:0x800200
                [0x00040000]                __TEXT_REGION_LENGTH__ = DEFINED (__TEXT_REGION_LENGTH__)?__TEXT_REGION_LENGTH__:0x100000
                [0x00002000]                __DATA_REGION_LENGTH__ = DEFINED (__DATA_REGION_LENGTH__)?__DATA_REGION_LENGTH__:0xfe00
                [0x00001000]                __EEPROM_REGION_LENGTH__ = DEFINED (__EEPROM_REGION_LENGTH__)?__EEPROM_REGION_LENGTH__:0x10000
                [0x00000003]                __FUSE_REGION_LENGTH__ = DEFINED (__FUSE_REGION_LENGTH__)?__FUSE_REGION_LENGTH__:0x400
                0x00000400                __LOCK_REGION_LENGTH__ = DEFINED (__LOCK_REGION_LENGTH__)?__LOCK_REGION_LENGTH__:0x400
                0x00000400                __SIGNATURE_REGION_LENGTH__ = DEFINED (__SIGNATURE_REGION_LENGTH__)?__SIGNATURE_REGION_LENGTH__:0x400
                0x00000400                __USER_SIGNATURE_REGION_LENGTH__ = DEFINED (__USER_SIGNATURE_REGION_LENGTH__)?__USER_SIGNATURE_REGION_LENGTH__:0x400

.hash
 *(.hash)

.dynsym
 *(.dynsym)

.dynstr
 *(.dynstr)

.gnu.version
 *(.gnu.version)

.gnu.version_d
 *(.gnu.version_d)

.gnu.version_r
 *(.gnu.version_r)

.rel.init
 *(.rel.init)

.rela.init
 *(.rela.init)

.rel.text
 *(.rel.text)
 *(.rel.text.*)
 *(.rel.gnu.linkonce.t*)

.rela.text
 *(.rela.text)
 *(.rela.text.*)
 *(.rela.gnu.linkonce.t*)

.rel.fini
 *(.rel.fini)

.rela.fini
 *(.rela.fini)

.rel.rodata
 *(.rel.rodata)
 *(.rel.rodata.*)
 *(.rel.gnu.linkonce.r*)

.rela.rodata
 *(.rela.rodata)
 *(.rela.rodata.*)
 *(.rela.gnu.linkonce.r*)

.rel.data
 *(.rel.data)
 *(.rel.data.*)
 *(.rel.gnu.linkonce.d*)

.rela.data
 *(.rela.data)
 *(.rela.data.*)
 *(.rela.gnu.linkonce.d*)

.rel.ctors
 *(.rel.ctors)

.rela.ctors
 *(.rela.ctors)

.rel.dtors
 *(.rel.dtors)

.rela.dtors
 *(.rela.dtors)

.rel.got
 *(.rel.got)

.rela.got
 *(.rela.got)

.rel.bss
 *(.rel.bss)

.rela.bss
 *(.rela.bss)

.rel.plt
 *(.rel.plt)

.rela.plt
 *(.rela.plt)

.text           0x00000000     0x2610
 *(.vectors)
 .vectors       0x00000000       0xe4 C:/Program Files (x86)/Atmel/Studio/7.0/Packs/atmel/ATmega_DFP/1.6.364/gcc/dev/atmega2560/avr6/crtatmega2560.o
                0x00000000                __vector_default
                0x00000000                __vectors
 *(.vectors)
 *(.progmem.gcc*)
 .progmem.gcc_sw_table.turnOffPWM
                0x000000e4       0x24 C:\Users\kasjac\Desktop\Skole\H5\UGE03-~1\PROJEC~1\DETINT~1\ATMELM~1\ARDUIN~1\Debug\libArduinoCore.a(wiring_digital.o)
                0x00000108                . = ALIGN (0x2)
                0x00000108                __trampolines_start = .
 *(.trampolines)
 .trampolines   0x00000108        0x0 linker stubs
 *(.trampolines*)
                0x00000108                __trampolines_end = .
 *libprintf_flt.a:*(.progmem.data)
 *libc.a:*(.progmem.data)
 .progmem.data  0x00000108       0xfa c:/program files (x86)/atmel/studio/7.0/toolchain/avr8/avr8-gnu-toolchain/bin/../lib/gcc/avr/5.4.0/../../../../avr/lib/avr6\libc.a(ftoa_engine.o)
 *(.progmem*)
 .progmem.data.digital_pin_to_timer_PGM
                0x00000202       0x46 C:\Users\kasjac\Desktop\Skole\H5\UGE03-~1\PROJEC~1\DETINT~1\ATMELM~1\ARDUIN~1\Debug\libArduinoCore.a(wiring_digital.o)
                0x00000202                digital_pin_to_timer_PGM
 .progmem.data.digital_pin_to_bit_mask_PGM
                0x00000248       0x46 C:\Users\kasjac\Desktop\Skole\H5\UGE03-~1\PROJEC~1\DETINT~1\ATMELM~1\ARDUIN~1\Debug\libArduinoCore.a(wiring_digital.o)
                0x00000248                digital_pin_to_bit_mask_PGM
 .progmem.data.digital_pin_to_port_PGM
                0x0000028e       0x46 C:\Users\kasjac\Desktop\Skole\H5\UGE03-~1\PROJEC~1\DETINT~1\ATMELM~1\ARDUIN~1\Debug\libArduinoCore.a(wiring_digital.o)
                0x0000028e                digital_pin_to_port_PGM
 .progmem.data.port_to_input_PGM
                0x000002d4       0x1a C:\Users\kasjac\Desktop\Skole\H5\UGE03-~1\PROJEC~1\DETINT~1\ATMELM~1\ARDUIN~1\Debug\libArduinoCore.a(wiring_digital.o)
                0x000002d4                port_to_input_PGM
 .progmem.data.port_to_output_PGM
                0x000002ee       0x1a C:\Users\kasjac\Desktop\Skole\H5\UGE03-~1\PROJEC~1\DETINT~1\ATMELM~1\ARDUIN~1\Debug\libArduinoCore.a(wiring_digital.o)
                0x000002ee                port_to_output_PGM
 .progmem.data.port_to_mode_PGM
                0x00000308       0x1a C:\Users\kasjac\Desktop\Skole\H5\UGE03-~1\PROJEC~1\DETINT~1\ATMELM~1\ARDUIN~1\Debug\libArduinoCore.a(wiring_digital.o)
                0x00000308                port_to_mode_PGM
                0x00000322                . = ALIGN (0x2)
 *(.jumptables)
 *(.jumptables*)
 *(.lowtext)
 *(.lowtext*)
                0x00000322                __ctors_start = .
 *(.ctors)
 .ctors         0x00000322        0x2 main.o
 .ctors         0x00000324        0x2 C:\Users\kasjac\Desktop\Skole\H5\UGE03-~1\PROJEC~1\DETINT~1\ATMELM~1\ARDUIN~1\Debug\libArduinoCore.a(HardwareSerial0.o)
                0x00000326                __ctors_end = .
                0x00000326                __dtors_start = .
 *(.dtors)
 .dtors         0x00000326        0x2 main.o
                0x00000328                __dtors_end = .
 SORT(*)(.ctors)
 SORT(*)(.dtors)
 *(.init0)
 .init0         0x00000328        0x0 C:/Program Files (x86)/Atmel/Studio/7.0/Packs/atmel/ATmega_DFP/1.6.364/gcc/dev/atmega2560/avr6/crtatmega2560.o
                0x00000328                __init
 *(.init0)
 *(.init1)
 *(.init1)
 *(.init2)
 .init2         0x00000328       0x10 C:/Program Files (x86)/Atmel/Studio/7.0/Packs/atmel/ATmega_DFP/1.6.364/gcc/dev/atmega2560/avr6/crtatmega2560.o
 *(.init2)
 *(.init3)
 *(.init3)
 *(.init4)
 .init4         0x00000338       0x1a c:/program files (x86)/atmel/studio/7.0/toolchain/avr8/avr8-gnu-toolchain/bin/../lib/gcc/avr/5.4.0/avr6\libgcc.a(_copy_data.o)
                0x00000338                __do_copy_data
 .init4         0x00000352       0x10 c:/program files (x86)/atmel/studio/7.0/toolchain/avr8/avr8-gnu-toolchain/bin/../lib/gcc/avr/5.4.0/avr6\libgcc.a(_clear_bss.o)
                0x00000352                __do_clear_bss
 *(.init4)
 *(.init5)
 *(.init5)
 *(.init6)
 .init6         0x00000362       0x20 c:/program files (x86)/atmel/studio/7.0/toolchain/avr8/avr8-gnu-toolchain/bin/../lib/gcc/avr/5.4.0/avr6\libgcc.a(_ctors.o)
                0x00000362                __do_global_ctors
 *(.init6)
 *(.init7)
 *(.init7)
 *(.init8)
 *(.init8)
 *(.init9)
 .init9         0x00000382        0x8 C:/Program Files (x86)/Atmel/Studio/7.0/Packs/atmel/ATmega_DFP/1.6.364/gcc/dev/atmega2560/avr6/crtatmega2560.o
 *(.init9)
 *(.text)
 .text          0x0000038a        0x2 C:/Program Files (x86)/Atmel/Studio/7.0/Packs/atmel/ATmega_DFP/1.6.364/gcc/dev/atmega2560/avr6/crtatmega2560.o
                0x0000038a                __vector_38
                0x0000038a                __vector_22
                0x0000038a                __vector_28
                0x0000038a                __vector_1
                0x0000038a                __vector_32
                0x0000038a                __vector_34
                0x0000038a                __vector_24
                0x0000038a                __vector_12
                0x0000038a                __vector_55
                0x0000038a                __vector_46
                0x0000038a                __bad_interrupt
                0x0000038a                __vector_6
                0x0000038a                __vector_31
                0x0000038a                __vector_35
                0x0000038a                __vector_39
                0x0000038a                __vector_3
                0x0000038a                __vector_30
                0x0000038a                __vector_45
                0x0000038a                __vector_11
                0x0000038a                __vector_54
                0x0000038a                __vector_13
                0x0000038a                __vector_17
                0x0000038a                __vector_19
                0x0000038a                __vector_56
                0x0000038a                __vector_7
                0x0000038a                __vector_49
                0x0000038a                __vector_41
                0x0000038a                __vector_43
                0x0000038a                __vector_27
                0x0000038a                __vector_5
                0x0000038a                __vector_33
                0x0000038a                __vector_47
                0x0000038a                __vector_52
                0x0000038a                __vector_37
                0x0000038a                __vector_4
                0x0000038a                __vector_44
                0x0000038a                __vector_51
                0x0000038a                __vector_9
                0x0000038a                __vector_2
                0x0000038a                __vector_21
                0x0000038a                __vector_15
                0x0000038a                __vector_36
                0x0000038a                __vector_29
                0x0000038a                __vector_40
                0x0000038a                __vector_8
                0x0000038a                __vector_48
                0x0000038a                __vector_14
                0x0000038a                __vector_53
                0x0000038a                __vector_10
                0x0000038a                __vector_50
                0x0000038a                __vector_16
                0x0000038a                __vector_18
                0x0000038a                __vector_20
                0x0000038a                __vector_42
                0x0000038c                . = ALIGN (0x2)
 *(.text.*)
 .text._ZN15Adafruit_Sensor15enableAutoRangeEb
                0x0000038c        0x2 main.o
                0x0000038c                _ZN15Adafruit_Sensor15enableAutoRangeEb
 .text.setup    0x0000038e       0xd0 main.o
                0x0000038e                setup
 .text.loop     0x0000045e      0x16e main.o
                0x0000045e                loop
 .text.startup._GLOBAL__sub_I_dht
                0x000005cc       0x54 main.o
 .text.exit._GLOBAL__sub_D_dht
                0x00000620       0x10 main.o
 .text._ZN3DHTC2Ehhh
                0x00000630       0x42 src/libraries/DHT-sensor-library/DHT.o
                0x00000630                _ZN3DHTC1Ehhh
                0x00000630                _ZN3DHTC2Ehhh
 .text._ZN3DHT5beginEh
                0x00000672       0x34 src/libraries/DHT-sensor-library/DHT.o
                0x00000672                _ZN3DHT5beginEh
 .text._ZN3DHT11expectPulseEb
                0x000006a6       0x7a src/libraries/DHT-sensor-library/DHT.o
                0x000006a6                _ZN3DHT11expectPulseEb
 .text._ZN3DHT4readEb
                0x00000720      0x1ee src/libraries/DHT-sensor-library/DHT.o
                0x00000720                _ZN3DHT4readEb
 .text._ZN3DHT15readTemperatureEbb
                0x0000090e      0x10e src/libraries/DHT-sensor-library/DHT.o
                0x0000090e                _ZN3DHT15readTemperatureEbb
 .text._ZN3DHT12readHumidityEb
                0x00000a1c       0x84 src/libraries/DHT-sensor-library/DHT.o
                0x00000a1c                _ZN3DHT12readHumidityEb
 .text._ZN11DHT_Unified8HumidityD2Ev
                0x00000aa0        0x2 src/libraries/DHT-sensor-library/DHT_U.o
                0x00000aa0                _ZN11DHT_Unified8HumidityD1Ev
                0x00000aa0                _ZN11DHT_Unified8HumidityD2Ev
 .text._ZN11DHT_Unified11TemperatureD2Ev
                0x00000aa2        0x2 src/libraries/DHT-sensor-library/DHT_U.o
                0x00000aa2                _ZN11DHT_Unified11TemperatureD2Ev
                0x00000aa2                _ZN11DHT_Unified11TemperatureD1Ev
 .text._ZN11DHT_Unified11Temperature8getEventEP15sensors_event_t
                0x00000aa4       0x72 src/libraries/DHT-sensor-library/DHT_U.o
                0x00000aa4                _ZN11DHT_Unified11Temperature8getEventEP15sensors_event_t
 .text._ZN11DHT_Unified8Humidity8getEventEP15sensors_event_t
                0x00000b16       0x70 src/libraries/DHT-sensor-library/DHT_U.o
                0x00000b16                _ZN11DHT_Unified8Humidity8getEventEP15sensors_event_t
 .text._ZN11DHT_Unified8HumidityD0Ev
                0x00000b86        0x2 src/libraries/DHT-sensor-library/DHT_U.o
                0x00000b86                _ZN11DHT_Unified8HumidityD0Ev
 .text._ZN11DHT_Unified11TemperatureD0Ev
                0x00000b88        0x2 src/libraries/DHT-sensor-library/DHT_U.o
                0x00000b88                _ZN11DHT_Unified11TemperatureD0Ev
 .text._ZN11DHT_UnifiedC2Ehhhll
                0x00000b8a       0x6e src/libraries/DHT-sensor-library/DHT_U.o
                0x00000b8a                _ZN11DHT_UnifiedC2Ehhhll
                0x00000b8a                _ZN11DHT_UnifiedC1Ehhhll
 .text._ZN11DHT_Unified5beginEv
                0x00000bf8        0x4 src/libraries/DHT-sensor-library/DHT_U.o
                0x00000bf8                _ZN11DHT_Unified5beginEv
 .text._ZN11DHT_Unified7setNameEP8sensor_t
                0x00000bfc       0x5a src/libraries/DHT-sensor-library/DHT_U.o
                0x00000bfc                _ZN11DHT_Unified7setNameEP8sensor_t
 .text._ZN11DHT_Unified11setMinDelayEP8sensor_t
                0x00000c56       0x2e src/libraries/DHT-sensor-library/DHT_U.o
                0x00000c56                _ZN11DHT_Unified11setMinDelayEP8sensor_t
 .text._ZN11DHT_Unified11Temperature9getSensorEP8sensor_t
                0x00000c84      0x122 src/libraries/DHT-sensor-library/DHT_U.o
                0x00000c84                _ZN11DHT_Unified11Temperature9getSensorEP8sensor_t
 .text._ZN11DHT_Unified8Humidity9getSensorEP8sensor_t
                0x00000da6       0xf8 src/libraries/DHT-sensor-library/DHT_U.o
                0x00000da6                _ZN11DHT_Unified8Humidity9getSensorEP8sensor_t
 .text.avr-libc.fplib
                0x00000e9e        0xa c:/program files (x86)/atmel/studio/7.0/toolchain/avr8/avr8-gnu-toolchain/bin/../lib/gcc/avr/5.4.0/../../../../avr/lib/avr6\libm.a(addsf3.o)
                0x00000e9e                __subsf3
                0x00000ea0                __addsf3
 .text.avr-libc.fplib
                0x00000ea8       0xc0 c:/program files (x86)/atmel/studio/7.0/toolchain/avr8/avr8-gnu-toolchain/bin/../lib/gcc/avr/5.4.0/../../../../avr/lib/avr6\libm.a(addsf3x.o)
                0x00000ec2                __addsf3x
 .text.avr-libc.fplib
                0x00000f68       0x7a c:/program files (x86)/atmel/studio/7.0/toolchain/avr8/avr8-gnu-toolchain/bin/../lib/gcc/avr/5.4.0/../../../../avr/lib/avr6\libm.a(floatsisf.o)
                0x00000f68                __floatunsisf
                0x00000f6c                __floatsisf
 .text.avr-libc.fplib
                0x00000fe2       0x48 c:/program files (x86)/atmel/studio/7.0/toolchain/avr8/avr8-gnu-toolchain/bin/../lib/gcc/avr/5.4.0/../../../../avr/lib/avr6\libm.a(fp_cmp.o)
                0x00000fe2                __fp_cmp
 .text.avr-libc.fplib
                0x0000102a        0xc c:/program files (x86)/atmel/studio/7.0/toolchain/avr8/avr8-gnu-toolchain/bin/../lib/gcc/avr/5.4.0/../../../../avr/lib/avr6\libm.a(fp_inf.o)
                0x0000102a                __fp_inf
 .text.avr-libc.fplib
                0x00001036        0x6 c:/program files (x86)/atmel/studio/7.0/toolchain/avr8/avr8-gnu-toolchain/bin/../lib/gcc/avr/5.4.0/../../../../avr/lib/avr6\libm.a(fp_nan.o)
                0x00001036                __fp_nan
 .text.avr-libc.fplib
                0x0000103c        0xe c:/program files (x86)/atmel/studio/7.0/toolchain/avr8/avr8-gnu-toolchain/bin/../lib/gcc/avr/5.4.0/../../../../avr/lib/avr6\libm.a(fp_pscA.o)
                0x0000103c                __fp_pscA
 .text.avr-libc.fplib
                0x0000104a        0xe c:/program files (x86)/atmel/studio/7.0/toolchain/avr8/avr8-gnu-toolchain/bin/../lib/gcc/avr/5.4.0/../../../../avr/lib/avr6\libm.a(fp_pscB.o)
                0x0000104a                __fp_pscB
 .text.avr-libc.fplib
                0x00001058       0x22 c:/program files (x86)/atmel/studio/7.0/toolchain/avr8/avr8-gnu-toolchain/bin/../lib/gcc/avr/5.4.0/../../../../avr/lib/avr6\libm.a(fp_round.o)
                0x00001058                __fp_round
 .text.avr-libc.fplib
                0x0000107a       0x44 c:/program files (x86)/atmel/studio/7.0/toolchain/avr8/avr8-gnu-toolchain/bin/../lib/gcc/avr/5.4.0/../../../../avr/lib/avr6\libm.a(fp_split3.o)
                0x0000107a                __fp_split3
                0x0000108a                __fp_splitA
 .text.avr-libc.fplib
                0x000010be        0xe c:/program files (x86)/atmel/studio/7.0/toolchain/avr8/avr8-gnu-toolchain/bin/../lib/gcc/avr/5.4.0/../../../../avr/lib/avr6\libm.a(fp_zero.o)
                0x000010be                __fp_zero
                0x000010c0                __fp_szero
 .text.avr-libc.fplib
                0x000010cc        0x4 c:/program files (x86)/atmel/studio/7.0/toolchain/avr8/avr8-gnu-toolchain/bin/../lib/gcc/avr/5.4.0/../../../../avr/lib/avr6\libm.a(mulsf3.o)
                0x000010cc                __mulsf3
 .text.avr-libc.fplib
                0x000010d0       0xc2 c:/program files (x86)/atmel/studio/7.0/toolchain/avr8/avr8-gnu-toolchain/bin/../lib/gcc/avr/5.4.0/../../../../avr/lib/avr6\libm.a(mulsf3x.o)
                0x000010e4                __mulsf3x
                0x000010e8                __mulsf3_pse
 .text.avr-libc.fplib
                0x00001192        0x8 c:/program files (x86)/atmel/studio/7.0/toolchain/avr8/avr8-gnu-toolchain/bin/../lib/gcc/avr/5.4.0/../../../../avr/lib/avr6\libm.a(unordsf2.o)
                0x00001192                __unordsf2
 .text._ZN14HardwareSerial9availableEv
                0x0000119a       0x18 C:\Users\kasjac\Desktop\Skole\H5\UGE03-~1\PROJEC~1\DETINT~1\ATMELM~1\ARDUIN~1\Debug\libArduinoCore.a(HardwareSerial.o)
                0x0000119a                _ZN14HardwareSerial9availableEv
 .text._ZN14HardwareSerial4peekEv
                0x000011b2       0x1c C:\Users\kasjac\Desktop\Skole\H5\UGE03-~1\PROJEC~1\DETINT~1\ATMELM~1\ARDUIN~1\Debug\libArduinoCore.a(HardwareSerial.o)
                0x000011b2                _ZN14HardwareSerial4peekEv
 .text._ZN14HardwareSerial4readEv
                0x000011ce       0x28 C:\Users\kasjac\Desktop\Skole\H5\UGE03-~1\PROJEC~1\DETINT~1\ATMELM~1\ARDUIN~1\Debug\libArduinoCore.a(HardwareSerial.o)
                0x000011ce                _ZN14HardwareSerial4readEv
 .text._ZN14HardwareSerial17availableForWriteEv
                0x000011f6       0x1e C:\Users\kasjac\Desktop\Skole\H5\UGE03-~1\PROJEC~1\DETINT~1\ATMELM~1\ARDUIN~1\Debug\libArduinoCore.a(HardwareSerial.o)
                0x000011f6                _ZN14HardwareSerial17availableForWriteEv
 .text._Z14serialEventRunv
                0x00001214       0x78 C:\Users\kasjac\Desktop\Skole\H5\UGE03-~1\PROJEC~1\DETINT~1\ATMELM~1\ARDUIN~1\Debug\libArduinoCore.a(HardwareSerial.o)
                0x00001214                _Z14serialEventRunv
 .text._ZN14HardwareSerial17_tx_udr_empty_irqEv
                0x0000128c       0x44 C:\Users\kasjac\Desktop\Skole\H5\UGE03-~1\PROJEC~1\DETINT~1\ATMELM~1\ARDUIN~1\Debug\libArduinoCore.a(HardwareSerial.o)
                0x0000128c                _ZN14HardwareSerial17_tx_udr_empty_irqEv
 .text._ZN14HardwareSerial5writeEh
                0x000012d0       0x98 C:\Users\kasjac\Desktop\Skole\H5\UGE03-~1\PROJEC~1\DETINT~1\ATMELM~1\ARDUIN~1\Debug\libArduinoCore.a(HardwareSerial.o)
                0x000012d0                _ZN14HardwareSerial5writeEh
 .text._ZN14HardwareSerial5flushEv
                0x00001368       0x42 C:\Users\kasjac\Desktop\Skole\H5\UGE03-~1\PROJEC~1\DETINT~1\ATMELM~1\ARDUIN~1\Debug\libArduinoCore.a(HardwareSerial.o)
                0x00001368                _ZN14HardwareSerial5flushEv
 .text._ZN14HardwareSerial5beginEmh
                0x000013aa       0xc6 C:\Users\kasjac\Desktop\Skole\H5\UGE03-~1\PROJEC~1\DETINT~1\ATMELM~1\ARDUIN~1\Debug\libArduinoCore.a(HardwareSerial.o)
                0x000013aa                _ZN14HardwareSerial5beginEmh
 .text.__vector_25
                0x00001470       0x6c C:\Users\kasjac\Desktop\Skole\H5\UGE03-~1\PROJEC~1\DETINT~1\ATMELM~1\ARDUIN~1\Debug\libArduinoCore.a(HardwareSerial0.o)
                0x00001470                __vector_25
 .text.__vector_26
                0x000014dc       0x52 C:\Users\kasjac\Desktop\Skole\H5\UGE03-~1\PROJEC~1\DETINT~1\ATMELM~1\ARDUIN~1\Debug\libArduinoCore.a(HardwareSerial0.o)
                0x000014dc                __vector_26
 .text._Z17Serial0_availablev
                0x0000152e       0x12 C:\Users\kasjac\Desktop\Skole\H5\UGE03-~1\PROJEC~1\DETINT~1\ATMELM~1\ARDUIN~1\Debug\libArduinoCore.a(HardwareSerial0.o)
                0x0000152e                _Z17Serial0_availablev
 .text.startup._GLOBAL__sub_I___vector_25
                0x00001540       0x5a C:\Users\kasjac\Desktop\Skole\H5\UGE03-~1\PROJEC~1\DETINT~1\ATMELM~1\ARDUIN~1\Debug\libArduinoCore.a(HardwareSerial0.o)
 .text.initVariant
                0x0000159a        0x2 C:\Users\kasjac\Desktop\Skole\H5\UGE03-~1\PROJEC~1\DETINT~1\ATMELM~1\ARDUIN~1\Debug\libArduinoCore.a(main.o)
                0x0000159a                initVariant
 .text.startup.main
                0x0000159c       0x18 C:\Users\kasjac\Desktop\Skole\H5\UGE03-~1\PROJEC~1\DETINT~1\ATMELM~1\ARDUIN~1\Debug\libArduinoCore.a(main.o)
                0x0000159c                main
 .text._ZdlPv   0x000015b4        0x2 C:\Users\kasjac\Desktop\Skole\H5\UGE03-~1\PROJEC~1\DETINT~1\ATMELM~1\ARDUIN~1\Debug\libArduinoCore.a(new.o)
                0x000015b4                _ZdlPv
 .text._ZN5Print5writeEPKhj
                0x000015b6       0x54 C:\Users\kasjac\Desktop\Skole\H5\UGE03-~1\PROJEC~1\DETINT~1\ATMELM~1\ARDUIN~1\Debug\libArduinoCore.a(Print.o)
                0x000015b6                _ZN5Print5writeEPKhj
 .text._ZN5Print5writeEPKc
                0x0000160a       0x2a C:\Users\kasjac\Desktop\Skole\H5\UGE03-~1\PROJEC~1\DETINT~1\ATMELM~1\ARDUIN~1\Debug\libArduinoCore.a(Print.o)
                0x0000160a                _ZN5Print5writeEPKc
 .text._ZN5Print5printERK6String
                0x00001634       0x1c C:\Users\kasjac\Desktop\Skole\H5\UGE03-~1\PROJEC~1\DETINT~1\ATMELM~1\ARDUIN~1\Debug\libArduinoCore.a(Print.o)
                0x00001634                _ZN5Print5printERK6String
 .text._ZN5Print7printlnEv
                0x00001650        0x6 C:\Users\kasjac\Desktop\Skole\H5\UGE03-~1\PROJEC~1\DETINT~1\ATMELM~1\ARDUIN~1\Debug\libArduinoCore.a(Print.o)
                0x00001650                _ZN5Print7printlnEv
 .text._ZN5Print7printlnERK6String
                0x00001656       0x20 C:\Users\kasjac\Desktop\Skole\H5\UGE03-~1\PROJEC~1\DETINT~1\ATMELM~1\ARDUIN~1\Debug\libArduinoCore.a(Print.o)
                0x00001656                _ZN5Print7printlnERK6String
 .text.__vector_23
                0x00001676       0x94 C:\Users\kasjac\Desktop\Skole\H5\UGE03-~1\PROJEC~1\DETINT~1\ATMELM~1\ARDUIN~1\Debug\libArduinoCore.a(wiring.o)
                0x00001676                __vector_23
 .text.millis   0x0000170a       0x18 C:\Users\kasjac\Desktop\Skole\H5\UGE03-~1\PROJEC~1\DETINT~1\ATMELM~1\ARDUIN~1\Debug\libArduinoCore.a(wiring.o)
                0x0000170a                millis
 .text.micros   0x00001722       0x4a C:\Users\kasjac\Desktop\Skole\H5\UGE03-~1\PROJEC~1\DETINT~1\ATMELM~1\ARDUIN~1\Debug\libArduinoCore.a(wiring.o)
                0x00001722                micros
 .text.delay    0x0000176c       0x72 C:\Users\kasjac\Desktop\Skole\H5\UGE03-~1\PROJEC~1\DETINT~1\ATMELM~1\ARDUIN~1\Debug\libArduinoCore.a(wiring.o)
                0x0000176c                delay
 .text.delayMicroseconds
                0x000017de       0x16 C:\Users\kasjac\Desktop\Skole\H5\UGE03-~1\PROJEC~1\DETINT~1\ATMELM~1\ARDUIN~1\Debug\libArduinoCore.a(wiring.o)
                0x000017de                delayMicroseconds
 .text.init     0x000017f4       0xc4 C:\Users\kasjac\Desktop\Skole\H5\UGE03-~1\PROJEC~1\DETINT~1\ATMELM~1\ARDUIN~1\Debug\libArduinoCore.a(wiring.o)
                0x000017f4                init
 .text.turnOffPWM
                0x000018b8       0xaa C:\Users\kasjac\Desktop\Skole\H5\UGE03-~1\PROJEC~1\DETINT~1\ATMELM~1\ARDUIN~1\Debug\libArduinoCore.a(wiring_digital.o)
 .text.pinMode  0x00001962       0x78 C:\Users\kasjac\Desktop\Skole\H5\UGE03-~1\PROJEC~1\DETINT~1\ATMELM~1\ARDUIN~1\Debug\libArduinoCore.a(wiring_digital.o)
                0x00001962                pinMode
 .text.digitalWrite
                0x000019da       0x5c C:\Users\kasjac\Desktop\Skole\H5\UGE03-~1\PROJEC~1\DETINT~1\ATMELM~1\ARDUIN~1\Debug\libArduinoCore.a(wiring_digital.o)
                0x000019da                digitalWrite
 .text._ZNK6String14StringIfHelperEv
                0x00001a36        0x2 C:\Users\kasjac\Desktop\Skole\H5\UGE03-~1\PROJEC~1\DETINT~1\ATMELM~1\ARDUIN~1\Debug\libArduinoCore.a(WString.o)
                0x00001a36                _ZNK6String14StringIfHelperEv
 .text._ZN6StringD2Ev
                0x00001a38        0xe C:\Users\kasjac\Desktop\Skole\H5\UGE03-~1\PROJEC~1\DETINT~1\ATMELM~1\ARDUIN~1\Debug\libArduinoCore.a(WString.o)
                0x00001a38                _ZN6StringD2Ev
                0x00001a38                _ZN6StringD1Ev
 .text._ZN6String10invalidateEv
                0x00001a46       0x22 C:\Users\kasjac\Desktop\Skole\H5\UGE03-~1\PROJEC~1\DETINT~1\ATMELM~1\ARDUIN~1\Debug\libArduinoCore.a(WString.o)
                0x00001a46                _ZN6String10invalidateEv
 .text._ZN6String12changeBufferEj
                0x00001a68       0x32 C:\Users\kasjac\Desktop\Skole\H5\UGE03-~1\PROJEC~1\DETINT~1\ATMELM~1\ARDUIN~1\Debug\libArduinoCore.a(WString.o)
                0x00001a68                _ZN6String12changeBufferEj
 .text._ZN6String7reserveEj
                0x00001a9a       0x36 C:\Users\kasjac\Desktop\Skole\H5\UGE03-~1\PROJEC~1\DETINT~1\ATMELM~1\ARDUIN~1\Debug\libArduinoCore.a(WString.o)
                0x00001a9a                _ZN6String7reserveEj
 .text._ZN6String4copyEPKcj
                0x00001ad0       0x3c C:\Users\kasjac\Desktop\Skole\H5\UGE03-~1\PROJEC~1\DETINT~1\ATMELM~1\ARDUIN~1\Debug\libArduinoCore.a(WString.o)
                0x00001ad0                _ZN6String4copyEPKcj
 .text._ZN6StringC2EPKc
                0x00001b0c       0x28 C:\Users\kasjac\Desktop\Skole\H5\UGE03-~1\PROJEC~1\DETINT~1\ATMELM~1\ARDUIN~1\Debug\libArduinoCore.a(WString.o)
                0x00001b0c                _ZN6StringC2EPKc
                0x00001b0c                _ZN6StringC1EPKc
 .text._ZN6String4moveERS_
                0x00001b34       0x76 C:\Users\kasjac\Desktop\Skole\H5\UGE03-~1\PROJEC~1\DETINT~1\ATMELM~1\ARDUIN~1\Debug\libArduinoCore.a(WString.o)
                0x00001b34                _ZN6String4moveERS_
 .text._ZN6StringaSEO15StringSumHelper
                0x00001baa       0x16 C:\Users\kasjac\Desktop\Skole\H5\UGE03-~1\PROJEC~1\DETINT~1\ATMELM~1\ARDUIN~1\Debug\libArduinoCore.a(WString.o)
                0x00001baa                _ZN6StringaSEO15StringSumHelper
 .text._ZN6StringaSEPKc
                0x00001bc0       0x2a C:\Users\kasjac\Desktop\Skole\H5\UGE03-~1\PROJEC~1\DETINT~1\ATMELM~1\ARDUIN~1\Debug\libArduinoCore.a(WString.o)
                0x00001bc0                _ZN6StringaSEPKc
 .text._ZN6StringC2Efh
                0x00001bea       0x5c C:\Users\kasjac\Desktop\Skole\H5\UGE03-~1\PROJEC~1\DETINT~1\ATMELM~1\ARDUIN~1\Debug\libArduinoCore.a(WString.o)
                0x00001bea                _ZN6StringC2Efh
                0x00001bea                _ZN6StringC1Efh
 .text.__empty  0x00001c46        0x2 C:\Users\kasjac\Desktop\Skole\H5\UGE03-~1\PROJEC~1\DETINT~1\ATMELM~1\ARDUIN~1\Debug\libArduinoCore.a(hooks.o)
                0x00001c46                yield
 .text.libgcc.div
                0x00001c48       0x44 c:/program files (x86)/atmel/studio/7.0/toolchain/avr8/avr8-gnu-toolchain/bin/../lib/gcc/avr/5.4.0/avr6\libgcc.a(_udivmodsi4.o)
                0x00001c48                __udivmodsi4
 .text.libgcc.div
                0x00001c8c       0x28 c:/program files (x86)/atmel/studio/7.0/toolchain/avr8/avr8-gnu-toolchain/bin/../lib/gcc/avr/5.4.0/avr6\libgcc.a(_divmodsi4.o)
                0x00001c8c                __divmodsi4
 .text.libgcc.div
                0x00001cb4       0x10 c:/program files (x86)/atmel/studio/7.0/toolchain/avr8/avr8-gnu-toolchain/bin/../lib/gcc/avr/5.4.0/avr6\libgcc.a(_negsi2.o)
                0x00001cb4                __negsi2
 .text.libgcc   0x00001cc4       0x10 c:/program files (x86)/atmel/studio/7.0/toolchain/avr8/avr8-gnu-toolchain/bin/../lib/gcc/avr/5.4.0/avr6\libgcc.a(_tablejump2.o)
                0x00001cc4                __tablejump2__
 .text.avr-libc
                0x00001cd4       0x3e c:/program files (x86)/atmel/studio/7.0/toolchain/avr8/avr8-gnu-toolchain/bin/../lib/gcc/avr/5.4.0/../../../../avr/lib/avr6\libc.a(dtostrf.o)
                0x00001cd4                dtostrf
 .text.avr-libc
                0x00001d12      0x242 c:/program files (x86)/atmel/studio/7.0/toolchain/avr8/avr8-gnu-toolchain/bin/../lib/gcc/avr/5.4.0/../../../../avr/lib/avr6\libc.a(malloc.o)
                0x00001d12                malloc
                0x00001e42                free
 .text.avr-libc
                0x00001f54      0x1c0 c:/program files (x86)/atmel/studio/7.0/toolchain/avr8/avr8-gnu-toolchain/bin/../lib/gcc/avr/5.4.0/../../../../avr/lib/avr6\libc.a(realloc.o)
                0x00001f54                realloc
 .text.avr-libc
                0x00002114       0x12 c:/program files (x86)/atmel/studio/7.0/toolchain/avr8/avr8-gnu-toolchain/bin/../lib/gcc/avr/5.4.0/../../../../avr/lib/avr6\libc.a(memcpy.o)
                0x00002114                memcpy
 .text.avr-libc
                0x00002126        0xe c:/program files (x86)/atmel/studio/7.0/toolchain/avr8/avr8-gnu-toolchain/bin/../lib/gcc/avr/5.4.0/../../../../avr/lib/avr6\libc.a(strcpy.o)
                0x00002126                strcpy
 .text.avr-libc
                0x00002134       0x1e c:/program files (x86)/atmel/studio/7.0/toolchain/avr8/avr8-gnu-toolchain/bin/../lib/gcc/avr/5.4.0/../../../../avr/lib/avr6\libc.a(strncpy.o)
                0x00002134                strncpy
 .text.avr-libc
                0x00002152      0x2ec c:/program files (x86)/atmel/studio/7.0/toolchain/avr8/avr8-gnu-toolchain/bin/../lib/gcc/avr/5.4.0/../../../../avr/lib/avr6\libc.a(dtoa_prf.o)
                0x00002152                dtoa_prf
 .text.avr-libc
                0x0000243e      0x1b0 c:/program files (x86)/atmel/studio/7.0/toolchain/avr8/avr8-gnu-toolchain/bin/../lib/gcc/avr/5.4.0/../../../../avr/lib/avr6\libc.a(ftoa_engine.o)
                0x0000243e                __ftoa_engine
                0x000025ee                . = ALIGN (0x2)
 *(.fini9)
 .fini9         0x000025ee        0x0 c:/program files (x86)/atmel/studio/7.0/toolchain/avr8/avr8-gnu-toolchain/bin/../lib/gcc/avr/5.4.0/avr6\libgcc.a(_exit.o)
                0x000025ee                _exit
                0x000025ee                exit
 *(.fini9)
 *(.fini8)
 *(.fini8)
 *(.fini7)
 *(.fini7)
 *(.fini6)
 .fini6         0x000025ee       0x1e c:/program files (x86)/atmel/studio/7.0/toolchain/avr8/avr8-gnu-toolchain/bin/../lib/gcc/avr/5.4.0/avr6\libgcc.a(_dtors.o)
                0x000025ee                __do_global_dtors
 *(.fini6)
 *(.fini5)
 *(.fini5)
 *(.fini4)
 *(.fini4)
 *(.fini3)
 *(.fini3)
 *(.fini2)
 *(.fini2)
 *(.fini1)
 *(.fini1)
 *(.fini0)
 .fini0         0x0000260c        0x4 c:/program files (x86)/atmel/studio/7.0/toolchain/avr8/avr8-gnu-toolchain/bin/../lib/gcc/avr/5.4.0/avr6\libgcc.a(_exit.o)
 *(.fini0)
                0x00002610                _etext = .

.data           0x00800200       0x84 load address 0x00002610
                0x00800200                PROVIDE (__data_start, .)
 *(.data)
 .data          0x00800200        0x6 c:/program files (x86)/atmel/studio/7.0/toolchain/avr8/avr8-gnu-toolchain/bin/../lib/gcc/avr/5.4.0/../../../../avr/lib/avr6\libc.a(malloc.o)
                0x00800200                __malloc_heap_end
                0x00800202                __malloc_heap_start
                0x00800204                __malloc_margin
 *(.data*)
 *(.gnu.linkonce.d*)
 *(.rodata)
 *(.rodata*)
 .rodata.str1.1
                0x00800206       0x23 main.o
                                 0x24 (size before relaxing)
 .rodata.str1.1
                0x00800229       0x1d src/libraries/DHT-sensor-library/DHT_U.o
 .rodata._ZTVN11DHT_Unified11TemperatureE
                0x00800246        0xe src/libraries/DHT-sensor-library/DHT_U.o
                0x00800246                _ZTVN11DHT_Unified11TemperatureE
 .rodata._ZTVN11DHT_Unified8HumidityE
                0x00800254        0xe src/libraries/DHT-sensor-library/DHT_U.o
                0x00800254                _ZTVN11DHT_Unified8HumidityE
 .rodata._ZTV14HardwareSerial
                0x00800262       0x12 C:\Users\kasjac\Desktop\Skole\H5\UGE03-~1\PROJEC~1\DETINT~1\ATMELM~1\ARDUIN~1\Debug\libArduinoCore.a(HardwareSerial.o)
                0x00800262                _ZTV14HardwareSerial
 .rodata.str1.1
                0x00800274        0xf C:\Users\kasjac\Desktop\Skole\H5\UGE03-~1\PROJEC~1\DETINT~1\ATMELM~1\ARDUIN~1\Debug\libArduinoCore.a(Print.o)
 *(.gnu.linkonce.r*)
                0x00800284                . = ALIGN (0x2)
 *fill*         0x00800283        0x1 
                0x00800284                _edata = .
                0x00800284                PROVIDE (__data_end, .)

.bss            0x00800284       0xe0
                0x00800284                PROVIDE (__bss_start, .)
 *(.bss)
 *(.bss*)
 .bss.DhtSencorHum
                0x00800284        0x6 main.o
                0x00800284                DhtSencorHum
 .bss.DhtSencorTemp
                0x0080028a        0x6 main.o
                0x0080028a                DhtSencorTemp
 .bss.delayMS   0x00800290        0x4 main.o
                0x00800290                delayMS
 .bss.dht       0x00800294       0x26 main.o
                0x00800294                dht
 .bss.Serial    0x008002ba       0x9d C:\Users\kasjac\Desktop\Skole\H5\UGE03-~1\PROJEC~1\DETINT~1\ATMELM~1\ARDUIN~1\Debug\libArduinoCore.a(HardwareSerial0.o)
                0x008002ba                Serial
 .bss.timer0_fract
                0x00800357        0x1 C:\Users\kasjac\Desktop\Skole\H5\UGE03-~1\PROJEC~1\DETINT~1\ATMELM~1\ARDUIN~1\Debug\libArduinoCore.a(wiring.o)
 .bss.timer0_millis
                0x00800358        0x4 C:\Users\kasjac\Desktop\Skole\H5\UGE03-~1\PROJEC~1\DETINT~1\ATMELM~1\ARDUIN~1\Debug\libArduinoCore.a(wiring.o)
                0x00800358                timer0_millis
 .bss.timer0_overflow_count
                0x0080035c        0x4 C:\Users\kasjac\Desktop\Skole\H5\UGE03-~1\PROJEC~1\DETINT~1\ATMELM~1\ARDUIN~1\Debug\libArduinoCore.a(wiring.o)
                0x0080035c                timer0_overflow_count
 *(COMMON)
 COMMON         0x00800360        0x4 c:/program files (x86)/atmel/studio/7.0/toolchain/avr8/avr8-gnu-toolchain/bin/../lib/gcc/avr/5.4.0/../../../../avr/lib/avr6\libc.a(malloc.o)
                0x00800360                __brkval
                0x00800362                __flp
                0x00800364                PROVIDE (__bss_end, .)
                0x00002610                __data_load_start = LOADADDR (.data)
                0x00002694                __data_load_end = (__data_load_start + SIZEOF (.data))

.noinit         0x00800364        0x0
                [!provide]                PROVIDE (__noinit_start, .)
 *(.noinit*)
                [!provide]                PROVIDE (__noinit_end, .)
                0x00800364                _end = .
                0x00800364                PROVIDE (__heap_start, .)

.eeprom         0x00810000        0x0
 *(.eeprom*)
                0x00810000                __eeprom_end = .

.fuse
 *(.fuse)
 *(.lfuse)
 *(.hfuse)
 *(.efuse)

.lock
 *(.lock*)

.signature
 *(.signature*)

.user_signatures
 *(.user_signatures*)

.stab
 *(.stab)

.stabstr
 *(.stabstr)

.stab.excl
 *(.stab.excl)

.stab.exclstr
 *(.stab.exclstr)

.stab.index
 *(.stab.index)

.stab.indexstr
 *(.stab.indexstr)

.comment        0x00000000       0x30
 *(.comment)
 .comment       0x00000000       0x30 main.o
                                 0x31 (size before relaxing)
 .comment       0x00000030       0x31 src/libraries/DHT-sensor-library/DHT.o
 .comment       0x00000030       0x31 src/libraries/DHT-sensor-library/DHT_U.o
 .comment       0x00000030       0x31 C:\Users\kasjac\Desktop\Skole\H5\UGE03-~1\PROJEC~1\DETINT~1\ATMELM~1\ARDUIN~1\Debug\libArduinoCore.a(HardwareSerial.o)
 .comment       0x00000030       0x31 C:\Users\kasjac\Desktop\Skole\H5\UGE03-~1\PROJEC~1\DETINT~1\ATMELM~1\ARDUIN~1\Debug\libArduinoCore.a(HardwareSerial0.o)
 .comment       0x00000030       0x31 C:\Users\kasjac\Desktop\Skole\H5\UGE03-~1\PROJEC~1\DETINT~1\ATMELM~1\ARDUIN~1\Debug\libArduinoCore.a(main.o)
 .comment       0x00000030       0x31 C:\Users\kasjac\Desktop\Skole\H5\UGE03-~1\PROJEC~1\DETINT~1\ATMELM~1\ARDUIN~1\Debug\libArduinoCore.a(new.o)
 .comment       0x00000030       0x31 C:\Users\kasjac\Desktop\Skole\H5\UGE03-~1\PROJEC~1\DETINT~1\ATMELM~1\ARDUIN~1\Debug\libArduinoCore.a(Print.o)
 .comment       0x00000030       0x31 C:\Users\kasjac\Desktop\Skole\H5\UGE03-~1\PROJEC~1\DETINT~1\ATMELM~1\ARDUIN~1\Debug\libArduinoCore.a(wiring.o)
 .comment       0x00000030       0x31 C:\Users\kasjac\Desktop\Skole\H5\UGE03-~1\PROJEC~1\DETINT~1\ATMELM~1\ARDUIN~1\Debug\libArduinoCore.a(wiring_digital.o)
 .comment       0x00000030       0x31 C:\Users\kasjac\Desktop\Skole\H5\UGE03-~1\PROJEC~1\DETINT~1\ATMELM~1\ARDUIN~1\Debug\libArduinoCore.a(WString.o)
 .comment       0x00000030       0x31 C:\Users\kasjac\Desktop\Skole\H5\UGE03-~1\PROJEC~1\DETINT~1\ATMELM~1\ARDUIN~1\Debug\libArduinoCore.a(hooks.o)
 .comment       0x00000030       0x31 c:/program files (x86)/atmel/studio/7.0/toolchain/avr8/avr8-gnu-toolchain/bin/../lib/gcc/avr/5.4.0/../../../../avr/lib/avr6\libc.a(dtostrf.o)
 .comment       0x00000030       0x31 c:/program files (x86)/atmel/studio/7.0/toolchain/avr8/avr8-gnu-toolchain/bin/../lib/gcc/avr/5.4.0/../../../../avr/lib/avr6\libc.a(malloc.o)
 .comment       0x00000030       0x31 c:/program files (x86)/atmel/studio/7.0/toolchain/avr8/avr8-gnu-toolchain/bin/../lib/gcc/avr/5.4.0/../../../../avr/lib/avr6\libc.a(realloc.o)
 .comment       0x00000030       0x31 c:/program files (x86)/atmel/studio/7.0/toolchain/avr8/avr8-gnu-toolchain/bin/../lib/gcc/avr/5.4.0/../../../../avr/lib/avr6\libc.a(dtoa_prf.o)

.note.gnu.avr.deviceinfo
                0x00000000       0x40
 .note.gnu.avr.deviceinfo
                0x00000000       0x40 C:/Program Files (x86)/Atmel/Studio/7.0/Packs/atmel/ATmega_DFP/1.6.364/gcc/dev/atmega2560/avr6/crtatmega2560.o

.note.gnu.build-id
 *(.note.gnu.build-id)

.debug
 *(.debug)

.line
 *(.line)

.debug_srcinfo
 *(.debug_srcinfo)

.debug_sfnames
 *(.debug_sfnames)

.debug_aranges  0x00000000      0x6a0
 *(.debug_aranges)
 .debug_aranges
                0x00000000       0x40 main.o
 .debug_aranges
                0x00000040       0x68 src/libraries/DHT-sensor-library/DHT.o
 .debug_aranges
                0x000000a8       0x90 src/libraries/DHT-sensor-library/DHT_U.o
 .debug_aranges
                0x00000138       0x68 C:\Users\kasjac\Desktop\Skole\H5\UGE03-~1\PROJEC~1\DETINT~1\ATMELM~1\ARDUIN~1\Debug\libArduinoCore.a(HardwareSerial.o)
 .debug_aranges
                0x000001a0       0x48 C:\Users\kasjac\Desktop\Skole\H5\UGE03-~1\PROJEC~1\DETINT~1\ATMELM~1\ARDUIN~1\Debug\libArduinoCore.a(HardwareSerial0.o)
 .debug_aranges
                0x000001e8       0x30 C:\Users\kasjac\Desktop\Skole\H5\UGE03-~1\PROJEC~1\DETINT~1\ATMELM~1\ARDUIN~1\Debug\libArduinoCore.a(main.o)
 .debug_aranges
                0x00000218       0x30 C:\Users\kasjac\Desktop\Skole\H5\UGE03-~1\PROJEC~1\DETINT~1\ATMELM~1\ARDUIN~1\Debug\libArduinoCore.a(new.o)
 .debug_aranges
                0x00000248      0x100 C:\Users\kasjac\Desktop\Skole\H5\UGE03-~1\PROJEC~1\DETINT~1\ATMELM~1\ARDUIN~1\Debug\libArduinoCore.a(Print.o)
 .debug_aranges
                0x00000348       0x48 C:\Users\kasjac\Desktop\Skole\H5\UGE03-~1\PROJEC~1\DETINT~1\ATMELM~1\ARDUIN~1\Debug\libArduinoCore.a(wiring.o)
 .debug_aranges
                0x00000390       0x38 C:\Users\kasjac\Desktop\Skole\H5\UGE03-~1\PROJEC~1\DETINT~1\ATMELM~1\ARDUIN~1\Debug\libArduinoCore.a(wiring_digital.o)
 .debug_aranges
                0x000003c8      0x2b8 C:\Users\kasjac\Desktop\Skole\H5\UGE03-~1\PROJEC~1\DETINT~1\ATMELM~1\ARDUIN~1\Debug\libArduinoCore.a(WString.o)
 .debug_aranges
                0x00000680       0x20 C:\Users\kasjac\Desktop\Skole\H5\UGE03-~1\PROJEC~1\DETINT~1\ATMELM~1\ARDUIN~1\Debug\libArduinoCore.a(hooks.o)

.debug_pubnames
 *(.debug_pubnames)

.debug_info     0x00000000    0x105e5
 *(.debug_info .gnu.linkonce.wi.*)
 .debug_info    0x00000000      0xbbc C:/Program Files (x86)/Atmel/Studio/7.0/Packs/atmel/ATmega_DFP/1.6.364/gcc/dev/atmega2560/avr6/crtatmega2560.o
 .debug_info    0x00000bbc     0x23fd main.o
 .debug_info    0x00002fb9      0xd61 src/libraries/DHT-sensor-library/DHT.o
 .debug_info    0x00003d1a     0x12cf src/libraries/DHT-sensor-library/DHT_U.o
 .debug_info    0x00004fe9     0x205e C:\Users\kasjac\Desktop\Skole\H5\UGE03-~1\PROJEC~1\DETINT~1\ATMELM~1\ARDUIN~1\Debug\libArduinoCore.a(HardwareSerial.o)
 .debug_info    0x00007047     0x1b74 C:\Users\kasjac\Desktop\Skole\H5\UGE03-~1\PROJEC~1\DETINT~1\ATMELM~1\ARDUIN~1\Debug\libArduinoCore.a(HardwareSerial0.o)
 .debug_info    0x00008bbb      0x295 C:\Users\kasjac\Desktop\Skole\H5\UGE03-~1\PROJEC~1\DETINT~1\ATMELM~1\ARDUIN~1\Debug\libArduinoCore.a(main.o)
 .debug_info    0x00008e50      0x15f C:\Users\kasjac\Desktop\Skole\H5\UGE03-~1\PROJEC~1\DETINT~1\ATMELM~1\ARDUIN~1\Debug\libArduinoCore.a(new.o)
 .debug_info    0x00008faf     0x295d C:\Users\kasjac\Desktop\Skole\H5\UGE03-~1\PROJEC~1\DETINT~1\ATMELM~1\ARDUIN~1\Debug\libArduinoCore.a(Print.o)
 .debug_info    0x0000b90c      0x329 C:\Users\kasjac\Desktop\Skole\H5\UGE03-~1\PROJEC~1\DETINT~1\ATMELM~1\ARDUIN~1\Debug\libArduinoCore.a(wiring.o)
 .debug_info    0x0000bc35      0x63a C:\Users\kasjac\Desktop\Skole\H5\UGE03-~1\PROJEC~1\DETINT~1\ATMELM~1\ARDUIN~1\Debug\libArduinoCore.a(wiring_digital.o)
 .debug_info    0x0000c26f     0x4338 C:\Users\kasjac\Desktop\Skole\H5\UGE03-~1\PROJEC~1\DETINT~1\ATMELM~1\ARDUIN~1\Debug\libArduinoCore.a(WString.o)
 .debug_info    0x000105a7       0x3e C:\Users\kasjac\Desktop\Skole\H5\UGE03-~1\PROJEC~1\DETINT~1\ATMELM~1\ARDUIN~1\Debug\libArduinoCore.a(hooks.o)

.debug_abbrev   0x00000000     0x2f27
 *(.debug_abbrev)
 .debug_abbrev  0x00000000      0xb1a C:/Program Files (x86)/Atmel/Studio/7.0/Packs/atmel/ATmega_DFP/1.6.364/gcc/dev/atmega2560/avr6/crtatmega2560.o
 .debug_abbrev  0x00000b1a      0x542 main.o
 .debug_abbrev  0x0000105c      0x3ac src/libraries/DHT-sensor-library/DHT.o
 .debug_abbrev  0x00001408      0x45e src/libraries/DHT-sensor-library/DHT_U.o
 .debug_abbrev  0x00001866      0x4b7 C:\Users\kasjac\Desktop\Skole\H5\UGE03-~1\PROJEC~1\DETINT~1\ATMELM~1\ARDUIN~1\Debug\libArduinoCore.a(HardwareSerial.o)
 .debug_abbrev  0x00001d1d      0x3ce C:\Users\kasjac\Desktop\Skole\H5\UGE03-~1\PROJEC~1\DETINT~1\ATMELM~1\ARDUIN~1\Debug\libArduinoCore.a(HardwareSerial0.o)
 .debug_abbrev  0x000020eb      0x12d C:\Users\kasjac\Desktop\Skole\H5\UGE03-~1\PROJEC~1\DETINT~1\ATMELM~1\ARDUIN~1\Debug\libArduinoCore.a(main.o)
 .debug_abbrev  0x00002218      0x109 C:\Users\kasjac\Desktop\Skole\H5\UGE03-~1\PROJEC~1\DETINT~1\ATMELM~1\ARDUIN~1\Debug\libArduinoCore.a(new.o)
 .debug_abbrev  0x00002321      0x47a C:\Users\kasjac\Desktop\Skole\H5\UGE03-~1\PROJEC~1\DETINT~1\ATMELM~1\ARDUIN~1\Debug\libArduinoCore.a(Print.o)
 .debug_abbrev  0x0000279b      0x146 C:\Users\kasjac\Desktop\Skole\H5\UGE03-~1\PROJEC~1\DETINT~1\ATMELM~1\ARDUIN~1\Debug\libArduinoCore.a(wiring.o)
 .debug_abbrev  0x000028e1      0x15a C:\Users\kasjac\Desktop\Skole\H5\UGE03-~1\PROJEC~1\DETINT~1\ATMELM~1\ARDUIN~1\Debug\libArduinoCore.a(wiring_digital.o)
 .debug_abbrev  0x00002a3b      0x4c2 C:\Users\kasjac\Desktop\Skole\H5\UGE03-~1\PROJEC~1\DETINT~1\ATMELM~1\ARDUIN~1\Debug\libArduinoCore.a(WString.o)
 .debug_abbrev  0x00002efd       0x2a C:\Users\kasjac\Desktop\Skole\H5\UGE03-~1\PROJEC~1\DETINT~1\ATMELM~1\ARDUIN~1\Debug\libArduinoCore.a(hooks.o)

.debug_line     0x00000000     0x38fd
 *(.debug_line .debug_line.* .debug_line_end)
 .debug_line    0x00000000      0x1fa C:/Program Files (x86)/Atmel/Studio/7.0/Packs/atmel/ATmega_DFP/1.6.364/gcc/dev/atmega2560/avr6/crtatmega2560.o
 .debug_line    0x000001fa      0x3a6 main.o
 .debug_line    0x000005a0      0x4f3 src/libraries/DHT-sensor-library/DHT.o
 .debug_line    0x00000a93      0x4a4 src/libraries/DHT-sensor-library/DHT_U.o
 .debug_line    0x00000f37      0x527 C:\Users\kasjac\Desktop\Skole\H5\UGE03-~1\PROJEC~1\DETINT~1\ATMELM~1\ARDUIN~1\Debug\libArduinoCore.a(HardwareSerial.o)
 .debug_line    0x0000145e      0x288 C:\Users\kasjac\Desktop\Skole\H5\UGE03-~1\PROJEC~1\DETINT~1\ATMELM~1\ARDUIN~1\Debug\libArduinoCore.a(HardwareSerial0.o)
 .debug_line    0x000016e6      0x161 C:\Users\kasjac\Desktop\Skole\H5\UGE03-~1\PROJEC~1\DETINT~1\ATMELM~1\ARDUIN~1\Debug\libArduinoCore.a(main.o)
 .debug_line    0x00001847      0x145 C:\Users\kasjac\Desktop\Skole\H5\UGE03-~1\PROJEC~1\DETINT~1\ATMELM~1\ARDUIN~1\Debug\libArduinoCore.a(new.o)
 .debug_line    0x0000198c      0x681 C:\Users\kasjac\Desktop\Skole\H5\UGE03-~1\PROJEC~1\DETINT~1\ATMELM~1\ARDUIN~1\Debug\libArduinoCore.a(Print.o)
 .debug_line    0x0000200d      0x2cb C:\Users\kasjac\Desktop\Skole\H5\UGE03-~1\PROJEC~1\DETINT~1\ATMELM~1\ARDUIN~1\Debug\libArduinoCore.a(wiring.o)
 .debug_line    0x000022d8      0x284 C:\Users\kasjac\Desktop\Skole\H5\UGE03-~1\PROJEC~1\DETINT~1\ATMELM~1\ARDUIN~1\Debug\libArduinoCore.a(wiring_digital.o)
 .debug_line    0x0000255c     0x1360 C:\Users\kasjac\Desktop\Skole\H5\UGE03-~1\PROJEC~1\DETINT~1\ATMELM~1\ARDUIN~1\Debug\libArduinoCore.a(WString.o)
 .debug_line    0x000038bc       0x41 C:\Users\kasjac\Desktop\Skole\H5\UGE03-~1\PROJEC~1\DETINT~1\ATMELM~1\ARDUIN~1\Debug\libArduinoCore.a(hooks.o)

.debug_frame    0x00000000     0x168c
 *(.debug_frame)
 .debug_frame   0x00000000       0xcc main.o
 .debug_frame   0x000000cc      0x1fc src/libraries/DHT-sensor-library/DHT.o
 .debug_frame   0x000002c8      0x1ac src/libraries/DHT-sensor-library/DHT_U.o
 .debug_frame   0x00000474      0x110 C:\Users\kasjac\Desktop\Skole\H5\UGE03-~1\PROJEC~1\DETINT~1\ATMELM~1\ARDUIN~1\Debug\libArduinoCore.a(HardwareSerial.o)
 .debug_frame   0x00000584       0xe0 C:\Users\kasjac\Desktop\Skole\H5\UGE03-~1\PROJEC~1\DETINT~1\ATMELM~1\ARDUIN~1\Debug\libArduinoCore.a(HardwareSerial0.o)
 .debug_frame   0x00000664       0x54 C:\Users\kasjac\Desktop\Skole\H5\UGE03-~1\PROJEC~1\DETINT~1\ATMELM~1\ARDUIN~1\Debug\libArduinoCore.a(main.o)
 .debug_frame   0x000006b8       0x64 C:\Users\kasjac\Desktop\Skole\H5\UGE03-~1\PROJEC~1\DETINT~1\ATMELM~1\ARDUIN~1\Debug\libArduinoCore.a(new.o)
 .debug_frame   0x0000071c      0x3ac C:\Users\kasjac\Desktop\Skole\H5\UGE03-~1\PROJEC~1\DETINT~1\ATMELM~1\ARDUIN~1\Debug\libArduinoCore.a(Print.o)
 .debug_frame   0x00000ac8       0xc4 C:\Users\kasjac\Desktop\Skole\H5\UGE03-~1\PROJEC~1\DETINT~1\ATMELM~1\ARDUIN~1\Debug\libArduinoCore.a(wiring.o)
 .debug_frame   0x00000b8c       0x7c C:\Users\kasjac\Desktop\Skole\H5\UGE03-~1\PROJEC~1\DETINT~1\ATMELM~1\ARDUIN~1\Debug\libArduinoCore.a(wiring_digital.o)
 .debug_frame   0x00000c08      0xa60 C:\Users\kasjac\Desktop\Skole\H5\UGE03-~1\PROJEC~1\DETINT~1\ATMELM~1\ARDUIN~1\Debug\libArduinoCore.a(WString.o)
 .debug_frame   0x00001668       0x24 C:\Users\kasjac\Desktop\Skole\H5\UGE03-~1\PROJEC~1\DETINT~1\ATMELM~1\ARDUIN~1\Debug\libArduinoCore.a(hooks.o)

.debug_str      0x00000000     0x31da
 *(.debug_str)
 .debug_str     0x00000000      0x3e6 C:/Program Files (x86)/Atmel/Studio/7.0/Packs/atmel/ATmega_DFP/1.6.364/gcc/dev/atmega2560/avr6/crtatmega2560.o
 .debug_str     0x000003e6     0x1576 main.o
                               0x16ce (size before relaxing)
 .debug_str     0x0000195c      0x167 src/libraries/DHT-sensor-library/DHT.o
                                0x5e5 (size before relaxing)
 .debug_str     0x00001ac3      0x376 src/libraries/DHT-sensor-library/DHT_U.o
                                0xd6e (size before relaxing)
 .debug_str     0x00001e39      0x912 C:\Users\kasjac\Desktop\Skole\H5\UGE03-~1\PROJEC~1\DETINT~1\ATMELM~1\ARDUIN~1\Debug\libArduinoCore.a(HardwareSerial.o)
                               0x1722 (size before relaxing)
 .debug_str     0x0000274b       0x86 C:\Users\kasjac\Desktop\Skole\H5\UGE03-~1\PROJEC~1\DETINT~1\ATMELM~1\ARDUIN~1\Debug\libArduinoCore.a(HardwareSerial0.o)
                               0x143d (size before relaxing)
 .debug_str     0x000027d1       0x37 C:\Users\kasjac\Desktop\Skole\H5\UGE03-~1\PROJEC~1\DETINT~1\ATMELM~1\ARDUIN~1\Debug\libArduinoCore.a(main.o)
                                0x2e9 (size before relaxing)
 .debug_str     0x00002808       0x65 C:\Users\kasjac\Desktop\Skole\H5\UGE03-~1\PROJEC~1\DETINT~1\ATMELM~1\ARDUIN~1\Debug\libArduinoCore.a(new.o)
                                0x214 (size before relaxing)
 .debug_str     0x0000286d      0x3a6 C:\Users\kasjac\Desktop\Skole\H5\UGE03-~1\PROJEC~1\DETINT~1\ATMELM~1\ARDUIN~1\Debug\libArduinoCore.a(Print.o)
                               0x1277 (size before relaxing)
 .debug_str     0x00002c13      0x149 C:\Users\kasjac\Desktop\Skole\H5\UGE03-~1\PROJEC~1\DETINT~1\ATMELM~1\ARDUIN~1\Debug\libArduinoCore.a(wiring.o)
                                0x27f (size before relaxing)
 .debug_str     0x00002d5c       0x7c C:\Users\kasjac\Desktop\Skole\H5\UGE03-~1\PROJEC~1\DETINT~1\ATMELM~1\ARDUIN~1\Debug\libArduinoCore.a(wiring_digital.o)
                                0x2e4 (size before relaxing)
 .debug_str     0x00002dd8      0x3e6 C:\Users\kasjac\Desktop\Skole\H5\UGE03-~1\PROJEC~1\DETINT~1\ATMELM~1\ARDUIN~1\Debug\libArduinoCore.a(WString.o)
                               0x11ca (size before relaxing)
 .debug_str     0x000031be       0x1c C:\Users\kasjac\Desktop\Skole\H5\UGE03-~1\PROJEC~1\DETINT~1\ATMELM~1\ARDUIN~1\Debug\libArduinoCore.a(hooks.o)
                                0x174 (size before relaxing)

.debug_loc      0x00000000     0x848a
 *(.debug_loc)
 .debug_loc     0x00000000      0x253 main.o
 .debug_loc     0x00000253      0xd33 src/libraries/DHT-sensor-library/DHT.o
 .debug_loc     0x00000f86      0x74a src/libraries/DHT-sensor-library/DHT_U.o
 .debug_loc     0x000016d0      0x4dc C:\Users\kasjac\Desktop\Skole\H5\UGE03-~1\PROJEC~1\DETINT~1\ATMELM~1\ARDUIN~1\Debug\libArduinoCore.a(HardwareSerial.o)
 .debug_loc     0x00001bac      0x1b0 C:\Users\kasjac\Desktop\Skole\H5\UGE03-~1\PROJEC~1\DETINT~1\ATMELM~1\ARDUIN~1\Debug\libArduinoCore.a(HardwareSerial0.o)
 .debug_loc     0x00001d5c       0x72 C:\Users\kasjac\Desktop\Skole\H5\UGE03-~1\PROJEC~1\DETINT~1\ATMELM~1\ARDUIN~1\Debug\libArduinoCore.a(new.o)
 .debug_loc     0x00001dce     0x1c87 C:\Users\kasjac\Desktop\Skole\H5\UGE03-~1\PROJEC~1\DETINT~1\ATMELM~1\ARDUIN~1\Debug\libArduinoCore.a(Print.o)
 .debug_loc     0x00003a55      0x28d C:\Users\kasjac\Desktop\Skole\H5\UGE03-~1\PROJEC~1\DETINT~1\ATMELM~1\ARDUIN~1\Debug\libArduinoCore.a(wiring.o)
 .debug_loc     0x00003ce2      0x56b C:\Users\kasjac\Desktop\Skole\H5\UGE03-~1\PROJEC~1\DETINT~1\ATMELM~1\ARDUIN~1\Debug\libArduinoCore.a(wiring_digital.o)
 .debug_loc     0x0000424d     0x423d C:\Users\kasjac\Desktop\Skole\H5\UGE03-~1\PROJEC~1\DETINT~1\ATMELM~1\ARDUIN~1\Debug\libArduinoCore.a(WString.o)

.debug_macinfo
 *(.debug_macinfo)

.debug_weaknames
 *(.debug_weaknames)

.debug_funcnames
 *(.debug_funcnames)

.debug_typenames
 *(.debug_typenames)

.debug_varnames
 *(.debug_varnames)

.debug_pubtypes
 *(.debug_pubtypes)

.debug_ranges   0x00000000      0x690
 *(.debug_ranges)
 .debug_ranges  0x00000000       0x48 main.o
 .debug_ranges  0x00000048       0x70 src/libraries/DHT-sensor-library/DHT.o
 .debug_ranges  0x000000b8       0x80 src/libraries/DHT-sensor-library/DHT_U.o
 .debug_ranges  0x00000138       0x58 C:\Users\kasjac\Desktop\Skole\H5\UGE03-~1\PROJEC~1\DETINT~1\ATMELM~1\ARDUIN~1\Debug\libArduinoCore.a(HardwareSerial.o)
 .debug_ranges  0x00000190       0x38 C:\Users\kasjac\Desktop\Skole\H5\UGE03-~1\PROJEC~1\DETINT~1\ATMELM~1\ARDUIN~1\Debug\libArduinoCore.a(HardwareSerial0.o)
 .debug_ranges  0x000001c8       0x20 C:\Users\kasjac\Desktop\Skole\H5\UGE03-~1\PROJEC~1\DETINT~1\ATMELM~1\ARDUIN~1\Debug\libArduinoCore.a(main.o)
 .debug_ranges  0x000001e8       0x20 C:\Users\kasjac\Desktop\Skole\H5\UGE03-~1\PROJEC~1\DETINT~1\ATMELM~1\ARDUIN~1\Debug\libArduinoCore.a(new.o)
 .debug_ranges  0x00000208      0x120 C:\Users\kasjac\Desktop\Skole\H5\UGE03-~1\PROJEC~1\DETINT~1\ATMELM~1\ARDUIN~1\Debug\libArduinoCore.a(Print.o)
 .debug_ranges  0x00000328       0x38 C:\Users\kasjac\Desktop\Skole\H5\UGE03-~1\PROJEC~1\DETINT~1\ATMELM~1\ARDUIN~1\Debug\libArduinoCore.a(wiring.o)
 .debug_ranges  0x00000360       0x28 C:\Users\kasjac\Desktop\Skole\H5\UGE03-~1\PROJEC~1\DETINT~1\ATMELM~1\ARDUIN~1\Debug\libArduinoCore.a(wiring_digital.o)
 .debug_ranges  0x00000388      0x2f8 C:\Users\kasjac\Desktop\Skole\H5\UGE03-~1\PROJEC~1\DETINT~1\ATMELM~1\ARDUIN~1\Debug\libArduinoCore.a(WString.o)
 .debug_ranges  0x00000680       0x10 C:\Users\kasjac\Desktop\Skole\H5\UGE03-~1\PROJEC~1\DETINT~1\ATMELM~1\ARDUIN~1\Debug\libArduinoCore.a(hooks.o)

.debug_macro
 *(.debug_macro)
OUTPUT(AtmelMega2560.elf elf32-avr)
LOAD linker stubs
